[INFO] Creating model with 100 output classes.
[INFO] Creating model with 100 output classes.
[INFO] Creating model with 100 output classes.
[INFO] Creating model with 100 output classes.
SelecSLS60
SelecSLS60
SelecSLS60
SelecSLS60
[INFO] Creating model with 100 output classes.
SelecSLS60
[INFO] Creating model with 100 output classes.
[INFO] Creating model with 100 output classes.
SelecSLS60
SelecSLS60
[INFO] Creating model with 100 output classes.
SelecSLS60
==== Epoch 0/99 ====
Epoch[0]: train_loss 4.9237 acc1 1.07 acc5 5.42 | val_loss 161392.1340 acc1 1.00 acc5 5.00 lr 0.100000
==== Epoch 1/99 ====
Epoch[1]: train_loss 5.0487 acc1 1.09 acc5 5.07 | val_loss 5.8003 acc1 1.00 acc5 5.44 lr 0.100000
==== Epoch 2/99 ====
Epoch[2]: train_loss 4.8472 acc1 1.23 acc5 6.37 | val_loss 4.7755 acc1 0.92 acc5 5.68 lr 0.100000
==== Epoch 3/99 ====
Epoch[3]: train_loss 4.5999 acc1 2.24 acc5 9.58 | val_loss 4.4468 acc1 2.59 acc5 11.26 lr 0.100000
==== Epoch 4/99 ====
Epoch[4]: train_loss 4.4939 acc1 2.83 acc5 12.78 | val_loss 4.3578 acc1 3.38 acc5 13.45 lr 0.100000
==== Epoch 5/99 ====
Epoch[5]: train_loss 4.3733 acc1 3.42 acc5 14.42 | val_loss 5.1055 acc1 2.70 acc5 11.08 lr 0.100000
==== Epoch 6/99 ====
Epoch[6]: train_loss 4.2093 acc1 4.48 acc5 19.02 | val_loss 4.6718 acc1 2.39 acc5 9.90 lr 0.100000
==== Epoch 7/99 ====
Epoch[7]: train_loss 4.1037 acc1 6.42 acc5 22.37 | val_loss 4.2658 acc1 4.85 acc5 18.28 lr 0.100000
==== Epoch 8/99 ====
Epoch[8]: train_loss 3.9841 acc1 8.10 acc5 26.14 | val_loss 4.0061 acc1 7.04 acc5 24.09 lr 0.100000
==== Epoch 9/99 ====
Epoch[9]: train_loss 3.9103 acc1 8.42 acc5 27.74 | val_loss 4.1350 acc1 6.48 acc5 22.40 lr 0.100000
==== Epoch 10/99 ====
Epoch[10]: train_loss 3.8119 acc1 9.55 acc5 31.25 | val_loss 3.8479 acc1 9.70 acc5 30.46 lr 0.100000
==== Epoch 11/99 ====
Epoch[11]: train_loss 3.7216 acc1 11.06 acc5 34.50 | val_loss 3.7438 acc1 11.20 acc5 33.66 lr 0.100000
==== Epoch 12/99 ====
Epoch[12]: train_loss 3.6377 acc1 12.96 acc5 36.86 | val_loss 3.6522 acc1 12.53 acc5 36.68 lr 0.100000
==== Epoch 13/99 ====
Epoch[13]: train_loss 3.5520 acc1 14.14 acc5 39.86 | val_loss 3.6021 acc1 13.51 acc5 37.63 lr 0.100000
==== Epoch 14/99 ====
Epoch[14]: train_loss 3.4498 acc1 16.16 acc5 42.80 | val_loss 3.4878 acc1 15.87 acc5 41.80 lr 0.100000
==== Epoch 15/99 ====
Epoch[15]: train_loss 3.3748 acc1 17.81 acc5 44.42 | val_loss 3.3324 acc1 18.87 acc5 46.07 lr 0.100000
==== Epoch 16/99 ====
Epoch[16]: train_loss 3.2271 acc1 20.35 acc5 49.09 | val_loss 3.1989 acc1 21.76 acc5 50.01 lr 0.100000
==== Epoch 17/99 ====
Epoch[17]: train_loss 3.1493 acc1 22.38 acc5 51.47 | val_loss 3.1629 acc1 22.41 acc5 51.29 lr 0.100000
==== Epoch 18/99 ====
Epoch[18]: train_loss 3.0866 acc1 23.22 acc5 52.56 | val_loss 3.1018 acc1 22.95 acc5 52.91 lr 0.100000
==== Epoch 19/99 ====
Epoch[19]: train_loss 2.9924 acc1 23.94 acc5 55.55 | val_loss 2.9873 acc1 26.21 acc5 55.88 lr 0.100000
==== Epoch 20/99 ====
Epoch[20]: train_loss 2.9332 acc1 26.19 acc5 57.07 | val_loss 2.8913 acc1 27.39 acc5 57.64 lr 0.100000
==== Epoch 21/99 ====
Epoch[21]: train_loss 2.8291 acc1 27.87 acc5 59.36 | val_loss 2.8294 acc1 29.12 acc5 59.32 lr 0.100000
==== Epoch 22/99 ====
Epoch[22]: train_loss 2.7622 acc1 29.81 acc5 61.41 | val_loss 2.8133 acc1 29.44 acc5 60.09 lr 0.100000
==== Epoch 23/99 ====
Epoch[23]: train_loss 2.6447 acc1 32.13 acc5 63.44 | val_loss 2.7437 acc1 30.46 acc5 61.56 lr 0.100000
==== Epoch 24/99 ====
Epoch[24]: train_loss 2.5984 acc1 33.30 acc5 65.28 | val_loss 2.6206 acc1 32.98 acc5 64.04 lr 0.100000
==== Epoch 25/99 ====
Epoch[25]: train_loss 2.4883 acc1 34.86 acc5 67.57 | val_loss 2.5984 acc1 33.92 acc5 64.77 lr 0.100000
==== Epoch 26/99 ====
Epoch[26]: train_loss 2.4175 acc1 36.94 acc5 68.75 | val_loss 2.5890 acc1 34.16 acc5 65.62 lr 0.100000
==== Epoch 27/99 ====
Epoch[27]: train_loss 2.4115 acc1 37.62 acc5 69.52 | val_loss 2.5068 acc1 35.57 acc5 66.82 lr 0.100000
==== Epoch 28/99 ====
Epoch[28]: train_loss 2.2950 acc1 39.58 acc5 71.02 | val_loss 2.5154 acc1 35.94 acc5 67.06 lr 0.100000
==== Epoch 29/99 ====
Epoch[29]: train_loss 2.2179 acc1 40.59 acc5 73.07 | val_loss 2.4559 acc1 37.53 acc5 67.31 lr 0.100000
==== Epoch 30/99 ====
Epoch[30]: train_loss 2.1864 acc1 42.24 acc5 73.70 | val_loss 2.5004 acc1 39.52 acc5 70.33 lr 0.100000
==== Epoch 31/99 ====
Epoch[31]: train_loss 2.1054 acc1 43.95 acc5 75.76 | val_loss 2.3580 acc1 39.36 acc5 69.87 lr 0.100000
==== Epoch 32/99 ====
Epoch[32]: train_loss 2.0343 acc1 45.65 acc5 76.32 | val_loss 2.2960 acc1 40.48 acc5 71.14 lr 0.100000
==== Epoch 33/99 ====
Epoch[33]: train_loss 1.9508 acc1 46.70 acc5 78.43 | val_loss 2.2913 acc1 40.74 acc5 71.16 lr 0.100000
==== Epoch 34/99 ====
Epoch[34]: train_loss 1.9187 acc1 47.33 acc5 79.07 | val_loss 2.2700 acc1 43.68 acc5 73.69 lr 0.100000
==== Epoch 35/99 ====
Epoch[35]: train_loss 1.8300 acc1 49.90 acc5 80.82 | val_loss 2.2865 acc1 43.75 acc5 73.50 lr 0.100000
==== Epoch 36/99 ====
Epoch[36]: train_loss 1.7581 acc1 50.94 acc5 82.32 | val_loss 2.2228 acc1 43.21 acc5 72.86 lr 0.100000
==== Epoch 37/99 ====
Epoch[37]: train_loss 1.7240 acc1 53.02 acc5 82.86 | val_loss 2.2043 acc1 43.37 acc5 73.32 lr 0.100000
==== Epoch 38/99 ====
Epoch[38]: train_loss 1.6520 acc1 54.51 acc5 83.74 | val_loss 2.1710 acc1 44.99 acc5 74.65 lr 0.100000
==== Epoch 39/99 ====
Epoch[39]: train_loss 1.5812 acc1 54.99 acc5 85.95 | val_loss 141.9430 acc1 37.81 acc5 65.68 lr 0.100000
==== Epoch 40/99 ====
Epoch[40]: train_loss 1.5355 acc1 57.84 acc5 86.30 | val_loss 2.1628 acc1 44.91 acc5 74.71 lr 0.100000
==== Epoch 41/99 ====
Epoch[41]: train_loss 1.4693 acc1 58.10 acc5 87.34 | val_loss 2.1322 acc1 45.79 acc5 75.23 lr 0.100000
==== Epoch 42/99 ====
Epoch[42]: train_loss 1.3940 acc1 60.77 acc5 88.16 | val_loss 2.0258 acc1 47.65 acc5 77.30 lr 0.100000
==== Epoch 43/99 ====
Epoch[43]: train_loss 1.3291 acc1 62.99 acc5 89.26 | val_loss 2.0573 acc1 47.19 acc5 76.56 lr 0.100000
==== Epoch 44/99 ====
Epoch[44]: train_loss 1.2731 acc1 63.09 acc5 89.90 | val_loss 2.1425 acc1 45.95 acc5 75.45 lr 0.100000
==== Epoch 45/99 ====
Epoch[45]: train_loss 1.2061 acc1 65.38 acc5 90.74 | val_loss 2.1104 acc1 46.34 acc5 75.43 lr 0.100000
==== Epoch 46/99 ====
Epoch[46]: train_loss 1.1650 acc1 66.72 acc5 91.60 | val_loss 2.1054 acc1 47.21 acc5 76.28 lr 0.100000
==== Epoch 47/99 ====
Epoch[47]: train_loss 1.1002 acc1 68.00 acc5 92.18 | val_loss 2.0691 acc1 48.43 acc5 76.38 lr 0.100000
==== Epoch 48/99 ====
Epoch[48]: train_loss 1.0402 acc1 69.62 acc5 93.50 | val_loss 2.0663 acc1 49.08 acc5 77.26 lr 0.100000
==== Epoch 49/99 ====
Epoch[49]: train_loss 0.9497 acc1 72.24 acc5 93.94 | val_loss 3.5529 acc1 46.01 acc5 74.01 lr 0.100000
==== Epoch 50/99 ====
Epoch[50]: train_loss 0.8774 acc1 74.02 acc5 95.31 | val_loss 2.0850 acc1 49.05 acc5 77.41 lr 0.100000
==== Epoch 51/99 ====
Epoch[51]: train_loss 0.8070 acc1 76.69 acc5 95.94 | val_loss 2.1007 acc1 49.19 acc5 77.50 lr 0.100000
==== Epoch 52/99 ====
Epoch[52]: train_loss 0.7406 acc1 78.62 acc5 96.96 | val_loss 2.3593 acc1 46.85 acc5 75.29 lr 0.100000
==== Epoch 53/99 ====
Epoch[53]: train_loss 0.7477 acc1 78.10 acc5 97.02 | val_loss 2.1255 acc1 49.44 acc5 77.02 lr 0.100000
==== Epoch 54/99 ====
Epoch[54]: train_loss 0.6752 acc1 80.00 acc5 97.38 | val_loss 2.1749 acc1 49.73 acc5 77.37 lr 0.100000
==== Epoch 55/99 ====
Epoch[55]: train_loss 0.5834 acc1 82.82 acc5 98.18 | val_loss 2.1040 acc1 50.26 acc5 78.02 lr 0.100000
==== Epoch 56/99 ====
Epoch[56]: train_loss 0.5186 acc1 85.10 acc5 98.56 | val_loss 4.6391 acc1 48.98 acc5 76.64 lr 0.100000
==== Epoch 57/99 ====
Epoch[57]: train_loss 0.4737 acc1 86.02 acc5 98.77 | val_loss 2.3509 acc1 47.30 acc5 75.74 lr 0.100000
==== Epoch 58/99 ====
Epoch[58]: train_loss 0.4473 acc1 87.22 acc5 98.91 | val_loss 2.2250 acc1 49.30 acc5 77.21 lr 0.100000
==== Epoch 59/99 ====
Epoch[59]: train_loss 0.4138 acc1 88.03 acc5 99.04 | val_loss 2.1603 acc1 50.42 acc5 77.94 lr 0.100000
==== Epoch 60/99 ====
Epoch[60]: train_loss 0.3641 acc1 89.47 acc5 99.38 | val_loss 8.5614 acc1 48.04 acc5 75.48 lr 0.100000
==== Epoch 61/99 ====
Epoch[61]: train_loss 0.3281 acc1 90.51 acc5 99.46 | val_loss 2.4100 acc1 48.36 acc5 75.32 lr 0.100000
==== Epoch 62/99 ====
Epoch[62]: train_loss 0.3061 acc1 91.39 acc5 99.58 | val_loss 2.2231 acc1 51.06 acc5 78.03 lr 0.100000
==== Epoch 63/99 ====
Epoch[63]: train_loss 0.2917 acc1 91.65 acc5 99.46 | val_loss 2.2571 acc1 50.80 acc5 77.68 lr 0.100000
==== Epoch 64/99 ====
Epoch[64]: train_loss 0.2600 acc1 92.91 acc5 99.68 | val_loss 2.3017 acc1 50.47 acc5 76.97 lr 0.100000
==== Epoch 65/99 ====
Epoch[65]: train_loss 0.2370 acc1 93.33 acc5 99.71 | val_loss 2.3171 acc1 50.04 acc5 76.95 lr 0.100000
==== Epoch 66/99 ====
Epoch[66]: train_loss 0.2210 acc1 93.86 acc5 99.71 | val_loss 2.2157 acc1 51.66 acc5 78.22 lr 0.100000
==== Epoch 67/99 ====
Epoch[67]: train_loss 0.1907 acc1 95.10 acc5 99.81 | val_loss 2.3993 acc1 51.32 acc5 77.82 lr 0.100000
==== Epoch 68/99 ====
Epoch[68]: train_loss 0.1746 acc1 95.73 acc5 99.78 | val_loss 2.4348 acc1 50.55 acc5 77.46 lr 0.100000
==== Epoch 69/99 ====
Epoch[69]: train_loss 0.1506 acc1 96.35 acc5 99.82 | val_loss 2.2871 acc1 51.35 acc5 77.79 lr 0.100000
==== Epoch 70/99 ====
Epoch[70]: train_loss 0.1371 acc1 96.66 acc5 99.76 | val_loss 2.2597 acc1 52.14 acc5 78.28 lr 0.100000
==== Epoch 71/99 ====
Epoch[71]: train_loss 0.1251 acc1 96.99 acc5 99.94 | val_loss 2.2895 acc1 51.63 acc5 77.49 lr 0.100000
==== Epoch 72/99 ====
Epoch[72]: train_loss 0.1173 acc1 97.17 acc5 99.94 | val_loss 2.2877 acc1 51.73 acc5 77.40 lr 0.100000
==== Epoch 73/99 ====
Epoch[73]: train_loss 0.1320 acc1 96.51 acc5 99.87 | val_loss 2.4428 acc1 51.76 acc5 77.71 lr 0.100000
==== Epoch 74/99 ====
Epoch[74]: train_loss 0.1161 acc1 97.33 acc5 99.84 | val_loss 2.2526 acc1 52.22 acc5 77.99 lr 0.100000
==== Epoch 75/99 ====
Epoch[75]: train_loss 0.0947 acc1 97.90 acc5 99.97 | val_loss 2.2604 acc1 51.60 acc5 77.89 lr 0.100000
==== Epoch 76/99 ====
Epoch[76]: train_loss 0.1105 acc1 97.41 acc5 99.94 | val_loss 2.3251 acc1 51.42 acc5 77.39 lr 0.100000
==== Epoch 77/99 ====
Epoch[77]: train_loss 0.1071 acc1 97.58 acc5 99.95 | val_loss 2.3177 acc1 51.27 acc5 77.16 lr 0.100000
==== Epoch 78/99 ====
Epoch[78]: train_loss 0.1078 acc1 97.63 acc5 99.86 | val_loss 2.3898 acc1 50.38 acc5 76.76 lr 0.100000
==== Epoch 79/99 ====
Epoch[79]: train_loss 0.1095 acc1 97.44 acc5 99.94 | val_loss 2.2912 acc1 51.73 acc5 77.28 lr 0.100000
==== Epoch 80/99 ====
Epoch[80]: train_loss 0.0881 acc1 98.16 acc5 99.95 | val_loss 2.2633 acc1 51.81 acc5 77.41 lr 0.100000
==== Epoch 81/99 ====
Epoch[81]: train_loss 0.0886 acc1 97.97 acc5 99.98 | val_loss 2.3119 acc1 51.41 acc5 77.17 lr 0.100000
==== Epoch 82/99 ====
Epoch[82]: train_loss 0.0885 acc1 98.05 acc5 99.97 | val_loss 2.2452 acc1 52.21 acc5 77.77 lr 0.100000
==== Epoch 83/99 ====
Epoch[83]: train_loss 0.0759 acc1 98.56 acc5 99.98 | val_loss 2.2123 acc1 52.79 acc5 78.50 lr 0.100000
==== Epoch 84/99 ====
Epoch[84]: train_loss 0.0692 acc1 98.72 acc5 99.98 | val_loss 2.2077 acc1 52.81 acc5 78.25 lr 0.100000
==== Epoch 85/99 ====
Epoch[85]: train_loss 0.0601 acc1 98.99 acc5 99.98 | val_loss 2.2081 acc1 52.94 acc5 78.08 lr 0.100000
==== Epoch 86/99 ====
Epoch[86]: train_loss 0.0538 acc1 99.04 acc5 100.00 | val_loss 2.2042 acc1 53.05 acc5 77.98 lr 0.100000
==== Epoch 87/99 ====
Epoch[87]: train_loss 0.0424 acc1 99.14 acc5 100.00 | val_loss 2.1952 acc1 53.01 acc5 78.22 lr 0.100000
==== Epoch 88/99 ====
Epoch[88]: train_loss 0.0401 acc1 99.31 acc5 100.00 | val_loss 2.1673 acc1 53.75 acc5 78.52 lr 0.100000
==== Epoch 89/99 ====
Epoch[89]: train_loss 0.0316 acc1 99.54 acc5 100.00 | val_loss 2.1481 acc1 53.21 acc5 78.48 lr 0.100000
==== Epoch 90/99 ====
Epoch[90]: train_loss 0.0320 acc1 99.54 acc5 100.00 | val_loss 2.1457 acc1 53.64 acc5 78.87 lr 0.100000
==== Epoch 91/99 ====
Epoch[91]: train_loss 0.0286 acc1 99.63 acc5 100.00 | val_loss 2.1100 acc1 54.43 acc5 79.01 lr 0.100000
==== Epoch 92/99 ====
Epoch[92]: train_loss 0.0242 acc1 99.60 acc5 100.00 | val_loss 2.1263 acc1 54.35 acc5 78.94 lr 0.100000
==== Epoch 93/99 ====
Epoch[93]: train_loss 0.0234 acc1 99.70 acc5 100.00 | val_loss 2.0686 acc1 55.05 acc5 79.13 lr 0.100000
==== Epoch 94/99 ====
Epoch[94]: train_loss 0.0188 acc1 99.79 acc5 100.00 | val_loss 2.0621 acc1 55.03 acc5 79.39 lr 0.100000
==== Epoch 95/99 ====
Epoch[95]: train_loss 0.0184 acc1 99.84 acc5 100.00 | val_loss 2.0585 acc1 54.66 acc5 78.95 lr 0.100000
==== Epoch 96/99 ====
Epoch[96]: train_loss 0.0177 acc1 99.79 acc5 100.00 | val_loss 2.0314 acc1 55.37 acc5 79.14 lr 0.100000
==== Epoch 97/99 ====
Epoch[97]: train_loss 0.0155 acc1 99.86 acc5 100.00 | val_loss 2.0200 acc1 55.12 acc5 79.30 lr 0.100000
==== Epoch 98/99 ====
Epoch[98]: train_loss 0.0130 acc1 99.95 acc5 100.00 | val_loss 2.0119 acc1 55.35 acc5 79.02 lr 0.100000
==== Epoch 99/99 ====
Epoch[99]: train_loss 0.0126 acc1 99.94 acc5 100.00 | val_loss 1.9812 acc1 55.95 acc5 79.33 lr 0.010000
Training finished. Best val acc1: 55.95
