--------------+------------------------------------------------
 Host IP      | 10.244.54.9
 PyTorch      | 2.4.0a0+git4451b0e
 Torch-SDAA   | 20250616.14.30.dev0+git35328dc
--------------+------------------------------------------------
 SDAA Driver  | 2.1.0 (N/A)
 SDAA Runtime | 2.1.0 (/opt/tecoai/lib64/libsdaart.so)
 SDPTI        | 1.4.0b0 (/opt/tecoai/lib64/libsdpti.so)
 TecoDNN      | 2.2.0b0 (/opt/tecoai/lib64/libtecodnn.so)
 TecoBLAS     | 2.2.0b0 (/opt/tecoai/lib64/libtecoblas.so)
 CustomDNN    | 1.20.0a0 (/opt/tecoai/lib64/libtecodnn_ext.so)
 TecoRAND     | 2.0.1 (/opt/tecoai/lib64/libtecorand.so)
 TCCL         | 1.23.0 (/opt/tecoai/lib64/libtccl.so)
--------------+------------------------------------------------
/data/bigc-data/wyc/wyc_mmlab3/lib/python3.10/site-packages/torch/distributed/launch.py:208: FutureWarning: The module torch.distributed.launch is deprecated
and will be removed in future. Use torchrun.
Note that --use-env is set by default in torchrun.
If your script expects `--local-rank` argument to be set, please
change it to read from `os.environ['LOCAL_RANK']` instead. See 
https://pytorch.org/docs/stable/distributed.html#launch-utility for 
further instructions

  main()
--------------+------------------------------------------------
 Host IP      | 10.244.54.9
 PyTorch      | 2.4.0a0+git4451b0e
 Torch-SDAA   | 20250616.14.30.dev0+git35328dc
--------------+------------------------------------------------
 SDAA Driver  | 2.1.0 (N/A)
 SDAA Runtime | 2.1.0 (/opt/tecoai/lib64/libsdaart.so)
 SDPTI        | 1.4.0b0 (/opt/tecoai/lib64/libsdpti.so)
 TecoDNN      | 2.2.0b0 (/opt/tecoai/lib64/libtecodnn.so)
 TecoBLAS     | 2.2.0b0 (/opt/tecoai/lib64/libtecoblas.so)
 CustomDNN    | 1.20.0a0 (/opt/tecoai/lib64/libtecodnn_ext.so)
 TecoRAND     | 2.0.1 (/opt/tecoai/lib64/libtecorand.so)
 TCCL         | 1.23.0 (/opt/tecoai/lib64/libtccl.so)
--------------+------------------------------------------------
/data/bigc-data/wyc/wyc_mmlab3/lib/python3.10/site-packages/mmengine/optim/optimizer/zero_optimizer.py:11: DeprecationWarning: `TorchScript` support for functional optimizers is deprecated and will be removed in a future PyTorch release. Consider using the `torch.compile` optimizer instead.
  from torch.distributed.optim import \
/data/bigc-data/wyc/wyc_mmlab3/lib/python3.10/site-packages/mmengine/utils/dl_utils/setup_env.py:46: UserWarning: Setting OMP_NUM_THREADS environment variable for each process to be 1 in default, to avoid your system being overloaded, please further tune the variable for optimal performance in your application as needed.
  warnings.warn(
/data/bigc-data/wyc/wyc_mmlab3/lib/python3.10/site-packages/mmengine/utils/dl_utils/setup_env.py:56: UserWarning: Setting MKL_NUM_THREADS environment variable for each process to be 1 in default, to avoid your system being overloaded, please further tune the variable for optimal performance in your application as needed.
  warnings.warn(
06/30 16:13:45 - mmengine - INFO - 
------------------------------------------------------------
System environment:
    sys.platform: linux
    Python: 3.10.16 (main, Dec 11 2024, 16:24:50) [GCC 11.2.0]
    CUDA available: False
    MUSA available: False
    numpy_random_seed: 1336087816
    GCC: gcc (Ubuntu 11.4.0-1ubuntu1~22.04) 11.4.0
    PyTorch: 2.4.0a0+git4451b0e
    PyTorch compiling details: PyTorch built with:
  - GCC 11.5
  - C++ Version: 201703
  - Intel(R) oneAPI Math Kernel Library Version 2025.0-Product Build 20241009 for Intel(R) 64 architecture applications
  - Intel(R) MKL-DNN v3.4.2 (Git Hash 1137e04ec0b5251ca2b4400a4fd3c667ce843d67)
  - OpenMP 201511 (a.k.a. OpenMP 4.5)
  - LAPACK is enabled (usually provided by MKL)
  - NNPACK is enabled
  - CPU capability usage: AVX512
  - Build settings: BLAS_INFO=mkl, BUILD_TYPE=Release, CXX_COMPILER=/usr/bin/g++, CXX_FLAGS= -D_GLIBCXX_USE_CXX11_ABI=1 -fvisibility-inlines-hidden -DUSE_PTHREADPOOL -DNDEBUG -DUSE_KINETO -DLIBKINETO_NOCUPTI -DLIBKINETO_NOROCTRACER -DUSE_FBGEMM -DUSE_PYTORCH_QNNPACK -DUSE_XNNPACK -DSYMBOLICATE_MOBILE_DEBUG_HANDLE -O2 -fPIC -Wall -Wextra -Werror=return-type -Werror=non-virtual-dtor -Werror=range-loop-construct -Werror=bool-operation -Wnarrowing -Wno-missing-field-initializers -Wno-type-limits -Wno-array-bounds -Wno-unknown-pragmas -Wno-unused-parameter -Wno-unused-function -Wno-unused-result -Wno-strict-overflow -Wno-strict-aliasing -Wno-stringop-overflow -Wsuggest-override -Wno-psabi -Wno-error=pedantic -Wno-error=old-style-cast -Wno-missing-braces -fdiagnostics-color=always -faligned-new -Wno-unused-but-set-variable -Wno-maybe-uninitialized -fno-math-errno -fno-trapping-math -Werror=format -Wno-stringop-overflow, FORCE_FALLBACK_CUDA_MPI=1, LAPACK_INFO=mkl, PERF_WITH_AVX=1, PERF_WITH_AVX2=1, PERF_WITH_AVX512=1, TORCH_VERSION=2.4.0, USE_CUDA=OFF, USE_CUDNN=OFF, USE_CUSPARSELT=OFF, USE_EXCEPTION_PTR=1, USE_GFLAGS=OFF, USE_GLOG=OFF, USE_GLOO=ON, USE_MKL=ON, USE_MKLDNN=1, USE_MPI=ON, USE_NCCL=OFF, USE_NNPACK=ON, USE_OPENMP=ON, USE_ROCM=OFF, USE_ROCM_KERNEL_ASSERT=OFF, 

    TorchVision: 0.15.1a0+42759b1
    OpenCV: 4.11.0
    MMEngine: 0.10.4

Runtime environment:
    cudnn_benchmark: False
    mp_cfg: {'mp_start_method': 'fork', 'opencv_num_threads': 0}
    dist_cfg: {'backend': 'tccl'}
    seed: 1336087816
    Distributed launcher: pytorch
    Distributed training: True
    GPU number: 1
------------------------------------------------------------

06/30 16:13:45 - mmengine - INFO - Config:
auto_scale_lr = dict(base_batch_size=16, enable=False)
backend_args = None
batch_augments = [
    dict(
        img_pad_value=0,
        mask_pad_value=0,
        pad_mask=True,
        pad_seg=False,
        size=(
            1024,
            1024,
        ),
        type='BatchFixedSizePad'),
]
data_preprocessor = dict(
    batch_augments=[
        dict(
            img_pad_value=0,
            mask_pad_value=0,
            pad_mask=True,
            pad_seg=False,
            size=(
                1024,
                1024,
            ),
            type='BatchFixedSizePad'),
    ],
    bgr_to_rgb=True,
    mask_pad_value=0,
    mean=[
        123.675,
        116.28,
        103.53,
    ],
    pad_mask=True,
    pad_seg=False,
    pad_size_divisor=32,
    seg_pad_value=255,
    std=[
        58.395,
        57.12,
        57.375,
    ],
    type='DetDataPreprocessor')
data_root = '/data/teco-data/coco/'
dataset_type = 'CocoDataset'
default_hooks = dict(
    checkpoint=dict(
        by_epoch=False,
        interval=5000,
        max_keep_ckpts=3,
        save_last=True,
        type='CheckpointHook'),
    logger=dict(interval=50, type='LoggerHook'),
    param_scheduler=dict(type='ParamSchedulerHook'),
    sampler_seed=dict(type='DistSamplerSeedHook'),
    timer=dict(type='IterTimerHook'),
    visualization=dict(type='DetVisualizationHook'))
default_scope = 'mmdet'
dynamic_intervals = [
    (
        365001,
        368750,
    ),
]
embed_multi = dict(decay_mult=0.0, lr_mult=1.0)
env_cfg = dict(
    cudnn_benchmark=False,
    dist_cfg=dict(backend='nccl'),
    mp_cfg=dict(mp_start_method='fork', opencv_num_threads=0))
image_size = (
    1024,
    1024,
)
interval = 5000
launcher = 'pytorch'
load_from = None
log_level = 'INFO'
log_processor = dict(by_epoch=False, type='LogProcessor', window_size=50)
max_iters = 368750
model = dict(
    backbone=dict(
        depth=50,
        frozen_stages=-1,
        init_cfg=dict(checkpoint='torchvision://resnet50', type='Pretrained'),
        norm_cfg=dict(requires_grad=False, type='BN'),
        norm_eval=True,
        num_stages=4,
        out_indices=(
            0,
            1,
            2,
            3,
        ),
        style='pytorch',
        type='ResNet'),
    data_preprocessor=dict(
        batch_augments=[
            dict(
                img_pad_value=0,
                mask_pad_value=0,
                pad_mask=True,
                pad_seg=False,
                size=(
                    1024,
                    1024,
                ),
                type='BatchFixedSizePad'),
        ],
        bgr_to_rgb=True,
        mask_pad_value=0,
        mean=[
            123.675,
            116.28,
            103.53,
        ],
        pad_mask=True,
        pad_seg=False,
        pad_size_divisor=32,
        seg_pad_value=255,
        std=[
            58.395,
            57.12,
            57.375,
        ],
        type='DetDataPreprocessor'),
    init_cfg=None,
    panoptic_fusion_head=dict(
        init_cfg=None,
        loss_panoptic=None,
        num_stuff_classes=0,
        num_things_classes=80,
        type='MaskFormerFusionHead'),
    panoptic_head=dict(
        enforce_decoder_input_project=False,
        feat_channels=256,
        in_channels=[
            256,
            512,
            1024,
            2048,
        ],
        loss_cls=dict(
            class_weight=[
                1.0,
                1.0,
                1.0,
                1.0,
                1.0,
                1.0,
                1.0,
                1.0,
                1.0,
                1.0,
                1.0,
                1.0,
                1.0,
                1.0,
                1.0,
                1.0,
                1.0,
                1.0,
                1.0,
                1.0,
                1.0,
                1.0,
                1.0,
                1.0,
                1.0,
                1.0,
                1.0,
                1.0,
                1.0,
                1.0,
                1.0,
                1.0,
                1.0,
                1.0,
                1.0,
                1.0,
                1.0,
                1.0,
                1.0,
                1.0,
                1.0,
                1.0,
                1.0,
                1.0,
                1.0,
                1.0,
                1.0,
                1.0,
                1.0,
                1.0,
                1.0,
                1.0,
                1.0,
                1.0,
                1.0,
                1.0,
                1.0,
                1.0,
                1.0,
                1.0,
                1.0,
                1.0,
                1.0,
                1.0,
                1.0,
                1.0,
                1.0,
                1.0,
                1.0,
                1.0,
                1.0,
                1.0,
                1.0,
                1.0,
                1.0,
                1.0,
                1.0,
                1.0,
                1.0,
                1.0,
                0.1,
            ],
            loss_weight=2.0,
            reduction='mean',
            type='CrossEntropyLoss',
            use_sigmoid=False),
        loss_dice=dict(
            activate=True,
            eps=1.0,
            loss_weight=5.0,
            naive_dice=True,
            reduction='mean',
            type='DiceLoss',
            use_sigmoid=True),
        loss_mask=dict(
            loss_weight=5.0,
            reduction='mean',
            type='CrossEntropyLoss',
            use_sigmoid=True),
        num_queries=100,
        num_stuff_classes=0,
        num_things_classes=80,
        num_transformer_feat_level=3,
        out_channels=256,
        pixel_decoder=dict(
            act_cfg=dict(type='ReLU'),
            encoder=dict(
                layer_cfg=dict(
                    ffn_cfg=dict(
                        act_cfg=dict(inplace=True, type='ReLU'),
                        embed_dims=256,
                        feedforward_channels=1024,
                        ffn_drop=0.0,
                        num_fcs=2),
                    self_attn_cfg=dict(
                        batch_first=True,
                        dropout=0.0,
                        embed_dims=256,
                        num_heads=8,
                        num_levels=3,
                        num_points=4)),
                num_layers=6),
            norm_cfg=dict(num_groups=32, type='GN'),
            num_outs=3,
            positional_encoding=dict(normalize=True, num_feats=128),
            type='MSDeformAttnPixelDecoder'),
        positional_encoding=dict(normalize=True, num_feats=128),
        strides=[
            4,
            8,
            16,
            32,
        ],
        transformer_decoder=dict(
            init_cfg=None,
            layer_cfg=dict(
                cross_attn_cfg=dict(
                    batch_first=True, dropout=0.0, embed_dims=256,
                    num_heads=8),
                ffn_cfg=dict(
                    act_cfg=dict(inplace=True, type='ReLU'),
                    embed_dims=256,
                    feedforward_channels=2048,
                    ffn_drop=0.0,
                    num_fcs=2),
                self_attn_cfg=dict(
                    batch_first=True, dropout=0.0, embed_dims=256,
                    num_heads=8)),
            num_layers=9,
            return_intermediate=True),
        type='Mask2FormerHead'),
    test_cfg=dict(
        filter_low_score=True,
        instance_on=True,
        iou_thr=0.8,
        max_per_image=100,
        panoptic_on=False,
        semantic_on=False),
    train_cfg=dict(
        assigner=dict(
            match_costs=[
                dict(type='ClassificationCost', weight=2.0),
                dict(
                    type='CrossEntropyLossCost', use_sigmoid=True, weight=5.0),
                dict(eps=1.0, pred_act=True, type='DiceCost', weight=5.0),
            ],
            type='HungarianAssigner'),
        importance_sample_ratio=0.75,
        num_points=12544,
        oversample_ratio=3.0,
        sampler=dict(type='MaskPseudoSampler')),
    type='Mask2Former')
num_classes = 80
num_stuff_classes = 0
num_things_classes = 80
optim_wrapper = dict(
    clip_grad=dict(max_norm=0.01, norm_type=2),
    optimizer=dict(
        betas=(
            0.9,
            0.999,
        ),
        eps=1e-08,
        lr=0.0001,
        type='AdamW',
        weight_decay=0.05),
    paramwise_cfg=dict(
        custom_keys=dict(
            backbone=dict(decay_mult=1.0, lr_mult=0.1),
            level_embed=dict(decay_mult=0.0, lr_mult=1.0),
            query_embed=dict(decay_mult=0.0, lr_mult=1.0),
            query_feat=dict(decay_mult=0.0, lr_mult=1.0)),
        norm_decay_mult=0.0),
    type='OptimWrapper')
param_scheduler = dict(
    begin=0,
    by_epoch=False,
    end=368750,
    gamma=0.1,
    milestones=[
        327778,
        355092,
    ],
    type='MultiStepLR')
resume = False
test_cfg = dict(type='TestLoop')
test_dataloader = dict(
    batch_size=1,
    dataset=dict(
        ann_file='annotations/instances_val2017.json',
        backend_args=None,
        data_prefix=dict(img='val2017/', seg='annotations/panoptic_val2017/'),
        data_root='/data/teco-data/coco/',
        pipeline=[
            dict(backend_args=None, to_float32=True, type='LoadImageFromFile'),
            dict(keep_ratio=True, scale=(
                1333,
                800,
            ), type='Resize'),
            dict(type='LoadAnnotations', with_bbox=True, with_mask=True),
            dict(
                meta_keys=(
                    'img_id',
                    'img_path',
                    'ori_shape',
                    'img_shape',
                    'scale_factor',
                ),
                type='PackDetInputs'),
        ],
        test_mode=True,
        type='CocoDataset'),
    drop_last=False,
    num_workers=2,
    persistent_workers=True,
    sampler=dict(shuffle=False, type='DefaultSampler'))
test_evaluator = dict(
    ann_file='/data/teco-data/coco/annotations/instances_val2017.json',
    backend_args=None,
    format_only=False,
    metric=[
        'bbox',
        'segm',
    ],
    type='CocoMetric')
test_pipeline = [
    dict(backend_args=None, to_float32=True, type='LoadImageFromFile'),
    dict(keep_ratio=True, scale=(
        1333,
        800,
    ), type='Resize'),
    dict(type='LoadAnnotations', with_bbox=True, with_mask=True),
    dict(
        meta_keys=(
            'img_id',
            'img_path',
            'ori_shape',
            'img_shape',
            'scale_factor',
        ),
        type='PackDetInputs'),
]
train_cfg = dict(
    dynamic_intervals=[
        (
            365001,
            368750,
        ),
    ],
    max_iters=368750,
    type='IterBasedTrainLoop',
    val_interval=5000)
train_dataloader = dict(
    batch_sampler=dict(type='AspectRatioBatchSampler'),
    batch_size=1,
    dataset=dict(
        ann_file='annotations/instances_train2017.json',
        backend_args=None,
        data_prefix=dict(
            img='train2017/', seg='annotations/panoptic_train2017/'),
        data_root='/data/teco-data/coco/',
        filter_cfg=dict(filter_empty_gt=True, min_size=32),
        pipeline=[
            dict(backend_args=None, to_float32=True, type='LoadImageFromFile'),
            dict(type='LoadAnnotations', with_bbox=True, with_mask=True),
            dict(prob=0.5, type='RandomFlip'),
            dict(
                keep_ratio=True,
                ratio_range=(
                    0.1,
                    2.0,
                ),
                resize_type='Resize',
                scale=(
                    1024,
                    1024,
                ),
                type='RandomResize'),
            dict(
                allow_negative_crop=True,
                crop_size=(
                    1024,
                    1024,
                ),
                crop_type='absolute',
                recompute_bbox=True,
                type='RandomCrop'),
            dict(
                by_mask=True,
                min_gt_bbox_wh=(
                    1e-05,
                    1e-05,
                ),
                type='FilterAnnotations'),
            dict(type='PackDetInputs'),
        ],
        type='CocoDataset'),
    num_workers=2,
    persistent_workers=True,
    sampler=dict(shuffle=True, type='DefaultSampler'))
train_pipeline = [
    dict(backend_args=None, to_float32=True, type='LoadImageFromFile'),
    dict(type='LoadAnnotations', with_bbox=True, with_mask=True),
    dict(prob=0.5, type='RandomFlip'),
    dict(
        keep_ratio=True,
        ratio_range=(
            0.1,
            2.0,
        ),
        resize_type='Resize',
        scale=(
            1024,
            1024,
        ),
        type='RandomResize'),
    dict(
        allow_negative_crop=True,
        crop_size=(
            1024,
            1024,
        ),
        crop_type='absolute',
        recompute_bbox=True,
        type='RandomCrop'),
    dict(
        by_mask=True,
        min_gt_bbox_wh=(
            1e-05,
            1e-05,
        ),
        type='FilterAnnotations'),
    dict(type='PackDetInputs'),
]
val_cfg = dict(type='ValLoop')
val_dataloader = dict(
    batch_size=1,
    dataset=dict(
        ann_file='annotations/instances_val2017.json',
        backend_args=None,
        data_prefix=dict(img='val2017/', seg='annotations/panoptic_val2017/'),
        data_root='/data/teco-data/coco/',
        pipeline=[
            dict(backend_args=None, to_float32=True, type='LoadImageFromFile'),
            dict(keep_ratio=True, scale=(
                1333,
                800,
            ), type='Resize'),
            dict(type='LoadAnnotations', with_bbox=True, with_mask=True),
            dict(
                meta_keys=(
                    'img_id',
                    'img_path',
                    'ori_shape',
                    'img_shape',
                    'scale_factor',
                ),
                type='PackDetInputs'),
        ],
        test_mode=True,
        type='CocoDataset'),
    drop_last=False,
    num_workers=2,
    persistent_workers=True,
    sampler=dict(shuffle=False, type='DefaultSampler'))
val_evaluator = dict(
    ann_file='/data/teco-data/coco/annotations/instances_val2017.json',
    backend_args=None,
    format_only=False,
    metric=[
        'bbox',
        'segm',
    ],
    type='CocoMetric')
vis_backends = [
    dict(type='LocalVisBackend'),
]
visualizer = dict(
    name='visualizer',
    type='DetLocalVisualizer',
    vis_backends=[
        dict(type='LocalVisBackend'),
    ])
work_dir = './work_dirs/mask2former_r50_8xb2-lsj-50e_coco'

06/30 16:13:55 - mmengine - INFO - Hooks will be executed in the following order:
before_run:
(VERY_HIGH   ) RuntimeInfoHook                    
(BELOW_NORMAL) LoggerHook                         
 -------------------- 
before_train:
(VERY_HIGH   ) RuntimeInfoHook                    
(NORMAL      ) IterTimerHook                      
(VERY_LOW    ) CheckpointHook                     
 -------------------- 
before_train_epoch:
(VERY_HIGH   ) RuntimeInfoHook                    
(NORMAL      ) IterTimerHook                      
(NORMAL      ) DistSamplerSeedHook                
 -------------------- 
before_train_iter:
(VERY_HIGH   ) RuntimeInfoHook                    
(NORMAL      ) IterTimerHook                      
 -------------------- 
after_train_iter:
(VERY_HIGH   ) RuntimeInfoHook                    
(NORMAL      ) IterTimerHook                      
(BELOW_NORMAL) LoggerHook                         
(LOW         ) ParamSchedulerHook                 
(VERY_LOW    ) CheckpointHook                     
 -------------------- 
after_train_epoch:
(NORMAL      ) IterTimerHook                      
(LOW         ) ParamSchedulerHook                 
(VERY_LOW    ) CheckpointHook                     
 -------------------- 
before_val:
(VERY_HIGH   ) RuntimeInfoHook                    
 -------------------- 
before_val_epoch:
(NORMAL      ) IterTimerHook                      
 -------------------- 
before_val_iter:
(NORMAL      ) IterTimerHook                      
 -------------------- 
after_val_iter:
(NORMAL      ) IterTimerHook                      
(NORMAL      ) DetVisualizationHook               
(BELOW_NORMAL) LoggerHook                         
 -------------------- 
after_val_epoch:
(VERY_HIGH   ) RuntimeInfoHook                    
(NORMAL      ) IterTimerHook                      
(BELOW_NORMAL) LoggerHook                         
(LOW         ) ParamSchedulerHook                 
(VERY_LOW    ) CheckpointHook                     
 -------------------- 
after_val:
(VERY_HIGH   ) RuntimeInfoHook                    
 -------------------- 
after_train:
(VERY_HIGH   ) RuntimeInfoHook                    
(VERY_LOW    ) CheckpointHook                     
 -------------------- 
before_test:
(VERY_HIGH   ) RuntimeInfoHook                    
 -------------------- 
before_test_epoch:
(NORMAL      ) IterTimerHook                      
 -------------------- 
before_test_iter:
(NORMAL      ) IterTimerHook                      
 -------------------- 
after_test_iter:
(NORMAL      ) IterTimerHook                      
(NORMAL      ) DetVisualizationHook               
(BELOW_NORMAL) LoggerHook                         
 -------------------- 
after_test_epoch:
(VERY_HIGH   ) RuntimeInfoHook                    
(NORMAL      ) IterTimerHook                      
(BELOW_NORMAL) LoggerHook                         
 -------------------- 
after_test:
(VERY_HIGH   ) RuntimeInfoHook                    
 -------------------- 
after_run:
(BELOW_NORMAL) LoggerHook                         
 -------------------- 
loading annotations into memory...
Done (t=13.44s)
creating index...
index created!
06/30 16:14:22 - mmengine - INFO - paramwise_options -- backbone.conv1.weight:lr=1e-05
06/30 16:14:22 - mmengine - INFO - paramwise_options -- backbone.conv1.weight:weight_decay=0.05
06/30 16:14:22 - mmengine - INFO - paramwise_options -- backbone.conv1.weight:lr_mult=0.1
06/30 16:14:22 - mmengine - INFO - paramwise_options -- backbone.conv1.weight:decay_mult=1.0
06/30 16:14:22 - mmengine - WARNING - backbone.bn1.weight is skipped since its requires_grad=False
06/30 16:14:22 - mmengine - WARNING - backbone.bn1.bias is skipped since its requires_grad=False
06/30 16:14:22 - mmengine - INFO - paramwise_options -- backbone.layer1.0.conv1.weight:lr=1e-05
06/30 16:14:22 - mmengine - INFO - paramwise_options -- backbone.layer1.0.conv1.weight:weight_decay=0.05
06/30 16:14:22 - mmengine - INFO - paramwise_options -- backbone.layer1.0.conv1.weight:lr_mult=0.1
06/30 16:14:22 - mmengine - INFO - paramwise_options -- backbone.layer1.0.conv1.weight:decay_mult=1.0
06/30 16:14:22 - mmengine - WARNING - backbone.layer1.0.bn1.weight is skipped since its requires_grad=False
06/30 16:14:22 - mmengine - WARNING - backbone.layer1.0.bn1.bias is skipped since its requires_grad=False
06/30 16:14:22 - mmengine - INFO - paramwise_options -- backbone.layer1.0.conv2.weight:lr=1e-05
06/30 16:14:22 - mmengine - INFO - paramwise_options -- backbone.layer1.0.conv2.weight:weight_decay=0.05
06/30 16:14:22 - mmengine - INFO - paramwise_options -- backbone.layer1.0.conv2.weight:lr_mult=0.1
06/30 16:14:22 - mmengine - INFO - paramwise_options -- backbone.layer1.0.conv2.weight:decay_mult=1.0
06/30 16:14:22 - mmengine - WARNING - backbone.layer1.0.bn2.weight is skipped since its requires_grad=False
06/30 16:14:22 - mmengine - WARNING - backbone.layer1.0.bn2.bias is skipped since its requires_grad=False
06/30 16:14:22 - mmengine - INFO - paramwise_options -- backbone.layer1.0.conv3.weight:lr=1e-05
06/30 16:14:22 - mmengine - INFO - paramwise_options -- backbone.layer1.0.conv3.weight:weight_decay=0.05
06/30 16:14:22 - mmengine - INFO - paramwise_options -- backbone.layer1.0.conv3.weight:lr_mult=0.1
06/30 16:14:22 - mmengine - INFO - paramwise_options -- backbone.layer1.0.conv3.weight:decay_mult=1.0
06/30 16:14:22 - mmengine - WARNING - backbone.layer1.0.bn3.weight is skipped since its requires_grad=False
06/30 16:14:22 - mmengine - WARNING - backbone.layer1.0.bn3.bias is skipped since its requires_grad=False
06/30 16:14:22 - mmengine - INFO - paramwise_options -- backbone.layer1.0.downsample.0.weight:lr=1e-05
06/30 16:14:22 - mmengine - INFO - paramwise_options -- backbone.layer1.0.downsample.0.weight:weight_decay=0.05
06/30 16:14:22 - mmengine - INFO - paramwise_options -- backbone.layer1.0.downsample.0.weight:lr_mult=0.1
06/30 16:14:22 - mmengine - INFO - paramwise_options -- backbone.layer1.0.downsample.0.weight:decay_mult=1.0
06/30 16:14:22 - mmengine - WARNING - backbone.layer1.0.downsample.1.weight is skipped since its requires_grad=False
06/30 16:14:22 - mmengine - WARNING - backbone.layer1.0.downsample.1.bias is skipped since its requires_grad=False
06/30 16:14:22 - mmengine - INFO - paramwise_options -- backbone.layer1.1.conv1.weight:lr=1e-05
06/30 16:14:22 - mmengine - INFO - paramwise_options -- backbone.layer1.1.conv1.weight:weight_decay=0.05
06/30 16:14:22 - mmengine - INFO - paramwise_options -- backbone.layer1.1.conv1.weight:lr_mult=0.1
06/30 16:14:22 - mmengine - INFO - paramwise_options -- backbone.layer1.1.conv1.weight:decay_mult=1.0
06/30 16:14:22 - mmengine - WARNING - backbone.layer1.1.bn1.weight is skipped since its requires_grad=False
06/30 16:14:22 - mmengine - WARNING - backbone.layer1.1.bn1.bias is skipped since its requires_grad=False
06/30 16:14:22 - mmengine - INFO - paramwise_options -- backbone.layer1.1.conv2.weight:lr=1e-05
06/30 16:14:22 - mmengine - INFO - paramwise_options -- backbone.layer1.1.conv2.weight:weight_decay=0.05
06/30 16:14:22 - mmengine - INFO - paramwise_options -- backbone.layer1.1.conv2.weight:lr_mult=0.1
06/30 16:14:22 - mmengine - INFO - paramwise_options -- backbone.layer1.1.conv2.weight:decay_mult=1.0
06/30 16:14:22 - mmengine - WARNING - backbone.layer1.1.bn2.weight is skipped since its requires_grad=False
06/30 16:14:22 - mmengine - WARNING - backbone.layer1.1.bn2.bias is skipped since its requires_grad=False
06/30 16:14:22 - mmengine - INFO - paramwise_options -- backbone.layer1.1.conv3.weight:lr=1e-05
06/30 16:14:22 - mmengine - INFO - paramwise_options -- backbone.layer1.1.conv3.weight:weight_decay=0.05
06/30 16:14:22 - mmengine - INFO - paramwise_options -- backbone.layer1.1.conv3.weight:lr_mult=0.1
06/30 16:14:22 - mmengine - INFO - paramwise_options -- backbone.layer1.1.conv3.weight:decay_mult=1.0
06/30 16:14:22 - mmengine - WARNING - backbone.layer1.1.bn3.weight is skipped since its requires_grad=False
06/30 16:14:22 - mmengine - WARNING - backbone.layer1.1.bn3.bias is skipped since its requires_grad=False
06/30 16:14:22 - mmengine - INFO - paramwise_options -- backbone.layer1.2.conv1.weight:lr=1e-05
06/30 16:14:22 - mmengine - INFO - paramwise_options -- backbone.layer1.2.conv1.weight:weight_decay=0.05
06/30 16:14:22 - mmengine - INFO - paramwise_options -- backbone.layer1.2.conv1.weight:lr_mult=0.1
06/30 16:14:22 - mmengine - INFO - paramwise_options -- backbone.layer1.2.conv1.weight:decay_mult=1.0
06/30 16:14:22 - mmengine - WARNING - backbone.layer1.2.bn1.weight is skipped since its requires_grad=False
06/30 16:14:22 - mmengine - WARNING - backbone.layer1.2.bn1.bias is skipped since its requires_grad=False
06/30 16:14:22 - mmengine - INFO - paramwise_options -- backbone.layer1.2.conv2.weight:lr=1e-05
06/30 16:14:22 - mmengine - INFO - paramwise_options -- backbone.layer1.2.conv2.weight:weight_decay=0.05
06/30 16:14:22 - mmengine - INFO - paramwise_options -- backbone.layer1.2.conv2.weight:lr_mult=0.1
06/30 16:14:22 - mmengine - INFO - paramwise_options -- backbone.layer1.2.conv2.weight:decay_mult=1.0
06/30 16:14:22 - mmengine - WARNING - backbone.layer1.2.bn2.weight is skipped since its requires_grad=False
06/30 16:14:22 - mmengine - WARNING - backbone.layer1.2.bn2.bias is skipped since its requires_grad=False
06/30 16:14:22 - mmengine - INFO - paramwise_options -- backbone.layer1.2.conv3.weight:lr=1e-05
06/30 16:14:22 - mmengine - INFO - paramwise_options -- backbone.layer1.2.conv3.weight:weight_decay=0.05
06/30 16:14:22 - mmengine - INFO - paramwise_options -- backbone.layer1.2.conv3.weight:lr_mult=0.1
06/30 16:14:22 - mmengine - INFO - paramwise_options -- backbone.layer1.2.conv3.weight:decay_mult=1.0
06/30 16:14:22 - mmengine - WARNING - backbone.layer1.2.bn3.weight is skipped since its requires_grad=False
06/30 16:14:22 - mmengine - WARNING - backbone.layer1.2.bn3.bias is skipped since its requires_grad=False
06/30 16:14:22 - mmengine - INFO - paramwise_options -- backbone.layer2.0.conv1.weight:lr=1e-05
06/30 16:14:22 - mmengine - INFO - paramwise_options -- backbone.layer2.0.conv1.weight:weight_decay=0.05
06/30 16:14:22 - mmengine - INFO - paramwise_options -- backbone.layer2.0.conv1.weight:lr_mult=0.1
06/30 16:14:22 - mmengine - INFO - paramwise_options -- backbone.layer2.0.conv1.weight:decay_mult=1.0
06/30 16:14:22 - mmengine - WARNING - backbone.layer2.0.bn1.weight is skipped since its requires_grad=False
06/30 16:14:22 - mmengine - WARNING - backbone.layer2.0.bn1.bias is skipped since its requires_grad=False
06/30 16:14:22 - mmengine - INFO - paramwise_options -- backbone.layer2.0.conv2.weight:lr=1e-05
06/30 16:14:22 - mmengine - INFO - paramwise_options -- backbone.layer2.0.conv2.weight:weight_decay=0.05
06/30 16:14:22 - mmengine - INFO - paramwise_options -- backbone.layer2.0.conv2.weight:lr_mult=0.1
06/30 16:14:22 - mmengine - INFO - paramwise_options -- backbone.layer2.0.conv2.weight:decay_mult=1.0
06/30 16:14:22 - mmengine - WARNING - backbone.layer2.0.bn2.weight is skipped since its requires_grad=False
06/30 16:14:22 - mmengine - WARNING - backbone.layer2.0.bn2.bias is skipped since its requires_grad=False
06/30 16:14:22 - mmengine - INFO - paramwise_options -- backbone.layer2.0.conv3.weight:lr=1e-05
06/30 16:14:22 - mmengine - INFO - paramwise_options -- backbone.layer2.0.conv3.weight:weight_decay=0.05
06/30 16:14:22 - mmengine - INFO - paramwise_options -- backbone.layer2.0.conv3.weight:lr_mult=0.1
06/30 16:14:22 - mmengine - INFO - paramwise_options -- backbone.layer2.0.conv3.weight:decay_mult=1.0
06/30 16:14:22 - mmengine - WARNING - backbone.layer2.0.bn3.weight is skipped since its requires_grad=False
06/30 16:14:22 - mmengine - WARNING - backbone.layer2.0.bn3.bias is skipped since its requires_grad=False
06/30 16:14:22 - mmengine - INFO - paramwise_options -- backbone.layer2.0.downsample.0.weight:lr=1e-05
06/30 16:14:22 - mmengine - INFO - paramwise_options -- backbone.layer2.0.downsample.0.weight:weight_decay=0.05
06/30 16:14:22 - mmengine - INFO - paramwise_options -- backbone.layer2.0.downsample.0.weight:lr_mult=0.1
06/30 16:14:22 - mmengine - INFO - paramwise_options -- backbone.layer2.0.downsample.0.weight:decay_mult=1.0
06/30 16:14:22 - mmengine - WARNING - backbone.layer2.0.downsample.1.weight is skipped since its requires_grad=False
06/30 16:14:22 - mmengine - WARNING - backbone.layer2.0.downsample.1.bias is skipped since its requires_grad=False
06/30 16:14:22 - mmengine - INFO - paramwise_options -- backbone.layer2.1.conv1.weight:lr=1e-05
06/30 16:14:22 - mmengine - INFO - paramwise_options -- backbone.layer2.1.conv1.weight:weight_decay=0.05
06/30 16:14:22 - mmengine - INFO - paramwise_options -- backbone.layer2.1.conv1.weight:lr_mult=0.1
06/30 16:14:22 - mmengine - INFO - paramwise_options -- backbone.layer2.1.conv1.weight:decay_mult=1.0
06/30 16:14:22 - mmengine - WARNING - backbone.layer2.1.bn1.weight is skipped since its requires_grad=False
06/30 16:14:22 - mmengine - WARNING - backbone.layer2.1.bn1.bias is skipped since its requires_grad=False
06/30 16:14:22 - mmengine - INFO - paramwise_options -- backbone.layer2.1.conv2.weight:lr=1e-05
06/30 16:14:22 - mmengine - INFO - paramwise_options -- backbone.layer2.1.conv2.weight:weight_decay=0.05
06/30 16:14:22 - mmengine - INFO - paramwise_options -- backbone.layer2.1.conv2.weight:lr_mult=0.1
06/30 16:14:22 - mmengine - INFO - paramwise_options -- backbone.layer2.1.conv2.weight:decay_mult=1.0
06/30 16:14:22 - mmengine - WARNING - backbone.layer2.1.bn2.weight is skipped since its requires_grad=False
06/30 16:14:22 - mmengine - WARNING - backbone.layer2.1.bn2.bias is skipped since its requires_grad=False
06/30 16:14:22 - mmengine - INFO - paramwise_options -- backbone.layer2.1.conv3.weight:lr=1e-05
06/30 16:14:22 - mmengine - INFO - paramwise_options -- backbone.layer2.1.conv3.weight:weight_decay=0.05
06/30 16:14:22 - mmengine - INFO - paramwise_options -- backbone.layer2.1.conv3.weight:lr_mult=0.1
06/30 16:14:22 - mmengine - INFO - paramwise_options -- backbone.layer2.1.conv3.weight:decay_mult=1.0
06/30 16:14:22 - mmengine - WARNING - backbone.layer2.1.bn3.weight is skipped since its requires_grad=False
06/30 16:14:22 - mmengine - WARNING - backbone.layer2.1.bn3.bias is skipped since its requires_grad=False
06/30 16:14:22 - mmengine - INFO - paramwise_options -- backbone.layer2.2.conv1.weight:lr=1e-05
06/30 16:14:22 - mmengine - INFO - paramwise_options -- backbone.layer2.2.conv1.weight:weight_decay=0.05
06/30 16:14:22 - mmengine - INFO - paramwise_options -- backbone.layer2.2.conv1.weight:lr_mult=0.1
06/30 16:14:22 - mmengine - INFO - paramwise_options -- backbone.layer2.2.conv1.weight:decay_mult=1.0
06/30 16:14:22 - mmengine - WARNING - backbone.layer2.2.bn1.weight is skipped since its requires_grad=False
06/30 16:14:22 - mmengine - WARNING - backbone.layer2.2.bn1.bias is skipped since its requires_grad=False
06/30 16:14:22 - mmengine - INFO - paramwise_options -- backbone.layer2.2.conv2.weight:lr=1e-05
06/30 16:14:22 - mmengine - INFO - paramwise_options -- backbone.layer2.2.conv2.weight:weight_decay=0.05
06/30 16:14:22 - mmengine - INFO - paramwise_options -- backbone.layer2.2.conv2.weight:lr_mult=0.1
06/30 16:14:22 - mmengine - INFO - paramwise_options -- backbone.layer2.2.conv2.weight:decay_mult=1.0
06/30 16:14:22 - mmengine - WARNING - backbone.layer2.2.bn2.weight is skipped since its requires_grad=False
06/30 16:14:22 - mmengine - WARNING - backbone.layer2.2.bn2.bias is skipped since its requires_grad=False
06/30 16:14:22 - mmengine - INFO - paramwise_options -- backbone.layer2.2.conv3.weight:lr=1e-05
06/30 16:14:22 - mmengine - INFO - paramwise_options -- backbone.layer2.2.conv3.weight:weight_decay=0.05
06/30 16:14:22 - mmengine - INFO - paramwise_options -- backbone.layer2.2.conv3.weight:lr_mult=0.1
06/30 16:14:22 - mmengine - INFO - paramwise_options -- backbone.layer2.2.conv3.weight:decay_mult=1.0
06/30 16:14:22 - mmengine - WARNING - backbone.layer2.2.bn3.weight is skipped since its requires_grad=False
06/30 16:14:22 - mmengine - WARNING - backbone.layer2.2.bn3.bias is skipped since its requires_grad=False
06/30 16:14:22 - mmengine - INFO - paramwise_options -- backbone.layer2.3.conv1.weight:lr=1e-05
06/30 16:14:22 - mmengine - INFO - paramwise_options -- backbone.layer2.3.conv1.weight:weight_decay=0.05
06/30 16:14:22 - mmengine - INFO - paramwise_options -- backbone.layer2.3.conv1.weight:lr_mult=0.1
06/30 16:14:22 - mmengine - INFO - paramwise_options -- backbone.layer2.3.conv1.weight:decay_mult=1.0
06/30 16:14:22 - mmengine - WARNING - backbone.layer2.3.bn1.weight is skipped since its requires_grad=False
06/30 16:14:22 - mmengine - WARNING - backbone.layer2.3.bn1.bias is skipped since its requires_grad=False
06/30 16:14:22 - mmengine - INFO - paramwise_options -- backbone.layer2.3.conv2.weight:lr=1e-05
06/30 16:14:22 - mmengine - INFO - paramwise_options -- backbone.layer2.3.conv2.weight:weight_decay=0.05
06/30 16:14:22 - mmengine - INFO - paramwise_options -- backbone.layer2.3.conv2.weight:lr_mult=0.1
06/30 16:14:22 - mmengine - INFO - paramwise_options -- backbone.layer2.3.conv2.weight:decay_mult=1.0
06/30 16:14:22 - mmengine - WARNING - backbone.layer2.3.bn2.weight is skipped since its requires_grad=False
06/30 16:14:22 - mmengine - WARNING - backbone.layer2.3.bn2.bias is skipped since its requires_grad=False
06/30 16:14:22 - mmengine - INFO - paramwise_options -- backbone.layer2.3.conv3.weight:lr=1e-05
06/30 16:14:22 - mmengine - INFO - paramwise_options -- backbone.layer2.3.conv3.weight:weight_decay=0.05
06/30 16:14:22 - mmengine - INFO - paramwise_options -- backbone.layer2.3.conv3.weight:lr_mult=0.1
06/30 16:14:22 - mmengine - INFO - paramwise_options -- backbone.layer2.3.conv3.weight:decay_mult=1.0
06/30 16:14:22 - mmengine - WARNING - backbone.layer2.3.bn3.weight is skipped since its requires_grad=False
06/30 16:14:22 - mmengine - WARNING - backbone.layer2.3.bn3.bias is skipped since its requires_grad=False
06/30 16:14:22 - mmengine - INFO - paramwise_options -- backbone.layer3.0.conv1.weight:lr=1e-05
06/30 16:14:22 - mmengine - INFO - paramwise_options -- backbone.layer3.0.conv1.weight:weight_decay=0.05
06/30 16:14:22 - mmengine - INFO - paramwise_options -- backbone.layer3.0.conv1.weight:lr_mult=0.1
06/30 16:14:22 - mmengine - INFO - paramwise_options -- backbone.layer3.0.conv1.weight:decay_mult=1.0
06/30 16:14:22 - mmengine - WARNING - backbone.layer3.0.bn1.weight is skipped since its requires_grad=False
06/30 16:14:22 - mmengine - WARNING - backbone.layer3.0.bn1.bias is skipped since its requires_grad=False
06/30 16:14:22 - mmengine - INFO - paramwise_options -- backbone.layer3.0.conv2.weight:lr=1e-05
06/30 16:14:22 - mmengine - INFO - paramwise_options -- backbone.layer3.0.conv2.weight:weight_decay=0.05
06/30 16:14:22 - mmengine - INFO - paramwise_options -- backbone.layer3.0.conv2.weight:lr_mult=0.1
06/30 16:14:22 - mmengine - INFO - paramwise_options -- backbone.layer3.0.conv2.weight:decay_mult=1.0
06/30 16:14:22 - mmengine - WARNING - backbone.layer3.0.bn2.weight is skipped since its requires_grad=False
06/30 16:14:22 - mmengine - WARNING - backbone.layer3.0.bn2.bias is skipped since its requires_grad=False
06/30 16:14:22 - mmengine - INFO - paramwise_options -- backbone.layer3.0.conv3.weight:lr=1e-05
06/30 16:14:22 - mmengine - INFO - paramwise_options -- backbone.layer3.0.conv3.weight:weight_decay=0.05
06/30 16:14:22 - mmengine - INFO - paramwise_options -- backbone.layer3.0.conv3.weight:lr_mult=0.1
06/30 16:14:22 - mmengine - INFO - paramwise_options -- backbone.layer3.0.conv3.weight:decay_mult=1.0
06/30 16:14:22 - mmengine - WARNING - backbone.layer3.0.bn3.weight is skipped since its requires_grad=False
06/30 16:14:22 - mmengine - WARNING - backbone.layer3.0.bn3.bias is skipped since its requires_grad=False
06/30 16:14:22 - mmengine - INFO - paramwise_options -- backbone.layer3.0.downsample.0.weight:lr=1e-05
06/30 16:14:22 - mmengine - INFO - paramwise_options -- backbone.layer3.0.downsample.0.weight:weight_decay=0.05
06/30 16:14:22 - mmengine - INFO - paramwise_options -- backbone.layer3.0.downsample.0.weight:lr_mult=0.1
06/30 16:14:22 - mmengine - INFO - paramwise_options -- backbone.layer3.0.downsample.0.weight:decay_mult=1.0
06/30 16:14:22 - mmengine - WARNING - backbone.layer3.0.downsample.1.weight is skipped since its requires_grad=False
06/30 16:14:22 - mmengine - WARNING - backbone.layer3.0.downsample.1.bias is skipped since its requires_grad=False
06/30 16:14:22 - mmengine - INFO - paramwise_options -- backbone.layer3.1.conv1.weight:lr=1e-05
06/30 16:14:22 - mmengine - INFO - paramwise_options -- backbone.layer3.1.conv1.weight:weight_decay=0.05
06/30 16:14:22 - mmengine - INFO - paramwise_options -- backbone.layer3.1.conv1.weight:lr_mult=0.1
06/30 16:14:22 - mmengine - INFO - paramwise_options -- backbone.layer3.1.conv1.weight:decay_mult=1.0
06/30 16:14:22 - mmengine - WARNING - backbone.layer3.1.bn1.weight is skipped since its requires_grad=False
06/30 16:14:22 - mmengine - WARNING - backbone.layer3.1.bn1.bias is skipped since its requires_grad=False
06/30 16:14:22 - mmengine - INFO - paramwise_options -- backbone.layer3.1.conv2.weight:lr=1e-05
06/30 16:14:22 - mmengine - INFO - paramwise_options -- backbone.layer3.1.conv2.weight:weight_decay=0.05
06/30 16:14:22 - mmengine - INFO - paramwise_options -- backbone.layer3.1.conv2.weight:lr_mult=0.1
06/30 16:14:22 - mmengine - INFO - paramwise_options -- backbone.layer3.1.conv2.weight:decay_mult=1.0
06/30 16:14:22 - mmengine - WARNING - backbone.layer3.1.bn2.weight is skipped since its requires_grad=False
06/30 16:14:22 - mmengine - WARNING - backbone.layer3.1.bn2.bias is skipped since its requires_grad=False
06/30 16:14:22 - mmengine - INFO - paramwise_options -- backbone.layer3.1.conv3.weight:lr=1e-05
06/30 16:14:22 - mmengine - INFO - paramwise_options -- backbone.layer3.1.conv3.weight:weight_decay=0.05
06/30 16:14:22 - mmengine - INFO - paramwise_options -- backbone.layer3.1.conv3.weight:lr_mult=0.1
06/30 16:14:22 - mmengine - INFO - paramwise_options -- backbone.layer3.1.conv3.weight:decay_mult=1.0
06/30 16:14:22 - mmengine - WARNING - backbone.layer3.1.bn3.weight is skipped since its requires_grad=False
06/30 16:14:22 - mmengine - WARNING - backbone.layer3.1.bn3.bias is skipped since its requires_grad=False
06/30 16:14:22 - mmengine - INFO - paramwise_options -- backbone.layer3.2.conv1.weight:lr=1e-05
06/30 16:14:22 - mmengine - INFO - paramwise_options -- backbone.layer3.2.conv1.weight:weight_decay=0.05
06/30 16:14:22 - mmengine - INFO - paramwise_options -- backbone.layer3.2.conv1.weight:lr_mult=0.1
06/30 16:14:22 - mmengine - INFO - paramwise_options -- backbone.layer3.2.conv1.weight:decay_mult=1.0
06/30 16:14:22 - mmengine - WARNING - backbone.layer3.2.bn1.weight is skipped since its requires_grad=False
06/30 16:14:22 - mmengine - WARNING - backbone.layer3.2.bn1.bias is skipped since its requires_grad=False
06/30 16:14:22 - mmengine - INFO - paramwise_options -- backbone.layer3.2.conv2.weight:lr=1e-05
06/30 16:14:22 - mmengine - INFO - paramwise_options -- backbone.layer3.2.conv2.weight:weight_decay=0.05
06/30 16:14:22 - mmengine - INFO - paramwise_options -- backbone.layer3.2.conv2.weight:lr_mult=0.1
06/30 16:14:22 - mmengine - INFO - paramwise_options -- backbone.layer3.2.conv2.weight:decay_mult=1.0
06/30 16:14:22 - mmengine - WARNING - backbone.layer3.2.bn2.weight is skipped since its requires_grad=False
06/30 16:14:22 - mmengine - WARNING - backbone.layer3.2.bn2.bias is skipped since its requires_grad=False
06/30 16:14:22 - mmengine - INFO - paramwise_options -- backbone.layer3.2.conv3.weight:lr=1e-05
06/30 16:14:22 - mmengine - INFO - paramwise_options -- backbone.layer3.2.conv3.weight:weight_decay=0.05
06/30 16:14:22 - mmengine - INFO - paramwise_options -- backbone.layer3.2.conv3.weight:lr_mult=0.1
06/30 16:14:22 - mmengine - INFO - paramwise_options -- backbone.layer3.2.conv3.weight:decay_mult=1.0
06/30 16:14:22 - mmengine - WARNING - backbone.layer3.2.bn3.weight is skipped since its requires_grad=False
06/30 16:14:22 - mmengine - WARNING - backbone.layer3.2.bn3.bias is skipped since its requires_grad=False
06/30 16:14:22 - mmengine - INFO - paramwise_options -- backbone.layer3.3.conv1.weight:lr=1e-05
06/30 16:14:22 - mmengine - INFO - paramwise_options -- backbone.layer3.3.conv1.weight:weight_decay=0.05
06/30 16:14:22 - mmengine - INFO - paramwise_options -- backbone.layer3.3.conv1.weight:lr_mult=0.1
06/30 16:14:22 - mmengine - INFO - paramwise_options -- backbone.layer3.3.conv1.weight:decay_mult=1.0
06/30 16:14:22 - mmengine - WARNING - backbone.layer3.3.bn1.weight is skipped since its requires_grad=False
06/30 16:14:22 - mmengine - WARNING - backbone.layer3.3.bn1.bias is skipped since its requires_grad=False
06/30 16:14:22 - mmengine - INFO - paramwise_options -- backbone.layer3.3.conv2.weight:lr=1e-05
06/30 16:14:22 - mmengine - INFO - paramwise_options -- backbone.layer3.3.conv2.weight:weight_decay=0.05
06/30 16:14:22 - mmengine - INFO - paramwise_options -- backbone.layer3.3.conv2.weight:lr_mult=0.1
06/30 16:14:22 - mmengine - INFO - paramwise_options -- backbone.layer3.3.conv2.weight:decay_mult=1.0
06/30 16:14:22 - mmengine - WARNING - backbone.layer3.3.bn2.weight is skipped since its requires_grad=False
06/30 16:14:22 - mmengine - WARNING - backbone.layer3.3.bn2.bias is skipped since its requires_grad=False
06/30 16:14:22 - mmengine - INFO - paramwise_options -- backbone.layer3.3.conv3.weight:lr=1e-05
06/30 16:14:22 - mmengine - INFO - paramwise_options -- backbone.layer3.3.conv3.weight:weight_decay=0.05
06/30 16:14:22 - mmengine - INFO - paramwise_options -- backbone.layer3.3.conv3.weight:lr_mult=0.1
06/30 16:14:22 - mmengine - INFO - paramwise_options -- backbone.layer3.3.conv3.weight:decay_mult=1.0
06/30 16:14:22 - mmengine - WARNING - backbone.layer3.3.bn3.weight is skipped since its requires_grad=False
06/30 16:14:22 - mmengine - WARNING - backbone.layer3.3.bn3.bias is skipped since its requires_grad=False
06/30 16:14:22 - mmengine - INFO - paramwise_options -- backbone.layer3.4.conv1.weight:lr=1e-05
06/30 16:14:22 - mmengine - INFO - paramwise_options -- backbone.layer3.4.conv1.weight:weight_decay=0.05
06/30 16:14:22 - mmengine - INFO - paramwise_options -- backbone.layer3.4.conv1.weight:lr_mult=0.1
06/30 16:14:22 - mmengine - INFO - paramwise_options -- backbone.layer3.4.conv1.weight:decay_mult=1.0
06/30 16:14:22 - mmengine - WARNING - backbone.layer3.4.bn1.weight is skipped since its requires_grad=False
06/30 16:14:22 - mmengine - WARNING - backbone.layer3.4.bn1.bias is skipped since its requires_grad=False
06/30 16:14:22 - mmengine - INFO - paramwise_options -- backbone.layer3.4.conv2.weight:lr=1e-05
06/30 16:14:22 - mmengine - INFO - paramwise_options -- backbone.layer3.4.conv2.weight:weight_decay=0.05
06/30 16:14:22 - mmengine - INFO - paramwise_options -- backbone.layer3.4.conv2.weight:lr_mult=0.1
06/30 16:14:22 - mmengine - INFO - paramwise_options -- backbone.layer3.4.conv2.weight:decay_mult=1.0
06/30 16:14:22 - mmengine - WARNING - backbone.layer3.4.bn2.weight is skipped since its requires_grad=False
06/30 16:14:22 - mmengine - WARNING - backbone.layer3.4.bn2.bias is skipped since its requires_grad=False
06/30 16:14:22 - mmengine - INFO - paramwise_options -- backbone.layer3.4.conv3.weight:lr=1e-05
06/30 16:14:22 - mmengine - INFO - paramwise_options -- backbone.layer3.4.conv3.weight:weight_decay=0.05
06/30 16:14:22 - mmengine - INFO - paramwise_options -- backbone.layer3.4.conv3.weight:lr_mult=0.1
06/30 16:14:22 - mmengine - INFO - paramwise_options -- backbone.layer3.4.conv3.weight:decay_mult=1.0
06/30 16:14:22 - mmengine - WARNING - backbone.layer3.4.bn3.weight is skipped since its requires_grad=False
06/30 16:14:22 - mmengine - WARNING - backbone.layer3.4.bn3.bias is skipped since its requires_grad=False
06/30 16:14:22 - mmengine - INFO - paramwise_options -- backbone.layer3.5.conv1.weight:lr=1e-05
06/30 16:14:22 - mmengine - INFO - paramwise_options -- backbone.layer3.5.conv1.weight:weight_decay=0.05
06/30 16:14:22 - mmengine - INFO - paramwise_options -- backbone.layer3.5.conv1.weight:lr_mult=0.1
06/30 16:14:22 - mmengine - INFO - paramwise_options -- backbone.layer3.5.conv1.weight:decay_mult=1.0
06/30 16:14:22 - mmengine - WARNING - backbone.layer3.5.bn1.weight is skipped since its requires_grad=False
06/30 16:14:22 - mmengine - WARNING - backbone.layer3.5.bn1.bias is skipped since its requires_grad=False
06/30 16:14:22 - mmengine - INFO - paramwise_options -- backbone.layer3.5.conv2.weight:lr=1e-05
06/30 16:14:22 - mmengine - INFO - paramwise_options -- backbone.layer3.5.conv2.weight:weight_decay=0.05
06/30 16:14:22 - mmengine - INFO - paramwise_options -- backbone.layer3.5.conv2.weight:lr_mult=0.1
06/30 16:14:22 - mmengine - INFO - paramwise_options -- backbone.layer3.5.conv2.weight:decay_mult=1.0
06/30 16:14:22 - mmengine - WARNING - backbone.layer3.5.bn2.weight is skipped since its requires_grad=False
06/30 16:14:22 - mmengine - WARNING - backbone.layer3.5.bn2.bias is skipped since its requires_grad=False
06/30 16:14:22 - mmengine - INFO - paramwise_options -- backbone.layer3.5.conv3.weight:lr=1e-05
06/30 16:14:22 - mmengine - INFO - paramwise_options -- backbone.layer3.5.conv3.weight:weight_decay=0.05
06/30 16:14:22 - mmengine - INFO - paramwise_options -- backbone.layer3.5.conv3.weight:lr_mult=0.1
06/30 16:14:22 - mmengine - INFO - paramwise_options -- backbone.layer3.5.conv3.weight:decay_mult=1.0
06/30 16:14:22 - mmengine - WARNING - backbone.layer3.5.bn3.weight is skipped since its requires_grad=False
06/30 16:14:22 - mmengine - WARNING - backbone.layer3.5.bn3.bias is skipped since its requires_grad=False
06/30 16:14:22 - mmengine - INFO - paramwise_options -- backbone.layer4.0.conv1.weight:lr=1e-05
06/30 16:14:22 - mmengine - INFO - paramwise_options -- backbone.layer4.0.conv1.weight:weight_decay=0.05
06/30 16:14:22 - mmengine - INFO - paramwise_options -- backbone.layer4.0.conv1.weight:lr_mult=0.1
06/30 16:14:22 - mmengine - INFO - paramwise_options -- backbone.layer4.0.conv1.weight:decay_mult=1.0
06/30 16:14:22 - mmengine - WARNING - backbone.layer4.0.bn1.weight is skipped since its requires_grad=False
06/30 16:14:22 - mmengine - WARNING - backbone.layer4.0.bn1.bias is skipped since its requires_grad=False
06/30 16:14:22 - mmengine - INFO - paramwise_options -- backbone.layer4.0.conv2.weight:lr=1e-05
06/30 16:14:22 - mmengine - INFO - paramwise_options -- backbone.layer4.0.conv2.weight:weight_decay=0.05
06/30 16:14:22 - mmengine - INFO - paramwise_options -- backbone.layer4.0.conv2.weight:lr_mult=0.1
06/30 16:14:22 - mmengine - INFO - paramwise_options -- backbone.layer4.0.conv2.weight:decay_mult=1.0
06/30 16:14:22 - mmengine - WARNING - backbone.layer4.0.bn2.weight is skipped since its requires_grad=False
06/30 16:14:22 - mmengine - WARNING - backbone.layer4.0.bn2.bias is skipped since its requires_grad=False
06/30 16:14:22 - mmengine - INFO - paramwise_options -- backbone.layer4.0.conv3.weight:lr=1e-05
06/30 16:14:22 - mmengine - INFO - paramwise_options -- backbone.layer4.0.conv3.weight:weight_decay=0.05
06/30 16:14:22 - mmengine - INFO - paramwise_options -- backbone.layer4.0.conv3.weight:lr_mult=0.1
06/30 16:14:22 - mmengine - INFO - paramwise_options -- backbone.layer4.0.conv3.weight:decay_mult=1.0
06/30 16:14:22 - mmengine - WARNING - backbone.layer4.0.bn3.weight is skipped since its requires_grad=False
06/30 16:14:22 - mmengine - WARNING - backbone.layer4.0.bn3.bias is skipped since its requires_grad=False
06/30 16:14:22 - mmengine - INFO - paramwise_options -- backbone.layer4.0.downsample.0.weight:lr=1e-05
06/30 16:14:22 - mmengine - INFO - paramwise_options -- backbone.layer4.0.downsample.0.weight:weight_decay=0.05
06/30 16:14:22 - mmengine - INFO - paramwise_options -- backbone.layer4.0.downsample.0.weight:lr_mult=0.1
06/30 16:14:22 - mmengine - INFO - paramwise_options -- backbone.layer4.0.downsample.0.weight:decay_mult=1.0
06/30 16:14:22 - mmengine - WARNING - backbone.layer4.0.downsample.1.weight is skipped since its requires_grad=False
06/30 16:14:22 - mmengine - WARNING - backbone.layer4.0.downsample.1.bias is skipped since its requires_grad=False
06/30 16:14:22 - mmengine - INFO - paramwise_options -- backbone.layer4.1.conv1.weight:lr=1e-05
06/30 16:14:22 - mmengine - INFO - paramwise_options -- backbone.layer4.1.conv1.weight:weight_decay=0.05
06/30 16:14:22 - mmengine - INFO - paramwise_options -- backbone.layer4.1.conv1.weight:lr_mult=0.1
06/30 16:14:22 - mmengine - INFO - paramwise_options -- backbone.layer4.1.conv1.weight:decay_mult=1.0
06/30 16:14:22 - mmengine - WARNING - backbone.layer4.1.bn1.weight is skipped since its requires_grad=False
06/30 16:14:22 - mmengine - WARNING - backbone.layer4.1.bn1.bias is skipped since its requires_grad=False
06/30 16:14:22 - mmengine - INFO - paramwise_options -- backbone.layer4.1.conv2.weight:lr=1e-05
06/30 16:14:22 - mmengine - INFO - paramwise_options -- backbone.layer4.1.conv2.weight:weight_decay=0.05
06/30 16:14:22 - mmengine - INFO - paramwise_options -- backbone.layer4.1.conv2.weight:lr_mult=0.1
06/30 16:14:22 - mmengine - INFO - paramwise_options -- backbone.layer4.1.conv2.weight:decay_mult=1.0
06/30 16:14:22 - mmengine - WARNING - backbone.layer4.1.bn2.weight is skipped since its requires_grad=False
06/30 16:14:22 - mmengine - WARNING - backbone.layer4.1.bn2.bias is skipped since its requires_grad=False
06/30 16:14:22 - mmengine - INFO - paramwise_options -- backbone.layer4.1.conv3.weight:lr=1e-05
06/30 16:14:22 - mmengine - INFO - paramwise_options -- backbone.layer4.1.conv3.weight:weight_decay=0.05
06/30 16:14:22 - mmengine - INFO - paramwise_options -- backbone.layer4.1.conv3.weight:lr_mult=0.1
06/30 16:14:22 - mmengine - INFO - paramwise_options -- backbone.layer4.1.conv3.weight:decay_mult=1.0
06/30 16:14:22 - mmengine - WARNING - backbone.layer4.1.bn3.weight is skipped since its requires_grad=False
06/30 16:14:22 - mmengine - WARNING - backbone.layer4.1.bn3.bias is skipped since its requires_grad=False
06/30 16:14:22 - mmengine - INFO - paramwise_options -- backbone.layer4.2.conv1.weight:lr=1e-05
06/30 16:14:22 - mmengine - INFO - paramwise_options -- backbone.layer4.2.conv1.weight:weight_decay=0.05
06/30 16:14:22 - mmengine - INFO - paramwise_options -- backbone.layer4.2.conv1.weight:lr_mult=0.1
06/30 16:14:22 - mmengine - INFO - paramwise_options -- backbone.layer4.2.conv1.weight:decay_mult=1.0
06/30 16:14:22 - mmengine - WARNING - backbone.layer4.2.bn1.weight is skipped since its requires_grad=False
06/30 16:14:22 - mmengine - WARNING - backbone.layer4.2.bn1.bias is skipped since its requires_grad=False
06/30 16:14:22 - mmengine - INFO - paramwise_options -- backbone.layer4.2.conv2.weight:lr=1e-05
06/30 16:14:22 - mmengine - INFO - paramwise_options -- backbone.layer4.2.conv2.weight:weight_decay=0.05
06/30 16:14:22 - mmengine - INFO - paramwise_options -- backbone.layer4.2.conv2.weight:lr_mult=0.1
06/30 16:14:22 - mmengine - INFO - paramwise_options -- backbone.layer4.2.conv2.weight:decay_mult=1.0
06/30 16:14:22 - mmengine - WARNING - backbone.layer4.2.bn2.weight is skipped since its requires_grad=False
06/30 16:14:22 - mmengine - WARNING - backbone.layer4.2.bn2.bias is skipped since its requires_grad=False
06/30 16:14:22 - mmengine - INFO - paramwise_options -- backbone.layer4.2.conv3.weight:lr=1e-05
06/30 16:14:22 - mmengine - INFO - paramwise_options -- backbone.layer4.2.conv3.weight:weight_decay=0.05
06/30 16:14:22 - mmengine - INFO - paramwise_options -- backbone.layer4.2.conv3.weight:lr_mult=0.1
06/30 16:14:22 - mmengine - INFO - paramwise_options -- backbone.layer4.2.conv3.weight:decay_mult=1.0
06/30 16:14:22 - mmengine - WARNING - backbone.layer4.2.bn3.weight is skipped since its requires_grad=False
06/30 16:14:22 - mmengine - WARNING - backbone.layer4.2.bn3.bias is skipped since its requires_grad=False
06/30 16:14:22 - mmengine - INFO - paramwise_options -- panoptic_head.pixel_decoder.input_convs.0.gn.weight:weight_decay=0.0
06/30 16:14:22 - mmengine - INFO - paramwise_options -- panoptic_head.pixel_decoder.input_convs.0.gn.bias:weight_decay=0.0
06/30 16:14:22 - mmengine - INFO - paramwise_options -- panoptic_head.pixel_decoder.input_convs.1.gn.weight:weight_decay=0.0
06/30 16:14:22 - mmengine - INFO - paramwise_options -- panoptic_head.pixel_decoder.input_convs.1.gn.bias:weight_decay=0.0
06/30 16:14:22 - mmengine - INFO - paramwise_options -- panoptic_head.pixel_decoder.input_convs.2.gn.weight:weight_decay=0.0
06/30 16:14:22 - mmengine - INFO - paramwise_options -- panoptic_head.pixel_decoder.input_convs.2.gn.bias:weight_decay=0.0
06/30 16:14:22 - mmengine - INFO - paramwise_options -- panoptic_head.pixel_decoder.encoder.layers.0.norms.0.weight:weight_decay=0.0
06/30 16:14:22 - mmengine - INFO - paramwise_options -- panoptic_head.pixel_decoder.encoder.layers.0.norms.0.bias:weight_decay=0.0
06/30 16:14:22 - mmengine - INFO - paramwise_options -- panoptic_head.pixel_decoder.encoder.layers.0.norms.1.weight:weight_decay=0.0
06/30 16:14:22 - mmengine - INFO - paramwise_options -- panoptic_head.pixel_decoder.encoder.layers.0.norms.1.bias:weight_decay=0.0
06/30 16:14:22 - mmengine - INFO - paramwise_options -- panoptic_head.pixel_decoder.encoder.layers.1.norms.0.weight:weight_decay=0.0
06/30 16:14:22 - mmengine - INFO - paramwise_options -- panoptic_head.pixel_decoder.encoder.layers.1.norms.0.bias:weight_decay=0.0
06/30 16:14:22 - mmengine - INFO - paramwise_options -- panoptic_head.pixel_decoder.encoder.layers.1.norms.1.weight:weight_decay=0.0
06/30 16:14:22 - mmengine - INFO - paramwise_options -- panoptic_head.pixel_decoder.encoder.layers.1.norms.1.bias:weight_decay=0.0
06/30 16:14:22 - mmengine - INFO - paramwise_options -- panoptic_head.pixel_decoder.encoder.layers.2.norms.0.weight:weight_decay=0.0
06/30 16:14:22 - mmengine - INFO - paramwise_options -- panoptic_head.pixel_decoder.encoder.layers.2.norms.0.bias:weight_decay=0.0
06/30 16:14:22 - mmengine - INFO - paramwise_options -- panoptic_head.pixel_decoder.encoder.layers.2.norms.1.weight:weight_decay=0.0
06/30 16:14:22 - mmengine - INFO - paramwise_options -- panoptic_head.pixel_decoder.encoder.layers.2.norms.1.bias:weight_decay=0.0
06/30 16:14:22 - mmengine - INFO - paramwise_options -- panoptic_head.pixel_decoder.encoder.layers.3.norms.0.weight:weight_decay=0.0
06/30 16:14:22 - mmengine - INFO - paramwise_options -- panoptic_head.pixel_decoder.encoder.layers.3.norms.0.bias:weight_decay=0.0
06/30 16:14:22 - mmengine - INFO - paramwise_options -- panoptic_head.pixel_decoder.encoder.layers.3.norms.1.weight:weight_decay=0.0
06/30 16:14:22 - mmengine - INFO - paramwise_options -- panoptic_head.pixel_decoder.encoder.layers.3.norms.1.bias:weight_decay=0.0
06/30 16:14:22 - mmengine - INFO - paramwise_options -- panoptic_head.pixel_decoder.encoder.layers.4.norms.0.weight:weight_decay=0.0
06/30 16:14:22 - mmengine - INFO - paramwise_options -- panoptic_head.pixel_decoder.encoder.layers.4.norms.0.bias:weight_decay=0.0
06/30 16:14:22 - mmengine - INFO - paramwise_options -- panoptic_head.pixel_decoder.encoder.layers.4.norms.1.weight:weight_decay=0.0
06/30 16:14:22 - mmengine - INFO - paramwise_options -- panoptic_head.pixel_decoder.encoder.layers.4.norms.1.bias:weight_decay=0.0
06/30 16:14:22 - mmengine - INFO - paramwise_options -- panoptic_head.pixel_decoder.encoder.layers.5.norms.0.weight:weight_decay=0.0
06/30 16:14:22 - mmengine - INFO - paramwise_options -- panoptic_head.pixel_decoder.encoder.layers.5.norms.0.bias:weight_decay=0.0
06/30 16:14:22 - mmengine - INFO - paramwise_options -- panoptic_head.pixel_decoder.encoder.layers.5.norms.1.weight:weight_decay=0.0
06/30 16:14:22 - mmengine - INFO - paramwise_options -- panoptic_head.pixel_decoder.encoder.layers.5.norms.1.bias:weight_decay=0.0
06/30 16:14:22 - mmengine - INFO - paramwise_options -- panoptic_head.pixel_decoder.lateral_convs.0.gn.weight:weight_decay=0.0
06/30 16:14:22 - mmengine - INFO - paramwise_options -- panoptic_head.pixel_decoder.lateral_convs.0.gn.bias:weight_decay=0.0
06/30 16:14:22 - mmengine - INFO - paramwise_options -- panoptic_head.pixel_decoder.output_convs.0.gn.weight:weight_decay=0.0
06/30 16:14:22 - mmengine - INFO - paramwise_options -- panoptic_head.pixel_decoder.output_convs.0.gn.bias:weight_decay=0.0
06/30 16:14:22 - mmengine - INFO - paramwise_options -- panoptic_head.transformer_decoder.layers.0.norms.0.weight:weight_decay=0.0
06/30 16:14:22 - mmengine - INFO - paramwise_options -- panoptic_head.transformer_decoder.layers.0.norms.0.bias:weight_decay=0.0
06/30 16:14:22 - mmengine - INFO - paramwise_options -- panoptic_head.transformer_decoder.layers.0.norms.1.weight:weight_decay=0.0
06/30 16:14:22 - mmengine - INFO - paramwise_options -- panoptic_head.transformer_decoder.layers.0.norms.1.bias:weight_decay=0.0
06/30 16:14:22 - mmengine - INFO - paramwise_options -- panoptic_head.transformer_decoder.layers.0.norms.2.weight:weight_decay=0.0
06/30 16:14:22 - mmengine - INFO - paramwise_options -- panoptic_head.transformer_decoder.layers.0.norms.2.bias:weight_decay=0.0
06/30 16:14:22 - mmengine - INFO - paramwise_options -- panoptic_head.transformer_decoder.layers.1.norms.0.weight:weight_decay=0.0
06/30 16:14:22 - mmengine - INFO - paramwise_options -- panoptic_head.transformer_decoder.layers.1.norms.0.bias:weight_decay=0.0
06/30 16:14:22 - mmengine - INFO - paramwise_options -- panoptic_head.transformer_decoder.layers.1.norms.1.weight:weight_decay=0.0
06/30 16:14:22 - mmengine - INFO - paramwise_options -- panoptic_head.transformer_decoder.layers.1.norms.1.bias:weight_decay=0.0
06/30 16:14:22 - mmengine - INFO - paramwise_options -- panoptic_head.transformer_decoder.layers.1.norms.2.weight:weight_decay=0.0
06/30 16:14:22 - mmengine - INFO - paramwise_options -- panoptic_head.transformer_decoder.layers.1.norms.2.bias:weight_decay=0.0
06/30 16:14:22 - mmengine - INFO - paramwise_options -- panoptic_head.transformer_decoder.layers.2.norms.0.weight:weight_decay=0.0
06/30 16:14:22 - mmengine - INFO - paramwise_options -- panoptic_head.transformer_decoder.layers.2.norms.0.bias:weight_decay=0.0
06/30 16:14:22 - mmengine - INFO - paramwise_options -- panoptic_head.transformer_decoder.layers.2.norms.1.weight:weight_decay=0.0
06/30 16:14:22 - mmengine - INFO - paramwise_options -- panoptic_head.transformer_decoder.layers.2.norms.1.bias:weight_decay=0.0
06/30 16:14:22 - mmengine - INFO - paramwise_options -- panoptic_head.transformer_decoder.layers.2.norms.2.weight:weight_decay=0.0
06/30 16:14:22 - mmengine - INFO - paramwise_options -- panoptic_head.transformer_decoder.layers.2.norms.2.bias:weight_decay=0.0
06/30 16:14:22 - mmengine - INFO - paramwise_options -- panoptic_head.transformer_decoder.layers.3.norms.0.weight:weight_decay=0.0
06/30 16:14:22 - mmengine - INFO - paramwise_options -- panoptic_head.transformer_decoder.layers.3.norms.0.bias:weight_decay=0.0
06/30 16:14:22 - mmengine - INFO - paramwise_options -- panoptic_head.transformer_decoder.layers.3.norms.1.weight:weight_decay=0.0
06/30 16:14:22 - mmengine - INFO - paramwise_options -- panoptic_head.transformer_decoder.layers.3.norms.1.bias:weight_decay=0.0
06/30 16:14:22 - mmengine - INFO - paramwise_options -- panoptic_head.transformer_decoder.layers.3.norms.2.weight:weight_decay=0.0
06/30 16:14:22 - mmengine - INFO - paramwise_options -- panoptic_head.transformer_decoder.layers.3.norms.2.bias:weight_decay=0.0
06/30 16:14:22 - mmengine - INFO - paramwise_options -- panoptic_head.transformer_decoder.layers.4.norms.0.weight:weight_decay=0.0
06/30 16:14:22 - mmengine - INFO - paramwise_options -- panoptic_head.transformer_decoder.layers.4.norms.0.bias:weight_decay=0.0
06/30 16:14:22 - mmengine - INFO - paramwise_options -- panoptic_head.transformer_decoder.layers.4.norms.1.weight:weight_decay=0.0
06/30 16:14:22 - mmengine - INFO - paramwise_options -- panoptic_head.transformer_decoder.layers.4.norms.1.bias:weight_decay=0.0
06/30 16:14:22 - mmengine - INFO - paramwise_options -- panoptic_head.transformer_decoder.layers.4.norms.2.weight:weight_decay=0.0
06/30 16:14:22 - mmengine - INFO - paramwise_options -- panoptic_head.transformer_decoder.layers.4.norms.2.bias:weight_decay=0.0
06/30 16:14:22 - mmengine - INFO - paramwise_options -- panoptic_head.transformer_decoder.layers.5.norms.0.weight:weight_decay=0.0
06/30 16:14:22 - mmengine - INFO - paramwise_options -- panoptic_head.transformer_decoder.layers.5.norms.0.bias:weight_decay=0.0
06/30 16:14:22 - mmengine - INFO - paramwise_options -- panoptic_head.transformer_decoder.layers.5.norms.1.weight:weight_decay=0.0
06/30 16:14:22 - mmengine - INFO - paramwise_options -- panoptic_head.transformer_decoder.layers.5.norms.1.bias:weight_decay=0.0
06/30 16:14:22 - mmengine - INFO - paramwise_options -- panoptic_head.transformer_decoder.layers.5.norms.2.weight:weight_decay=0.0
06/30 16:14:22 - mmengine - INFO - paramwise_options -- panoptic_head.transformer_decoder.layers.5.norms.2.bias:weight_decay=0.0
06/30 16:14:22 - mmengine - INFO - paramwise_options -- panoptic_head.transformer_decoder.layers.6.norms.0.weight:weight_decay=0.0
06/30 16:14:22 - mmengine - INFO - paramwise_options -- panoptic_head.transformer_decoder.layers.6.norms.0.bias:weight_decay=0.0
06/30 16:14:22 - mmengine - INFO - paramwise_options -- panoptic_head.transformer_decoder.layers.6.norms.1.weight:weight_decay=0.0
06/30 16:14:22 - mmengine - INFO - paramwise_options -- panoptic_head.transformer_decoder.layers.6.norms.1.bias:weight_decay=0.0
06/30 16:14:22 - mmengine - INFO - paramwise_options -- panoptic_head.transformer_decoder.layers.6.norms.2.weight:weight_decay=0.0
06/30 16:14:22 - mmengine - INFO - paramwise_options -- panoptic_head.transformer_decoder.layers.6.norms.2.bias:weight_decay=0.0
06/30 16:14:22 - mmengine - INFO - paramwise_options -- panoptic_head.transformer_decoder.layers.7.norms.0.weight:weight_decay=0.0
06/30 16:14:22 - mmengine - INFO - paramwise_options -- panoptic_head.transformer_decoder.layers.7.norms.0.bias:weight_decay=0.0
06/30 16:14:22 - mmengine - INFO - paramwise_options -- panoptic_head.transformer_decoder.layers.7.norms.1.weight:weight_decay=0.0
06/30 16:14:22 - mmengine - INFO - paramwise_options -- panoptic_head.transformer_decoder.layers.7.norms.1.bias:weight_decay=0.0
06/30 16:14:22 - mmengine - INFO - paramwise_options -- panoptic_head.transformer_decoder.layers.7.norms.2.weight:weight_decay=0.0
06/30 16:14:22 - mmengine - INFO - paramwise_options -- panoptic_head.transformer_decoder.layers.7.norms.2.bias:weight_decay=0.0
06/30 16:14:22 - mmengine - INFO - paramwise_options -- panoptic_head.transformer_decoder.layers.8.norms.0.weight:weight_decay=0.0
06/30 16:14:22 - mmengine - INFO - paramwise_options -- panoptic_head.transformer_decoder.layers.8.norms.0.bias:weight_decay=0.0
06/30 16:14:22 - mmengine - INFO - paramwise_options -- panoptic_head.transformer_decoder.layers.8.norms.1.weight:weight_decay=0.0
06/30 16:14:22 - mmengine - INFO - paramwise_options -- panoptic_head.transformer_decoder.layers.8.norms.1.bias:weight_decay=0.0
06/30 16:14:22 - mmengine - INFO - paramwise_options -- panoptic_head.transformer_decoder.layers.8.norms.2.weight:weight_decay=0.0
06/30 16:14:22 - mmengine - INFO - paramwise_options -- panoptic_head.transformer_decoder.layers.8.norms.2.bias:weight_decay=0.0
06/30 16:14:22 - mmengine - INFO - paramwise_options -- panoptic_head.transformer_decoder.post_norm.weight:weight_decay=0.0
06/30 16:14:22 - mmengine - INFO - paramwise_options -- panoptic_head.transformer_decoder.post_norm.bias:weight_decay=0.0
06/30 16:14:22 - mmengine - INFO - paramwise_options -- panoptic_head.query_embed.weight:lr=0.0001
06/30 16:14:22 - mmengine - INFO - paramwise_options -- panoptic_head.query_embed.weight:weight_decay=0.0
06/30 16:14:22 - mmengine - INFO - paramwise_options -- panoptic_head.query_embed.weight:lr_mult=1.0
06/30 16:14:22 - mmengine - INFO - paramwise_options -- panoptic_head.query_embed.weight:decay_mult=0.0
06/30 16:14:22 - mmengine - INFO - paramwise_options -- panoptic_head.query_feat.weight:lr=0.0001
06/30 16:14:22 - mmengine - INFO - paramwise_options -- panoptic_head.query_feat.weight:weight_decay=0.0
06/30 16:14:22 - mmengine - INFO - paramwise_options -- panoptic_head.query_feat.weight:lr_mult=1.0
06/30 16:14:22 - mmengine - INFO - paramwise_options -- panoptic_head.query_feat.weight:decay_mult=0.0
06/30 16:14:22 - mmengine - INFO - paramwise_options -- panoptic_head.level_embed.weight:lr=0.0001
06/30 16:14:22 - mmengine - INFO - paramwise_options -- panoptic_head.level_embed.weight:weight_decay=0.0
06/30 16:14:22 - mmengine - INFO - paramwise_options -- panoptic_head.level_embed.weight:lr_mult=1.0
06/30 16:14:22 - mmengine - INFO - paramwise_options -- panoptic_head.level_embed.weight:decay_mult=0.0
loading annotations into memory...
Done (t=0.51s)
creating index...
index created!
loading annotations into memory...
Done (t=0.43s)
creating index...
index created!
06/30 16:14:24 - mmengine - INFO - load model from: torchvision://resnet50
06/30 16:14:24 - mmengine - INFO - Loads checkpoint by torchvision backend from path: torchvision://resnet50
06/30 16:14:25 - mmengine - WARNING - The model and loaded state dict do not match exactly

unexpected key in source state_dict: fc.weight, fc.bias

06/30 16:14:26 - mmengine - WARNING - "FileClient" will be deprecated in future. Please use io functions in https://mmengine.readthedocs.io/en/latest/api/fileio.html#file-io
06/30 16:14:26 - mmengine - WARNING - "HardDiskBackend" is the alias of "LocalBackend" and the former will be deprecated in future.
06/30 16:14:26 - mmengine - INFO - Checkpoints will be saved to /data/bigc-data/wyc/Mask2Former/run_scripts/work_dirs/mask2former_r50_8xb2-lsj-50e_coco.
/data/bigc-data/wyc/wyc_mmlab3/lib/python3.10/site-packages/torch/functional.py:513: UserWarning: torch.meshgrid: in an upcoming release, it will be required to pass the indexing argument. (Triggered internally at /root/pytorch/aten/src/ATen/native/TensorShape.cpp:3609.)
  return _VF.meshgrid(tensors, **kwargs)  # type: ignore[attr-defined]
TCAPPDLL 2025-06-30 16:15:05.891543 - Epoch: 0 Iteration: 0  rank : 0  train.loss : 148.0423583984375  train.ips : 0.025474763023676992 imgs/s train.total_time : 39.25453591346741 
TCAPPDLL 2025-06-30 16:15:52.066810 - Epoch: 0 Iteration: 1  rank : 0  train.loss : 137.29629516601562  train.ips : 0.02165677903782342 imgs/s train.total_time : 46.17491817474365 
TCAPPDLL 2025-06-30 16:16:39.063355 - Epoch: 0 Iteration: 2  rank : 0  train.loss : 126.78511810302734  train.ips : 0.02127831705236452 imgs/s train.total_time : 46.99619793891907 
TCAPPDLL 2025-06-30 16:17:24.362388 - Epoch: 0 Iteration: 3  rank : 0  train.loss : 108.39796447753906  train.ips : 0.022075725608850464 imgs/s train.total_time : 45.29862427711487 
TCAPPDLL 2025-06-30 16:18:09.732529 - Epoch: 0 Iteration: 4  rank : 0  train.loss : 128.49346923828125  train.ips : 0.022041107269594084 imgs/s train.total_time : 45.3697714805603 
TCAPPDLL 2025-06-30 16:18:50.068999 - Epoch: 0 Iteration: 5  rank : 0  train.loss : 99.27342224121094  train.ips : 0.024791739948413983 imgs/s train.total_time : 40.33601522445679 
TCAPPDLL 2025-06-30 16:19:28.767381 - Epoch: 0 Iteration: 6  rank : 0  train.loss : 103.89720153808594  train.ips : 0.025841069546080602 imgs/s train.total_time : 38.69808864593506 
TCAPPDLL 2025-06-30 16:20:08.660288 - Epoch: 0 Iteration: 7  rank : 0  train.loss : 97.74386596679688  train.ips : 0.025067301333817862 imgs/s train.total_time : 39.89260697364807 
TCAPPDLL 2025-06-30 16:20:53.879119 - Epoch: 0 Iteration: 8  rank : 0  train.loss : 118.035400390625  train.ips : 0.022114940489022385 imgs/s train.total_time : 45.2182993888855 
TCAPPDLL 2025-06-30 16:21:35.238205 - Epoch: 0 Iteration: 9  rank : 0  train.loss : 107.09724426269531  train.ips : 0.024178688331937502 imgs/s train.total_time : 41.358736515045166 
TCAPPDLL 2025-06-30 16:22:17.066166 - Epoch: 0 Iteration: 10  rank : 0  train.loss : 91.39850616455078  train.ips : 0.023907600185961886 imgs/s train.total_time : 41.82770299911499 
TCAPPDLL 2025-06-30 16:23:02.682616 - Epoch: 0 Iteration: 11  rank : 0  train.loss : 82.6289291381836  train.ips : 0.021922023765629555 imgs/s train.total_time : 45.61622643470764 
TCAPPDLL 2025-06-30 16:23:46.967741 - Epoch: 0 Iteration: 12  rank : 0  train.loss : 106.07682037353516  train.ips : 0.022581108285853677 imgs/s train.total_time : 44.2848060131073 
TCAPPDLL 2025-06-30 16:24:31.160670 - Epoch: 0 Iteration: 13  rank : 0  train.loss : 96.54524230957031  train.ips : 0.022628212686027625 imgs/s train.total_time : 44.19261980056763 
TCAPPDLL 2025-06-30 16:25:16.283971 - Epoch: 0 Iteration: 14  rank : 0  train.loss : 144.34588623046875  train.ips : 0.022161726842560396 imgs/s train.total_time : 45.12283754348755 
TCAPPDLL 2025-06-30 16:25:57.980803 - Epoch: 0 Iteration: 15  rank : 0  train.loss : 113.46963500976562  train.ips : 0.023982864324680796 imgs/s train.total_time : 41.6964373588562 
TCAPPDLL 2025-06-30 16:26:44.059937 - Epoch: 0 Iteration: 16  rank : 0  train.loss : 131.8025665283203  train.ips : 0.021701941372703423 imgs/s train.total_time : 46.078826904296875 
TCAPPDLL 2025-06-30 16:27:25.888672 - Epoch: 0 Iteration: 17  rank : 0  train.loss : 83.18841552734375  train.ips : 0.023907179788973953 imgs/s train.total_time : 41.82843852043152 
TCAPPDLL 2025-06-30 16:28:08.363445 - Epoch: 0 Iteration: 18  rank : 0  train.loss : 162.54298400878906  train.ips : 0.02354352853721266 imgs/s train.total_time : 42.47451686859131 
TCAPPDLL 2025-06-30 16:28:51.770010 - Epoch: 0 Iteration: 19  rank : 0  train.loss : 98.46827697753906  train.ips : 0.023038138598832216 imgs/s train.total_time : 43.40628457069397 
TCAPPDLL 2025-06-30 16:29:34.546623 - Epoch: 0 Iteration: 20  rank : 0  train.loss : 110.37395477294922  train.ips : 0.023377417695772576 imgs/s train.total_time : 42.77632427215576 
TCAPPDLL 2025-06-30 16:30:16.656204 - Epoch: 0 Iteration: 21  rank : 0  train.loss : 80.08110809326172  train.ips : 0.023747707647454947 imgs/s train.total_time : 42.10932755470276 
TCAPPDLL 2025-06-30 16:30:58.763488 - Epoch: 0 Iteration: 22  rank : 0  train.loss : 91.69859313964844  train.ips : 0.023748978872171395 imgs/s train.total_time : 42.10707354545593 
TCAPPDLL 2025-06-30 16:31:41.977894 - Epoch: 0 Iteration: 23  rank : 0  train.loss : 109.24549865722656  train.ips : 0.023140591546951843 imgs/s train.total_time : 43.214107036590576 
TCAPPDLL 2025-06-30 16:32:26.981556 - Epoch: 0 Iteration: 24  rank : 0  train.loss : 136.0209197998047  train.ips : 0.022220546472027657 imgs/s train.total_time : 45.00339365005493 
TCAPPDLL 2025-06-30 16:33:08.473065 - Epoch: 0 Iteration: 25  rank : 0  train.loss : 94.396728515625  train.ips : 0.024101449012118213 imgs/s train.total_time : 41.491281270980835 
TCAPPDLL 2025-06-30 16:33:50.565054 - Epoch: 0 Iteration: 26  rank : 0  train.loss : 107.2914047241211  train.ips : 0.023757662444908265 imgs/s train.total_time : 42.09168314933777 
TCAPPDLL 2025-06-30 16:34:35.365138 - Epoch: 0 Iteration: 27  rank : 0  train.loss : 132.08370971679688  train.ips : 0.022321537289613738 imgs/s train.total_time : 44.799781799316406 
TCAPPDLL 2025-06-30 16:35:16.356483 - Epoch: 0 Iteration: 28  rank : 0  train.loss : 120.42603302001953  train.ips : 0.02439551549629957 imgs/s train.total_time : 40.991140365600586 
TCAPPDLL 2025-06-30 16:35:57.592312 - Epoch: 0 Iteration: 29  rank : 0  train.loss : 98.09333801269531  train.ips : 0.024250890431450064 imgs/s train.total_time : 41.23559927940369 
TCAPPDLL 2025-06-30 16:36:33.877547 - Epoch: 0 Iteration: 30  rank : 0  train.loss : 79.80326080322266  train.ips : 0.027559603359449562 imgs/s train.total_time : 36.28499245643616 
TCAPPDLL 2025-06-30 16:37:10.092482 - Epoch: 0 Iteration: 31  rank : 0  train.loss : 148.31298828125  train.ips : 0.027613239603208467 imgs/s train.total_time : 36.21451210975647 
TCAPPDLL 2025-06-30 16:37:53.188471 - Epoch: 0 Iteration: 32  rank : 0  train.loss : 113.256591796875  train.ips : 0.023204237921975537 imgs/s train.total_time : 43.09557604789734 
TCAPPDLL 2025-06-30 16:38:29.966103 - Epoch: 0 Iteration: 33  rank : 0  train.loss : 66.4013900756836  train.ips : 0.027190645809603477 imgs/s train.total_time : 36.77735376358032 
TCAPPDLL 2025-06-30 16:39:11.669335 - Epoch: 0 Iteration: 34  rank : 0  train.loss : 86.03404235839844  train.ips : 0.023979081968442752 imgs/s train.total_time : 41.7030143737793 
TCAPPDLL 2025-06-30 16:39:53.664180 - Epoch: 0 Iteration: 35  rank : 0  train.loss : 111.68607330322266  train.ips : 0.023812570118223964 imgs/s train.total_time : 41.99462699890137 
TCAPPDLL 2025-06-30 16:40:35.040266 - Epoch: 0 Iteration: 36  rank : 0  train.loss : 100.64081573486328  train.ips : 0.024168681667523007 imgs/s train.total_time : 41.37586045265198 
TCAPPDLL 2025-06-30 16:41:17.656467 - Epoch: 0 Iteration: 37  rank : 0  train.loss : 106.47233581542969  train.ips : 0.02346538064665219 imgs/s train.total_time : 42.61597180366516 
TCAPPDLL 2025-06-30 16:41:58.766215 - Epoch: 0 Iteration: 38  rank : 0  train.loss : 103.63064575195312  train.ips : 0.02432534170191256 imgs/s train.total_time : 41.10939168930054 
TCAPPDLL 2025-06-30 16:42:42.890766 - Epoch: 0 Iteration: 39  rank : 0  train.loss : 129.92819213867188  train.ips : 0.02266330488777798 imgs/s train.total_time : 44.12419128417969 
TCAPPDLL 2025-06-30 16:43:24.259681 - Epoch: 0 Iteration: 40  rank : 0  train.loss : 101.00492095947266  train.ips : 0.02417286121459155 imgs/s train.total_time : 41.368706464767456 
TCAPPDLL 2025-06-30 16:44:05.069742 - Epoch: 0 Iteration: 41  rank : 0  train.loss : 103.61338806152344  train.ips : 0.024503884016438354 imgs/s train.total_time : 40.80985689163208 
TCAPPDLL 2025-06-30 16:44:47.873772 - Epoch: 0 Iteration: 42  rank : 0  train.loss : 94.4353256225586  train.ips : 0.02336240010909684 imgs/s train.total_time : 42.803821325302124 
TCAPPDLL 2025-06-30 16:45:24.930497 - Epoch: 0 Iteration: 43  rank : 0  train.loss : 80.308349609375  train.ips : 0.02698580787072766 imgs/s train.total_time : 37.05651521682739 
TCAPPDLL 2025-06-30 16:46:07.071956 - Epoch: 0 Iteration: 44  rank : 0  train.loss : 105.5525894165039  train.ips : 0.023729723801169195 imgs/s train.total_time : 42.14124059677124 
TCAPPDLL 2025-06-30 16:46:43.244372 - Epoch: 0 Iteration: 45  rank : 0  train.loss : 81.43714904785156  train.ips : 0.027645536510021256 imgs/s train.total_time : 36.17220449447632 
TCAPPDLL 2025-06-30 16:47:24.263074 - Epoch: 0 Iteration: 46  rank : 0  train.loss : 85.33322143554688  train.ips : 0.02437924501753179 imgs/s train.total_time : 41.018497467041016 
TCAPPDLL 2025-06-30 16:48:05.170437 - Epoch: 0 Iteration: 47  rank : 0  train.loss : 78.77093505859375  train.ips : 0.024445656808297474 imgs/s train.total_time : 40.90706205368042 
TCAPPDLL 2025-06-30 16:48:48.574927 - Epoch: 0 Iteration: 48  rank : 0  train.loss : 142.4785919189453  train.ips : 0.023039257031771683 imgs/s train.total_time : 43.40417742729187 
TCAPPDLL 2025-06-30 16:49:29.081762 - Epoch: 0 Iteration: 49  rank : 0  train.loss : 99.55057525634766  train.ips : 0.024687348330813 imgs/s train.total_time : 40.50657796859741 
06/30 16:49:29 - mmengine - INFO - Iter(train) [    50/368750]  base_lr: 1.0000e-04 lr: 1.0000e-05  eta: 179 days, 10:28:36  time: 42.0486  data_time: 0.0480  memory: 7694  grad_norm: 380.2608  loss: 107.6778  loss_cls: 4.0134  loss_mask: 2.0569  loss_dice: 4.5054  d0.loss_cls: 8.8148  d0.loss_mask: 1.6012  d0.loss_dice: 4.2682  d1.loss_cls: 4.0289  d1.loss_mask: 1.4169  d1.loss_dice: 4.3260  d2.loss_cls: 3.9125  d2.loss_mask: 1.6833  d2.loss_dice: 4.4202  d3.loss_cls: 3.9284  d3.loss_mask: 1.9112  d3.loss_dice: 4.4588  d4.loss_cls: 3.9058  d4.loss_mask: 1.9510  d4.loss_dice: 4.4966  d5.loss_cls: 3.9764  d5.loss_mask: 2.0105  d5.loss_dice: 4.4876  d6.loss_cls: 4.0036  d6.loss_mask: 2.0497  d6.loss_dice: 4.4822  d7.loss_cls: 3.9482  d7.loss_mask: 2.0099  d7.loss_dice: 4.4821  d8.loss_cls: 3.9877  d8.loss_mask: 2.0516  d8.loss_dice: 4.4890
TCAPPDLL 2025-06-30 16:50:05.366720 - Epoch: 0 Iteration: 50  rank : 0  train.loss : 112.56634521484375  train.ips : 0.027559787525627957 imgs/s train.total_time : 36.28474998474121 
TCAPPDLL 2025-06-30 16:50:41.734807 - Epoch: 0 Iteration: 51  rank : 0  train.loss : 77.52307891845703  train.ips : 0.027496797714047578 imgs/s train.total_time : 36.36787128448486 
TCAPPDLL 2025-06-30 16:51:22.668225 - Epoch: 0 Iteration: 52  rank : 0  train.loss : 111.09080505371094  train.ips : 0.024430084781685107 imgs/s train.total_time : 40.93313670158386 
TCAPPDLL 2025-06-30 16:52:04.403911 - Epoch: 0 Iteration: 53  rank : 0  train.loss : 108.18695068359375  train.ips : 0.023960464557106577 imgs/s train.total_time : 41.73541784286499 
TCAPPDLL 2025-06-30 16:52:46.171079 - Epoch: 0 Iteration: 54  rank : 0  train.loss : 103.1417236328125  train.ips : 0.023942384982817075 imgs/s train.total_time : 41.76693344116211 
TCAPPDLL 2025-06-30 16:53:28.867502 - Epoch: 0 Iteration: 55  rank : 0  train.loss : 113.67619323730469  train.ips : 0.0234212853888246 imgs/s train.total_time : 42.69620490074158 
TCAPPDLL 2025-06-30 16:54:09.167704 - Epoch: 0 Iteration: 56  rank : 0  train.loss : 90.74932098388672  train.ips : 0.024814070065405952 imgs/s train.total_time : 40.29971694946289 
TCAPPDLL 2025-06-30 16:54:50.767467 - Epoch: 0 Iteration: 57  rank : 0  train.loss : 100.70802307128906  train.ips : 0.024038867745248514 imgs/s train.total_time : 41.59929704666138 
TCAPPDLL 2025-06-30 16:55:34.162051 - Epoch: 0 Iteration: 58  rank : 0  train.loss : 99.29881286621094  train.ips : 0.023044473263637295 imgs/s train.total_time : 43.39435267448425 
TCAPPDLL 2025-06-30 16:56:18.380706 - Epoch: 0 Iteration: 59  rank : 0  train.loss : 108.33081817626953  train.ips : 0.02261501450375204 imgs/s train.total_time : 44.21841073036194 
TCAPPDLL 2025-06-30 16:57:01.291778 - Epoch: 0 Iteration: 60  rank : 0  train.loss : 102.88834381103516  train.ips : 0.02330414449838167 imgs/s train.total_time : 42.91082215309143 
TCAPPDLL 2025-06-30 16:57:43.666312 - Epoch: 0 Iteration: 61  rank : 0  train.loss : 146.7144775390625  train.ips : 0.023599228220506686 imgs/s train.total_time : 42.37426710128784 
TCAPPDLL 2025-06-30 16:58:28.976467 - Epoch: 0 Iteration: 62  rank : 0  train.loss : 131.55763244628906  train.ips : 0.02207028912330063 imgs/s train.total_time : 45.3097825050354 
TCAPPDLL 2025-06-30 16:59:14.566393 - Epoch: 0 Iteration: 63  rank : 0  train.loss : 102.73912811279297  train.ips : 0.02193484268594029 imgs/s train.total_time : 45.58956789970398 
TCAPPDLL 2025-06-30 16:59:51.473094 - Epoch: 0 Iteration: 64  rank : 0  train.loss : 130.50865173339844  train.ips : 0.02709552548989927 imgs/s train.total_time : 36.90646266937256 
TCAPPDLL 2025-06-30 17:00:34.368811 - Epoch: 0 Iteration: 65  rank : 0  train.loss : 113.54828643798828  train.ips : 0.02331248969487836 imgs/s train.total_time : 42.895461320877075 
TCAPPDLL 2025-06-30 17:01:15.661930 - Epoch: 0 Iteration: 66  rank : 0  train.loss : 84.58943176269531  train.ips : 0.024217250149717175 imgs/s train.total_time : 41.292879819869995 
TCAPPDLL 2025-06-30 17:01:59.267960 - Epoch: 0 Iteration: 67  rank : 0  train.loss : 115.85818481445312  train.ips : 0.022932736575723103 imgs/s train.total_time : 43.605785846710205 
TCAPPDLL 2025-06-30 17:02:40.973095 - Epoch: 0 Iteration: 68  rank : 0  train.loss : 136.7200927734375  train.ips : 0.02397803971985961 imgs/s train.total_time : 41.704827070236206 
TCAPPDLL 2025-06-30 17:03:23.274847 - Epoch: 0 Iteration: 69  rank : 0  train.loss : 119.28971099853516  train.ips : 0.02363985810981008 imgs/s train.total_time : 42.301438331604004 
TCAPPDLL 2025-06-30 17:04:06.164766 - Epoch: 0 Iteration: 70  rank : 0  train.loss : 78.17607879638672  train.ips : 0.02331563954274663 imgs/s train.total_time : 42.88966631889343 
TCAPPDLL 2025-06-30 17:04:46.368330 - Epoch: 0 Iteration: 71  rank : 0  train.loss : 96.55551147460938  train.ips : 0.024873563066520093 imgs/s train.total_time : 40.20332741737366 
TCAPPDLL 2025-06-30 17:05:32.680795 - Epoch: 0 Iteration: 72  rank : 0  train.loss : 153.8508758544922  train.ips : 0.021592638175081724 imgs/s train.total_time : 46.31208062171936 
TCAPPDLL 2025-06-30 17:06:13.160582 - Epoch: 0 Iteration: 73  rank : 0  train.loss : 87.19474029541016  train.ips : 0.024703896171713726 imgs/s train.total_time : 40.47944474220276 
TCAPPDLL 2025-06-30 17:06:55.365628 - Epoch: 0 Iteration: 74  rank : 0  train.loss : 113.14034271240234  train.ips : 0.023693985199778073 imgs/s train.total_time : 42.20480394363403 
TCAPPDLL 2025-06-30 17:07:31.375130 - Epoch: 0 Iteration: 75  rank : 0  train.loss : 14.901337623596191  train.ips : 0.027770622648772083 imgs/s train.total_time : 36.00927543640137 
TCAPPDLL 2025-06-30 17:08:16.146489 - Epoch: 0 Iteration: 76  rank : 0  train.loss : 116.26371002197266  train.ips : 0.022335930768362048 imgs/s train.total_time : 44.770912408828735 
TCAPPDLL 2025-06-30 17:08:57.653609 - Epoch: 0 Iteration: 77  rank : 0  train.loss : 101.54733276367188  train.ips : 0.024092457969002962 imgs/s train.total_time : 41.506765365600586 
TCAPPDLL 2025-06-30 17:09:39.687954 - Epoch: 0 Iteration: 78  rank : 0  train.loss : 107.47462463378906  train.ips : 0.023790260885772456 imgs/s train.total_time : 42.03400731086731 
TCAPPDLL 2025-06-30 17:10:26.961932 - Epoch: 0 Iteration: 79  rank : 0  train.loss : 158.89498901367188  train.ips : 0.021153426991605887 imgs/s train.total_time : 47.27366399765015 
TCAPPDLL 2025-06-30 17:11:08.767726 - Epoch: 0 Iteration: 80  rank : 0  train.loss : 151.2928009033203  train.ips : 0.023920247076303924 imgs/s train.total_time : 41.805588245391846 
TCAPPDLL 2025-06-30 17:11:50.861010 - Epoch: 0 Iteration: 81  rank : 0  train.loss : 98.57105255126953  train.ips : 0.02375693552125308 imgs/s train.total_time : 42.092971086502075 
TCAPPDLL 2025-06-30 17:12:33.201513 - Epoch: 0 Iteration: 82  rank : 0  train.loss : 75.47461700439453  train.ips : 0.02361821987805762 imgs/s train.total_time : 42.34019351005554 
TCAPPDLL 2025-06-30 17:13:14.166517 - Epoch: 0 Iteration: 83  rank : 0  train.loss : 98.82528686523438  train.ips : 0.02441121339131203 imgs/s train.total_time : 40.96478056907654 
TCAPPDLL 2025-06-30 17:13:55.082642 - Epoch: 0 Iteration: 84  rank : 0  train.loss : 110.62611389160156  train.ips : 0.02444037591468426 imgs/s train.total_time : 40.91590094566345 
TCAPPDLL 2025-06-30 17:14:36.863364 - Epoch: 0 Iteration: 85  rank : 0  train.loss : 106.44808197021484  train.ips : 0.02393461231985331 imgs/s train.total_time : 41.7804970741272 
TCAPPDLL 2025-06-30 17:15:20.444609 - Epoch: 0 Iteration: 86  rank : 0  train.loss : 137.77870178222656  train.ips : 0.02294576966202434 imgs/s train.total_time : 43.58101797103882 
TCAPPDLL 2025-06-30 17:16:00.763760 - Epoch: 0 Iteration: 87  rank : 0  train.loss : 86.68318176269531  train.ips : 0.024802279430375156 imgs/s train.total_time : 40.31887483596802 
TCAPPDLL 2025-06-30 17:16:40.977630 - Epoch: 0 Iteration: 88  rank : 0  train.loss : 100.49555969238281  train.ips : 0.02486722153705298 imgs/s train.total_time : 40.21357989311218 
TCAPPDLL 2025-06-30 17:17:21.685290 - Epoch: 0 Iteration: 89  rank : 0  train.loss : 91.63720703125  train.ips : 0.024565580067801476 imgs/s train.total_time : 40.70736360549927 
TCAPPDLL 2025-06-30 17:18:08.483065 - Epoch: 0 Iteration: 90  rank : 0  train.loss : 148.38247680664062  train.ips : 0.02136863917092347 imgs/s train.total_time : 46.79755187034607 
TCAPPDLL 2025-06-30 17:18:48.499639 - Epoch: 0 Iteration: 91  rank : 0  train.loss : 88.32379150390625  train.ips : 0.02498978719258988 imgs/s train.total_time : 40.0163471698761 
TCAPPDLL 2025-06-30 17:19:29.892633 - Epoch: 0 Iteration: 92  rank : 0  train.loss : 91.55497741699219  train.ips : 0.024158933757019063 imgs/s train.total_time : 41.392555236816406 
TCAPPDLL 2025-06-30 17:20:16.042131 - Epoch: 0 Iteration: 93  rank : 0  train.loss : 132.38650512695312  train.ips : 0.02166888047954334 imgs/s train.total_time : 46.14913082122803 
TCAPPDLL 2025-06-30 17:20:58.431211 - Epoch: 0 Iteration: 94  rank : 0  train.loss : 106.40119934082031  train.ips : 0.023591114113276208 imgs/s train.total_time : 42.38884162902832 
TCAPPDLL 2025-06-30 17:21:40.966004 - Epoch: 0 Iteration: 95  rank : 0  train.loss : 98.08878326416016  train.ips : 0.023510300487171662 imgs/s train.total_time : 42.53454780578613 
TCAPPDLL 2025-06-30 17:22:21.470258 - Epoch: 0 Iteration: 96  rank : 0  train.loss : 116.81058502197266  train.ips : 0.024688903658383693 imgs/s train.total_time : 40.50402617454529 
TCAPPDLL 2025-06-30 17:23:03.270923 - Epoch: 0 Iteration: 97  rank : 0  train.loss : 105.87726593017578  train.ips : 0.023923198569265985 imgs/s train.total_time : 41.80043053627014 
TCAPPDLL 2025-06-30 17:23:40.306805 - Epoch: 0 Iteration: 98  rank : 0  train.loss : 102.46566772460938  train.ips : 0.02700107305714242 imgs/s train.total_time : 37.03556513786316 
TCAPPDLL 2025-06-30 17:24:22.078968 - Epoch: 0 Iteration: 99  rank : 0  train.loss : 106.50788116455078  train.ips : 0.02393958862016819 imgs/s train.total_time : 41.771812200546265 
06/30 17:24:22 - mmengine - INFO - Iter(train) [   100/368750]  base_lr: 1.0000e-04 lr: 1.0000e-05  eta: 179 days, 0:13:05  time: 41.8596  data_time: 0.0554  memory: 7939  grad_norm: 512.0287  loss: 107.8463  loss_cls: 4.1610  loss_mask: 2.6720  loss_dice: 4.3371  d0.loss_cls: 8.7264  d0.loss_mask: 1.4278  d0.loss_dice: 3.9575  d1.loss_cls: 3.8434  d1.loss_mask: 1.4111  d1.loss_dice: 3.9075  d2.loss_cls: 3.9784  d2.loss_mask: 1.6001  d2.loss_dice: 4.0430  d3.loss_cls: 4.1297  d3.loss_mask: 1.8943  d3.loss_dice: 4.1354  d4.loss_cls: 4.0889  d4.loss_mask: 2.3163  d4.loss_dice: 4.2713  d5.loss_cls: 4.1392  d5.loss_mask: 2.3181  d5.loss_dice: 4.2703  d6.loss_cls: 4.1025  d6.loss_mask: 2.2772  d6.loss_dice: 4.2738  d7.loss_cls: 4.1414  d7.loss_mask: 2.3880  d7.loss_dice: 4.2795  d8.loss_cls: 4.2291  d8.loss_mask: 2.2677  d8.loss_dice: 4.2579
