--------------+------------------------------------------------
 Host IP      | 10.244.54.1
 PyTorch      | 2.4.0a0+git4451b0e
 Torch-SDAA   | 20250616.14.30.dev0+git35328dc
--------------+------------------------------------------------
 SDAA Driver  | 2.1.0 (N/A)
 SDAA Runtime | 2.1.0 (/opt/tecoai/lib64/libsdaart.so)
 SDPTI        | 1.4.0b0 (/opt/tecoai/lib64/libsdpti.so)
 TecoDNN      | 2.2.0b0 (/opt/tecoai/lib64/libtecodnn.so)
 TecoBLAS     | 2.2.0b0 (/opt/tecoai/lib64/libtecoblas.so)
 CustomDNN    | 1.20.0a0 (/opt/tecoai/lib64/libtecodnn_ext.so)
 TecoRAND     | 2.0.1 (/opt/tecoai/lib64/libtecorand.so)
 TCCL         | 1.23.0 (/opt/tecoai/lib64/libtccl.so)
--------------+------------------------------------------------
/data/bigc-data/lsq/torch_env_vgg/lib/python3.10/site-packages/torch/distributed/launch.py:208: FutureWarning: The module torch.distributed.launch is deprecated
and will be removed in future. Use torchrun.
Note that --use-env is set by default in torchrun.
If your script expects `--local-rank` argument to be set, please
change it to read from `os.environ['LOCAL_RANK']` instead. See 
https://pytorch.org/docs/stable/distributed.html#launch-utility for 
further instructions

  main()
--------------+------------------------------------------------
 Host IP      | 10.244.54.1
 PyTorch      | 2.4.0a0+git4451b0e
 Torch-SDAA   | 20250616.14.30.dev0+git35328dc
--------------+------------------------------------------------
 SDAA Driver  | 2.1.0 (N/A)
 SDAA Runtime | 2.1.0 (/opt/tecoai/lib64/libsdaart.so)
 SDPTI        | 1.4.0b0 (/opt/tecoai/lib64/libsdpti.so)
 TecoDNN      | 2.2.0b0 (/opt/tecoai/lib64/libtecodnn.so)
 TecoBLAS     | 2.2.0b0 (/opt/tecoai/lib64/libtecoblas.so)
 CustomDNN    | 1.20.0a0 (/opt/tecoai/lib64/libtecodnn_ext.so)
 TecoRAND     | 2.0.1 (/opt/tecoai/lib64/libtecorand.so)
 TCCL         | 1.23.0 (/opt/tecoai/lib64/libtccl.so)
--------------+------------------------------------------------
/data/bigc-data/lsq/torch_env_vgg/lib/python3.10/site-packages/mmengine/optim/optimizer/zero_optimizer.py:11: DeprecationWarning: `TorchScript` support for functional optimizers is deprecated and will be removed in a future PyTorch release. Consider using the `torch.compile` optimizer instead.
  from torch.distributed.optim import \
/data/bigc-data/lsq/torch_env_vgg/lib/python3.10/site-packages/mmengine/utils/dl_utils/setup_env.py:46: UserWarning: Setting OMP_NUM_THREADS environment variable for each process to be 1 in default, to avoid your system being overloaded, please further tune the variable for optimal performance in your application as needed.
  warnings.warn(
/data/bigc-data/lsq/torch_env_vgg/lib/python3.10/site-packages/mmengine/utils/dl_utils/setup_env.py:56: UserWarning: Setting MKL_NUM_THREADS environment variable for each process to be 1 in default, to avoid your system being overloaded, please further tune the variable for optimal performance in your application as needed.
  warnings.warn(
06/20 01:08:05 - mmengine - INFO - 
------------------------------------------------------------
System environment:
    sys.platform: linux
    Python: 3.10.16 (main, Dec 11 2024, 16:24:50) [GCC 11.2.0]
    CUDA available: False
    MUSA available: False
    numpy_random_seed: 1440185361
    GCC: gcc (Ubuntu 11.4.0-1ubuntu1~22.04) 11.4.0
    PyTorch: 2.4.0a0+git4451b0e
    PyTorch compiling details: PyTorch built with:
  - GCC 11.5
  - C++ Version: 201703
  - Intel(R) oneAPI Math Kernel Library Version 2025.0-Product Build 20241009 for Intel(R) 64 architecture applications
  - Intel(R) MKL-DNN v3.4.2 (Git Hash 1137e04ec0b5251ca2b4400a4fd3c667ce843d67)
  - OpenMP 201511 (a.k.a. OpenMP 4.5)
  - LAPACK is enabled (usually provided by MKL)
  - NNPACK is enabled
  - CPU capability usage: AVX512
  - Build settings: BLAS_INFO=mkl, BUILD_TYPE=Release, CXX_COMPILER=/usr/bin/g++, CXX_FLAGS= -D_GLIBCXX_USE_CXX11_ABI=1 -fvisibility-inlines-hidden -DUSE_PTHREADPOOL -DNDEBUG -DUSE_KINETO -DLIBKINETO_NOCUPTI -DLIBKINETO_NOROCTRACER -DUSE_FBGEMM -DUSE_PYTORCH_QNNPACK -DUSE_XNNPACK -DSYMBOLICATE_MOBILE_DEBUG_HANDLE -O2 -fPIC -Wall -Wextra -Werror=return-type -Werror=non-virtual-dtor -Werror=range-loop-construct -Werror=bool-operation -Wnarrowing -Wno-missing-field-initializers -Wno-type-limits -Wno-array-bounds -Wno-unknown-pragmas -Wno-unused-parameter -Wno-unused-function -Wno-unused-result -Wno-strict-overflow -Wno-strict-aliasing -Wno-stringop-overflow -Wsuggest-override -Wno-psabi -Wno-error=pedantic -Wno-error=old-style-cast -Wno-missing-braces -fdiagnostics-color=always -faligned-new -Wno-unused-but-set-variable -Wno-maybe-uninitialized -fno-math-errno -fno-trapping-math -Werror=format -Wno-stringop-overflow, FORCE_FALLBACK_CUDA_MPI=1, LAPACK_INFO=mkl, PERF_WITH_AVX=1, PERF_WITH_AVX2=1, PERF_WITH_AVX512=1, TORCH_VERSION=2.4.0, USE_CUDA=OFF, USE_CUDNN=OFF, USE_CUSPARSELT=OFF, USE_EXCEPTION_PTR=1, USE_GFLAGS=OFF, USE_GLOG=OFF, USE_GLOO=ON, USE_MKL=ON, USE_MKLDNN=1, USE_MPI=ON, USE_NCCL=OFF, USE_NNPACK=ON, USE_OPENMP=ON, USE_ROCM=OFF, USE_ROCM_KERNEL_ASSERT=OFF, 

    TorchVision: 0.15.1a0+42759b1
    OpenCV: 4.11.0
    MMEngine: 0.10.4

Runtime environment:
    cudnn_benchmark: False
    mp_cfg: {'mp_start_method': 'fork', 'opencv_num_threads': 0}
    dist_cfg: {'backend': 'tccl'}
    seed: 1440185361
    deterministic: False
    Distributed launcher: pytorch
    Distributed training: True
    GPU number: 1
------------------------------------------------------------

06/20 01:08:05 - mmengine - INFO - Config:
auto_scale_lr = dict(base_batch_size=256)
data_preprocessor = dict(
    mean=[
        123.675,
        116.28,
        103.53,
    ],
    num_classes=1000,
    std=[
        58.395,
        57.12,
        57.375,
    ],
    to_rgb=True)
dataset_type = 'ImageNet'
default_hooks = dict(
    checkpoint=dict(interval=1, type='CheckpointHook'),
    logger=dict(interval=100, type='LoggerHook'),
    param_scheduler=dict(type='ParamSchedulerHook'),
    sampler_seed=dict(type='DistSamplerSeedHook'),
    timer=dict(type='IterTimerHook'),
    visualization=dict(enable=False, type='VisualizationHook'))
default_scope = 'mmpretrain'
env_cfg = dict(
    cudnn_benchmark=False,
    dist_cfg=dict(backend='nccl'),
    mp_cfg=dict(mp_start_method='fork', opencv_num_threads=0))
launcher = 'pytorch'
load_from = None
log_level = 'INFO'
model = dict(
    backbone=dict(
        avg_down=False,
        base_width=14,
        deep_stem=False,
        depth=50,
        scales=8,
        type='Res2Net'),
    head=dict(
        in_channels=2048,
        loss=dict(loss_weight=1.0, type='CrossEntropyLoss'),
        num_classes=1000,
        topk=(
            1,
            5,
        ),
        type='LinearClsHead'),
    neck=dict(type='GlobalAveragePooling'),
    type='ImageClassifier')
optim_wrapper = dict(
    loss_scale='dynamic',
    optimizer=dict(lr=0.1, momentum=0.9, type='SGD', weight_decay=0.0001),
    type='AmpOptimWrapper')
param_scheduler = dict(
    by_epoch=True, gamma=0.1, milestones=[
        30,
        60,
        90,
    ], type='MultiStepLR')
randomness = dict(deterministic=False, seed=None)
resume = False
test_cfg = dict()
test_dataloader = dict(
    batch_size=32,
    collate_fn=dict(type='default_collate'),
    dataset=dict(
        data_root='data/imagenet',
        pipeline=[
            dict(type='LoadImageFromFile'),
            dict(backend='pillow', edge='short', scale=256, type='ResizeEdge'),
            dict(crop_size=224, type='CenterCrop'),
            dict(type='PackInputs'),
        ],
        split='val',
        type='ImageNet'),
    num_workers=5,
    persistent_workers=True,
    pin_memory=True,
    sampler=dict(shuffle=False, type='DefaultSampler'))
test_evaluator = dict(
    topk=(
        1,
        5,
    ), type='Accuracy')
test_pipeline = [
    dict(type='LoadImageFromFile'),
    dict(backend='pillow', edge='short', scale=256, type='ResizeEdge'),
    dict(crop_size=224, type='CenterCrop'),
    dict(type='PackInputs'),
]
train_cfg = dict(by_epoch=True, max_epochs=100, val_interval=1)
train_dataloader = dict(
    batch_size=32,
    collate_fn=dict(type='default_collate'),
    dataset=dict(
        data_root='/data/teco-data/imagenet',
        pipeline=[
            dict(type='LoadImageFromFile'),
            dict(backend='pillow', scale=224, type='RandomResizedCrop'),
            dict(direction='horizontal', prob=0.5, type='RandomFlip'),
            dict(type='PackInputs'),
        ],
        split='train',
        type='ImageNet'),
    num_workers=5,
    persistent_workers=True,
    pin_memory=True,
    sampler=dict(shuffle=True, type='DefaultSampler'))
train_pipeline = [
    dict(type='LoadImageFromFile'),
    dict(backend='pillow', scale=224, type='RandomResizedCrop'),
    dict(direction='horizontal', prob=0.5, type='RandomFlip'),
    dict(type='PackInputs'),
]
val_cfg = dict()
val_dataloader = dict(
    batch_size=32,
    collate_fn=dict(type='default_collate'),
    dataset=dict(
        data_root='/data/teco-data/imagenet',
        pipeline=[
            dict(type='LoadImageFromFile'),
            dict(backend='pillow', edge='short', scale=256, type='ResizeEdge'),
            dict(crop_size=224, type='CenterCrop'),
            dict(type='PackInputs'),
        ],
        split='val',
        type='ImageNet'),
    num_workers=5,
    persistent_workers=True,
    pin_memory=True,
    sampler=dict(shuffle=False, type='DefaultSampler'))
val_evaluator = dict(
    topk=(
        1,
        5,
    ), type='Accuracy')
vis_backends = [
    dict(type='LocalVisBackend'),
]
visualizer = dict(
    type='UniversalVisualizer', vis_backends=[
        dict(type='LocalVisBackend'),
    ])
work_dir = './work_dirs/res2net50-w14-s8_8xb32_in1k'

06/20 01:08:21 - mmengine - INFO - Hooks will be executed in the following order:
before_run:
(VERY_HIGH   ) RuntimeInfoHook                    
(BELOW_NORMAL) LoggerHook                         
 -------------------- 
before_train:
(VERY_HIGH   ) RuntimeInfoHook                    
(NORMAL      ) IterTimerHook                      
(VERY_LOW    ) CheckpointHook                     
 -------------------- 
before_train_epoch:
(VERY_HIGH   ) RuntimeInfoHook                    
(NORMAL      ) IterTimerHook                      
(NORMAL      ) DistSamplerSeedHook                
 -------------------- 
before_train_iter:
(VERY_HIGH   ) RuntimeInfoHook                    
(NORMAL      ) IterTimerHook                      
 -------------------- 
after_train_iter:
(VERY_HIGH   ) RuntimeInfoHook                    
(NORMAL      ) IterTimerHook                      
(BELOW_NORMAL) LoggerHook                         
(LOW         ) ParamSchedulerHook                 
(VERY_LOW    ) CheckpointHook                     
 -------------------- 
after_train_epoch:
(NORMAL      ) IterTimerHook                      
(LOW         ) ParamSchedulerHook                 
(VERY_LOW    ) CheckpointHook                     
 -------------------- 
before_val:
(VERY_HIGH   ) RuntimeInfoHook                    
 -------------------- 
before_val_epoch:
(NORMAL      ) IterTimerHook                      
 -------------------- 
before_val_iter:
(NORMAL      ) IterTimerHook                      
 -------------------- 
after_val_iter:
(NORMAL      ) IterTimerHook                      
(NORMAL      ) VisualizationHook                  
(BELOW_NORMAL) LoggerHook                         
 -------------------- 
after_val_epoch:
(VERY_HIGH   ) RuntimeInfoHook                    
(NORMAL      ) IterTimerHook                      
(BELOW_NORMAL) LoggerHook                         
(LOW         ) ParamSchedulerHook                 
(VERY_LOW    ) CheckpointHook                     
 -------------------- 
after_val:
(VERY_HIGH   ) RuntimeInfoHook                    
 -------------------- 
after_train:
(VERY_HIGH   ) RuntimeInfoHook                    
(VERY_LOW    ) CheckpointHook                     
 -------------------- 
before_test:
(VERY_HIGH   ) RuntimeInfoHook                    
 -------------------- 
before_test_epoch:
(NORMAL      ) IterTimerHook                      
 -------------------- 
before_test_iter:
(NORMAL      ) IterTimerHook                      
 -------------------- 
after_test_iter:
(NORMAL      ) IterTimerHook                      
(NORMAL      ) VisualizationHook                  
(BELOW_NORMAL) LoggerHook                         
 -------------------- 
after_test_epoch:
(VERY_HIGH   ) RuntimeInfoHook                    
(NORMAL      ) IterTimerHook                      
(BELOW_NORMAL) LoggerHook                         
 -------------------- 
after_test:
(VERY_HIGH   ) RuntimeInfoHook                    
 -------------------- 
after_run:
(BELOW_NORMAL) LoggerHook                         
 -------------------- 
06/20 01:08:46 - mmengine - WARNING - "FileClient" will be deprecated in future. Please use io functions in https://mmengine.readthedocs.io/en/latest/api/fileio.html#file-io
06/20 01:08:46 - mmengine - WARNING - "HardDiskBackend" is the alias of "LocalBackend" and the former will be deprecated in future.
06/20 01:08:46 - mmengine - INFO - Checkpoints will be saved to /data/bigc-data/lsq/sunhn/Res2net/run_scripts/work_dirs/res2net50-w14-s8_8xb32_in1k.
TCAPPDLL 2025-06-20 01:08:48.037636 - Epoch: 0 Iteration: 0  rank : 0  train.loss : 6.939697265625  train.ips : 19.173594105484266 imgs/s train.total_time : 1.668962001800537 
TCAPPDLL 2025-06-20 01:08:48.529634 - Epoch: 0 Iteration: 1  rank : 0  train.loss : 6.9114990234375  train.ips : 65.08766421917001 imgs/s train.total_time : 0.49164462089538574 
TCAPPDLL 2025-06-20 01:08:48.977679 - Epoch: 0 Iteration: 2  rank : 0  train.loss : 7.0843505859375  train.ips : 71.4583934952701 imgs/s train.total_time : 0.4478130340576172 
TCAPPDLL 2025-06-20 01:08:49.457135 - Epoch: 0 Iteration: 3  rank : 0  train.loss : 7.265869140625  train.ips : 66.77336124641738 imgs/s train.total_time : 0.4792330265045166 
TCAPPDLL 2025-06-20 01:08:49.907783 - Epoch: 0 Iteration: 4  rank : 0  train.loss : 7.393798828125  train.ips : 71.0492557223622 imgs/s train.total_time : 0.4503917694091797 
TCAPPDLL 2025-06-20 01:08:50.322317 - Epoch: 0 Iteration: 5  rank : 0  train.loss : 7.58251953125  train.ips : 77.24485687417197 imgs/s train.total_time : 0.41426706314086914 
TCAPPDLL 2025-06-20 01:08:50.757969 - Epoch: 0 Iteration: 6  rank : 0  train.loss : 7.5531005859375  train.ips : 73.49044339765727 imgs/s train.total_time : 0.43543076515197754 
TCAPPDLL 2025-06-20 01:08:51.173712 - Epoch: 0 Iteration: 7  rank : 0  train.loss : 8.068115234375  train.ips : 77.01565759069231 imgs/s train.total_time : 0.4154999256134033 
TCAPPDLL 2025-06-20 01:08:51.627363 - Epoch: 0 Iteration: 8  rank : 0  train.loss : 8.2022705078125  train.ips : 70.5792826158633 imgs/s train.total_time : 0.45339083671569824 
TCAPPDLL 2025-06-20 01:08:52.070326 - Epoch: 0 Iteration: 9  rank : 0  train.loss : 8.16754150390625  train.ips : 72.28528558610668 imgs/s train.total_time : 0.442690372467041 
TCAPPDLL 2025-06-20 01:08:52.538545 - Epoch: 0 Iteration: 10  rank : 0  train.loss : 8.4365234375  train.ips : 68.38335885057764 imgs/s train.total_time : 0.46795010566711426 
TCAPPDLL 2025-06-20 01:08:52.970565 - Epoch: 0 Iteration: 11  rank : 0  train.loss : 8.15185546875  train.ips : 74.12027103892733 imgs/s train.total_time : 0.4317307472229004 
TCAPPDLL 2025-06-20 01:08:53.425134 - Epoch: 0 Iteration: 12  rank : 0  train.loss : 7.9569091796875  train.ips : 70.44207744141143 imgs/s train.total_time : 0.45427393913269043 
TCAPPDLL 2025-06-20 01:08:53.936764 - Epoch: 0 Iteration: 13  rank : 0  train.loss : 7.958984375  train.ips : 62.58100325266331 imgs/s train.total_time : 0.5113372802734375 
TCAPPDLL 2025-06-20 01:08:54.395380 - Epoch: 0 Iteration: 14  rank : 0  train.loss : 7.643798828125  train.ips : 69.81423543743608 imgs/s train.total_time : 0.4583592414855957 
TCAPPDLL 2025-06-20 01:08:54.847913 - Epoch: 0 Iteration: 15  rank : 0  train.loss : 7.939453125  train.ips : 70.74975238221748 imgs/s train.total_time : 0.4522984027862549 
TCAPPDLL 2025-06-20 01:08:55.280516 - Epoch: 0 Iteration: 16  rank : 0  train.loss : 7.79052734375  train.ips : 74.02338874243043 imgs/s train.total_time : 0.4322957992553711 
TCAPPDLL 2025-06-20 01:08:55.737993 - Epoch: 0 Iteration: 17  rank : 0  train.loss : 7.9300537109375  train.ips : 69.99106089200221 imgs/s train.total_time : 0.4572012424468994 
TCAPPDLL 2025-06-20 01:08:56.224006 - Epoch: 0 Iteration: 18  rank : 0  train.loss : 8.0123291015625  train.ips : 65.87951923138279 imgs/s train.total_time : 0.4857351779937744 
TCAPPDLL 2025-06-20 01:08:56.673273 - Epoch: 0 Iteration: 19  rank : 0  train.loss : 7.37255859375  train.ips : 71.2843066179958 imgs/s train.total_time : 0.44890666007995605 
TCAPPDLL 2025-06-20 01:08:57.158247 - Epoch: 0 Iteration: 20  rank : 0  train.loss : 7.679443359375  train.ips : 66.03500278471496 imgs/s train.total_time : 0.4845914840698242 
TCAPPDLL 2025-06-20 01:08:57.662861 - Epoch: 0 Iteration: 21  rank : 0  train.loss : 8.00732421875  train.ips : 63.457908425595974 imgs/s train.total_time : 0.5042712688446045 
TCAPPDLL 2025-06-20 01:08:58.148493 - Epoch: 0 Iteration: 22  rank : 0  train.loss : 7.648681640625  train.ips : 65.93372718046261 imgs/s train.total_time : 0.4853358268737793 
TCAPPDLL 2025-06-20 01:08:58.634571 - Epoch: 0 Iteration: 23  rank : 0  train.loss : 7.56201171875  train.ips : 65.87053095334264 imgs/s train.total_time : 0.48580145835876465 
TCAPPDLL 2025-06-20 01:08:59.118299 - Epoch: 0 Iteration: 24  rank : 0  train.loss : 7.37255859375  train.ips : 66.1922339443388 imgs/s train.total_time : 0.4834403991699219 
TCAPPDLL 2025-06-20 01:08:59.561156 - Epoch: 0 Iteration: 25  rank : 0  train.loss : 7.25244140625  train.ips : 72.30471712495805 imgs/s train.total_time : 0.44257140159606934 
TCAPPDLL 2025-06-20 01:09:00.033515 - Epoch: 0 Iteration: 26  rank : 0  train.loss : 7.41015625  train.ips : 67.7857042570062 imgs/s train.total_time : 0.4720759391784668 
TCAPPDLL 2025-06-20 01:09:00.496912 - Epoch: 0 Iteration: 27  rank : 0  train.loss : 6.99365234375  train.ips : 69.09528432917958 imgs/s train.total_time : 0.46312856674194336 
TCAPPDLL 2025-06-20 01:09:00.954675 - Epoch: 0 Iteration: 28  rank : 0  train.loss : 7.2705078125  train.ips : 69.9472171511687 imgs/s train.total_time : 0.4574878215789795 
TCAPPDLL 2025-06-20 01:09:01.364996 - Epoch: 0 Iteration: 29  rank : 0  train.loss : 7.32470703125  train.ips : 78.04014175613642 imgs/s train.total_time : 0.4100453853607178 
TCAPPDLL 2025-06-20 01:09:01.828108 - Epoch: 0 Iteration: 30  rank : 0  train.loss : 7.1763916015625  train.ips : 69.13685537882714 imgs/s train.total_time : 0.46285009384155273 
TCAPPDLL 2025-06-20 01:09:02.327740 - Epoch: 0 Iteration: 31  rank : 0  train.loss : 7.1256103515625  train.ips : 64.08412532664502 imgs/s train.total_time : 0.4993436336517334 
TCAPPDLL 2025-06-20 01:09:02.824885 - Epoch: 0 Iteration: 32  rank : 0  train.loss : 7.1181640625  train.ips : 64.40822704020424 imgs/s train.total_time : 0.49683094024658203 
TCAPPDLL 2025-06-20 01:09:03.274283 - Epoch: 0 Iteration: 33  rank : 0  train.loss : 6.9764404296875  train.ips : 71.25346425534039 imgs/s train.total_time : 0.44910097122192383 
TCAPPDLL 2025-06-20 01:09:03.758527 - Epoch: 0 Iteration: 34  rank : 0  train.loss : 6.9898681640625  train.ips : 66.12554409651281 imgs/s train.total_time : 0.48392796516418457 
TCAPPDLL 2025-06-20 01:09:04.262909 - Epoch: 0 Iteration: 35  rank : 0  train.loss : 7.08642578125  train.ips : 63.498257813346406 imgs/s train.total_time : 0.503950834274292 
TCAPPDLL 2025-06-20 01:09:04.729515 - Epoch: 0 Iteration: 36  rank : 0  train.loss : 6.9288330078125  train.ips : 68.63113693273657 imgs/s train.total_time : 0.4662606716156006 
TCAPPDLL 2025-06-20 01:09:05.218162 - Epoch: 0 Iteration: 37  rank : 0  train.loss : 7.0731201171875  train.ips : 65.52400219686336 imgs/s train.total_time : 0.4883706569671631 
TCAPPDLL 2025-06-20 01:09:05.663778 - Epoch: 0 Iteration: 38  rank : 0  train.loss : 6.9185791015625  train.ips : 71.85672526517091 imgs/s train.total_time : 0.4453306198120117 
TCAPPDLL 2025-06-20 01:09:06.112254 - Epoch: 0 Iteration: 39  rank : 0  train.loss : 7.006591796875  train.ips : 71.39704172292032 imgs/s train.total_time : 0.4481978416442871 
TCAPPDLL 2025-06-20 01:09:06.562789 - Epoch: 0 Iteration: 40  rank : 0  train.loss : 7.02734375  train.ips : 71.07288297505046 imgs/s train.total_time : 0.4502420425415039 
TCAPPDLL 2025-06-20 01:09:07.035199 - Epoch: 0 Iteration: 41  rank : 0  train.loss : 7.0244140625  train.ips : 67.77889223923091 imgs/s train.total_time : 0.472123384475708 
TCAPPDLL 2025-06-20 01:09:07.517413 - Epoch: 0 Iteration: 42  rank : 0  train.loss : 7.058349609375  train.ips : 66.40001068592244 imgs/s train.total_time : 0.48192763328552246 
TCAPPDLL 2025-06-20 01:09:07.964424 - Epoch: 0 Iteration: 43  rank : 0  train.loss : 7.03076171875  train.ips : 71.62882172276049 imgs/s train.total_time : 0.4467475414276123 
TCAPPDLL 2025-06-20 01:09:08.420626 - Epoch: 0 Iteration: 44  rank : 0  train.loss : 6.931396484375  train.ips : 70.18426845963265 imgs/s train.total_time : 0.45594263076782227 
TCAPPDLL 2025-06-20 01:09:08.861644 - Epoch: 0 Iteration: 45  rank : 0  train.loss : 7.0555419921875  train.ips : 72.60675651332363 imgs/s train.total_time : 0.44073033332824707 
TCAPPDLL 2025-06-20 01:09:09.328616 - Epoch: 0 Iteration: 46  rank : 0  train.loss : 7.010986328125  train.ips : 68.56837617098756 imgs/s train.total_time : 0.4666874408721924 
TCAPPDLL 2025-06-20 01:09:09.815155 - Epoch: 0 Iteration: 47  rank : 0  train.loss : 7.1658935546875  train.ips : 65.81032752248998 imgs/s train.total_time : 0.48624587059020996 
TCAPPDLL 2025-06-20 01:09:10.232086 - Epoch: 0 Iteration: 48  rank : 0  train.loss : 7.0289306640625  train.ips : 76.80490754013556 imgs/s train.total_time : 0.416640043258667 
TCAPPDLL 2025-06-20 01:09:10.732039 - Epoch: 0 Iteration: 49  rank : 0  train.loss : 7.063720703125  train.ips : 64.0459925006418 imgs/s train.total_time : 0.49964094161987305 
TCAPPDLL 2025-06-20 01:09:11.238153 - Epoch: 0 Iteration: 50  rank : 0  train.loss : 7.03662109375  train.ips : 63.26512788992002 imgs/s train.total_time : 0.5058078765869141 
TCAPPDLL 2025-06-20 01:09:11.727238 - Epoch: 0 Iteration: 51  rank : 0  train.loss : 7.06982421875  train.ips : 65.48771560031422 imgs/s train.total_time : 0.48864126205444336 
TCAPPDLL 2025-06-20 01:09:12.226957 - Epoch: 0 Iteration: 52  rank : 0  train.loss : 6.81787109375  train.ips : 64.08100449701385 imgs/s train.total_time : 0.49936795234680176 
TCAPPDLL 2025-06-20 01:09:12.720199 - Epoch: 0 Iteration: 53  rank : 0  train.loss : 7.0003662109375  train.ips : 64.91433745096398 imgs/s train.total_time : 0.49295735359191895 
TCAPPDLL 2025-06-20 01:09:13.163522 - Epoch: 0 Iteration: 54  rank : 0  train.loss : 6.974365234375  train.ips : 72.23070734228797 imgs/s train.total_time : 0.4430248737335205 
TCAPPDLL 2025-06-20 01:09:13.612832 - Epoch: 0 Iteration: 55  rank : 0  train.loss : 6.9942626953125  train.ips : 71.2664791257151 imgs/s train.total_time : 0.4490189552307129 
TCAPPDLL 2025-06-20 01:09:14.038426 - Epoch: 0 Iteration: 56  rank : 0  train.loss : 6.9482421875  train.ips : 75.23642980224737 imgs/s train.total_time : 0.425325870513916 
TCAPPDLL 2025-06-20 01:09:14.512488 - Epoch: 0 Iteration: 57  rank : 0  train.loss : 7.0726318359375  train.ips : 67.53851023284625 imgs/s train.total_time : 0.4738037586212158 
TCAPPDLL 2025-06-20 01:09:14.966184 - Epoch: 0 Iteration: 58  rank : 0  train.loss : 7.0687255859375  train.ips : 70.57516313749822 imgs/s train.total_time : 0.4534173011779785 
TCAPPDLL 2025-06-20 01:09:15.438739 - Epoch: 0 Iteration: 59  rank : 0  train.loss : 7.102294921875  train.ips : 67.75702772723876 imgs/s train.total_time : 0.4722757339477539 
TCAPPDLL 2025-06-20 01:09:15.919721 - Epoch: 0 Iteration: 60  rank : 0  train.loss : 7.0098876953125  train.ips : 66.57007906508672 imgs/s train.total_time : 0.480696439743042 
TCAPPDLL 2025-06-20 01:09:16.368778 - Epoch: 0 Iteration: 61  rank : 0  train.loss : 6.996337890625  train.ips : 71.303582452073 imgs/s train.total_time : 0.44878530502319336 
TCAPPDLL 2025-06-20 01:09:16.830775 - Epoch: 0 Iteration: 62  rank : 0  train.loss : 6.94140625  train.ips : 69.30815022287219 imgs/s train.total_time : 0.46170616149902344 
TCAPPDLL 2025-06-20 01:09:17.302426 - Epoch: 0 Iteration: 63  rank : 0  train.loss : 6.9542236328125  train.ips : 67.89031547628983 imgs/s train.total_time : 0.47134852409362793 
TCAPPDLL 2025-06-20 01:09:17.743319 - Epoch: 0 Iteration: 64  rank : 0  train.loss : 6.996826171875  train.ips : 72.62946602748191 imgs/s train.total_time : 0.44059252738952637 
TCAPPDLL 2025-06-20 01:09:18.212241 - Epoch: 0 Iteration: 65  rank : 0  train.loss : 6.9512939453125  train.ips : 68.28674201298193 imgs/s train.total_time : 0.4686121940612793 
TCAPPDLL 2025-06-20 01:09:18.657574 - Epoch: 0 Iteration: 66  rank : 0  train.loss : 7.0050048828125  train.ips : 71.90422893168287 imgs/s train.total_time : 0.4450364112854004 
TCAPPDLL 2025-06-20 01:09:19.147742 - Epoch: 0 Iteration: 67  rank : 0  train.loss : 6.893798828125  train.ips : 65.33775351545653 imgs/s train.total_time : 0.4897627830505371 
TCAPPDLL 2025-06-20 01:09:19.628247 - Epoch: 0 Iteration: 68  rank : 0  train.loss : 6.9256591796875  train.ips : 66.64686791163653 imgs/s train.total_time : 0.48014259338378906 
TCAPPDLL 2025-06-20 01:09:20.125729 - Epoch: 0 Iteration: 69  rank : 0  train.loss : 6.942626953125  train.ips : 64.36341054164103 imgs/s train.total_time : 0.4971768856048584 
TCAPPDLL 2025-06-20 01:09:20.612812 - Epoch: 0 Iteration: 70  rank : 0  train.loss : 6.9962158203125  train.ips : 65.7421504346148 imgs/s train.total_time : 0.48675012588500977 
TCAPPDLL 2025-06-20 01:09:21.064159 - Epoch: 0 Iteration: 71  rank : 0  train.loss : 6.9429931640625  train.ips : 70.95021506916733 imgs/s train.total_time : 0.4510204792022705 
TCAPPDLL 2025-06-20 01:09:21.538412 - Epoch: 0 Iteration: 72  rank : 0  train.loss : 6.9552001953125  train.ips : 67.5192459770485 imgs/s train.total_time : 0.4739389419555664 
TCAPPDLL 2025-06-20 01:09:21.995343 - Epoch: 0 Iteration: 73  rank : 0  train.loss : 7.0704345703125  train.ips : 70.07895006150677 imgs/s train.total_time : 0.45662784576416016 
TCAPPDLL 2025-06-20 01:09:22.439165 - Epoch: 0 Iteration: 74  rank : 0  train.loss : 6.84954833984375  train.ips : 72.14629895906964 imgs/s train.total_time : 0.4435431957244873 
TCAPPDLL 2025-06-20 01:09:22.929415 - Epoch: 0 Iteration: 75  rank : 0  train.loss : 6.803955078125  train.ips : 65.30780534421717 imgs/s train.total_time : 0.4899873733520508 
TCAPPDLL 2025-06-20 01:09:23.435979 - Epoch: 0 Iteration: 76  rank : 0  train.loss : 6.789794921875  train.ips : 63.20979914466115 imgs/s train.total_time : 0.5062506198883057 
TCAPPDLL 2025-06-20 01:09:23.931729 - Epoch: 0 Iteration: 77  rank : 0  train.loss : 6.963134765625  train.ips : 64.58690675835321 imgs/s train.total_time : 0.4954564571380615 
TCAPPDLL 2025-06-20 01:09:24.377469 - Epoch: 0 Iteration: 78  rank : 0  train.loss : 7.0291748046875  train.ips : 71.83672630503989 imgs/s train.total_time : 0.44545459747314453 
TCAPPDLL 2025-06-20 01:09:24.852949 - Epoch: 0 Iteration: 79  rank : 0  train.loss : 7.025634765625  train.ips : 67.34051537288272 imgs/s train.total_time : 0.47519683837890625 
TCAPPDLL 2025-06-20 01:09:25.334435 - Epoch: 0 Iteration: 80  rank : 0  train.loss : 6.8966064453125  train.ips : 66.49946292178477 imgs/s train.total_time : 0.48120689392089844 
TCAPPDLL 2025-06-20 01:09:25.810225 - Epoch: 0 Iteration: 81  rank : 0  train.loss : 7.0076904296875  train.ips : 67.29807253092068 imgs/s train.total_time : 0.4754965305328369 
TCAPPDLL 2025-06-20 01:09:26.238803 - Epoch: 0 Iteration: 82  rank : 0  train.loss : 6.9644775390625  train.ips : 74.7178288152275 imgs/s train.total_time : 0.42827796936035156 
TCAPPDLL 2025-06-20 01:09:26.703600 - Epoch: 0 Iteration: 83  rank : 0  train.loss : 6.9913330078125  train.ips : 68.89284420057386 imgs/s train.total_time : 0.4644894599914551 
TCAPPDLL 2025-06-20 01:09:27.151240 - Epoch: 0 Iteration: 84  rank : 0  train.loss : 6.9337158203125  train.ips : 71.53544134255674 imgs/s train.total_time : 0.4473307132720947 
TCAPPDLL 2025-06-20 01:09:27.606008 - Epoch: 0 Iteration: 85  rank : 0  train.loss : 7.061767578125  train.ips : 70.41580127529151 imgs/s train.total_time : 0.45444345474243164 
TCAPPDLL 2025-06-20 01:09:28.058230 - Epoch: 0 Iteration: 86  rank : 0  train.loss : 7.0386962890625  train.ips : 70.8113785502573 imgs/s train.total_time : 0.4519047737121582 
TCAPPDLL 2025-06-20 01:09:28.510748 - Epoch: 0 Iteration: 87  rank : 0  train.loss : 7.042724609375  train.ips : 70.7623227221443 imgs/s train.total_time : 0.45221805572509766 
TCAPPDLL 2025-06-20 01:09:28.951069 - Epoch: 0 Iteration: 88  rank : 0  train.loss : 6.9635009765625  train.ips : 72.72288924228098 imgs/s train.total_time : 0.44002652168273926 
TCAPPDLL 2025-06-20 01:09:29.413876 - Epoch: 0 Iteration: 89  rank : 0  train.loss : 7.05419921875  train.ips : 69.18935325778496 imgs/s train.total_time : 0.46249890327453613 
TCAPPDLL 2025-06-20 01:09:29.854919 - Epoch: 0 Iteration: 90  rank : 0  train.loss : 6.9427490234375  train.ips : 72.604792689847 imgs/s train.total_time : 0.44074225425720215 
TCAPPDLL 2025-06-20 01:09:30.336505 - Epoch: 0 Iteration: 91  rank : 0  train.loss : 6.8031005859375  train.ips : 66.48730740670838 imgs/s train.total_time : 0.4812948703765869 
TCAPPDLL 2025-06-20 01:09:30.812486 - Epoch: 0 Iteration: 92  rank : 0  train.loss : 7.03076171875  train.ips : 67.26866070350117 imgs/s train.total_time : 0.4757044315338135 
TCAPPDLL 2025-06-20 01:09:31.184524 - Epoch: 0 Iteration: 93  rank : 0  train.loss : 7.0653076171875  train.ips : 86.07849937918792 imgs/s train.total_time : 0.3717536926269531 
TCAPPDLL 2025-06-20 01:09:31.639510 - Epoch: 0 Iteration: 94  rank : 0  train.loss : 7.138427734375  train.ips : 70.37714334853426 imgs/s train.total_time : 0.454693078994751 
TCAPPDLL 2025-06-20 01:09:32.153644 - Epoch: 0 Iteration: 95  rank : 0  train.loss : 6.888671875  train.ips : 62.27452385072977 imgs/s train.total_time : 0.5138537883758545 
TCAPPDLL 2025-06-20 01:09:32.621666 - Epoch: 0 Iteration: 96  rank : 0  train.loss : 6.8978271484375  train.ips : 68.41469528898078 imgs/s train.total_time : 0.46773576736450195 
TCAPPDLL 2025-06-20 01:09:33.073966 - Epoch: 0 Iteration: 97  rank : 0  train.loss : 6.9482421875  train.ips : 70.82284964690872 imgs/s train.total_time : 0.451831579208374 
TCAPPDLL 2025-06-20 01:09:33.552877 - Epoch: 0 Iteration: 98  rank : 0  train.loss : 6.921875  train.ips : 66.872736367885 imgs/s train.total_time : 0.47852087020874023 
TCAPPDLL 2025-06-20 01:09:34.030803 - Epoch: 0 Iteration: 99  rank : 0  train.loss : 6.984130859375  train.ips : 67.00172823654975 imgs/s train.total_time : 0.4775996208190918 
06/20 01:09:34 - mmengine - INFO - Epoch(train)   [1][  100/40037]  lr: 1.0000e-01  eta: 22 days, 1:39:48  time: 0.4613  data_time: 0.0022  memory: 2295  loss: 6.9621
TCAPPDLL 2025-06-20 01:09:34.539983 - Epoch: 0 Iteration: 100  rank : 0  train.loss : 6.902099609375  train.ips : 62.884444246622515 imgs/s train.total_time : 0.5088698863983154 
