--------------+------------------------------------------------
 Host IP      | 10.244.54.9
 PyTorch      | 2.4.0a0+git4451b0e
 Torch-SDAA   | 20250616.14.30.dev0+git35328dc
--------------+------------------------------------------------
 SDAA Driver  | 2.1.0 (N/A)
 SDAA Runtime | 2.1.0 (/opt/tecoai/lib64/libsdaart.so)
 SDPTI        | 1.4.0b0 (/opt/tecoai/lib64/libsdpti.so)
 TecoDNN      | 2.2.0b0 (/opt/tecoai/lib64/libtecodnn.so)
 TecoBLAS     | 2.2.0b0 (/opt/tecoai/lib64/libtecoblas.so)
 CustomDNN    | 1.20.0a0 (/opt/tecoai/lib64/libtecodnn_ext.so)
 TecoRAND     | 2.0.1 (/opt/tecoai/lib64/libtecorand.so)
 TCCL         | 1.23.0 (/opt/tecoai/lib64/libtccl.so)
--------------+------------------------------------------------
/data/bigc-data/wyc/wyc_mmlab3/lib/python3.10/site-packages/torch/distributed/launch.py:208: FutureWarning: The module torch.distributed.launch is deprecated
and will be removed in future. Use torchrun.
Note that --use-env is set by default in torchrun.
If your script expects `--local-rank` argument to be set, please
change it to read from `os.environ['LOCAL_RANK']` instead. See 
https://pytorch.org/docs/stable/distributed.html#launch-utility for 
further instructions

  main()
--------------+------------------------------------------------
 Host IP      | 10.244.54.9
 PyTorch      | 2.4.0a0+git4451b0e
 Torch-SDAA   | 20250616.14.30.dev0+git35328dc
--------------+------------------------------------------------
 SDAA Driver  | 2.1.0 (N/A)
 SDAA Runtime | 2.1.0 (/opt/tecoai/lib64/libsdaart.so)
 SDPTI        | 1.4.0b0 (/opt/tecoai/lib64/libsdpti.so)
 TecoDNN      | 2.2.0b0 (/opt/tecoai/lib64/libtecodnn.so)
 TecoBLAS     | 2.2.0b0 (/opt/tecoai/lib64/libtecoblas.so)
 CustomDNN    | 1.20.0a0 (/opt/tecoai/lib64/libtecodnn_ext.so)
 TecoRAND     | 2.0.1 (/opt/tecoai/lib64/libtecorand.so)
 TCCL         | 1.23.0 (/opt/tecoai/lib64/libtccl.so)
--------------+------------------------------------------------
/data/bigc-data/wyc/wyc_mmlab3/lib/python3.10/site-packages/mmengine/optim/optimizer/zero_optimizer.py:11: DeprecationWarning: `TorchScript` support for functional optimizers is deprecated and will be removed in a future PyTorch release. Consider using the `torch.compile` optimizer instead.
  from torch.distributed.optim import \
/data/bigc-data/wyc/wyc_mmlab3/lib/python3.10/site-packages/mmengine/utils/dl_utils/setup_env.py:46: UserWarning: Setting OMP_NUM_THREADS environment variable for each process to be 1 in default, to avoid your system being overloaded, please further tune the variable for optimal performance in your application as needed.
  warnings.warn(
/data/bigc-data/wyc/wyc_mmlab3/lib/python3.10/site-packages/mmengine/utils/dl_utils/setup_env.py:56: UserWarning: Setting MKL_NUM_THREADS environment variable for each process to be 1 in default, to avoid your system being overloaded, please further tune the variable for optimal performance in your application as needed.
  warnings.warn(
06/30 15:40:25 - mmengine - INFO - 
------------------------------------------------------------
System environment:
    sys.platform: linux
    Python: 3.10.16 (main, Dec 11 2024, 16:24:50) [GCC 11.2.0]
    CUDA available: False
    MUSA available: False
    numpy_random_seed: 504636030
    GCC: gcc (Ubuntu 11.4.0-1ubuntu1~22.04) 11.4.0
    PyTorch: 2.4.0a0+git4451b0e
    PyTorch compiling details: PyTorch built with:
  - GCC 11.5
  - C++ Version: 201703
  - Intel(R) oneAPI Math Kernel Library Version 2025.0-Product Build 20241009 for Intel(R) 64 architecture applications
  - Intel(R) MKL-DNN v3.4.2 (Git Hash 1137e04ec0b5251ca2b4400a4fd3c667ce843d67)
  - OpenMP 201511 (a.k.a. OpenMP 4.5)
  - LAPACK is enabled (usually provided by MKL)
  - NNPACK is enabled
  - CPU capability usage: AVX512
  - Build settings: BLAS_INFO=mkl, BUILD_TYPE=Release, CXX_COMPILER=/usr/bin/g++, CXX_FLAGS= -D_GLIBCXX_USE_CXX11_ABI=1 -fvisibility-inlines-hidden -DUSE_PTHREADPOOL -DNDEBUG -DUSE_KINETO -DLIBKINETO_NOCUPTI -DLIBKINETO_NOROCTRACER -DUSE_FBGEMM -DUSE_PYTORCH_QNNPACK -DUSE_XNNPACK -DSYMBOLICATE_MOBILE_DEBUG_HANDLE -O2 -fPIC -Wall -Wextra -Werror=return-type -Werror=non-virtual-dtor -Werror=range-loop-construct -Werror=bool-operation -Wnarrowing -Wno-missing-field-initializers -Wno-type-limits -Wno-array-bounds -Wno-unknown-pragmas -Wno-unused-parameter -Wno-unused-function -Wno-unused-result -Wno-strict-overflow -Wno-strict-aliasing -Wno-stringop-overflow -Wsuggest-override -Wno-psabi -Wno-error=pedantic -Wno-error=old-style-cast -Wno-missing-braces -fdiagnostics-color=always -faligned-new -Wno-unused-but-set-variable -Wno-maybe-uninitialized -fno-math-errno -fno-trapping-math -Werror=format -Wno-stringop-overflow, FORCE_FALLBACK_CUDA_MPI=1, LAPACK_INFO=mkl, PERF_WITH_AVX=1, PERF_WITH_AVX2=1, PERF_WITH_AVX512=1, TORCH_VERSION=2.4.0, USE_CUDA=OFF, USE_CUDNN=OFF, USE_CUSPARSELT=OFF, USE_EXCEPTION_PTR=1, USE_GFLAGS=OFF, USE_GLOG=OFF, USE_GLOO=ON, USE_MKL=ON, USE_MKLDNN=1, USE_MPI=ON, USE_NCCL=OFF, USE_NNPACK=ON, USE_OPENMP=ON, USE_ROCM=OFF, USE_ROCM_KERNEL_ASSERT=OFF, 

    TorchVision: 0.15.1a0+42759b1
    OpenCV: 4.11.0
    MMEngine: 0.10.4

Runtime environment:
    cudnn_benchmark: False
    mp_cfg: {'mp_start_method': 'fork', 'opencv_num_threads': 0}
    dist_cfg: {'backend': 'tccl'}
    seed: 504636030
    Distributed launcher: pytorch
    Distributed training: True
    GPU number: 1
------------------------------------------------------------

06/30 15:40:26 - mmengine - INFO - Config:
auto_scale_lr = dict(base_batch_size=16, enable=False)
backend_args = None
data_preprocessor = dict(
    bgr_to_rgb=True,
    mask_pad_value=0,
    mean=[
        123.675,
        116.28,
        103.53,
    ],
    pad_mask=True,
    pad_seg=True,
    pad_size_divisor=1,
    seg_pad_value=255,
    std=[
        58.395,
        57.12,
        57.375,
    ],
    type='DetDataPreprocessor')
data_root = '/data/teco-data/coco/'
dataset_type = 'CocoPanopticDataset'
default_hooks = dict(
    checkpoint=dict(interval=1, type='CheckpointHook'),
    logger=dict(interval=50, type='LoggerHook'),
    param_scheduler=dict(type='ParamSchedulerHook'),
    sampler_seed=dict(type='DistSamplerSeedHook'),
    timer=dict(type='IterTimerHook'),
    visualization=dict(type='DetVisualizationHook'))
default_scope = 'mmdet'
env_cfg = dict(
    cudnn_benchmark=False,
    dist_cfg=dict(backend='nccl'),
    mp_cfg=dict(mp_start_method='fork', opencv_num_threads=0))
launcher = 'pytorch'
load_from = None
log_level = 'INFO'
log_processor = dict(by_epoch=True, type='LogProcessor', window_size=50)
max_epochs = 75
model = dict(
    backbone=dict(
        depth=50,
        frozen_stages=-1,
        init_cfg=dict(checkpoint='torchvision://resnet50', type='Pretrained'),
        norm_cfg=dict(requires_grad=False, type='BN'),
        norm_eval=True,
        num_stages=4,
        out_indices=(
            0,
            1,
            2,
            3,
        ),
        style='pytorch',
        type='ResNet'),
    data_preprocessor=dict(
        bgr_to_rgb=True,
        mask_pad_value=0,
        mean=[
            123.675,
            116.28,
            103.53,
        ],
        pad_mask=True,
        pad_seg=True,
        pad_size_divisor=1,
        seg_pad_value=255,
        std=[
            58.395,
            57.12,
            57.375,
        ],
        type='DetDataPreprocessor'),
    init_cfg=None,
    panoptic_fusion_head=dict(
        init_cfg=None,
        loss_panoptic=None,
        num_stuff_classes=53,
        num_things_classes=80,
        type='MaskFormerFusionHead'),
    panoptic_head=dict(
        enforce_decoder_input_project=False,
        feat_channels=256,
        in_channels=[
            256,
            512,
            1024,
            2048,
        ],
        loss_cls=dict(
            class_weight=[
                1.0,
                1.0,
                1.0,
                1.0,
                1.0,
                1.0,
                1.0,
                1.0,
                1.0,
                1.0,
                1.0,
                1.0,
                1.0,
                1.0,
                1.0,
                1.0,
                1.0,
                1.0,
                1.0,
                1.0,
                1.0,
                1.0,
                1.0,
                1.0,
                1.0,
                1.0,
                1.0,
                1.0,
                1.0,
                1.0,
                1.0,
                1.0,
                1.0,
                1.0,
                1.0,
                1.0,
                1.0,
                1.0,
                1.0,
                1.0,
                1.0,
                1.0,
                1.0,
                1.0,
                1.0,
                1.0,
                1.0,
                1.0,
                1.0,
                1.0,
                1.0,
                1.0,
                1.0,
                1.0,
                1.0,
                1.0,
                1.0,
                1.0,
                1.0,
                1.0,
                1.0,
                1.0,
                1.0,
                1.0,
                1.0,
                1.0,
                1.0,
                1.0,
                1.0,
                1.0,
                1.0,
                1.0,
                1.0,
                1.0,
                1.0,
                1.0,
                1.0,
                1.0,
                1.0,
                1.0,
                1.0,
                1.0,
                1.0,
                1.0,
                1.0,
                1.0,
                1.0,
                1.0,
                1.0,
                1.0,
                1.0,
                1.0,
                1.0,
                1.0,
                1.0,
                1.0,
                1.0,
                1.0,
                1.0,
                1.0,
                1.0,
                1.0,
                1.0,
                1.0,
                1.0,
                1.0,
                1.0,
                1.0,
                1.0,
                1.0,
                1.0,
                1.0,
                1.0,
                1.0,
                1.0,
                1.0,
                1.0,
                1.0,
                1.0,
                1.0,
                1.0,
                1.0,
                1.0,
                1.0,
                1.0,
                1.0,
                1.0,
                1.0,
                1.0,
                1.0,
                1.0,
                1.0,
                1.0,
                0.1,
            ],
            loss_weight=1.0,
            reduction='mean',
            type='CrossEntropyLoss',
            use_sigmoid=False),
        loss_dice=dict(
            activate=True,
            eps=1.0,
            loss_weight=1.0,
            naive_dice=True,
            reduction='mean',
            type='DiceLoss',
            use_sigmoid=True),
        loss_mask=dict(
            alpha=0.25,
            gamma=2.0,
            loss_weight=20.0,
            reduction='mean',
            type='FocalLoss',
            use_sigmoid=True),
        num_queries=100,
        num_stuff_classes=53,
        num_things_classes=80,
        out_channels=256,
        pixel_decoder=dict(
            act_cfg=dict(type='ReLU'),
            encoder=dict(
                layer_cfg=dict(
                    ffn_cfg=dict(
                        act_cfg=dict(inplace=True, type='ReLU'),
                        embed_dims=256,
                        feedforward_channels=2048,
                        ffn_drop=0.1,
                        num_fcs=2),
                    self_attn_cfg=dict(
                        batch_first=True,
                        dropout=0.1,
                        embed_dims=256,
                        num_heads=8)),
                num_layers=6),
            norm_cfg=dict(num_groups=32, type='GN'),
            positional_encoding=dict(normalize=True, num_feats=128),
            type='TransformerEncoderPixelDecoder'),
        positional_encoding=dict(normalize=True, num_feats=128),
        transformer_decoder=dict(
            layer_cfg=dict(
                cross_attn_cfg=dict(
                    batch_first=True, dropout=0.1, embed_dims=256,
                    num_heads=8),
                ffn_cfg=dict(
                    act_cfg=dict(inplace=True, type='ReLU'),
                    embed_dims=256,
                    feedforward_channels=2048,
                    ffn_drop=0.1,
                    num_fcs=2),
                self_attn_cfg=dict(
                    batch_first=True, dropout=0.1, embed_dims=256,
                    num_heads=8)),
            num_layers=6,
            return_intermediate=True),
        type='MaskFormerHead'),
    test_cfg=dict(
        filter_low_score=False,
        instance_on=False,
        iou_thr=0.8,
        max_per_image=100,
        object_mask_thr=0.8,
        panoptic_on=True,
        semantic_on=False),
    train_cfg=dict(
        assigner=dict(
            match_costs=[
                dict(type='ClassificationCost', weight=1.0),
                dict(binary_input=True, type='FocalLossCost', weight=20.0),
                dict(eps=1.0, pred_act=True, type='DiceCost', weight=1.0),
            ],
            type='HungarianAssigner'),
        sampler=dict(type='MaskPseudoSampler')),
    type='MaskFormer')
num_classes = 133
num_stuff_classes = 53
num_things_classes = 80
optim_wrapper = dict(
    clip_grad=dict(max_norm=0.01, norm_type=2),
    optimizer=dict(
        betas=(
            0.9,
            0.999,
        ),
        eps=1e-08,
        lr=0.0001,
        type='AdamW',
        weight_decay=0.0001),
    paramwise_cfg=dict(
        custom_keys=dict(
            backbone=dict(decay_mult=1.0, lr_mult=0.1),
            query_embed=dict(decay_mult=0.0, lr_mult=1.0)),
        norm_decay_mult=0.0),
    type='OptimWrapper')
param_scheduler = dict(
    begin=0,
    by_epoch=True,
    end=75,
    gamma=0.1,
    milestones=[
        50,
    ],
    type='MultiStepLR')
resume = False
test_cfg = dict(type='TestLoop')
test_dataloader = dict(
    batch_size=1,
    dataset=dict(
        ann_file='annotations/panoptic_val2017.json',
        backend_args=None,
        data_prefix=dict(img='val2017/', seg='annotations/panoptic_val2017/'),
        data_root='/data/teco-data/coco/',
        pipeline=[
            dict(backend_args=None, type='LoadImageFromFile'),
            dict(keep_ratio=True, scale=(
                1333,
                800,
            ), type='Resize'),
            dict(backend_args=None, type='LoadPanopticAnnotations'),
            dict(
                meta_keys=(
                    'img_id',
                    'img_path',
                    'ori_shape',
                    'img_shape',
                    'scale_factor',
                ),
                type='PackDetInputs'),
        ],
        test_mode=True,
        type='CocoPanopticDataset'),
    drop_last=False,
    num_workers=1,
    persistent_workers=True,
    sampler=dict(shuffle=False, type='DefaultSampler'))
test_evaluator = dict(
    ann_file='/data/teco-data/coco/annotations/panoptic_val2017.json',
    backend_args=None,
    seg_prefix='/data/teco-data/coco/annotations/panoptic_val2017/',
    type='CocoPanopticMetric')
test_pipeline = [
    dict(backend_args=None, type='LoadImageFromFile'),
    dict(keep_ratio=True, scale=(
        1333,
        800,
    ), type='Resize'),
    dict(backend_args=None, type='LoadPanopticAnnotations'),
    dict(
        meta_keys=(
            'img_id',
            'img_path',
            'ori_shape',
            'img_shape',
            'scale_factor',
        ),
        type='PackDetInputs'),
]
train_cfg = dict(max_epochs=75, type='EpochBasedTrainLoop', val_interval=1)
train_dataloader = dict(
    batch_sampler=dict(type='AspectRatioBatchSampler'),
    batch_size=1,
    dataset=dict(
        ann_file='annotations/panoptic_train2017.json',
        backend_args=None,
        data_prefix=dict(
            img='train2017/', seg='annotations/panoptic_train2017/'),
        data_root='/data/teco-data/coco/',
        filter_cfg=dict(filter_empty_gt=True, min_size=32),
        pipeline=[
            dict(type='LoadImageFromFile'),
            dict(
                type='LoadPanopticAnnotations',
                with_bbox=True,
                with_mask=True,
                with_seg=True),
            dict(prob=0.5, type='RandomFlip'),
            dict(
                transforms=[
                    [
                        dict(
                            keep_ratio=True,
                            scales=[
                                (
                                    480,
                                    1333,
                                ),
                                (
                                    512,
                                    1333,
                                ),
                                (
                                    544,
                                    1333,
                                ),
                                (
                                    576,
                                    1333,
                                ),
                                (
                                    608,
                                    1333,
                                ),
                                (
                                    640,
                                    1333,
                                ),
                                (
                                    672,
                                    1333,
                                ),
                                (
                                    704,
                                    1333,
                                ),
                                (
                                    736,
                                    1333,
                                ),
                                (
                                    768,
                                    1333,
                                ),
                                (
                                    800,
                                    1333,
                                ),
                            ],
                            type='RandomChoiceResize'),
                    ],
                    [
                        dict(
                            keep_ratio=True,
                            scales=[
                                (
                                    400,
                                    1333,
                                ),
                                (
                                    500,
                                    1333,
                                ),
                                (
                                    600,
                                    1333,
                                ),
                            ],
                            type='RandomChoiceResize'),
                        dict(
                            allow_negative_crop=True,
                            crop_size=(
                                384,
                                600,
                            ),
                            crop_type='absolute_range',
                            type='RandomCrop'),
                        dict(
                            keep_ratio=True,
                            scales=[
                                (
                                    480,
                                    1333,
                                ),
                                (
                                    512,
                                    1333,
                                ),
                                (
                                    544,
                                    1333,
                                ),
                                (
                                    576,
                                    1333,
                                ),
                                (
                                    608,
                                    1333,
                                ),
                                (
                                    640,
                                    1333,
                                ),
                                (
                                    672,
                                    1333,
                                ),
                                (
                                    704,
                                    1333,
                                ),
                                (
                                    736,
                                    1333,
                                ),
                                (
                                    768,
                                    1333,
                                ),
                                (
                                    800,
                                    1333,
                                ),
                            ],
                            type='RandomChoiceResize'),
                    ],
                ],
                type='RandomChoice'),
            dict(type='PackDetInputs'),
        ],
        type='CocoPanopticDataset'),
    num_workers=1,
    persistent_workers=True,
    sampler=dict(shuffle=True, type='DefaultSampler'))
train_pipeline = [
    dict(type='LoadImageFromFile'),
    dict(
        type='LoadPanopticAnnotations',
        with_bbox=True,
        with_mask=True,
        with_seg=True),
    dict(prob=0.5, type='RandomFlip'),
    dict(
        transforms=[
            [
                dict(
                    keep_ratio=True,
                    scales=[
                        (
                            480,
                            1333,
                        ),
                        (
                            512,
                            1333,
                        ),
                        (
                            544,
                            1333,
                        ),
                        (
                            576,
                            1333,
                        ),
                        (
                            608,
                            1333,
                        ),
                        (
                            640,
                            1333,
                        ),
                        (
                            672,
                            1333,
                        ),
                        (
                            704,
                            1333,
                        ),
                        (
                            736,
                            1333,
                        ),
                        (
                            768,
                            1333,
                        ),
                        (
                            800,
                            1333,
                        ),
                    ],
                    type='RandomChoiceResize'),
            ],
            [
                dict(
                    keep_ratio=True,
                    scales=[
                        (
                            400,
                            1333,
                        ),
                        (
                            500,
                            1333,
                        ),
                        (
                            600,
                            1333,
                        ),
                    ],
                    type='RandomChoiceResize'),
                dict(
                    allow_negative_crop=True,
                    crop_size=(
                        384,
                        600,
                    ),
                    crop_type='absolute_range',
                    type='RandomCrop'),
                dict(
                    keep_ratio=True,
                    scales=[
                        (
                            480,
                            1333,
                        ),
                        (
                            512,
                            1333,
                        ),
                        (
                            544,
                            1333,
                        ),
                        (
                            576,
                            1333,
                        ),
                        (
                            608,
                            1333,
                        ),
                        (
                            640,
                            1333,
                        ),
                        (
                            672,
                            1333,
                        ),
                        (
                            704,
                            1333,
                        ),
                        (
                            736,
                            1333,
                        ),
                        (
                            768,
                            1333,
                        ),
                        (
                            800,
                            1333,
                        ),
                    ],
                    type='RandomChoiceResize'),
            ],
        ],
        type='RandomChoice'),
    dict(type='PackDetInputs'),
]
val_cfg = dict(type='ValLoop')
val_dataloader = dict(
    batch_size=1,
    dataset=dict(
        ann_file='annotations/panoptic_val2017.json',
        backend_args=None,
        data_prefix=dict(img='val2017/', seg='annotations/panoptic_val2017/'),
        data_root='/data/teco-data/coco/',
        pipeline=[
            dict(backend_args=None, type='LoadImageFromFile'),
            dict(keep_ratio=True, scale=(
                1333,
                800,
            ), type='Resize'),
            dict(backend_args=None, type='LoadPanopticAnnotations'),
            dict(
                meta_keys=(
                    'img_id',
                    'img_path',
                    'ori_shape',
                    'img_shape',
                    'scale_factor',
                ),
                type='PackDetInputs'),
        ],
        test_mode=True,
        type='CocoPanopticDataset'),
    drop_last=False,
    num_workers=1,
    persistent_workers=True,
    sampler=dict(shuffle=False, type='DefaultSampler'))
val_evaluator = dict(
    ann_file='/data/teco-data/coco/annotations/panoptic_val2017.json',
    backend_args=None,
    seg_prefix='/data/teco-data/coco/annotations/panoptic_val2017/',
    type='CocoPanopticMetric')
vis_backends = [
    dict(type='LocalVisBackend'),
]
visualizer = dict(
    name='visualizer',
    type='DetLocalVisualizer',
    vis_backends=[
        dict(type='LocalVisBackend'),
    ])
work_dir = './work_dirs/maskformer_r50_ms-16xb1-75e_coco'

06/30 15:40:36 - mmengine - INFO - Hooks will be executed in the following order:
before_run:
(VERY_HIGH   ) RuntimeInfoHook                    
(BELOW_NORMAL) LoggerHook                         
 -------------------- 
before_train:
(VERY_HIGH   ) RuntimeInfoHook                    
(NORMAL      ) IterTimerHook                      
(VERY_LOW    ) CheckpointHook                     
 -------------------- 
before_train_epoch:
(VERY_HIGH   ) RuntimeInfoHook                    
(NORMAL      ) IterTimerHook                      
(NORMAL      ) DistSamplerSeedHook                
 -------------------- 
before_train_iter:
(VERY_HIGH   ) RuntimeInfoHook                    
(NORMAL      ) IterTimerHook                      
 -------------------- 
after_train_iter:
(VERY_HIGH   ) RuntimeInfoHook                    
(NORMAL      ) IterTimerHook                      
(BELOW_NORMAL) LoggerHook                         
(LOW         ) ParamSchedulerHook                 
(VERY_LOW    ) CheckpointHook                     
 -------------------- 
after_train_epoch:
(NORMAL      ) IterTimerHook                      
(LOW         ) ParamSchedulerHook                 
(VERY_LOW    ) CheckpointHook                     
 -------------------- 
before_val:
(VERY_HIGH   ) RuntimeInfoHook                    
 -------------------- 
before_val_epoch:
(NORMAL      ) IterTimerHook                      
 -------------------- 
before_val_iter:
(NORMAL      ) IterTimerHook                      
 -------------------- 
after_val_iter:
(NORMAL      ) IterTimerHook                      
(NORMAL      ) DetVisualizationHook               
(BELOW_NORMAL) LoggerHook                         
 -------------------- 
after_val_epoch:
(VERY_HIGH   ) RuntimeInfoHook                    
(NORMAL      ) IterTimerHook                      
(BELOW_NORMAL) LoggerHook                         
(LOW         ) ParamSchedulerHook                 
(VERY_LOW    ) CheckpointHook                     
 -------------------- 
after_val:
(VERY_HIGH   ) RuntimeInfoHook                    
 -------------------- 
after_train:
(VERY_HIGH   ) RuntimeInfoHook                    
(VERY_LOW    ) CheckpointHook                     
 -------------------- 
before_test:
(VERY_HIGH   ) RuntimeInfoHook                    
 -------------------- 
before_test_epoch:
(NORMAL      ) IterTimerHook                      
 -------------------- 
before_test_iter:
(NORMAL      ) IterTimerHook                      
 -------------------- 
after_test_iter:
(NORMAL      ) IterTimerHook                      
(NORMAL      ) DetVisualizationHook               
(BELOW_NORMAL) LoggerHook                         
 -------------------- 
after_test_epoch:
(VERY_HIGH   ) RuntimeInfoHook                    
(NORMAL      ) IterTimerHook                      
(BELOW_NORMAL) LoggerHook                         
 -------------------- 
after_test:
(VERY_HIGH   ) RuntimeInfoHook                    
 -------------------- 
after_run:
(BELOW_NORMAL) LoggerHook                         
 -------------------- 
loading annotations into memory...
Done (t=5.65s)
creating index...
index created!
06/30 15:40:56 - mmengine - INFO - paramwise_options -- backbone.conv1.weight:lr=1e-05
06/30 15:40:56 - mmengine - INFO - paramwise_options -- backbone.conv1.weight:weight_decay=0.0001
06/30 15:40:56 - mmengine - INFO - paramwise_options -- backbone.conv1.weight:lr_mult=0.1
06/30 15:40:56 - mmengine - INFO - paramwise_options -- backbone.conv1.weight:decay_mult=1.0
06/30 15:40:56 - mmengine - WARNING - backbone.bn1.weight is skipped since its requires_grad=False
06/30 15:40:56 - mmengine - WARNING - backbone.bn1.bias is skipped since its requires_grad=False
06/30 15:40:56 - mmengine - INFO - paramwise_options -- backbone.layer1.0.conv1.weight:lr=1e-05
06/30 15:40:56 - mmengine - INFO - paramwise_options -- backbone.layer1.0.conv1.weight:weight_decay=0.0001
06/30 15:40:56 - mmengine - INFO - paramwise_options -- backbone.layer1.0.conv1.weight:lr_mult=0.1
06/30 15:40:56 - mmengine - INFO - paramwise_options -- backbone.layer1.0.conv1.weight:decay_mult=1.0
06/30 15:40:56 - mmengine - WARNING - backbone.layer1.0.bn1.weight is skipped since its requires_grad=False
06/30 15:40:56 - mmengine - WARNING - backbone.layer1.0.bn1.bias is skipped since its requires_grad=False
06/30 15:40:56 - mmengine - INFO - paramwise_options -- backbone.layer1.0.conv2.weight:lr=1e-05
06/30 15:40:56 - mmengine - INFO - paramwise_options -- backbone.layer1.0.conv2.weight:weight_decay=0.0001
06/30 15:40:56 - mmengine - INFO - paramwise_options -- backbone.layer1.0.conv2.weight:lr_mult=0.1
06/30 15:40:56 - mmengine - INFO - paramwise_options -- backbone.layer1.0.conv2.weight:decay_mult=1.0
06/30 15:40:56 - mmengine - WARNING - backbone.layer1.0.bn2.weight is skipped since its requires_grad=False
06/30 15:40:56 - mmengine - WARNING - backbone.layer1.0.bn2.bias is skipped since its requires_grad=False
06/30 15:40:56 - mmengine - INFO - paramwise_options -- backbone.layer1.0.conv3.weight:lr=1e-05
06/30 15:40:56 - mmengine - INFO - paramwise_options -- backbone.layer1.0.conv3.weight:weight_decay=0.0001
06/30 15:40:56 - mmengine - INFO - paramwise_options -- backbone.layer1.0.conv3.weight:lr_mult=0.1
06/30 15:40:56 - mmengine - INFO - paramwise_options -- backbone.layer1.0.conv3.weight:decay_mult=1.0
06/30 15:40:56 - mmengine - WARNING - backbone.layer1.0.bn3.weight is skipped since its requires_grad=False
06/30 15:40:56 - mmengine - WARNING - backbone.layer1.0.bn3.bias is skipped since its requires_grad=False
06/30 15:40:56 - mmengine - INFO - paramwise_options -- backbone.layer1.0.downsample.0.weight:lr=1e-05
06/30 15:40:56 - mmengine - INFO - paramwise_options -- backbone.layer1.0.downsample.0.weight:weight_decay=0.0001
06/30 15:40:56 - mmengine - INFO - paramwise_options -- backbone.layer1.0.downsample.0.weight:lr_mult=0.1
06/30 15:40:56 - mmengine - INFO - paramwise_options -- backbone.layer1.0.downsample.0.weight:decay_mult=1.0
06/30 15:40:56 - mmengine - WARNING - backbone.layer1.0.downsample.1.weight is skipped since its requires_grad=False
06/30 15:40:56 - mmengine - WARNING - backbone.layer1.0.downsample.1.bias is skipped since its requires_grad=False
06/30 15:40:56 - mmengine - INFO - paramwise_options -- backbone.layer1.1.conv1.weight:lr=1e-05
06/30 15:40:56 - mmengine - INFO - paramwise_options -- backbone.layer1.1.conv1.weight:weight_decay=0.0001
06/30 15:40:56 - mmengine - INFO - paramwise_options -- backbone.layer1.1.conv1.weight:lr_mult=0.1
06/30 15:40:56 - mmengine - INFO - paramwise_options -- backbone.layer1.1.conv1.weight:decay_mult=1.0
06/30 15:40:56 - mmengine - WARNING - backbone.layer1.1.bn1.weight is skipped since its requires_grad=False
06/30 15:40:56 - mmengine - WARNING - backbone.layer1.1.bn1.bias is skipped since its requires_grad=False
06/30 15:40:56 - mmengine - INFO - paramwise_options -- backbone.layer1.1.conv2.weight:lr=1e-05
06/30 15:40:56 - mmengine - INFO - paramwise_options -- backbone.layer1.1.conv2.weight:weight_decay=0.0001
06/30 15:40:56 - mmengine - INFO - paramwise_options -- backbone.layer1.1.conv2.weight:lr_mult=0.1
06/30 15:40:56 - mmengine - INFO - paramwise_options -- backbone.layer1.1.conv2.weight:decay_mult=1.0
06/30 15:40:56 - mmengine - WARNING - backbone.layer1.1.bn2.weight is skipped since its requires_grad=False
06/30 15:40:56 - mmengine - WARNING - backbone.layer1.1.bn2.bias is skipped since its requires_grad=False
06/30 15:40:56 - mmengine - INFO - paramwise_options -- backbone.layer1.1.conv3.weight:lr=1e-05
06/30 15:40:56 - mmengine - INFO - paramwise_options -- backbone.layer1.1.conv3.weight:weight_decay=0.0001
06/30 15:40:56 - mmengine - INFO - paramwise_options -- backbone.layer1.1.conv3.weight:lr_mult=0.1
06/30 15:40:56 - mmengine - INFO - paramwise_options -- backbone.layer1.1.conv3.weight:decay_mult=1.0
06/30 15:40:56 - mmengine - WARNING - backbone.layer1.1.bn3.weight is skipped since its requires_grad=False
06/30 15:40:56 - mmengine - WARNING - backbone.layer1.1.bn3.bias is skipped since its requires_grad=False
06/30 15:40:56 - mmengine - INFO - paramwise_options -- backbone.layer1.2.conv1.weight:lr=1e-05
06/30 15:40:56 - mmengine - INFO - paramwise_options -- backbone.layer1.2.conv1.weight:weight_decay=0.0001
06/30 15:40:56 - mmengine - INFO - paramwise_options -- backbone.layer1.2.conv1.weight:lr_mult=0.1
06/30 15:40:56 - mmengine - INFO - paramwise_options -- backbone.layer1.2.conv1.weight:decay_mult=1.0
06/30 15:40:56 - mmengine - WARNING - backbone.layer1.2.bn1.weight is skipped since its requires_grad=False
06/30 15:40:56 - mmengine - WARNING - backbone.layer1.2.bn1.bias is skipped since its requires_grad=False
06/30 15:40:56 - mmengine - INFO - paramwise_options -- backbone.layer1.2.conv2.weight:lr=1e-05
06/30 15:40:56 - mmengine - INFO - paramwise_options -- backbone.layer1.2.conv2.weight:weight_decay=0.0001
06/30 15:40:56 - mmengine - INFO - paramwise_options -- backbone.layer1.2.conv2.weight:lr_mult=0.1
06/30 15:40:56 - mmengine - INFO - paramwise_options -- backbone.layer1.2.conv2.weight:decay_mult=1.0
06/30 15:40:56 - mmengine - WARNING - backbone.layer1.2.bn2.weight is skipped since its requires_grad=False
06/30 15:40:56 - mmengine - WARNING - backbone.layer1.2.bn2.bias is skipped since its requires_grad=False
06/30 15:40:56 - mmengine - INFO - paramwise_options -- backbone.layer1.2.conv3.weight:lr=1e-05
06/30 15:40:56 - mmengine - INFO - paramwise_options -- backbone.layer1.2.conv3.weight:weight_decay=0.0001
06/30 15:40:56 - mmengine - INFO - paramwise_options -- backbone.layer1.2.conv3.weight:lr_mult=0.1
06/30 15:40:56 - mmengine - INFO - paramwise_options -- backbone.layer1.2.conv3.weight:decay_mult=1.0
06/30 15:40:56 - mmengine - WARNING - backbone.layer1.2.bn3.weight is skipped since its requires_grad=False
06/30 15:40:56 - mmengine - WARNING - backbone.layer1.2.bn3.bias is skipped since its requires_grad=False
06/30 15:40:56 - mmengine - INFO - paramwise_options -- backbone.layer2.0.conv1.weight:lr=1e-05
06/30 15:40:56 - mmengine - INFO - paramwise_options -- backbone.layer2.0.conv1.weight:weight_decay=0.0001
06/30 15:40:56 - mmengine - INFO - paramwise_options -- backbone.layer2.0.conv1.weight:lr_mult=0.1
06/30 15:40:56 - mmengine - INFO - paramwise_options -- backbone.layer2.0.conv1.weight:decay_mult=1.0
06/30 15:40:56 - mmengine - WARNING - backbone.layer2.0.bn1.weight is skipped since its requires_grad=False
06/30 15:40:56 - mmengine - WARNING - backbone.layer2.0.bn1.bias is skipped since its requires_grad=False
06/30 15:40:56 - mmengine - INFO - paramwise_options -- backbone.layer2.0.conv2.weight:lr=1e-05
06/30 15:40:56 - mmengine - INFO - paramwise_options -- backbone.layer2.0.conv2.weight:weight_decay=0.0001
06/30 15:40:56 - mmengine - INFO - paramwise_options -- backbone.layer2.0.conv2.weight:lr_mult=0.1
06/30 15:40:56 - mmengine - INFO - paramwise_options -- backbone.layer2.0.conv2.weight:decay_mult=1.0
06/30 15:40:56 - mmengine - WARNING - backbone.layer2.0.bn2.weight is skipped since its requires_grad=False
06/30 15:40:56 - mmengine - WARNING - backbone.layer2.0.bn2.bias is skipped since its requires_grad=False
06/30 15:40:56 - mmengine - INFO - paramwise_options -- backbone.layer2.0.conv3.weight:lr=1e-05
06/30 15:40:56 - mmengine - INFO - paramwise_options -- backbone.layer2.0.conv3.weight:weight_decay=0.0001
06/30 15:40:56 - mmengine - INFO - paramwise_options -- backbone.layer2.0.conv3.weight:lr_mult=0.1
06/30 15:40:56 - mmengine - INFO - paramwise_options -- backbone.layer2.0.conv3.weight:decay_mult=1.0
06/30 15:40:56 - mmengine - WARNING - backbone.layer2.0.bn3.weight is skipped since its requires_grad=False
06/30 15:40:56 - mmengine - WARNING - backbone.layer2.0.bn3.bias is skipped since its requires_grad=False
06/30 15:40:56 - mmengine - INFO - paramwise_options -- backbone.layer2.0.downsample.0.weight:lr=1e-05
06/30 15:40:56 - mmengine - INFO - paramwise_options -- backbone.layer2.0.downsample.0.weight:weight_decay=0.0001
06/30 15:40:56 - mmengine - INFO - paramwise_options -- backbone.layer2.0.downsample.0.weight:lr_mult=0.1
06/30 15:40:56 - mmengine - INFO - paramwise_options -- backbone.layer2.0.downsample.0.weight:decay_mult=1.0
06/30 15:40:56 - mmengine - WARNING - backbone.layer2.0.downsample.1.weight is skipped since its requires_grad=False
06/30 15:40:56 - mmengine - WARNING - backbone.layer2.0.downsample.1.bias is skipped since its requires_grad=False
06/30 15:40:56 - mmengine - INFO - paramwise_options -- backbone.layer2.1.conv1.weight:lr=1e-05
06/30 15:40:56 - mmengine - INFO - paramwise_options -- backbone.layer2.1.conv1.weight:weight_decay=0.0001
06/30 15:40:56 - mmengine - INFO - paramwise_options -- backbone.layer2.1.conv1.weight:lr_mult=0.1
06/30 15:40:56 - mmengine - INFO - paramwise_options -- backbone.layer2.1.conv1.weight:decay_mult=1.0
06/30 15:40:56 - mmengine - WARNING - backbone.layer2.1.bn1.weight is skipped since its requires_grad=False
06/30 15:40:56 - mmengine - WARNING - backbone.layer2.1.bn1.bias is skipped since its requires_grad=False
06/30 15:40:56 - mmengine - INFO - paramwise_options -- backbone.layer2.1.conv2.weight:lr=1e-05
06/30 15:40:56 - mmengine - INFO - paramwise_options -- backbone.layer2.1.conv2.weight:weight_decay=0.0001
06/30 15:40:56 - mmengine - INFO - paramwise_options -- backbone.layer2.1.conv2.weight:lr_mult=0.1
06/30 15:40:56 - mmengine - INFO - paramwise_options -- backbone.layer2.1.conv2.weight:decay_mult=1.0
06/30 15:40:56 - mmengine - WARNING - backbone.layer2.1.bn2.weight is skipped since its requires_grad=False
06/30 15:40:56 - mmengine - WARNING - backbone.layer2.1.bn2.bias is skipped since its requires_grad=False
06/30 15:40:56 - mmengine - INFO - paramwise_options -- backbone.layer2.1.conv3.weight:lr=1e-05
06/30 15:40:56 - mmengine - INFO - paramwise_options -- backbone.layer2.1.conv3.weight:weight_decay=0.0001
06/30 15:40:56 - mmengine - INFO - paramwise_options -- backbone.layer2.1.conv3.weight:lr_mult=0.1
06/30 15:40:56 - mmengine - INFO - paramwise_options -- backbone.layer2.1.conv3.weight:decay_mult=1.0
06/30 15:40:56 - mmengine - WARNING - backbone.layer2.1.bn3.weight is skipped since its requires_grad=False
06/30 15:40:56 - mmengine - WARNING - backbone.layer2.1.bn3.bias is skipped since its requires_grad=False
06/30 15:40:56 - mmengine - INFO - paramwise_options -- backbone.layer2.2.conv1.weight:lr=1e-05
06/30 15:40:56 - mmengine - INFO - paramwise_options -- backbone.layer2.2.conv1.weight:weight_decay=0.0001
06/30 15:40:56 - mmengine - INFO - paramwise_options -- backbone.layer2.2.conv1.weight:lr_mult=0.1
06/30 15:40:56 - mmengine - INFO - paramwise_options -- backbone.layer2.2.conv1.weight:decay_mult=1.0
06/30 15:40:56 - mmengine - WARNING - backbone.layer2.2.bn1.weight is skipped since its requires_grad=False
06/30 15:40:56 - mmengine - WARNING - backbone.layer2.2.bn1.bias is skipped since its requires_grad=False
06/30 15:40:56 - mmengine - INFO - paramwise_options -- backbone.layer2.2.conv2.weight:lr=1e-05
06/30 15:40:56 - mmengine - INFO - paramwise_options -- backbone.layer2.2.conv2.weight:weight_decay=0.0001
06/30 15:40:56 - mmengine - INFO - paramwise_options -- backbone.layer2.2.conv2.weight:lr_mult=0.1
06/30 15:40:56 - mmengine - INFO - paramwise_options -- backbone.layer2.2.conv2.weight:decay_mult=1.0
06/30 15:40:56 - mmengine - WARNING - backbone.layer2.2.bn2.weight is skipped since its requires_grad=False
06/30 15:40:56 - mmengine - WARNING - backbone.layer2.2.bn2.bias is skipped since its requires_grad=False
06/30 15:40:56 - mmengine - INFO - paramwise_options -- backbone.layer2.2.conv3.weight:lr=1e-05
06/30 15:40:56 - mmengine - INFO - paramwise_options -- backbone.layer2.2.conv3.weight:weight_decay=0.0001
06/30 15:40:56 - mmengine - INFO - paramwise_options -- backbone.layer2.2.conv3.weight:lr_mult=0.1
06/30 15:40:56 - mmengine - INFO - paramwise_options -- backbone.layer2.2.conv3.weight:decay_mult=1.0
06/30 15:40:56 - mmengine - WARNING - backbone.layer2.2.bn3.weight is skipped since its requires_grad=False
06/30 15:40:56 - mmengine - WARNING - backbone.layer2.2.bn3.bias is skipped since its requires_grad=False
06/30 15:40:56 - mmengine - INFO - paramwise_options -- backbone.layer2.3.conv1.weight:lr=1e-05
06/30 15:40:56 - mmengine - INFO - paramwise_options -- backbone.layer2.3.conv1.weight:weight_decay=0.0001
06/30 15:40:56 - mmengine - INFO - paramwise_options -- backbone.layer2.3.conv1.weight:lr_mult=0.1
06/30 15:40:56 - mmengine - INFO - paramwise_options -- backbone.layer2.3.conv1.weight:decay_mult=1.0
06/30 15:40:56 - mmengine - WARNING - backbone.layer2.3.bn1.weight is skipped since its requires_grad=False
06/30 15:40:56 - mmengine - WARNING - backbone.layer2.3.bn1.bias is skipped since its requires_grad=False
06/30 15:40:56 - mmengine - INFO - paramwise_options -- backbone.layer2.3.conv2.weight:lr=1e-05
06/30 15:40:56 - mmengine - INFO - paramwise_options -- backbone.layer2.3.conv2.weight:weight_decay=0.0001
06/30 15:40:56 - mmengine - INFO - paramwise_options -- backbone.layer2.3.conv2.weight:lr_mult=0.1
06/30 15:40:56 - mmengine - INFO - paramwise_options -- backbone.layer2.3.conv2.weight:decay_mult=1.0
06/30 15:40:56 - mmengine - WARNING - backbone.layer2.3.bn2.weight is skipped since its requires_grad=False
06/30 15:40:56 - mmengine - WARNING - backbone.layer2.3.bn2.bias is skipped since its requires_grad=False
06/30 15:40:56 - mmengine - INFO - paramwise_options -- backbone.layer2.3.conv3.weight:lr=1e-05
06/30 15:40:56 - mmengine - INFO - paramwise_options -- backbone.layer2.3.conv3.weight:weight_decay=0.0001
06/30 15:40:56 - mmengine - INFO - paramwise_options -- backbone.layer2.3.conv3.weight:lr_mult=0.1
06/30 15:40:56 - mmengine - INFO - paramwise_options -- backbone.layer2.3.conv3.weight:decay_mult=1.0
06/30 15:40:56 - mmengine - WARNING - backbone.layer2.3.bn3.weight is skipped since its requires_grad=False
06/30 15:40:56 - mmengine - WARNING - backbone.layer2.3.bn3.bias is skipped since its requires_grad=False
06/30 15:40:56 - mmengine - INFO - paramwise_options -- backbone.layer3.0.conv1.weight:lr=1e-05
06/30 15:40:56 - mmengine - INFO - paramwise_options -- backbone.layer3.0.conv1.weight:weight_decay=0.0001
06/30 15:40:56 - mmengine - INFO - paramwise_options -- backbone.layer3.0.conv1.weight:lr_mult=0.1
06/30 15:40:56 - mmengine - INFO - paramwise_options -- backbone.layer3.0.conv1.weight:decay_mult=1.0
06/30 15:40:56 - mmengine - WARNING - backbone.layer3.0.bn1.weight is skipped since its requires_grad=False
06/30 15:40:56 - mmengine - WARNING - backbone.layer3.0.bn1.bias is skipped since its requires_grad=False
06/30 15:40:56 - mmengine - INFO - paramwise_options -- backbone.layer3.0.conv2.weight:lr=1e-05
06/30 15:40:56 - mmengine - INFO - paramwise_options -- backbone.layer3.0.conv2.weight:weight_decay=0.0001
06/30 15:40:56 - mmengine - INFO - paramwise_options -- backbone.layer3.0.conv2.weight:lr_mult=0.1
06/30 15:40:56 - mmengine - INFO - paramwise_options -- backbone.layer3.0.conv2.weight:decay_mult=1.0
06/30 15:40:56 - mmengine - WARNING - backbone.layer3.0.bn2.weight is skipped since its requires_grad=False
06/30 15:40:56 - mmengine - WARNING - backbone.layer3.0.bn2.bias is skipped since its requires_grad=False
06/30 15:40:56 - mmengine - INFO - paramwise_options -- backbone.layer3.0.conv3.weight:lr=1e-05
06/30 15:40:56 - mmengine - INFO - paramwise_options -- backbone.layer3.0.conv3.weight:weight_decay=0.0001
06/30 15:40:56 - mmengine - INFO - paramwise_options -- backbone.layer3.0.conv3.weight:lr_mult=0.1
06/30 15:40:56 - mmengine - INFO - paramwise_options -- backbone.layer3.0.conv3.weight:decay_mult=1.0
06/30 15:40:56 - mmengine - WARNING - backbone.layer3.0.bn3.weight is skipped since its requires_grad=False
06/30 15:40:56 - mmengine - WARNING - backbone.layer3.0.bn3.bias is skipped since its requires_grad=False
06/30 15:40:56 - mmengine - INFO - paramwise_options -- backbone.layer3.0.downsample.0.weight:lr=1e-05
06/30 15:40:56 - mmengine - INFO - paramwise_options -- backbone.layer3.0.downsample.0.weight:weight_decay=0.0001
06/30 15:40:56 - mmengine - INFO - paramwise_options -- backbone.layer3.0.downsample.0.weight:lr_mult=0.1
06/30 15:40:56 - mmengine - INFO - paramwise_options -- backbone.layer3.0.downsample.0.weight:decay_mult=1.0
06/30 15:40:56 - mmengine - WARNING - backbone.layer3.0.downsample.1.weight is skipped since its requires_grad=False
06/30 15:40:56 - mmengine - WARNING - backbone.layer3.0.downsample.1.bias is skipped since its requires_grad=False
06/30 15:40:56 - mmengine - INFO - paramwise_options -- backbone.layer3.1.conv1.weight:lr=1e-05
06/30 15:40:56 - mmengine - INFO - paramwise_options -- backbone.layer3.1.conv1.weight:weight_decay=0.0001
06/30 15:40:56 - mmengine - INFO - paramwise_options -- backbone.layer3.1.conv1.weight:lr_mult=0.1
06/30 15:40:56 - mmengine - INFO - paramwise_options -- backbone.layer3.1.conv1.weight:decay_mult=1.0
06/30 15:40:56 - mmengine - WARNING - backbone.layer3.1.bn1.weight is skipped since its requires_grad=False
06/30 15:40:56 - mmengine - WARNING - backbone.layer3.1.bn1.bias is skipped since its requires_grad=False
06/30 15:40:56 - mmengine - INFO - paramwise_options -- backbone.layer3.1.conv2.weight:lr=1e-05
06/30 15:40:56 - mmengine - INFO - paramwise_options -- backbone.layer3.1.conv2.weight:weight_decay=0.0001
06/30 15:40:56 - mmengine - INFO - paramwise_options -- backbone.layer3.1.conv2.weight:lr_mult=0.1
06/30 15:40:56 - mmengine - INFO - paramwise_options -- backbone.layer3.1.conv2.weight:decay_mult=1.0
06/30 15:40:56 - mmengine - WARNING - backbone.layer3.1.bn2.weight is skipped since its requires_grad=False
06/30 15:40:56 - mmengine - WARNING - backbone.layer3.1.bn2.bias is skipped since its requires_grad=False
06/30 15:40:56 - mmengine - INFO - paramwise_options -- backbone.layer3.1.conv3.weight:lr=1e-05
06/30 15:40:56 - mmengine - INFO - paramwise_options -- backbone.layer3.1.conv3.weight:weight_decay=0.0001
06/30 15:40:56 - mmengine - INFO - paramwise_options -- backbone.layer3.1.conv3.weight:lr_mult=0.1
06/30 15:40:56 - mmengine - INFO - paramwise_options -- backbone.layer3.1.conv3.weight:decay_mult=1.0
06/30 15:40:56 - mmengine - WARNING - backbone.layer3.1.bn3.weight is skipped since its requires_grad=False
06/30 15:40:56 - mmengine - WARNING - backbone.layer3.1.bn3.bias is skipped since its requires_grad=False
06/30 15:40:56 - mmengine - INFO - paramwise_options -- backbone.layer3.2.conv1.weight:lr=1e-05
06/30 15:40:56 - mmengine - INFO - paramwise_options -- backbone.layer3.2.conv1.weight:weight_decay=0.0001
06/30 15:40:56 - mmengine - INFO - paramwise_options -- backbone.layer3.2.conv1.weight:lr_mult=0.1
06/30 15:40:56 - mmengine - INFO - paramwise_options -- backbone.layer3.2.conv1.weight:decay_mult=1.0
06/30 15:40:56 - mmengine - WARNING - backbone.layer3.2.bn1.weight is skipped since its requires_grad=False
06/30 15:40:56 - mmengine - WARNING - backbone.layer3.2.bn1.bias is skipped since its requires_grad=False
06/30 15:40:56 - mmengine - INFO - paramwise_options -- backbone.layer3.2.conv2.weight:lr=1e-05
06/30 15:40:56 - mmengine - INFO - paramwise_options -- backbone.layer3.2.conv2.weight:weight_decay=0.0001
06/30 15:40:56 - mmengine - INFO - paramwise_options -- backbone.layer3.2.conv2.weight:lr_mult=0.1
06/30 15:40:56 - mmengine - INFO - paramwise_options -- backbone.layer3.2.conv2.weight:decay_mult=1.0
06/30 15:40:56 - mmengine - WARNING - backbone.layer3.2.bn2.weight is skipped since its requires_grad=False
06/30 15:40:56 - mmengine - WARNING - backbone.layer3.2.bn2.bias is skipped since its requires_grad=False
06/30 15:40:56 - mmengine - INFO - paramwise_options -- backbone.layer3.2.conv3.weight:lr=1e-05
06/30 15:40:56 - mmengine - INFO - paramwise_options -- backbone.layer3.2.conv3.weight:weight_decay=0.0001
06/30 15:40:56 - mmengine - INFO - paramwise_options -- backbone.layer3.2.conv3.weight:lr_mult=0.1
06/30 15:40:56 - mmengine - INFO - paramwise_options -- backbone.layer3.2.conv3.weight:decay_mult=1.0
06/30 15:40:56 - mmengine - WARNING - backbone.layer3.2.bn3.weight is skipped since its requires_grad=False
06/30 15:40:56 - mmengine - WARNING - backbone.layer3.2.bn3.bias is skipped since its requires_grad=False
06/30 15:40:56 - mmengine - INFO - paramwise_options -- backbone.layer3.3.conv1.weight:lr=1e-05
06/30 15:40:56 - mmengine - INFO - paramwise_options -- backbone.layer3.3.conv1.weight:weight_decay=0.0001
06/30 15:40:56 - mmengine - INFO - paramwise_options -- backbone.layer3.3.conv1.weight:lr_mult=0.1
06/30 15:40:56 - mmengine - INFO - paramwise_options -- backbone.layer3.3.conv1.weight:decay_mult=1.0
06/30 15:40:56 - mmengine - WARNING - backbone.layer3.3.bn1.weight is skipped since its requires_grad=False
06/30 15:40:56 - mmengine - WARNING - backbone.layer3.3.bn1.bias is skipped since its requires_grad=False
06/30 15:40:56 - mmengine - INFO - paramwise_options -- backbone.layer3.3.conv2.weight:lr=1e-05
06/30 15:40:56 - mmengine - INFO - paramwise_options -- backbone.layer3.3.conv2.weight:weight_decay=0.0001
06/30 15:40:56 - mmengine - INFO - paramwise_options -- backbone.layer3.3.conv2.weight:lr_mult=0.1
06/30 15:40:56 - mmengine - INFO - paramwise_options -- backbone.layer3.3.conv2.weight:decay_mult=1.0
06/30 15:40:56 - mmengine - WARNING - backbone.layer3.3.bn2.weight is skipped since its requires_grad=False
06/30 15:40:56 - mmengine - WARNING - backbone.layer3.3.bn2.bias is skipped since its requires_grad=False
06/30 15:40:56 - mmengine - INFO - paramwise_options -- backbone.layer3.3.conv3.weight:lr=1e-05
06/30 15:40:56 - mmengine - INFO - paramwise_options -- backbone.layer3.3.conv3.weight:weight_decay=0.0001
06/30 15:40:56 - mmengine - INFO - paramwise_options -- backbone.layer3.3.conv3.weight:lr_mult=0.1
06/30 15:40:56 - mmengine - INFO - paramwise_options -- backbone.layer3.3.conv3.weight:decay_mult=1.0
06/30 15:40:56 - mmengine - WARNING - backbone.layer3.3.bn3.weight is skipped since its requires_grad=False
06/30 15:40:56 - mmengine - WARNING - backbone.layer3.3.bn3.bias is skipped since its requires_grad=False
06/30 15:40:56 - mmengine - INFO - paramwise_options -- backbone.layer3.4.conv1.weight:lr=1e-05
06/30 15:40:56 - mmengine - INFO - paramwise_options -- backbone.layer3.4.conv1.weight:weight_decay=0.0001
06/30 15:40:56 - mmengine - INFO - paramwise_options -- backbone.layer3.4.conv1.weight:lr_mult=0.1
06/30 15:40:56 - mmengine - INFO - paramwise_options -- backbone.layer3.4.conv1.weight:decay_mult=1.0
06/30 15:40:56 - mmengine - WARNING - backbone.layer3.4.bn1.weight is skipped since its requires_grad=False
06/30 15:40:56 - mmengine - WARNING - backbone.layer3.4.bn1.bias is skipped since its requires_grad=False
06/30 15:40:56 - mmengine - INFO - paramwise_options -- backbone.layer3.4.conv2.weight:lr=1e-05
06/30 15:40:56 - mmengine - INFO - paramwise_options -- backbone.layer3.4.conv2.weight:weight_decay=0.0001
06/30 15:40:56 - mmengine - INFO - paramwise_options -- backbone.layer3.4.conv2.weight:lr_mult=0.1
06/30 15:40:56 - mmengine - INFO - paramwise_options -- backbone.layer3.4.conv2.weight:decay_mult=1.0
06/30 15:40:56 - mmengine - WARNING - backbone.layer3.4.bn2.weight is skipped since its requires_grad=False
06/30 15:40:56 - mmengine - WARNING - backbone.layer3.4.bn2.bias is skipped since its requires_grad=False
06/30 15:40:56 - mmengine - INFO - paramwise_options -- backbone.layer3.4.conv3.weight:lr=1e-05
06/30 15:40:56 - mmengine - INFO - paramwise_options -- backbone.layer3.4.conv3.weight:weight_decay=0.0001
06/30 15:40:56 - mmengine - INFO - paramwise_options -- backbone.layer3.4.conv3.weight:lr_mult=0.1
06/30 15:40:56 - mmengine - INFO - paramwise_options -- backbone.layer3.4.conv3.weight:decay_mult=1.0
06/30 15:40:56 - mmengine - WARNING - backbone.layer3.4.bn3.weight is skipped since its requires_grad=False
06/30 15:40:56 - mmengine - WARNING - backbone.layer3.4.bn3.bias is skipped since its requires_grad=False
06/30 15:40:56 - mmengine - INFO - paramwise_options -- backbone.layer3.5.conv1.weight:lr=1e-05
06/30 15:40:56 - mmengine - INFO - paramwise_options -- backbone.layer3.5.conv1.weight:weight_decay=0.0001
06/30 15:40:56 - mmengine - INFO - paramwise_options -- backbone.layer3.5.conv1.weight:lr_mult=0.1
06/30 15:40:56 - mmengine - INFO - paramwise_options -- backbone.layer3.5.conv1.weight:decay_mult=1.0
06/30 15:40:56 - mmengine - WARNING - backbone.layer3.5.bn1.weight is skipped since its requires_grad=False
06/30 15:40:56 - mmengine - WARNING - backbone.layer3.5.bn1.bias is skipped since its requires_grad=False
06/30 15:40:56 - mmengine - INFO - paramwise_options -- backbone.layer3.5.conv2.weight:lr=1e-05
06/30 15:40:56 - mmengine - INFO - paramwise_options -- backbone.layer3.5.conv2.weight:weight_decay=0.0001
06/30 15:40:56 - mmengine - INFO - paramwise_options -- backbone.layer3.5.conv2.weight:lr_mult=0.1
06/30 15:40:56 - mmengine - INFO - paramwise_options -- backbone.layer3.5.conv2.weight:decay_mult=1.0
06/30 15:40:56 - mmengine - WARNING - backbone.layer3.5.bn2.weight is skipped since its requires_grad=False
06/30 15:40:56 - mmengine - WARNING - backbone.layer3.5.bn2.bias is skipped since its requires_grad=False
06/30 15:40:56 - mmengine - INFO - paramwise_options -- backbone.layer3.5.conv3.weight:lr=1e-05
06/30 15:40:56 - mmengine - INFO - paramwise_options -- backbone.layer3.5.conv3.weight:weight_decay=0.0001
06/30 15:40:56 - mmengine - INFO - paramwise_options -- backbone.layer3.5.conv3.weight:lr_mult=0.1
06/30 15:40:56 - mmengine - INFO - paramwise_options -- backbone.layer3.5.conv3.weight:decay_mult=1.0
06/30 15:40:56 - mmengine - WARNING - backbone.layer3.5.bn3.weight is skipped since its requires_grad=False
06/30 15:40:56 - mmengine - WARNING - backbone.layer3.5.bn3.bias is skipped since its requires_grad=False
06/30 15:40:56 - mmengine - INFO - paramwise_options -- backbone.layer4.0.conv1.weight:lr=1e-05
06/30 15:40:56 - mmengine - INFO - paramwise_options -- backbone.layer4.0.conv1.weight:weight_decay=0.0001
06/30 15:40:56 - mmengine - INFO - paramwise_options -- backbone.layer4.0.conv1.weight:lr_mult=0.1
06/30 15:40:56 - mmengine - INFO - paramwise_options -- backbone.layer4.0.conv1.weight:decay_mult=1.0
06/30 15:40:56 - mmengine - WARNING - backbone.layer4.0.bn1.weight is skipped since its requires_grad=False
06/30 15:40:56 - mmengine - WARNING - backbone.layer4.0.bn1.bias is skipped since its requires_grad=False
06/30 15:40:56 - mmengine - INFO - paramwise_options -- backbone.layer4.0.conv2.weight:lr=1e-05
06/30 15:40:56 - mmengine - INFO - paramwise_options -- backbone.layer4.0.conv2.weight:weight_decay=0.0001
06/30 15:40:56 - mmengine - INFO - paramwise_options -- backbone.layer4.0.conv2.weight:lr_mult=0.1
06/30 15:40:56 - mmengine - INFO - paramwise_options -- backbone.layer4.0.conv2.weight:decay_mult=1.0
06/30 15:40:56 - mmengine - WARNING - backbone.layer4.0.bn2.weight is skipped since its requires_grad=False
06/30 15:40:56 - mmengine - WARNING - backbone.layer4.0.bn2.bias is skipped since its requires_grad=False
06/30 15:40:56 - mmengine - INFO - paramwise_options -- backbone.layer4.0.conv3.weight:lr=1e-05
06/30 15:40:56 - mmengine - INFO - paramwise_options -- backbone.layer4.0.conv3.weight:weight_decay=0.0001
06/30 15:40:56 - mmengine - INFO - paramwise_options -- backbone.layer4.0.conv3.weight:lr_mult=0.1
06/30 15:40:56 - mmengine - INFO - paramwise_options -- backbone.layer4.0.conv3.weight:decay_mult=1.0
06/30 15:40:56 - mmengine - WARNING - backbone.layer4.0.bn3.weight is skipped since its requires_grad=False
06/30 15:40:56 - mmengine - WARNING - backbone.layer4.0.bn3.bias is skipped since its requires_grad=False
06/30 15:40:56 - mmengine - INFO - paramwise_options -- backbone.layer4.0.downsample.0.weight:lr=1e-05
06/30 15:40:56 - mmengine - INFO - paramwise_options -- backbone.layer4.0.downsample.0.weight:weight_decay=0.0001
06/30 15:40:56 - mmengine - INFO - paramwise_options -- backbone.layer4.0.downsample.0.weight:lr_mult=0.1
06/30 15:40:56 - mmengine - INFO - paramwise_options -- backbone.layer4.0.downsample.0.weight:decay_mult=1.0
06/30 15:40:56 - mmengine - WARNING - backbone.layer4.0.downsample.1.weight is skipped since its requires_grad=False
06/30 15:40:56 - mmengine - WARNING - backbone.layer4.0.downsample.1.bias is skipped since its requires_grad=False
06/30 15:40:56 - mmengine - INFO - paramwise_options -- backbone.layer4.1.conv1.weight:lr=1e-05
06/30 15:40:56 - mmengine - INFO - paramwise_options -- backbone.layer4.1.conv1.weight:weight_decay=0.0001
06/30 15:40:56 - mmengine - INFO - paramwise_options -- backbone.layer4.1.conv1.weight:lr_mult=0.1
06/30 15:40:56 - mmengine - INFO - paramwise_options -- backbone.layer4.1.conv1.weight:decay_mult=1.0
06/30 15:40:56 - mmengine - WARNING - backbone.layer4.1.bn1.weight is skipped since its requires_grad=False
06/30 15:40:56 - mmengine - WARNING - backbone.layer4.1.bn1.bias is skipped since its requires_grad=False
06/30 15:40:56 - mmengine - INFO - paramwise_options -- backbone.layer4.1.conv2.weight:lr=1e-05
06/30 15:40:56 - mmengine - INFO - paramwise_options -- backbone.layer4.1.conv2.weight:weight_decay=0.0001
06/30 15:40:56 - mmengine - INFO - paramwise_options -- backbone.layer4.1.conv2.weight:lr_mult=0.1
06/30 15:40:56 - mmengine - INFO - paramwise_options -- backbone.layer4.1.conv2.weight:decay_mult=1.0
06/30 15:40:56 - mmengine - WARNING - backbone.layer4.1.bn2.weight is skipped since its requires_grad=False
06/30 15:40:56 - mmengine - WARNING - backbone.layer4.1.bn2.bias is skipped since its requires_grad=False
06/30 15:40:56 - mmengine - INFO - paramwise_options -- backbone.layer4.1.conv3.weight:lr=1e-05
06/30 15:40:56 - mmengine - INFO - paramwise_options -- backbone.layer4.1.conv3.weight:weight_decay=0.0001
06/30 15:40:56 - mmengine - INFO - paramwise_options -- backbone.layer4.1.conv3.weight:lr_mult=0.1
06/30 15:40:56 - mmengine - INFO - paramwise_options -- backbone.layer4.1.conv3.weight:decay_mult=1.0
06/30 15:40:56 - mmengine - WARNING - backbone.layer4.1.bn3.weight is skipped since its requires_grad=False
06/30 15:40:56 - mmengine - WARNING - backbone.layer4.1.bn3.bias is skipped since its requires_grad=False
06/30 15:40:56 - mmengine - INFO - paramwise_options -- backbone.layer4.2.conv1.weight:lr=1e-05
06/30 15:40:56 - mmengine - INFO - paramwise_options -- backbone.layer4.2.conv1.weight:weight_decay=0.0001
06/30 15:40:56 - mmengine - INFO - paramwise_options -- backbone.layer4.2.conv1.weight:lr_mult=0.1
06/30 15:40:56 - mmengine - INFO - paramwise_options -- backbone.layer4.2.conv1.weight:decay_mult=1.0
06/30 15:40:56 - mmengine - WARNING - backbone.layer4.2.bn1.weight is skipped since its requires_grad=False
06/30 15:40:56 - mmengine - WARNING - backbone.layer4.2.bn1.bias is skipped since its requires_grad=False
06/30 15:40:56 - mmengine - INFO - paramwise_options -- backbone.layer4.2.conv2.weight:lr=1e-05
06/30 15:40:56 - mmengine - INFO - paramwise_options -- backbone.layer4.2.conv2.weight:weight_decay=0.0001
06/30 15:40:56 - mmengine - INFO - paramwise_options -- backbone.layer4.2.conv2.weight:lr_mult=0.1
06/30 15:40:56 - mmengine - INFO - paramwise_options -- backbone.layer4.2.conv2.weight:decay_mult=1.0
06/30 15:40:56 - mmengine - WARNING - backbone.layer4.2.bn2.weight is skipped since its requires_grad=False
06/30 15:40:56 - mmengine - WARNING - backbone.layer4.2.bn2.bias is skipped since its requires_grad=False
06/30 15:40:56 - mmengine - INFO - paramwise_options -- backbone.layer4.2.conv3.weight:lr=1e-05
06/30 15:40:56 - mmengine - INFO - paramwise_options -- backbone.layer4.2.conv3.weight:weight_decay=0.0001
06/30 15:40:56 - mmengine - INFO - paramwise_options -- backbone.layer4.2.conv3.weight:lr_mult=0.1
06/30 15:40:56 - mmengine - INFO - paramwise_options -- backbone.layer4.2.conv3.weight:decay_mult=1.0
06/30 15:40:56 - mmengine - WARNING - backbone.layer4.2.bn3.weight is skipped since its requires_grad=False
06/30 15:40:56 - mmengine - WARNING - backbone.layer4.2.bn3.bias is skipped since its requires_grad=False
06/30 15:40:56 - mmengine - INFO - paramwise_options -- panoptic_head.pixel_decoder.lateral_convs.0.gn.weight:weight_decay=0.0
06/30 15:40:56 - mmengine - INFO - paramwise_options -- panoptic_head.pixel_decoder.lateral_convs.0.gn.bias:weight_decay=0.0
06/30 15:40:56 - mmengine - INFO - paramwise_options -- panoptic_head.pixel_decoder.lateral_convs.1.gn.weight:weight_decay=0.0
06/30 15:40:56 - mmengine - INFO - paramwise_options -- panoptic_head.pixel_decoder.lateral_convs.1.gn.bias:weight_decay=0.0
06/30 15:40:56 - mmengine - INFO - paramwise_options -- panoptic_head.pixel_decoder.lateral_convs.2.gn.weight:weight_decay=0.0
06/30 15:40:56 - mmengine - INFO - paramwise_options -- panoptic_head.pixel_decoder.lateral_convs.2.gn.bias:weight_decay=0.0
06/30 15:40:56 - mmengine - INFO - paramwise_options -- panoptic_head.pixel_decoder.output_convs.0.gn.weight:weight_decay=0.0
06/30 15:40:56 - mmengine - INFO - paramwise_options -- panoptic_head.pixel_decoder.output_convs.0.gn.bias:weight_decay=0.0
06/30 15:40:56 - mmengine - INFO - paramwise_options -- panoptic_head.pixel_decoder.output_convs.1.gn.weight:weight_decay=0.0
06/30 15:40:56 - mmengine - INFO - paramwise_options -- panoptic_head.pixel_decoder.output_convs.1.gn.bias:weight_decay=0.0
06/30 15:40:56 - mmengine - INFO - paramwise_options -- panoptic_head.pixel_decoder.output_convs.2.gn.weight:weight_decay=0.0
06/30 15:40:56 - mmengine - INFO - paramwise_options -- panoptic_head.pixel_decoder.output_convs.2.gn.bias:weight_decay=0.0
06/30 15:40:56 - mmengine - INFO - paramwise_options -- panoptic_head.pixel_decoder.encoder.layers.0.norms.0.weight:weight_decay=0.0
06/30 15:40:56 - mmengine - INFO - paramwise_options -- panoptic_head.pixel_decoder.encoder.layers.0.norms.0.bias:weight_decay=0.0
06/30 15:40:56 - mmengine - INFO - paramwise_options -- panoptic_head.pixel_decoder.encoder.layers.0.norms.1.weight:weight_decay=0.0
06/30 15:40:56 - mmengine - INFO - paramwise_options -- panoptic_head.pixel_decoder.encoder.layers.0.norms.1.bias:weight_decay=0.0
06/30 15:40:56 - mmengine - INFO - paramwise_options -- panoptic_head.pixel_decoder.encoder.layers.1.norms.0.weight:weight_decay=0.0
06/30 15:40:56 - mmengine - INFO - paramwise_options -- panoptic_head.pixel_decoder.encoder.layers.1.norms.0.bias:weight_decay=0.0
06/30 15:40:56 - mmengine - INFO - paramwise_options -- panoptic_head.pixel_decoder.encoder.layers.1.norms.1.weight:weight_decay=0.0
06/30 15:40:56 - mmengine - INFO - paramwise_options -- panoptic_head.pixel_decoder.encoder.layers.1.norms.1.bias:weight_decay=0.0
06/30 15:40:56 - mmengine - INFO - paramwise_options -- panoptic_head.pixel_decoder.encoder.layers.2.norms.0.weight:weight_decay=0.0
06/30 15:40:56 - mmengine - INFO - paramwise_options -- panoptic_head.pixel_decoder.encoder.layers.2.norms.0.bias:weight_decay=0.0
06/30 15:40:56 - mmengine - INFO - paramwise_options -- panoptic_head.pixel_decoder.encoder.layers.2.norms.1.weight:weight_decay=0.0
06/30 15:40:56 - mmengine - INFO - paramwise_options -- panoptic_head.pixel_decoder.encoder.layers.2.norms.1.bias:weight_decay=0.0
06/30 15:40:56 - mmengine - INFO - paramwise_options -- panoptic_head.pixel_decoder.encoder.layers.3.norms.0.weight:weight_decay=0.0
06/30 15:40:56 - mmengine - INFO - paramwise_options -- panoptic_head.pixel_decoder.encoder.layers.3.norms.0.bias:weight_decay=0.0
06/30 15:40:56 - mmengine - INFO - paramwise_options -- panoptic_head.pixel_decoder.encoder.layers.3.norms.1.weight:weight_decay=0.0
06/30 15:40:56 - mmengine - INFO - paramwise_options -- panoptic_head.pixel_decoder.encoder.layers.3.norms.1.bias:weight_decay=0.0
06/30 15:40:56 - mmengine - INFO - paramwise_options -- panoptic_head.pixel_decoder.encoder.layers.4.norms.0.weight:weight_decay=0.0
06/30 15:40:56 - mmengine - INFO - paramwise_options -- panoptic_head.pixel_decoder.encoder.layers.4.norms.0.bias:weight_decay=0.0
06/30 15:40:56 - mmengine - INFO - paramwise_options -- panoptic_head.pixel_decoder.encoder.layers.4.norms.1.weight:weight_decay=0.0
06/30 15:40:56 - mmengine - INFO - paramwise_options -- panoptic_head.pixel_decoder.encoder.layers.4.norms.1.bias:weight_decay=0.0
06/30 15:40:56 - mmengine - INFO - paramwise_options -- panoptic_head.pixel_decoder.encoder.layers.5.norms.0.weight:weight_decay=0.0
06/30 15:40:56 - mmengine - INFO - paramwise_options -- panoptic_head.pixel_decoder.encoder.layers.5.norms.0.bias:weight_decay=0.0
06/30 15:40:56 - mmengine - INFO - paramwise_options -- panoptic_head.pixel_decoder.encoder.layers.5.norms.1.weight:weight_decay=0.0
06/30 15:40:56 - mmengine - INFO - paramwise_options -- panoptic_head.pixel_decoder.encoder.layers.5.norms.1.bias:weight_decay=0.0
06/30 15:40:56 - mmengine - INFO - paramwise_options -- panoptic_head.pixel_decoder.encoder_out_proj.gn.weight:weight_decay=0.0
06/30 15:40:56 - mmengine - INFO - paramwise_options -- panoptic_head.pixel_decoder.encoder_out_proj.gn.bias:weight_decay=0.0
06/30 15:40:56 - mmengine - INFO - paramwise_options -- panoptic_head.transformer_decoder.layers.0.norms.0.weight:weight_decay=0.0
06/30 15:40:56 - mmengine - INFO - paramwise_options -- panoptic_head.transformer_decoder.layers.0.norms.0.bias:weight_decay=0.0
06/30 15:40:56 - mmengine - INFO - paramwise_options -- panoptic_head.transformer_decoder.layers.0.norms.1.weight:weight_decay=0.0
06/30 15:40:56 - mmengine - INFO - paramwise_options -- panoptic_head.transformer_decoder.layers.0.norms.1.bias:weight_decay=0.0
06/30 15:40:56 - mmengine - INFO - paramwise_options -- panoptic_head.transformer_decoder.layers.0.norms.2.weight:weight_decay=0.0
06/30 15:40:56 - mmengine - INFO - paramwise_options -- panoptic_head.transformer_decoder.layers.0.norms.2.bias:weight_decay=0.0
06/30 15:40:56 - mmengine - INFO - paramwise_options -- panoptic_head.transformer_decoder.layers.1.norms.0.weight:weight_decay=0.0
06/30 15:40:56 - mmengine - INFO - paramwise_options -- panoptic_head.transformer_decoder.layers.1.norms.0.bias:weight_decay=0.0
06/30 15:40:56 - mmengine - INFO - paramwise_options -- panoptic_head.transformer_decoder.layers.1.norms.1.weight:weight_decay=0.0
06/30 15:40:56 - mmengine - INFO - paramwise_options -- panoptic_head.transformer_decoder.layers.1.norms.1.bias:weight_decay=0.0
06/30 15:40:56 - mmengine - INFO - paramwise_options -- panoptic_head.transformer_decoder.layers.1.norms.2.weight:weight_decay=0.0
06/30 15:40:56 - mmengine - INFO - paramwise_options -- panoptic_head.transformer_decoder.layers.1.norms.2.bias:weight_decay=0.0
06/30 15:40:56 - mmengine - INFO - paramwise_options -- panoptic_head.transformer_decoder.layers.2.norms.0.weight:weight_decay=0.0
06/30 15:40:56 - mmengine - INFO - paramwise_options -- panoptic_head.transformer_decoder.layers.2.norms.0.bias:weight_decay=0.0
06/30 15:40:56 - mmengine - INFO - paramwise_options -- panoptic_head.transformer_decoder.layers.2.norms.1.weight:weight_decay=0.0
06/30 15:40:56 - mmengine - INFO - paramwise_options -- panoptic_head.transformer_decoder.layers.2.norms.1.bias:weight_decay=0.0
06/30 15:40:56 - mmengine - INFO - paramwise_options -- panoptic_head.transformer_decoder.layers.2.norms.2.weight:weight_decay=0.0
06/30 15:40:56 - mmengine - INFO - paramwise_options -- panoptic_head.transformer_decoder.layers.2.norms.2.bias:weight_decay=0.0
06/30 15:40:56 - mmengine - INFO - paramwise_options -- panoptic_head.transformer_decoder.layers.3.norms.0.weight:weight_decay=0.0
06/30 15:40:56 - mmengine - INFO - paramwise_options -- panoptic_head.transformer_decoder.layers.3.norms.0.bias:weight_decay=0.0
06/30 15:40:56 - mmengine - INFO - paramwise_options -- panoptic_head.transformer_decoder.layers.3.norms.1.weight:weight_decay=0.0
06/30 15:40:56 - mmengine - INFO - paramwise_options -- panoptic_head.transformer_decoder.layers.3.norms.1.bias:weight_decay=0.0
06/30 15:40:56 - mmengine - INFO - paramwise_options -- panoptic_head.transformer_decoder.layers.3.norms.2.weight:weight_decay=0.0
06/30 15:40:56 - mmengine - INFO - paramwise_options -- panoptic_head.transformer_decoder.layers.3.norms.2.bias:weight_decay=0.0
06/30 15:40:56 - mmengine - INFO - paramwise_options -- panoptic_head.transformer_decoder.layers.4.norms.0.weight:weight_decay=0.0
06/30 15:40:56 - mmengine - INFO - paramwise_options -- panoptic_head.transformer_decoder.layers.4.norms.0.bias:weight_decay=0.0
06/30 15:40:56 - mmengine - INFO - paramwise_options -- panoptic_head.transformer_decoder.layers.4.norms.1.weight:weight_decay=0.0
06/30 15:40:56 - mmengine - INFO - paramwise_options -- panoptic_head.transformer_decoder.layers.4.norms.1.bias:weight_decay=0.0
06/30 15:40:56 - mmengine - INFO - paramwise_options -- panoptic_head.transformer_decoder.layers.4.norms.2.weight:weight_decay=0.0
06/30 15:40:56 - mmengine - INFO - paramwise_options -- panoptic_head.transformer_decoder.layers.4.norms.2.bias:weight_decay=0.0
06/30 15:40:56 - mmengine - INFO - paramwise_options -- panoptic_head.transformer_decoder.layers.5.norms.0.weight:weight_decay=0.0
06/30 15:40:56 - mmengine - INFO - paramwise_options -- panoptic_head.transformer_decoder.layers.5.norms.0.bias:weight_decay=0.0
06/30 15:40:56 - mmengine - INFO - paramwise_options -- panoptic_head.transformer_decoder.layers.5.norms.1.weight:weight_decay=0.0
06/30 15:40:56 - mmengine - INFO - paramwise_options -- panoptic_head.transformer_decoder.layers.5.norms.1.bias:weight_decay=0.0
06/30 15:40:56 - mmengine - INFO - paramwise_options -- panoptic_head.transformer_decoder.layers.5.norms.2.weight:weight_decay=0.0
06/30 15:40:56 - mmengine - INFO - paramwise_options -- panoptic_head.transformer_decoder.layers.5.norms.2.bias:weight_decay=0.0
06/30 15:40:56 - mmengine - INFO - paramwise_options -- panoptic_head.transformer_decoder.post_norm.weight:weight_decay=0.0
06/30 15:40:56 - mmengine - INFO - paramwise_options -- panoptic_head.transformer_decoder.post_norm.bias:weight_decay=0.0
06/30 15:40:56 - mmengine - INFO - paramwise_options -- panoptic_head.query_embed.weight:lr=0.0001
06/30 15:40:56 - mmengine - INFO - paramwise_options -- panoptic_head.query_embed.weight:weight_decay=0.0
06/30 15:40:56 - mmengine - INFO - paramwise_options -- panoptic_head.query_embed.weight:lr_mult=1.0
06/30 15:40:56 - mmengine - INFO - paramwise_options -- panoptic_head.query_embed.weight:decay_mult=0.0
loading annotations into memory...
Done (t=0.17s)
creating index...
index created!
loading annotations into memory...
Done (t=0.17s)
creating index...
index created!
06/30 15:40:58 - mmengine - INFO - load model from: torchvision://resnet50
06/30 15:40:58 - mmengine - INFO - Loads checkpoint by torchvision backend from path: torchvision://resnet50
06/30 15:40:58 - mmengine - WARNING - The model and loaded state dict do not match exactly

unexpected key in source state_dict: fc.weight, fc.bias

06/30 15:40:59 - mmengine - WARNING - "FileClient" will be deprecated in future. Please use io functions in https://mmengine.readthedocs.io/en/latest/api/fileio.html#file-io
06/30 15:40:59 - mmengine - WARNING - "HardDiskBackend" is the alias of "LocalBackend" and the former will be deprecated in future.
06/30 15:40:59 - mmengine - INFO - Checkpoints will be saved to /data/bigc-data/wyc/MaskFormer/run_scripts/work_dirs/maskformer_r50_ms-16xb1-75e_coco.
TCAPPDLL 2025-06-30 15:41:04.570957 - Epoch: 0 Iteration: 0  rank : 0  train.loss : 44.66960525512695  train.ips : 0.18925989582886804 imgs/s train.total_time : 5.2837395668029785 
TCAPPDLL 2025-06-30 15:41:09.767384 - Epoch: 0 Iteration: 1  rank : 0  train.loss : 34.99921417236328  train.ips : 0.1924499298232686 imgs/s train.total_time : 5.196156740188599 
TCAPPDLL 2025-06-30 15:41:14.182399 - Epoch: 0 Iteration: 2  rank : 0  train.loss : 39.7896842956543  train.ips : 0.2265121030729265 imgs/s train.total_time : 4.414775133132935 
TCAPPDLL 2025-06-30 15:41:18.938555 - Epoch: 0 Iteration: 3  rank : 0  train.loss : 33.34144973754883  train.ips : 0.21026385198216968 imgs/s train.total_time : 4.755929231643677 
TCAPPDLL 2025-06-30 15:41:23.186742 - Epoch: 0 Iteration: 4  rank : 0  train.loss : 30.040014266967773  train.ips : 0.23540574717694937 imgs/s train.total_time : 4.2479846477508545 
TCAPPDLL 2025-06-30 15:41:27.064365 - Epoch: 0 Iteration: 5  rank : 0  train.loss : 26.08196449279785  train.ips : 0.25790402558143793 imgs/s train.total_time : 3.877411365509033 
TCAPPDLL 2025-06-30 15:41:32.935899 - Epoch: 0 Iteration: 6  rank : 0  train.loss : 30.213443756103516  train.ips : 0.1703203569240115 imgs/s train.total_time : 5.871288776397705 
TCAPPDLL 2025-06-30 15:41:37.822806 - Epoch: 0 Iteration: 7  rank : 0  train.loss : 27.6745548248291  train.ips : 0.20464166251053995 imgs/s train.total_time : 4.886590480804443 
TCAPPDLL 2025-06-30 15:41:41.845183 - Epoch: 0 Iteration: 8  rank : 0  train.loss : 27.653764724731445  train.ips : 0.2486246905902079 imgs/s train.total_time : 4.0221266746521 
TCAPPDLL 2025-06-30 15:41:47.168202 - Epoch: 0 Iteration: 9  rank : 0  train.loss : 27.674484252929688  train.ips : 0.18787220097876384 imgs/s train.total_time : 5.32276725769043 
TCAPPDLL 2025-06-30 15:41:51.964765 - Epoch: 0 Iteration: 10  rank : 0  train.loss : 28.151260375976562  train.ips : 0.2084957293287292 imgs/s train.total_time : 4.796261310577393 
TCAPPDLL 2025-06-30 15:41:56.421493 - Epoch: 0 Iteration: 11  rank : 0  train.loss : 31.899017333984375  train.ips : 0.22439245225037707 imgs/s train.total_time : 4.456477880477905 
TCAPPDLL 2025-06-30 15:42:00.727655 - Epoch: 0 Iteration: 12  rank : 0  train.loss : 25.300310134887695  train.ips : 0.23223924866690823 imgs/s train.total_time : 4.305904388427734 
TCAPPDLL 2025-06-30 15:42:04.981095 - Epoch: 0 Iteration: 13  rank : 0  train.loss : 27.197778701782227  train.ips : 0.2351176520478446 imgs/s train.total_time : 4.2531898021698 
TCAPPDLL 2025-06-30 15:42:08.975218 - Epoch: 0 Iteration: 14  rank : 0  train.loss : 25.96702766418457  train.ips : 0.25038055802760745 imgs/s train.total_time : 3.99392032623291 
TCAPPDLL 2025-06-30 15:42:13.537878 - Epoch: 0 Iteration: 15  rank : 0  train.loss : 27.983203887939453  train.ips : 0.21918055615360466 imgs/s train.total_time : 4.562448501586914 
TCAPPDLL 2025-06-30 15:42:17.695195 - Epoch: 0 Iteration: 16  rank : 0  train.loss : 28.165075302124023  train.ips : 0.24055541446747047 imgs/s train.total_time : 4.157046318054199 
TCAPPDLL 2025-06-30 15:42:22.642658 - Epoch: 0 Iteration: 17  rank : 0  train.loss : 26.517681121826172  train.ips : 0.20213362261631299 imgs/s train.total_time : 4.947222471237183 
TCAPPDLL 2025-06-30 15:42:26.801357 - Epoch: 0 Iteration: 18  rank : 0  train.loss : 31.181884765625  train.ips : 0.2404730221323492 imgs/s train.total_time : 4.158470630645752 
TCAPPDLL 2025-06-30 15:42:31.071976 - Epoch: 0 Iteration: 19  rank : 0  train.loss : 24.902637481689453  train.ips : 0.23417260877070858 imgs/s train.total_time : 4.270354270935059 
TCAPPDLL 2025-06-30 15:42:35.625268 - Epoch: 0 Iteration: 20  rank : 0  train.loss : 25.258283615112305  train.ips : 0.2196325082403349 imgs/s train.total_time : 4.553060054779053 
TCAPPDLL 2025-06-30 15:42:39.412879 - Epoch: 0 Iteration: 21  rank : 0  train.loss : 21.1328067779541  train.ips : 0.2640348359712765 imgs/s train.total_time : 3.787379026412964 
TCAPPDLL 2025-06-30 15:42:45.531118 - Epoch: 0 Iteration: 22  rank : 0  train.loss : 28.584918975830078  train.ips : 0.16345112041441093 imgs/s train.total_time : 6.118036985397339 
TCAPPDLL 2025-06-30 15:42:52.307574 - Epoch: 0 Iteration: 23  rank : 0  train.loss : 33.235107421875  train.ips : 0.1475742352090334 imgs/s train.total_time : 6.776250600814819 
TCAPPDLL 2025-06-30 15:42:56.646583 - Epoch: 0 Iteration: 24  rank : 0  train.loss : 23.175643920898438  train.ips : 0.23047828580983645 imgs/s train.total_time : 4.33880352973938 
TCAPPDLL 2025-06-30 15:43:01.750193 - Epoch: 0 Iteration: 25  rank : 0  train.loss : 29.024166107177734  train.ips : 0.1959487518562743 imgs/s train.total_time : 5.103375196456909 
TCAPPDLL 2025-06-30 15:43:05.901471 - Epoch: 0 Iteration: 26  rank : 0  train.loss : 28.18836784362793  train.ips : 0.2409019302691726 imgs/s train.total_time : 4.151066780090332 
TCAPPDLL 2025-06-30 15:43:10.463852 - Epoch: 0 Iteration: 27  rank : 0  train.loss : 28.175559997558594  train.ips : 0.21919372864988854 imgs/s train.total_time : 4.562174320220947 
TCAPPDLL 2025-06-30 15:43:14.540062 - Epoch: 0 Iteration: 28  rank : 0  train.loss : 22.787029266357422  train.ips : 0.24534514149170616 imgs/s train.total_time : 4.075890779495239 
TCAPPDLL 2025-06-30 15:43:23.133120 - Epoch: 0 Iteration: 29  rank : 0  train.loss : 27.7645206451416  train.ips : 0.11637738088463317 imgs/s train.total_time : 8.592735052108765 
TCAPPDLL 2025-06-30 15:43:28.186971 - Epoch: 0 Iteration: 30  rank : 0  train.loss : 31.12380599975586  train.ips : 0.1978795679197156 imgs/s train.total_time : 5.053578853607178 
TCAPPDLL 2025-06-30 15:43:32.588029 - Epoch: 0 Iteration: 31  rank : 0  train.loss : 29.650239944458008  train.ips : 0.22722978802362606 imgs/s train.total_time : 4.400831460952759 
TCAPPDLL 2025-06-30 15:43:36.581900 - Epoch: 0 Iteration: 32  rank : 0  train.loss : 24.40105438232422  train.ips : 0.2504013653706042 imgs/s train.total_time : 3.993588447570801 
TCAPPDLL 2025-06-30 15:43:42.999036 - Epoch: 0 Iteration: 33  rank : 0  train.loss : 26.07947540283203  train.ips : 0.15584095758627953 imgs/s train.total_time : 6.41679835319519 
TCAPPDLL 2025-06-30 15:43:47.199162 - Epoch: 0 Iteration: 34  rank : 0  train.loss : 28.503650665283203  train.ips : 0.23810262875996352 imgs/s train.total_time : 4.199869632720947 
TCAPPDLL 2025-06-30 15:43:51.425356 - Epoch: 0 Iteration: 35  rank : 0  train.loss : 25.640968322753906  train.ips : 0.2366311937421058 imgs/s train.total_time : 4.225985527038574 
TCAPPDLL 2025-06-30 15:43:56.028538 - Epoch: 0 Iteration: 36  rank : 0  train.loss : 23.92722511291504  train.ips : 0.21725061356936828 imgs/s train.total_time : 4.602978944778442 
TCAPPDLL 2025-06-30 15:44:00.454713 - Epoch: 0 Iteration: 37  rank : 0  train.loss : 30.825849533081055  train.ips : 0.2259396555364886 imgs/s train.total_time : 4.425960540771484 
TCAPPDLL 2025-06-30 15:44:04.434866 - Epoch: 0 Iteration: 38  rank : 0  train.loss : 26.165546417236328  train.ips : 0.2512616987869744 imgs/s train.total_time : 3.9799141883850098 
TCAPPDLL 2025-06-30 15:44:08.858264 - Epoch: 0 Iteration: 39  rank : 0  train.loss : 30.670263290405273  train.ips : 0.22608285244349605 imgs/s train.total_time : 4.423157215118408 
TCAPPDLL 2025-06-30 15:44:13.351510 - Epoch: 0 Iteration: 40  rank : 0  train.loss : 24.781267166137695  train.ips : 0.22257175707559998 imgs/s train.total_time : 4.492933034896851 
TCAPPDLL 2025-06-30 15:44:17.764709 - Epoch: 0 Iteration: 41  rank : 0  train.loss : 23.97895622253418  train.ips : 0.22660784006298312 imgs/s train.total_time : 4.412909984588623 
TCAPPDLL 2025-06-30 15:44:24.349157 - Epoch: 0 Iteration: 42  rank : 0  train.loss : 29.676637649536133  train.ips : 0.15187778526530155 imgs/s train.total_time : 6.5842413902282715 
TCAPPDLL 2025-06-30 15:44:28.536773 - Epoch: 0 Iteration: 43  rank : 0  train.loss : 27.12482261657715  train.ips : 0.23881157208159134 imgs/s train.total_time : 4.18740177154541 
TCAPPDLL 2025-06-30 15:44:32.399561 - Epoch: 0 Iteration: 44  rank : 0  train.loss : 23.168949127197266  train.ips : 0.2588959880202929 imgs/s train.total_time : 3.8625550270080566 
TCAPPDLL 2025-06-30 15:44:36.768190 - Epoch: 0 Iteration: 45  rank : 0  train.loss : 21.102680206298828  train.ips : 0.22891764785117086 imgs/s train.total_time : 4.368383169174194 
TCAPPDLL 2025-06-30 15:44:41.261052 - Epoch: 0 Iteration: 46  rank : 0  train.loss : 25.765722274780273  train.ips : 0.22258673420840622 imgs/s train.total_time : 4.49263072013855 
TCAPPDLL 2025-06-30 15:44:45.763132 - Epoch: 0 Iteration: 47  rank : 0  train.loss : 26.078601837158203  train.ips : 0.22213021310138562 imgs/s train.total_time : 4.501863956451416 
TCAPPDLL 2025-06-30 15:44:50.023343 - Epoch: 0 Iteration: 48  rank : 0  train.loss : 28.991168975830078  train.ips : 0.2347415743593024 imgs/s train.total_time : 4.2600038051605225 
TCAPPDLL 2025-06-30 15:44:54.559387 - Epoch: 0 Iteration: 49  rank : 0  train.loss : 21.04743766784668  train.ips : 0.220468449409128 imgs/s train.total_time : 4.535796403884888 
06/30 15:44:54 - mmengine - INFO - Epoch(train)  [1][    50/117266]  base_lr: 1.0000e-04 lr: 1.0000e-05  eta: 478 days, 22:54:31  time: 4.7052  data_time: 0.0451  memory: 8798  grad_norm: 233.6931  loss: 27.9087  loss_cls: 2.9824  loss_mask: 0.7996  loss_dice: 0.8701  d0.loss_cls: 3.0134  d0.loss_mask: 0.7274  d0.loss_dice: 0.8661  d1.loss_cls: 2.9934  d1.loss_mask: 0.7837  d1.loss_dice: 0.8700  d2.loss_cls: 3.0024  d2.loss_mask: 0.7874  d2.loss_dice: 0.8705  d3.loss_cls: 3.0242  d3.loss_mask: 0.7855  d3.loss_dice: 0.8697  d4.loss_cls: 3.0035  d4.loss_mask: 0.7877  d4.loss_dice: 0.8717
TCAPPDLL 2025-06-30 15:44:59.017878 - Epoch: 0 Iteration: 50  rank : 0  train.loss : 21.277809143066406  train.ips : 0.2243043832659453 imgs/s train.total_time : 4.458227634429932 
TCAPPDLL 2025-06-30 15:45:03.341955 - Epoch: 0 Iteration: 51  rank : 0  train.loss : 25.959230422973633  train.ips : 0.23127537248544172 imgs/s train.total_time : 4.32384991645813 
TCAPPDLL 2025-06-30 15:45:07.433955 - Epoch: 0 Iteration: 52  rank : 0  train.loss : 20.008930206298828  train.ips : 0.2443913653943718 imgs/s train.total_time : 4.091797590255737 
TCAPPDLL 2025-06-30 15:45:11.302349 - Epoch: 0 Iteration: 53  rank : 0  train.loss : 22.66206169128418  train.ips : 0.2585188706638282 imgs/s train.total_time : 3.868189573287964 
TCAPPDLL 2025-06-30 15:45:15.293404 - Epoch: 0 Iteration: 54  rank : 0  train.loss : 24.082202911376953  train.ips : 0.2505720801925478 imgs/s train.total_time : 3.9908676147460938 
TCAPPDLL 2025-06-30 15:45:19.580798 - Epoch: 0 Iteration: 55  rank : 0  train.loss : 26.403181076049805  train.ips : 0.2332532521844358 imgs/s train.total_time : 4.2871856689453125 
TCAPPDLL 2025-06-30 15:45:23.825229 - Epoch: 0 Iteration: 56  rank : 0  train.loss : 26.010963439941406  train.ips : 0.2356141553510506 imgs/s train.total_time : 4.244227170944214 
TCAPPDLL 2025-06-30 15:45:28.146043 - Epoch: 0 Iteration: 57  rank : 0  train.loss : 26.037988662719727  train.ips : 0.23144892528626346 imgs/s train.total_time : 4.320607662200928 
TCAPPDLL 2025-06-30 15:45:32.488885 - Epoch: 0 Iteration: 58  rank : 0  train.loss : 30.557607650756836  train.ips : 0.23027472627623014 imgs/s train.total_time : 4.342638969421387 
TCAPPDLL 2025-06-30 15:45:36.624696 - Epoch: 0 Iteration: 59  rank : 0  train.loss : 25.39024543762207  train.ips : 0.2418026539866874 imgs/s train.total_time : 4.135603904724121 
TCAPPDLL 2025-06-30 15:45:40.716261 - Epoch: 0 Iteration: 60  rank : 0  train.loss : 19.667675018310547  train.ips : 0.24441782629002787 imgs/s train.total_time : 4.091354608535767 
TCAPPDLL 2025-06-30 15:45:44.510681 - Epoch: 0 Iteration: 61  rank : 0  train.loss : 18.672901153564453  train.ips : 0.2635589326021077 imgs/s train.total_time : 3.794217824935913 
TCAPPDLL 2025-06-30 15:45:48.911738 - Epoch: 0 Iteration: 62  rank : 0  train.loss : 27.702003479003906  train.ips : 0.22723009578294978 imgs/s train.total_time : 4.400825500488281 
TCAPPDLL 2025-06-30 15:45:53.119068 - Epoch: 0 Iteration: 63  rank : 0  train.loss : 22.714826583862305  train.ips : 0.2376944246506049 imgs/s train.total_time : 4.207082271575928 
TCAPPDLL 2025-06-30 15:46:00.043091 - Epoch: 0 Iteration: 64  rank : 0  train.loss : 32.41990280151367  train.ips : 0.14442927522798388 imgs/s train.total_time : 6.923804044723511 
TCAPPDLL 2025-06-30 15:46:04.333794 - Epoch: 0 Iteration: 65  rank : 0  train.loss : 22.699512481689453  train.ips : 0.233077035712827 imgs/s train.total_time : 4.290426969528198 
TCAPPDLL 2025-06-30 15:46:08.553529 - Epoch: 0 Iteration: 66  rank : 0  train.loss : 23.62449836730957  train.ips : 0.23699843628532272 imgs/s train.total_time : 4.219437122344971 
TCAPPDLL 2025-06-30 15:46:12.816557 - Epoch: 0 Iteration: 67  rank : 0  train.loss : 27.0399112701416  train.ips : 0.23458780613265623 imgs/s train.total_time : 4.26279616355896 
TCAPPDLL 2025-06-30 15:46:17.168429 - Epoch: 0 Iteration: 68  rank : 0  train.loss : 24.19319725036621  train.ips : 0.22979957987090627 imgs/s train.total_time : 4.351618051528931 
TCAPPDLL 2025-06-30 15:46:21.632346 - Epoch: 0 Iteration: 69  rank : 0  train.loss : 21.784805297851562  train.ips : 0.22403055055283036 imgs/s train.total_time : 4.463676929473877 
TCAPPDLL 2025-06-30 15:46:26.090363 - Epoch: 0 Iteration: 70  rank : 0  train.loss : 25.37765121459961  train.ips : 0.22432662498793943 imgs/s train.total_time : 4.457785606384277 
TCAPPDLL 2025-06-30 15:46:30.309085 - Epoch: 0 Iteration: 71  rank : 0  train.loss : 27.444225311279297  train.ips : 0.2370522691757797 imgs/s train.total_time : 4.2184789180755615 
TCAPPDLL 2025-06-30 15:46:34.614449 - Epoch: 0 Iteration: 72  rank : 0  train.loss : 23.247234344482422  train.ips : 0.2322809968817678 imgs/s train.total_time : 4.305130481719971 
TCAPPDLL 2025-06-30 15:46:38.195876 - Epoch: 0 Iteration: 73  rank : 0  train.loss : 23.75606918334961  train.ips : 0.27923772959297294 imgs/s train.total_time : 3.5811779499053955 
TCAPPDLL 2025-06-30 15:46:42.342489 - Epoch: 0 Iteration: 74  rank : 0  train.loss : 26.15707015991211  train.ips : 0.24117362195709996 imgs/s train.total_time : 4.146390438079834 
TCAPPDLL 2025-06-30 15:46:46.992019 - Epoch: 0 Iteration: 75  rank : 0  train.loss : 21.501323699951172  train.ips : 0.21508534330906917 imgs/s train.total_time : 4.649317264556885 
TCAPPDLL 2025-06-30 15:46:50.929144 - Epoch: 0 Iteration: 76  rank : 0  train.loss : 22.325027465820312  train.ips : 0.2540059201981417 imgs/s train.total_time : 3.9369161128997803 
TCAPPDLL 2025-06-30 15:46:57.044824 - Epoch: 0 Iteration: 77  rank : 0  train.loss : 33.441932678222656  train.ips : 0.16351927865232765 imgs/s train.total_time : 6.1154868602752686 
TCAPPDLL 2025-06-30 15:47:01.105638 - Epoch: 0 Iteration: 78  rank : 0  train.loss : 26.34963035583496  train.ips : 0.24626839994800204 imgs/s train.total_time : 4.060610294342041 
TCAPPDLL 2025-06-30 15:47:05.381209 - Epoch: 0 Iteration: 79  rank : 0  train.loss : 16.634197235107422  train.ips : 0.23389746085178234 imgs/s train.total_time : 4.2753777503967285 
TCAPPDLL 2025-06-30 15:47:13.602505 - Epoch: 0 Iteration: 80  rank : 0  train.loss : 34.59681701660156  train.ips : 0.12163825045600163 imgs/s train.total_time : 8.221098184585571 
TCAPPDLL 2025-06-30 15:47:17.300529 - Epoch: 0 Iteration: 81  rank : 0  train.loss : 19.979076385498047  train.ips : 0.27042882363735093 imgs/s train.total_time : 3.6978306770324707 
TCAPPDLL 2025-06-30 15:47:21.392862 - Epoch: 0 Iteration: 82  rank : 0  train.loss : 25.408065795898438  train.ips : 0.24437126008417204 imgs/s train.total_time : 4.092134237289429 
TCAPPDLL 2025-06-30 15:47:28.020247 - Epoch: 0 Iteration: 83  rank : 0  train.loss : 26.34586524963379  train.ips : 0.15089348623772347 imgs/s train.total_time : 6.6271913051605225 
TCAPPDLL 2025-06-30 15:47:33.046563 - Epoch: 0 Iteration: 84  rank : 0  train.loss : 29.238454818725586  train.ips : 0.19896112252237474 imgs/s train.total_time : 5.026107549667358 
TCAPPDLL 2025-06-30 15:47:37.508275 - Epoch: 0 Iteration: 85  rank : 0  train.loss : 25.724775314331055  train.ips : 0.22413920804115142 imgs/s train.total_time : 4.461513042449951 
TCAPPDLL 2025-06-30 15:47:43.177832 - Epoch: 0 Iteration: 86  rank : 0  train.loss : 27.58401870727539  train.ips : 0.176386888582914 imgs/s train.total_time : 5.669355630874634 
TCAPPDLL 2025-06-30 15:47:47.007709 - Epoch: 0 Iteration: 87  rank : 0  train.loss : 25.21403694152832  train.ips : 0.2611184572591148 imgs/s train.total_time : 3.829679489135742 
TCAPPDLL 2025-06-30 15:47:52.007059 - Epoch: 0 Iteration: 88  rank : 0  train.loss : 30.998126983642578  train.ips : 0.20003389933005425 imgs/s train.total_time : 4.999152660369873 
TCAPPDLL 2025-06-30 15:47:56.128788 - Epoch: 0 Iteration: 89  rank : 0  train.loss : 20.886564254760742  train.ips : 0.2426282568197663 imgs/s train.total_time : 4.1215314865112305 
TCAPPDLL 2025-06-30 15:48:00.278386 - Epoch: 0 Iteration: 90  rank : 0  train.loss : 24.522357940673828  train.ips : 0.2409986850033033 imgs/s train.total_time : 4.149400234222412 
TCAPPDLL 2025-06-30 15:48:04.448065 - Epoch: 0 Iteration: 91  rank : 0  train.loss : 28.536714553833008  train.ips : 0.23983848157677626 imgs/s train.total_time : 4.169472694396973 
TCAPPDLL 2025-06-30 15:48:08.550518 - Epoch: 0 Iteration: 92  rank : 0  train.loss : 22.800926208496094  train.ips : 0.24376809094250396 imgs/s train.total_time : 4.102259635925293 
TCAPPDLL 2025-06-30 15:48:15.776320 - Epoch: 0 Iteration: 93  rank : 0  train.loss : 26.86577033996582  train.ips : 0.13839663772679572 imgs/s train.total_time : 7.225609064102173 
TCAPPDLL 2025-06-30 15:48:20.585109 - Epoch: 0 Iteration: 94  rank : 0  train.loss : 31.1330623626709  train.ips : 0.20796100731112915 imgs/s train.total_time : 4.80859375 
TCAPPDLL 2025-06-30 15:48:25.263721 - Epoch: 0 Iteration: 95  rank : 0  train.loss : 23.827495574951172  train.ips : 0.21374842980949688 imgs/s train.total_time : 4.678396940231323 
TCAPPDLL 2025-06-30 15:48:29.674044 - Epoch: 0 Iteration: 96  rank : 0  train.loss : 23.63897132873535  train.ips : 0.22675412881285192 imgs/s train.total_time : 4.410063028335571 
TCAPPDLL 2025-06-30 15:48:33.594561 - Epoch: 0 Iteration: 97  rank : 0  train.loss : 23.78204917907715  train.ips : 0.2550855128315925 imgs/s train.total_time : 3.9202539920806885 
TCAPPDLL 2025-06-30 15:48:38.017710 - Epoch: 0 Iteration: 98  rank : 0  train.loss : 19.236692428588867  train.ips : 0.22609330885622111 imgs/s train.total_time : 4.422952651977539 
TCAPPDLL 2025-06-30 15:48:42.322425 - Epoch: 0 Iteration: 99  rank : 0  train.loss : 24.812297821044922  train.ips : 0.23231443457053497 imgs/s train.total_time : 4.304510831832886 
06/30 15:48:42 - mmengine - INFO - Epoch(train)  [1][   100/117266]  base_lr: 1.0000e-04 lr: 1.0000e-05  eta: 471 days, 7:25:16  time: 4.5550  data_time: 0.0397  memory: 7942  grad_norm: 101.1418  loss: 25.0055  loss_cls: 2.6652  loss_mask: 0.6479  loss_dice: 0.8438  d0.loss_cls: 2.6732  d0.loss_mask: 0.6387  d0.loss_dice: 0.8438  d1.loss_cls: 2.6757  d1.loss_mask: 0.6470  d1.loss_dice: 0.8460  d2.loss_cls: 2.6718  d2.loss_mask: 0.6800  d2.loss_dice: 0.8475  d3.loss_cls: 2.6747  d3.loss_mask: 0.6431  d3.loss_dice: 0.8442  d4.loss_cls: 2.6549  d4.loss_mask: 0.6617  d4.loss_dice: 0.8465
