--------------+----------------------------------------------
 Host IP      | 127.0.1.1
 PyTorch      | 2.4.0a0+git4451b0e
 Torch-SDAA   | 2.0.0
--------------+----------------------------------------------
 SDAA Driver  | 2.2.0 (N/A)
 SDAA Runtime | 2.0.0 (/opt/tecoai/lib64/libsdaart.so)
 SDPTI        | 1.3.1 (/opt/tecoai/lib64/libsdpti.so)
 TecoDNN      | 2.0.0 (/opt/tecoai/lib64/libtecodnn.so)
 TecoBLAS     | 2.0.0 (/opt/tecoai/lib64/libtecoblas.so)
 CustomDNN    | 1.22.0 (/opt/tecoai/lib64/libtecodnn_ext.so)
 TecoRAND     | 1.8.0 (/opt/tecoai/lib64/libtecorand.so)
 TCCL         | 1.21.0 (/opt/tecoai/lib64/libtccl.so)
--------------+----------------------------------------------
train Pnet argument:
Namespace(annotation_file='/data/application/huangyun/dface/anno_store/imglist_anno_12.txt', model_store_path='/data/application/huangyun/dface/model_store', end_epoch=10, frequent=1, lr=0.01, batch_size=512, use_cuda=True, **{'': None})
append flipped images to imdb 1498328
2025-09-03 06:47:44.672301 : Epoch: 1, Step: 0, accuracy: 0.2499999850988388, det loss: 34.482967376708984, bbox loss: 88.77661895751953, all_loss: 78.87127685546875, lr:0.01 
2025-09-03 06:47:44.697095 : Epoch: 1, Step: 1, accuracy: 0.5728155374526978, det loss: 3.861207962036133, bbox loss: 494.3788146972656, all_loss: 251.0506134033203, lr:0.01 
2025-09-03 06:47:44.719301 : Epoch: 1, Step: 2, accuracy: 0.7477477788925171, det loss: 13.573040962219238, bbox loss: 147.82350158691406, all_loss: 87.48479461669922, lr:0.01 
2025-09-03 06:47:44.741625 : Epoch: 1, Step: 3, accuracy: 0.5625, det loss: 16.391878128051758, bbox loss: 83.32844543457031, all_loss: 58.05609893798828, lr:0.01 
2025-09-03 06:47:44.763972 : Epoch: 1, Step: 4, accuracy: 0.20795108377933502, det loss: 55.309329986572266, bbox loss: 559.9940795898438, all_loss: 335.3063659667969, lr:0.01 
2025-09-03 06:47:44.786196 : Epoch: 1, Step: 5, accuracy: 0.6451612710952759, det loss: 7.813328266143799, bbox loss: 44.144859313964844, all_loss: 29.885757446289062, lr:0.01 
2025-09-03 06:47:44.808209 : Epoch: 1, Step: 6, accuracy: 0.7809798121452332, det loss: 6.547786235809326, bbox loss: 74.69500732421875, all_loss: 43.89529037475586, lr:0.01 
2025-09-03 06:47:44.830505 : Epoch: 1, Step: 7, accuracy: 0.7970149517059326, det loss: 3.692200183868408, bbox loss: 79.98272705078125, all_loss: 43.683563232421875, lr:0.01 
2025-09-03 06:47:44.852738 : Epoch: 1, Step: 8, accuracy: 0.7684887051582336, det loss: 1.8481320142745972, bbox loss: 53.9275016784668, all_loss: 28.81188201904297, lr:0.01 
2025-09-03 06:47:44.874806 : Epoch: 1, Step: 9, accuracy: 0.7320871949195862, det loss: 1.7395540475845337, bbox loss: 25.396121978759766, all_loss: 14.437615394592285, lr:0.01 
2025-09-03 06:47:44.896809 : Epoch: 1, Step: 10, accuracy: 0.7236024737358093, det loss: 1.6837488412857056, bbox loss: 18.21050262451172, all_loss: 10.789000511169434, lr:0.01 
2025-09-03 06:47:44.918879 : Epoch: 1, Step: 11, accuracy: 0.7461773753166199, det loss: 1.4860060214996338, bbox loss: 35.537227630615234, all_loss: 19.254619598388672, lr:0.01 
2025-09-03 06:47:44.948314 : Epoch: 1, Step: 12, accuracy: 0.707547128200531, det loss: 0.9785410761833191, bbox loss: 28.934080123901367, all_loss: 15.445581436157227, lr:0.01 
2025-09-03 06:47:44.975908 : Epoch: 1, Step: 13, accuracy: 0.6813880205154419, det loss: 1.152426838874817, bbox loss: 21.28021812438965, all_loss: 11.792535781860352, lr:0.01 
2025-09-03 06:47:45.002520 : Epoch: 1, Step: 14, accuracy: 0.6848137974739075, det loss: 1.910401463508606, bbox loss: 17.006542205810547, all_loss: 10.41367244720459, lr:0.01 
2025-09-03 06:47:45.027465 : Epoch: 1, Step: 15, accuracy: 0.6756756901741028, det loss: 1.5697321891784668, bbox loss: 12.010748863220215, all_loss: 7.575106620788574, lr:0.01 
2025-09-03 06:47:45.049650 : Epoch: 1, Step: 16, accuracy: 0.6791276931762695, det loss: 0.9527673721313477, bbox loss: 7.559211730957031, all_loss: 4.732373237609863, lr:0.01 
2025-09-03 06:47:45.071426 : Epoch: 1, Step: 17, accuracy: 0.7645348906517029, det loss: 0.6780281066894531, bbox loss: 5.132302284240723, all_loss: 3.2441792488098145, lr:0.01 
2025-09-03 06:47:45.093393 : Epoch: 1, Step: 18, accuracy: 0.7196261286735535, det loss: 0.8129717111587524, bbox loss: 5.379455089569092, all_loss: 3.502699375152588, lr:0.01 
2025-09-03 06:47:45.115280 : Epoch: 1, Step: 19, accuracy: 0.7407407760620117, det loss: 1.0545939207077026, bbox loss: 6.335606098175049, all_loss: 4.2223968505859375, lr:0.01 
2025-09-03 06:47:45.137127 : Epoch: 1, Step: 20, accuracy: 0.7627627849578857, det loss: 0.6864842772483826, bbox loss: 4.583963394165039, all_loss: 2.978466033935547, lr:0.01 
2025-09-03 06:47:45.158927 : Epoch: 1, Step: 21, accuracy: 0.7670807838439941, det loss: 0.6557804942131042, bbox loss: 2.771084785461426, all_loss: 2.041322946548462, lr:0.01 
2025-09-03 06:47:45.180763 : Epoch: 1, Step: 22, accuracy: 0.7445482611656189, det loss: 0.5905844569206238, bbox loss: 2.9868228435516357, all_loss: 2.083995819091797, lr:0.01 
2025-09-03 06:47:45.203067 : Epoch: 1, Step: 23, accuracy: 0.7048192620277405, det loss: 0.7754035592079163, bbox loss: 3.1766858100891113, all_loss: 2.363746404647827, lr:0.01 
2025-09-03 06:47:45.224841 : Epoch: 1, Step: 24, accuracy: 0.7432835698127747, det loss: 0.654923141002655, bbox loss: 3.856999158859253, all_loss: 2.5834226608276367, lr:0.01 
2025-09-03 06:47:45.246578 : Epoch: 1, Step: 25, accuracy: 0.7066246271133423, det loss: 0.6705104112625122, bbox loss: 4.011226654052734, all_loss: 2.67612361907959, lr:0.01 
2025-09-03 06:47:45.268459 : Epoch: 1, Step: 26, accuracy: 0.7242423892021179, det loss: 0.688815176486969, bbox loss: 2.5158560276031494, all_loss: 1.9467432498931885, lr:0.01 
2025-09-03 06:47:45.290876 : Epoch: 1, Step: 27, accuracy: 0.7046979665756226, det loss: 0.6741911768913269, bbox loss: 2.761619806289673, all_loss: 2.0550010204315186, lr:0.01 
2025-09-03 06:47:45.312913 : Epoch: 1, Step: 28, accuracy: 0.704049825668335, det loss: 0.6372519731521606, bbox loss: 1.4814931154251099, all_loss: 1.3779985904693604, lr:0.01 
2025-09-03 06:47:45.334587 : Epoch: 1, Step: 29, accuracy: 0.7626582384109497, det loss: 0.5695728063583374, bbox loss: 1.8530166149139404, all_loss: 1.4960811138153076, lr:0.01 
2025-09-03 06:47:45.356350 : Epoch: 1, Step: 30, accuracy: 0.7363635897636414, det loss: 0.5953407883644104, bbox loss: 2.08162522315979, all_loss: 1.6361534595489502, lr:0.01 
2025-09-03 06:47:45.378006 : Epoch: 1, Step: 31, accuracy: 0.7363635897636414, det loss: 0.5338189601898193, bbox loss: 2.0067200660705566, all_loss: 1.5371789932250977, lr:0.01 
2025-09-03 06:47:45.401140 : Epoch: 1, Step: 32, accuracy: 0.7962382435798645, det loss: 0.5427910089492798, bbox loss: 1.9321237802505493, all_loss: 1.5088529586791992, lr:0.01 
2025-09-03 06:47:45.422876 : Epoch: 1, Step: 33, accuracy: 0.7485207319259644, det loss: 0.6009177565574646, bbox loss: 1.5805630683898926, all_loss: 1.3911993503570557, lr:0.01 
2025-09-03 06:47:45.444602 : Epoch: 1, Step: 34, accuracy: 0.7355623245239258, det loss: 0.6081042885780334, bbox loss: 0.8970604538917542, all_loss: 1.056634545326233, lr:0.01 
2025-09-03 06:47:45.466292 : Epoch: 1, Step: 35, accuracy: 0.782608687877655, det loss: 0.513907253742218, bbox loss: 0.7699375152587891, all_loss: 0.8988760113716125, lr:0.01 
2025-09-03 06:47:45.488122 : Epoch: 1, Step: 36, accuracy: 0.7289156317710876, det loss: 0.5872287750244141, bbox loss: 0.7747316956520081, all_loss: 0.9745945930480957, lr:0.01 
2025-09-03 06:47:45.509695 : Epoch: 1, Step: 37, accuracy: 0.7657657861709595, det loss: 0.5395253300666809, bbox loss: 0.8584869503974915, all_loss: 0.968768835067749, lr:0.01 
2025-09-03 06:47:45.532834 : Epoch: 1, Step: 38, accuracy: 0.7852941155433655, det loss: 0.5756195187568665, bbox loss: 1.7547937631607056, all_loss: 1.4530164003372192, lr:0.01 
2025-09-03 06:47:45.554520 : Epoch: 1, Step: 39, accuracy: 0.7160883545875549, det loss: 0.5978355407714844, bbox loss: 1.0311001539230347, all_loss: 1.1133856773376465, lr:0.01 
2025-09-03 06:47:45.576362 : Epoch: 1, Step: 40, accuracy: 0.753894031047821, det loss: 0.5804709196090698, bbox loss: 0.902732789516449, all_loss: 1.0318373441696167, lr:0.01 
2025-09-03 06:47:45.598239 : Epoch: 1, Step: 41, accuracy: 0.7396825551986694, det loss: 0.5858608484268188, bbox loss: 0.6633960604667664, all_loss: 0.9175589084625244, lr:0.01 
2025-09-03 06:47:45.620223 : Epoch: 1, Step: 42, accuracy: 0.7865853309631348, det loss: 0.5064252018928528, bbox loss: 0.6096345782279968, all_loss: 0.8112424612045288, lr:0.01 
2025-09-03 06:47:45.642848 : Epoch: 1, Step: 43, accuracy: 0.7261538505554199, det loss: 0.5983986854553223, bbox loss: 0.6192927360534668, all_loss: 0.9080450534820557, lr:0.01 
2025-09-03 06:47:45.664618 : Epoch: 1, Step: 44, accuracy: 0.7692307829856873, det loss: 0.5681567192077637, bbox loss: 0.5661098957061768, all_loss: 0.851211667060852, lr:0.01 
2025-09-03 06:47:45.686429 : Epoch: 1, Step: 45, accuracy: 0.801857590675354, det loss: 0.5297706723213196, bbox loss: 0.45672091841697693, all_loss: 0.7581311464309692, lr:0.01 
2025-09-03 06:47:45.708066 : Epoch: 1, Step: 46, accuracy: 0.7616099119186401, det loss: 0.5424798727035522, bbox loss: 0.4905138909816742, all_loss: 0.7877368330955505, lr:0.01 
2025-09-03 06:47:45.729526 : Epoch: 1, Step: 47, accuracy: 0.8081395030021667, det loss: 0.5207482576370239, bbox loss: 0.616812527179718, all_loss: 0.8291544914245605, lr:0.01 
2025-09-03 06:47:45.751119 : Epoch: 1, Step: 48, accuracy: 0.8103975653648376, det loss: 0.5247434973716736, bbox loss: 0.4844803810119629, all_loss: 0.766983687877655, lr:0.01 
2025-09-03 06:47:45.773479 : Epoch: 1, Step: 49, accuracy: 0.792569637298584, det loss: 0.5442288517951965, bbox loss: 0.47115251421928406, all_loss: 0.7798051238059998, lr:0.01 
2025-09-03 06:47:45.795304 : Epoch: 1, Step: 50, accuracy: 0.8079267740249634, det loss: 0.5363984704017639, bbox loss: 0.47877374291419983, all_loss: 0.7757853269577026, lr:0.01 
2025-09-03 06:47:45.817045 : Epoch: 1, Step: 51, accuracy: 0.7917981147766113, det loss: 0.5606411099433899, bbox loss: 0.3650469481945038, all_loss: 0.743164598941803, lr:0.01 
2025-09-03 06:47:45.838695 : Epoch: 1, Step: 52, accuracy: 0.7757575511932373, det loss: 0.5496917963027954, bbox loss: 0.46489691734313965, all_loss: 0.7821402549743652, lr:0.01 
2025-09-03 06:47:45.860426 : Epoch: 1, Step: 53, accuracy: 0.7245509028434753, det loss: 0.5910934805870056, bbox loss: 0.3799661695957184, all_loss: 0.7810765504837036, lr:0.01 
2025-09-03 06:47:45.881976 : Epoch: 1, Step: 54, accuracy: 0.7951070666313171, det loss: 0.5361670851707458, bbox loss: 0.42926105856895447, all_loss: 0.7507976293563843, lr:0.01 
2025-09-03 06:47:45.904273 : Epoch: 1, Step: 55, accuracy: 0.7835365533828735, det loss: 0.5470563769340515, bbox loss: 0.44433489441871643, all_loss: 0.7692238092422485, lr:0.01 
2025-09-03 06:47:45.925882 : Epoch: 1, Step: 56, accuracy: 0.7692307829856873, det loss: 0.521115779876709, bbox loss: 0.40004590153694153, all_loss: 0.7211387157440186, lr:0.01 
2025-09-03 06:47:45.947541 : Epoch: 1, Step: 57, accuracy: 0.7926828861236572, det loss: 0.5449299812316895, bbox loss: 0.3928896188735962, all_loss: 0.7413747906684875, lr:0.01 
2025-09-03 06:47:45.969047 : Epoch: 1, Step: 58, accuracy: 0.8082596063613892, det loss: 0.49580806493759155, bbox loss: 0.427016943693161, all_loss: 0.7093165516853333, lr:0.01 
2025-09-03 06:47:45.990546 : Epoch: 1, Step: 59, accuracy: 0.7685459852218628, det loss: 0.553252100944519, bbox loss: 0.3415868282318115, all_loss: 0.7240455150604248, lr:0.01 
2025-09-03 06:47:46.012251 : Epoch: 1, Step: 60, accuracy: 0.7876105904579163, det loss: 0.5142149925231934, bbox loss: 0.3068511486053467, all_loss: 0.6676405668258667, lr:0.01 
2025-09-03 06:47:46.035515 : Epoch: 1, Step: 61, accuracy: 0.8292682766914368, det loss: 0.4811268746852875, bbox loss: 0.35323765873908997, all_loss: 0.6577457189559937, lr:0.01 
2025-09-03 06:47:46.057251 : Epoch: 1, Step: 62, accuracy: 0.8135048151016235, det loss: 0.5056127905845642, bbox loss: 0.31790226697921753, all_loss: 0.6645638942718506, lr:0.01 
2025-09-03 06:47:46.078860 : Epoch: 1, Step: 63, accuracy: 0.7484848499298096, det loss: 0.575807511806488, bbox loss: 0.34541136026382446, all_loss: 0.7485132217407227, lr:0.01 
2025-09-03 06:47:46.100777 : Epoch: 1, Step: 64, accuracy: 0.7396825551986694, det loss: 0.5952690243721008, bbox loss: 0.3175290524959564, all_loss: 0.7540335655212402, lr:0.01 
2025-09-03 06:47:46.123764 : Epoch: 1, Step: 65, accuracy: 0.8142414689064026, det loss: 0.5019117593765259, bbox loss: 0.3545096516609192, all_loss: 0.6791665554046631, lr:0.01 
2025-09-03 06:47:46.145488 : Epoch: 1, Step: 66, accuracy: 0.7911392450332642, det loss: 0.5111606121063232, bbox loss: 0.2738044857978821, all_loss: 0.6480628252029419, lr:0.01 
2025-09-03 06:47:46.167233 : Epoch: 1, Step: 67, accuracy: 0.7718120813369751, det loss: 0.5422610640525818, bbox loss: 0.26624518632888794, all_loss: 0.6753836870193481, lr:0.01 
2025-09-03 06:47:46.188980 : Epoch: 1, Step: 68, accuracy: 0.803680956363678, det loss: 0.5063073635101318, bbox loss: 0.2871042788028717, all_loss: 0.6498594880104065, lr:0.01 
2025-09-03 06:47:46.210644 : Epoch: 1, Step: 69, accuracy: 0.7785235047340393, det loss: 0.5460553765296936, bbox loss: 0.31043949723243713, all_loss: 0.701275110244751, lr:0.01 
2025-09-03 06:47:46.232573 : Epoch: 1, Step: 70, accuracy: 0.7917981147766113, det loss: 0.5426008105278015, bbox loss: 0.24706467986106873, all_loss: 0.6661331653594971, lr:0.01 
2025-09-03 06:47:46.254113 : Epoch: 1, Step: 71, accuracy: 0.7270029783248901, det loss: 0.6338446736335754, bbox loss: 0.26584526896476746, all_loss: 0.7667673230171204, lr:0.01 
2025-09-03 06:47:46.275982 : Epoch: 1, Step: 72, accuracy: 0.8035714626312256, det loss: 0.5102912783622742, bbox loss: 0.25034835934638977, all_loss: 0.6354654431343079, lr:0.01 
2025-09-03 06:47:46.297965 : Epoch: 1, Step: 73, accuracy: 0.8220858573913574, det loss: 0.48288315534591675, bbox loss: 0.25586867332458496, all_loss: 0.6108174920082092, lr:0.01 
2025-09-03 06:47:46.319626 : Epoch: 1, Step: 74, accuracy: 0.8036254048347473, det loss: 0.4931831359863281, bbox loss: 0.21289075911045074, all_loss: 0.5996285080909729, lr:0.01 
2025-09-03 06:47:46.341054 : Epoch: 1, Step: 75, accuracy: 0.7634730935096741, det loss: 0.5227488875389099, bbox loss: 0.22061721980571747, all_loss: 0.6330574750900269, lr:0.01 
2025-09-03 06:47:46.362706 : Epoch: 1, Step: 76, accuracy: 0.8092485666275024, det loss: 0.49810999631881714, bbox loss: 0.21790431439876556, all_loss: 0.6070621609687805, lr:0.01 
2025-09-03 06:47:46.384354 : Epoch: 1, Step: 77, accuracy: 0.7395209670066833, det loss: 0.5823178887367249, bbox loss: 0.21821564435958862, all_loss: 0.6914256811141968, lr:0.01 
2025-09-03 06:47:46.406132 : Epoch: 1, Step: 78, accuracy: 0.7894736528396606, det loss: 0.5191183090209961, bbox loss: 0.1986929476261139, all_loss: 0.6184647679328918, lr:0.01 
2025-09-03 06:47:46.427833 : Epoch: 1, Step: 79, accuracy: 0.790123462677002, det loss: 0.5255704522132874, bbox loss: 0.2149568796157837, all_loss: 0.6330488920211792, lr:0.01 
2025-09-03 06:47:46.449713 : Epoch: 1, Step: 80, accuracy: 0.8252427577972412, det loss: 0.47335103154182434, bbox loss: 0.22929565608501434, all_loss: 0.5879988670349121, lr:0.01 
2025-09-03 06:47:46.471587 : Epoch: 1, Step: 81, accuracy: 0.7470238208770752, det loss: 0.5814181566238403, bbox loss: 0.22090552747249603, all_loss: 0.691870927810669, lr:0.01 
2025-09-03 06:47:46.493373 : Epoch: 1, Step: 82, accuracy: 0.7754491567611694, det loss: 0.5214367508888245, bbox loss: 0.22486737370491028, all_loss: 0.6338704228401184, lr:0.01 
2025-09-03 06:47:46.515179 : Epoch: 1, Step: 83, accuracy: 0.7959184050559998, det loss: 0.5023471117019653, bbox loss: 0.20319707691669464, all_loss: 0.6039456725120544, lr:0.01 
2025-09-03 06:47:46.536902 : Epoch: 1, Step: 84, accuracy: 0.7842565774917603, det loss: 0.5359027981758118, bbox loss: 0.18754658102989197, all_loss: 0.629676103591919, lr:0.01 
2025-09-03 06:47:46.558522 : Epoch: 1, Step: 85, accuracy: 0.8096676468849182, det loss: 0.5017485618591309, bbox loss: 0.1794537454843521, all_loss: 0.5914754271507263, lr:0.01 
2025-09-03 06:47:46.580194 : Epoch: 1, Step: 86, accuracy: 0.7911392450332642, det loss: 0.5183597207069397, bbox loss: 0.20559215545654297, all_loss: 0.6211557984352112, lr:0.01 
2025-09-03 06:47:46.601780 : Epoch: 1, Step: 87, accuracy: 0.778124988079071, det loss: 0.5560641288757324, bbox loss: 0.17923669517040253, all_loss: 0.6456824541091919, lr:0.01 
2025-09-03 06:47:46.623754 : Epoch: 1, Step: 88, accuracy: 0.7956656217575073, det loss: 0.5134087204933167, bbox loss: 0.18159233033657074, all_loss: 0.6042048931121826, lr:0.01 
2025-09-03 06:47:46.646554 : Epoch: 1, Step: 89, accuracy: 0.8039215803146362, det loss: 0.5080080628395081, bbox loss: 0.17984774708747864, all_loss: 0.5979319214820862, lr:0.01 
2025-09-03 06:47:46.668364 : Epoch: 1, Step: 90, accuracy: 0.765625, det loss: 0.5413389205932617, bbox loss: 0.16352273523807526, all_loss: 0.6231002807617188, lr:0.01 
2025-09-03 06:47:46.690270 : Epoch: 1, Step: 91, accuracy: 0.7764350175857544, det loss: 0.5402961373329163, bbox loss: 0.15504147112369537, all_loss: 0.6178168654441833, lr:0.01 
2025-09-03 06:47:46.712021 : Epoch: 1, Step: 92, accuracy: 0.7987987995147705, det loss: 0.5021836757659912, bbox loss: 0.17536991834640503, all_loss: 0.5898686647415161, lr:0.01 
2025-09-03 06:47:46.733797 : Epoch: 1, Step: 93, accuracy: 0.8048779964447021, det loss: 0.49797382950782776, bbox loss: 0.17701619863510132, all_loss: 0.5864819288253784, lr:0.01 
2025-09-03 06:47:46.755535 : Epoch: 1, Step: 94, accuracy: 0.7594937086105347, det loss: 0.538912832736969, bbox loss: 0.1788223832845688, all_loss: 0.628324031829834, lr:0.01 
2025-09-03 06:47:46.778567 : Epoch: 1, Step: 95, accuracy: 0.8095238208770752, det loss: 0.4967673122882843, bbox loss: 0.16155575215816498, all_loss: 0.577545166015625, lr:0.01 
2025-09-03 06:47:46.800508 : Epoch: 1, Step: 96, accuracy: 0.7445482611656189, det loss: 0.5749298334121704, bbox loss: 0.1696818321943283, all_loss: 0.6597707271575928, lr:0.01 
2025-09-03 06:47:46.822349 : Epoch: 1, Step: 97, accuracy: 0.7777777910232544, det loss: 0.5408467650413513, bbox loss: 0.15134938061237335, all_loss: 0.6165214776992798, lr:0.01 
2025-09-03 06:47:46.844168 : Epoch: 1, Step: 98, accuracy: 0.8079267740249634, det loss: 0.5068023204803467, bbox loss: 0.14847679436206818, all_loss: 0.5810407400131226, lr:0.01 
2025-09-03 06:47:46.866006 : Epoch: 1, Step: 99, accuracy: 0.758823573589325, det loss: 0.552323579788208, bbox loss: 0.16846498847007751, all_loss: 0.636556088924408, lr:0.01 
2025-09-03 06:47:46.888903 : Epoch: 1, Step: 100, accuracy: 0.7584097981452942, det loss: 0.5486976504325867, bbox loss: 0.15783068537712097, all_loss: 0.6276130080223083, lr:0.01 
2025-09-03 06:47:46.910699 : Epoch: 1, Step: 101, accuracy: 0.7302631735801697, det loss: 0.5751663446426392, bbox loss: 0.1642705202102661, all_loss: 0.6573016047477722, lr:0.01 
2025-09-03 06:47:46.932584 : Epoch: 1, Step: 102, accuracy: 0.7917981147766113, det loss: 0.5150282979011536, bbox loss: 0.14808796346187592, all_loss: 0.5890722870826721, lr:0.01 
2025-09-03 06:47:46.954620 : Epoch: 1, Step: 103, accuracy: 0.7875000238418579, det loss: 0.5270935297012329, bbox loss: 0.17432451248168945, all_loss: 0.6142557859420776, lr:0.01 
2025-09-03 06:47:46.976667 : Epoch: 1, Step: 104, accuracy: 0.800000011920929, det loss: 0.5062499642372131, bbox loss: 0.12847772240638733, all_loss: 0.5704888105392456, lr:0.01 
2025-09-03 06:47:46.998403 : Epoch: 1, Step: 105, accuracy: 0.7340067028999329, det loss: 0.5605834722518921, bbox loss: 0.1580468714237213, all_loss: 0.6396068930625916, lr:0.01 
2025-09-03 06:47:47.021520 : Epoch: 1, Step: 106, accuracy: 0.7586206793785095, det loss: 0.5510416030883789, bbox loss: 0.2728004455566406, all_loss: 0.6874418258666992, lr:0.01 
2025-09-03 06:47:47.043584 : Epoch: 1, Step: 107, accuracy: 0.805232584476471, det loss: 0.496682733297348, bbox loss: 0.16835318505764008, all_loss: 0.5808593034744263, lr:0.01 
2025-09-03 06:47:47.065599 : Epoch: 1, Step: 108, accuracy: 0.800000011920929, det loss: 0.5138290524482727, bbox loss: 0.17585474252700806, all_loss: 0.6017564535140991, lr:0.01 
2025-09-03 06:47:47.087727 : Epoch: 1, Step: 109, accuracy: 0.8173374533653259, det loss: 0.47901561856269836, bbox loss: 0.13944485783576965, all_loss: 0.5487380623817444, lr:0.01 
2025-09-03 06:47:47.109516 : Epoch: 1, Step: 110, accuracy: 0.8193548321723938, det loss: 0.49101272225379944, bbox loss: 0.17601686716079712, all_loss: 0.579021155834198, lr:0.01 
2025-09-03 06:47:47.133000 : Epoch: 1, Step: 111, accuracy: 0.7716049551963806, det loss: 0.5297359228134155, bbox loss: 0.18298278748989105, all_loss: 0.6212273240089417, lr:0.01 
2025-09-03 06:47:47.155144 : Epoch: 1, Step: 112, accuracy: 0.8132911324501038, det loss: 0.47541195154190063, bbox loss: 0.15151193737983704, all_loss: 0.551167905330658, lr:0.01 
2025-09-03 06:47:47.177151 : Epoch: 1, Step: 113, accuracy: 0.7868852615356445, det loss: 0.5309683680534363, bbox loss: 0.16636191308498383, all_loss: 0.6141493320465088, lr:0.01 
2025-09-03 06:47:47.199179 : Epoch: 1, Step: 114, accuracy: 0.7987616062164307, det loss: 0.49717023968696594, bbox loss: 0.1375049501657486, all_loss: 0.565922737121582, lr:0.01 
2025-09-03 06:47:47.221439 : Epoch: 1, Step: 115, accuracy: 0.7963525652885437, det loss: 0.5077081918716431, bbox loss: 0.17520330846309662, all_loss: 0.595309853553772, lr:0.01 
2025-09-03 06:47:47.243668 : Epoch: 1, Step: 116, accuracy: 0.7639751434326172, det loss: 0.5448950529098511, bbox loss: 0.17111742496490479, all_loss: 0.6304537653923035, lr:0.01 
2025-09-03 06:47:47.267229 : Epoch: 1, Step: 117, accuracy: 0.7699680328369141, det loss: 0.545348048210144, bbox loss: 0.12442010641098022, all_loss: 0.6075581312179565, lr:0.01 
2025-09-03 06:47:47.289652 : Epoch: 1, Step: 118, accuracy: 0.8312883377075195, det loss: 0.4726208746433258, bbox loss: 0.14390841126441956, all_loss: 0.5445750951766968, lr:0.01 
2025-09-03 06:47:47.311810 : Epoch: 1, Step: 119, accuracy: 0.8078078031539917, det loss: 0.49713921546936035, bbox loss: 0.11397533118724823, all_loss: 0.5541268587112427, lr:0.01 
2025-09-03 06:47:47.334163 : Epoch: 1, Step: 120, accuracy: 0.7788461446762085, det loss: 0.514860987663269, bbox loss: 0.15300428867340088, all_loss: 0.5913631319999695, lr:0.01 
2025-09-03 06:47:47.356212 : Epoch: 1, Step: 121, accuracy: 0.7835365533828735, det loss: 0.5223258137702942, bbox loss: 0.11812780052423477, all_loss: 0.5813897252082825, lr:0.01 
2025-09-03 06:47:47.378537 : Epoch: 1, Step: 122, accuracy: 0.7732919454574585, det loss: 0.5376108288764954, bbox loss: 0.11781184375286102, all_loss: 0.5965167284011841, lr:0.01 
2025-09-03 06:47:47.401991 : Epoch: 1, Step: 123, accuracy: 0.75, det loss: 0.5491088032722473, bbox loss: 0.14700844883918762, all_loss: 0.6226130127906799, lr:0.01 
2025-09-03 06:47:47.424254 : Epoch: 1, Step: 124, accuracy: 0.8069620728492737, det loss: 0.48275360465049744, bbox loss: 0.11261434108018875, all_loss: 0.5390607714653015, lr:0.01 
2025-09-03 06:47:47.446480 : Epoch: 1, Step: 125, accuracy: 0.8303030133247375, det loss: 0.4646153748035431, bbox loss: 0.10807707905769348, all_loss: 0.518653929233551, lr:0.01 
2025-09-03 06:47:47.468680 : Epoch: 1, Step: 126, accuracy: 0.7784810066223145, det loss: 0.5449735522270203, bbox loss: 0.15177389979362488, all_loss: 0.6208605170249939, lr:0.01 
2025-09-03 06:47:47.490820 : Epoch: 1, Step: 127, accuracy: 0.8065573573112488, det loss: 0.48441043496131897, bbox loss: 0.13375169038772583, all_loss: 0.5512862801551819, lr:0.01 
2025-09-03 06:47:47.514625 : Epoch: 1, Step: 128, accuracy: 0.7602523565292358, det loss: 0.564664900302887, bbox loss: 0.10674142092466354, all_loss: 0.618035614490509, lr:0.01 
2025-09-03 06:47:47.536800 : Epoch: 1, Step: 129, accuracy: 0.789634108543396, det loss: 0.519325315952301, bbox loss: 0.15205740928649902, all_loss: 0.5953540205955505, lr:0.01 
2025-09-03 06:47:47.558803 : Epoch: 1, Step: 130, accuracy: 0.807692289352417, det loss: 0.4823025166988373, bbox loss: 0.10296336561441422, all_loss: 0.5337842106819153, lr:0.01 
2025-09-03 06:47:47.580616 : Epoch: 1, Step: 131, accuracy: 0.759615421295166, det loss: 0.5315630435943604, bbox loss: 0.1012212485074997, all_loss: 0.5821736454963684, lr:0.01 
2025-09-03 06:47:47.602350 : Epoch: 1, Step: 132, accuracy: 0.7797619104385376, det loss: 0.5251469612121582, bbox loss: 0.1351436823606491, all_loss: 0.592718780040741, lr:0.01 
2025-09-03 06:47:47.624303 : Epoch: 1, Step: 133, accuracy: 0.7687296271324158, det loss: 0.5292312502861023, bbox loss: 0.12992587685585022, all_loss: 0.5941941738128662, lr:0.01 
2025-09-03 06:47:47.646160 : Epoch: 1, Step: 134, accuracy: 0.7627627849578857, det loss: 0.5428737998008728, bbox loss: 0.1399354636669159, all_loss: 0.6128415465354919, lr:0.01 
2025-09-03 06:47:47.668987 : Epoch: 1, Step: 135, accuracy: 0.7764706015586853, det loss: 0.5255473852157593, bbox loss: 0.11304091662168503, all_loss: 0.5820678472518921, lr:0.01 
2025-09-03 06:47:47.690778 : Epoch: 1, Step: 136, accuracy: 0.7639751434326172, det loss: 0.5316821932792664, bbox loss: 0.14901018142700195, all_loss: 0.6061872839927673, lr:0.01 
2025-09-03 06:47:47.712639 : Epoch: 1, Step: 137, accuracy: 0.7951070666313171, det loss: 0.5371226072311401, bbox loss: 0.11212674528360367, all_loss: 0.5931859612464905, lr:0.01 
2025-09-03 06:47:47.734509 : Epoch: 1, Step: 138, accuracy: 0.8165137767791748, det loss: 0.48053061962127686, bbox loss: 0.12366403639316559, all_loss: 0.542362630367279, lr:0.01 
2025-09-03 06:47:47.756327 : Epoch: 1, Step: 139, accuracy: 0.7924528121948242, det loss: 0.49753522872924805, bbox loss: 0.11040965467691422, all_loss: 0.5527400374412537, lr:0.01 
2025-09-03 06:47:47.778255 : Epoch: 1, Step: 140, accuracy: 0.7939393520355225, det loss: 0.4968867301940918, bbox loss: 0.13948246836662292, all_loss: 0.5666279792785645, lr:0.01 
2025-09-03 06:47:47.800213 : Epoch: 1, Step: 141, accuracy: 0.7674418687820435, det loss: 0.5230839252471924, bbox loss: 0.1155402660369873, all_loss: 0.580854058265686, lr:0.01 
2025-09-03 06:47:47.823159 : Epoch: 1, Step: 142, accuracy: 0.7611940503120422, det loss: 0.5428474545478821, bbox loss: 0.09253260493278503, all_loss: 0.5891137719154358, lr:0.01 
2025-09-03 06:47:47.844997 : Epoch: 1, Step: 143, accuracy: 0.8157099485397339, det loss: 0.47628143429756165, bbox loss: 0.10346642136573792, all_loss: 0.5280146598815918, lr:0.01 
2025-09-03 06:47:47.866754 : Epoch: 1, Step: 144, accuracy: 0.7950310707092285, det loss: 0.5014578700065613, bbox loss: 0.10617795586585999, all_loss: 0.5545468330383301, lr:0.01 
2025-09-03 06:47:47.888665 : Epoch: 1, Step: 145, accuracy: 0.7810651063919067, det loss: 0.5220465660095215, bbox loss: 0.14907945692539215, all_loss: 0.596586287021637, lr:0.01 
2025-09-03 06:47:47.910576 : Epoch: 1, Step: 146, accuracy: 0.7739937901496887, det loss: 0.5269433259963989, bbox loss: 0.09365784376859665, all_loss: 0.5737722516059875, lr:0.01 
2025-09-03 06:47:47.932503 : Epoch: 1, Step: 147, accuracy: 0.7583081722259521, det loss: 0.5538933873176575, bbox loss: 0.11575375497341156, all_loss: 0.6117702722549438, lr:0.01 
2025-09-03 06:47:47.954509 : Epoch: 1, Step: 148, accuracy: 0.797468364238739, det loss: 0.49750664830207825, bbox loss: 0.12069430947303772, all_loss: 0.5578538179397583, lr:0.01 
2025-09-03 06:47:47.976360 : Epoch: 1, Step: 149, accuracy: 0.7763578295707703, det loss: 0.5227406024932861, bbox loss: 0.10202194005250931, all_loss: 0.5737515687942505, lr:0.01 
2025-09-03 06:47:47.999266 : Epoch: 1, Step: 150, accuracy: 0.7899408340454102, det loss: 0.5191923975944519, bbox loss: 0.09997251629829407, all_loss: 0.5691786408424377, lr:0.01 
2025-09-03 06:47:48.020942 : Epoch: 1, Step: 151, accuracy: 0.7710843086242676, det loss: 0.5234683752059937, bbox loss: 0.09395100176334381, all_loss: 0.570443868637085, lr:0.01 
2025-09-03 06:47:48.042767 : Epoch: 1, Step: 152, accuracy: 0.7836257219314575, det loss: 0.5296194553375244, bbox loss: 0.09596356004476547, all_loss: 0.5776012539863586, lr:0.01 
2025-09-03 06:47:48.064586 : Epoch: 1, Step: 153, accuracy: 0.801857590675354, det loss: 0.4997875690460205, bbox loss: 0.133871391415596, all_loss: 0.5667232871055603, lr:0.01 
2025-09-03 06:47:48.086596 : Epoch: 1, Step: 154, accuracy: 0.8057324886322021, det loss: 0.47677311301231384, bbox loss: 0.15707364678382874, all_loss: 0.5553099513053894, lr:0.01 
2025-09-03 06:47:48.108632 : Epoch: 1, Step: 155, accuracy: 0.8042813539505005, det loss: 0.5085204243659973, bbox loss: 0.12501592934131622, all_loss: 0.5710284113883972, lr:0.01 
2025-09-03 06:47:48.130514 : Epoch: 1, Step: 156, accuracy: 0.8061538338661194, det loss: 0.4940260648727417, bbox loss: 0.12930960953235626, all_loss: 0.5586808919906616, lr:0.01 
2025-09-03 06:47:48.152597 : Epoch: 1, Step: 157, accuracy: 0.7671641707420349, det loss: 0.5262930989265442, bbox loss: 0.11123201996088028, all_loss: 0.5819091200828552, lr:0.01 
2025-09-03 06:47:48.174385 : Epoch: 1, Step: 158, accuracy: 0.7453416585922241, det loss: 0.5576909184455872, bbox loss: 0.1196318119764328, all_loss: 0.6175068020820618, lr:0.01 
2025-09-03 06:47:48.196424 : Epoch: 1, Step: 159, accuracy: 0.785714328289032, det loss: 0.5122076272964478, bbox loss: 0.0989699587225914, all_loss: 0.5616925954818726, lr:0.01 
2025-09-03 06:47:48.218118 : Epoch: 1, Step: 160, accuracy: 0.797468364238739, det loss: 0.4906574785709381, bbox loss: 0.11706557124853134, all_loss: 0.5491902828216553, lr:0.01 
2025-09-03 06:47:48.239971 : Epoch: 1, Step: 161, accuracy: 0.8068535327911377, det loss: 0.48900601267814636, bbox loss: 0.08617233484983444, all_loss: 0.5320921540260315, lr:0.01 
2025-09-03 06:47:48.261712 : Epoch: 1, Step: 162, accuracy: 0.7852760553359985, det loss: 0.5192290544509888, bbox loss: 0.11038023233413696, all_loss: 0.5744191408157349, lr:0.01 
2025-09-03 06:47:48.283265 : Epoch: 1, Step: 163, accuracy: 0.7867867946624756, det loss: 0.518986701965332, bbox loss: 0.1306714564561844, all_loss: 0.584322452545166, lr:0.01 
2025-09-03 06:47:48.305031 : Epoch: 1, Step: 164, accuracy: 0.8219584226608276, det loss: 0.4814615547657013, bbox loss: 0.09343495219945908, all_loss: 0.5281790494918823, lr:0.01 
2025-09-03 06:47:48.326595 : Epoch: 1, Step: 165, accuracy: 0.7949526906013489, det loss: 0.4865955710411072, bbox loss: 0.08381109684705734, all_loss: 0.5285010933876038, lr:0.01 
2025-09-03 06:47:48.348291 : Epoch: 1, Step: 166, accuracy: 0.7310127019882202, det loss: 0.5605257153511047, bbox loss: 0.09803543984889984, all_loss: 0.6095434427261353, lr:0.01 
2025-09-03 06:47:48.369862 : Epoch: 1, Step: 167, accuracy: 0.8047337532043457, det loss: 0.4874323010444641, bbox loss: 0.09893937408924103, all_loss: 0.5369020104408264, lr:0.01 
2025-09-03 06:47:48.391494 : Epoch: 1, Step: 168, accuracy: 0.75, det loss: 0.5446611046791077, bbox loss: 0.1895047426223755, all_loss: 0.6394134759902954, lr:0.01 
2025-09-03 06:47:48.413153 : Epoch: 1, Step: 169, accuracy: 0.7835365533828735, det loss: 0.5145288109779358, bbox loss: 0.11383651942014694, all_loss: 0.5714470744132996, lr:0.01 
2025-09-03 06:47:48.434667 : Epoch: 1, Step: 170, accuracy: 0.7843137383460999, det loss: 0.5065224766731262, bbox loss: 0.09909049421548843, all_loss: 0.556067705154419, lr:0.01 
2025-09-03 06:47:48.456454 : Epoch: 1, Step: 171, accuracy: 0.7912772297859192, det loss: 0.49306681752204895, bbox loss: 0.10475622117519379, all_loss: 0.545444905757904, lr:0.01 
2025-09-03 06:47:48.478079 : Epoch: 1, Step: 172, accuracy: 0.7584097981452942, det loss: 0.5327029228210449, bbox loss: 0.16606883704662323, all_loss: 0.6157373189926147, lr:0.01 
2025-09-03 06:47:48.499521 : Epoch: 1, Step: 173, accuracy: 0.7746031880378723, det loss: 0.5227538347244263, bbox loss: 0.10065173357725143, all_loss: 0.5730797052383423, lr:0.01 
2025-09-03 06:47:48.521061 : Epoch: 1, Step: 174, accuracy: 0.8062500357627869, det loss: 0.46643519401550293, bbox loss: 0.09015464037656784, all_loss: 0.5115125179290771, lr:0.01 
2025-09-03 06:47:48.542686 : Epoch: 1, Step: 175, accuracy: 0.7767584323883057, det loss: 0.49801427125930786, bbox loss: 0.08388113975524902, all_loss: 0.5399548411369324, lr:0.01 
2025-09-03 06:47:48.564266 : Epoch: 1, Step: 176, accuracy: 0.8392857313156128, det loss: 0.45427289605140686, bbox loss: 0.10752183943986893, all_loss: 0.508033812046051, lr:0.01 
2025-09-03 06:47:48.585886 : Epoch: 1, Step: 177, accuracy: 0.7899686098098755, det loss: 0.5089869499206543, bbox loss: 0.0992143303155899, all_loss: 0.5585941076278687, lr:0.01 
2025-09-03 06:47:48.608598 : Epoch: 1, Step: 178, accuracy: 0.8149253726005554, det loss: 0.4728805720806122, bbox loss: 0.08902668952941895, all_loss: 0.517393946647644, lr:0.01 
2025-09-03 06:47:48.630171 : Epoch: 1, Step: 179, accuracy: 0.7981072664260864, det loss: 0.4954379200935364, bbox loss: 0.08060570061206818, all_loss: 0.5357407927513123, lr:0.01 
2025-09-03 06:47:48.651963 : Epoch: 1, Step: 180, accuracy: 0.7781350612640381, det loss: 0.5156339406967163, bbox loss: 0.11113943159580231, all_loss: 0.5712036490440369, lr:0.01 
2025-09-03 06:47:48.673317 : Epoch: 1, Step: 181, accuracy: 0.8295819759368896, det loss: 0.4672447741031647, bbox loss: 0.0986940786242485, all_loss: 0.5165917873382568, lr:0.01 
2025-09-03 06:47:48.694921 : Epoch: 1, Step: 182, accuracy: 0.7912772297859192, det loss: 0.512374758720398, bbox loss: 0.0995643362402916, all_loss: 0.5621569156646729, lr:0.01 
2025-09-03 06:47:48.716510 : Epoch: 1, Step: 183, accuracy: 0.7621951103210449, det loss: 0.5345878601074219, bbox loss: 0.08259277045726776, all_loss: 0.575884222984314, lr:0.01 
2025-09-03 06:47:48.737941 : Epoch: 1, Step: 184, accuracy: 0.7957957983016968, det loss: 0.5052606463432312, bbox loss: 0.07888690382242203, all_loss: 0.5447040796279907, lr:0.01 
2025-09-03 06:47:48.759415 : Epoch: 1, Step: 185, accuracy: 0.8240740895271301, det loss: 0.4582230746746063, bbox loss: 0.09438136965036392, all_loss: 0.5054137706756592, lr:0.01 
2025-09-03 06:47:48.780993 : Epoch: 1, Step: 186, accuracy: 0.793749988079071, det loss: 0.4986111521720886, bbox loss: 0.0957629606127739, all_loss: 0.5464926362037659, lr:0.01 
2025-09-03 06:47:48.802514 : Epoch: 1, Step: 187, accuracy: 0.8198198676109314, det loss: 0.4732823669910431, bbox loss: 0.08171527087688446, all_loss: 0.5141400098800659, lr:0.01 
2025-09-03 06:47:48.824135 : Epoch: 1, Step: 188, accuracy: 0.7777777910232544, det loss: 0.4999227523803711, bbox loss: 0.08262162655591965, all_loss: 0.5412335395812988, lr:0.01 
2025-09-03 06:47:48.845744 : Epoch: 1, Step: 189, accuracy: 0.7563291192054749, det loss: 0.5194529294967651, bbox loss: 0.1061336100101471, all_loss: 0.5725197196006775, lr:0.01 
2025-09-03 06:47:48.867414 : Epoch: 1, Step: 190, accuracy: 0.7975459694862366, det loss: 0.4916348159313202, bbox loss: 0.0881156176328659, all_loss: 0.5356926321983337, lr:0.01 
2025-09-03 06:47:48.888961 : Epoch: 1, Step: 191, accuracy: 0.7911392450332642, det loss: 0.4825855791568756, bbox loss: 0.09517046064138412, all_loss: 0.5301707983016968, lr:0.01 
2025-09-03 06:47:48.910460 : Epoch: 1, Step: 192, accuracy: 0.7952522039413452, det loss: 0.4955301582813263, bbox loss: 0.11659229546785355, all_loss: 0.5538263320922852, lr:0.01 
2025-09-03 06:47:48.931949 : Epoch: 1, Step: 193, accuracy: 0.7965116500854492, det loss: 0.4946439862251282, bbox loss: 0.1030668169260025, all_loss: 0.5461773872375488, lr:0.01 
2025-09-03 06:47:48.953489 : Epoch: 1, Step: 194, accuracy: 0.800000011920929, det loss: 0.49455055594444275, bbox loss: 0.09982616454362869, all_loss: 0.5444636344909668, lr:0.01 
2025-09-03 06:47:48.974986 : Epoch: 1, Step: 195, accuracy: 0.7909090518951416, det loss: 0.5324515700340271, bbox loss: 0.07658383995294571, all_loss: 0.5707435011863708, lr:0.01 
2025-09-03 06:47:48.996405 : Epoch: 1, Step: 196, accuracy: 0.7817589044570923, det loss: 0.5067266821861267, bbox loss: 0.14273007214069366, all_loss: 0.5780917406082153, lr:0.01 
2025-09-03 06:47:49.017748 : Epoch: 1, Step: 197, accuracy: 0.8160237073898315, det loss: 0.46273255348205566, bbox loss: 0.09089018404483795, all_loss: 0.508177638053894, lr:0.01 
2025-09-03 06:47:49.039266 : Epoch: 1, Step: 198, accuracy: 0.8012820482254028, det loss: 0.48415619134902954, bbox loss: 0.08960422873497009, all_loss: 0.5289583206176758, lr:0.01 
2025-09-03 06:47:49.060761 : Epoch: 1, Step: 199, accuracy: 0.8493975400924683, det loss: 0.4245035946369171, bbox loss: 0.07815152406692505, all_loss: 0.46357935667037964, lr:0.01 
2025-09-03 06:47:49.082072 : Epoch: 1, Step: 200, accuracy: 0.792792797088623, det loss: 0.503889262676239, bbox loss: 0.06803826242685318, all_loss: 0.5379083752632141, lr:0.01 
2025-09-03 06:47:49.103475 : Epoch: 1, Step: 201, accuracy: 0.8113772869110107, det loss: 0.4784305989742279, bbox loss: 0.0743822231888771, all_loss: 0.5156217217445374, lr:0.01 
2025-09-03 06:47:49.124954 : Epoch: 1, Step: 202, accuracy: 0.7665615081787109, det loss: 0.5169462561607361, bbox loss: 0.07777543365955353, all_loss: 0.5558339953422546, lr:0.01 
2025-09-03 06:47:49.146443 : Epoch: 1, Step: 203, accuracy: 0.7439023852348328, det loss: 0.5417367815971375, bbox loss: 0.07818623632192612, all_loss: 0.580829918384552, lr:0.01 
2025-09-03 06:47:49.168066 : Epoch: 1, Step: 204, accuracy: 0.794303834438324, det loss: 0.50815749168396, bbox loss: 0.14612902700901031, all_loss: 0.5812219977378845, lr:0.01 
2025-09-03 06:47:49.189566 : Epoch: 1, Step: 205, accuracy: 0.7629870176315308, det loss: 0.5301646590232849, bbox loss: 0.09998243302106857, all_loss: 0.5801558494567871, lr:0.01 
2025-09-03 06:47:49.210908 : Epoch: 1, Step: 206, accuracy: 0.7994012236595154, det loss: 0.48746711015701294, bbox loss: 0.08177653700113297, all_loss: 0.5283553600311279, lr:0.01 
2025-09-03 06:47:49.232432 : Epoch: 1, Step: 207, accuracy: 0.7928994297981262, det loss: 0.4915224015712738, bbox loss: 0.0869666039943695, all_loss: 0.5350056886672974, lr:0.01 
2025-09-03 06:47:49.253753 : Epoch: 1, Step: 208, accuracy: 0.7682926654815674, det loss: 0.5223256349563599, bbox loss: 0.06882913410663605, all_loss: 0.5567402243614197, lr:0.01 
2025-09-03 06:47:49.275275 : Epoch: 1, Step: 209, accuracy: 0.7993921041488647, det loss: 0.4706905484199524, bbox loss: 0.08156106621026993, all_loss: 0.5114710927009583, lr:0.01 
2025-09-03 06:47:49.296861 : Epoch: 1, Step: 210, accuracy: 0.8308157324790955, det loss: 0.4085216224193573, bbox loss: 0.08024232089519501, all_loss: 0.4486427903175354, lr:0.01 
2025-09-03 06:47:49.318389 : Epoch: 1, Step: 211, accuracy: 0.8225806355476379, det loss: 0.4660119414329529, bbox loss: 0.08134391903877258, all_loss: 0.506683886051178, lr:0.01 
2025-09-03 06:47:49.339812 : Epoch: 1, Step: 212, accuracy: 0.7909090518951416, det loss: 0.49161607027053833, bbox loss: 0.07011205703020096, all_loss: 0.5266721248626709, lr:0.01 
2025-09-03 06:47:49.361187 : Epoch: 1, Step: 213, accuracy: 0.804804801940918, det loss: 0.47043919563293457, bbox loss: 0.08464603871107101, all_loss: 0.512762188911438, lr:0.01 
2025-09-03 06:47:49.382684 : Epoch: 1, Step: 214, accuracy: 0.7445482611656189, det loss: 0.532800018787384, bbox loss: 0.07477737218141556, all_loss: 0.5701887011528015, lr:0.01 
2025-09-03 06:47:49.404230 : Epoch: 1, Step: 215, accuracy: 0.7947214245796204, det loss: 0.5061626434326172, bbox loss: 0.3725357949733734, all_loss: 0.6924305558204651, lr:0.01 
2025-09-03 06:47:49.425816 : Epoch: 1, Step: 216, accuracy: 0.7955974340438843, det loss: 0.4989701807498932, bbox loss: 0.08148783445358276, all_loss: 0.5397140979766846, lr:0.01 
2025-09-03 06:47:49.447404 : Epoch: 1, Step: 217, accuracy: 0.8238806128501892, det loss: 0.4538255035877228, bbox loss: 0.07547000050544739, all_loss: 0.49156051874160767, lr:0.01 
2025-09-03 06:47:49.468956 : Epoch: 1, Step: 218, accuracy: 0.765625, det loss: 0.5161793231964111, bbox loss: 0.08606564253568649, all_loss: 0.5592121481895447, lr:0.01 
2025-09-03 06:47:49.490457 : Epoch: 1, Step: 219, accuracy: 0.7767295241355896, det loss: 0.5106861591339111, bbox loss: 0.06321774423122406, all_loss: 0.5422950387001038, lr:0.01 
2025-09-03 06:47:49.511950 : Epoch: 1, Step: 220, accuracy: 0.7766667008399963, det loss: 0.5064831376075745, bbox loss: 0.1810842603445053, all_loss: 0.5970252752304077, lr:0.01 
2025-09-03 06:47:49.533374 : Epoch: 1, Step: 221, accuracy: 0.7867867946624756, det loss: 0.4819777309894562, bbox loss: 0.07101305574178696, all_loss: 0.5174842476844788, lr:0.01 
2025-09-03 06:47:49.554974 : Epoch: 1, Step: 222, accuracy: 0.7758111953735352, det loss: 0.5106667280197144, bbox loss: 0.08420352637767792, all_loss: 0.5527684688568115, lr:0.01 
2025-09-03 06:47:49.576375 : Epoch: 1, Step: 223, accuracy: 0.7962962985038757, det loss: 0.4711596965789795, bbox loss: 0.07538522779941559, all_loss: 0.5088523030281067, lr:0.01 
