--------------+------------------------------------------------
 Host IP      | 10.244.32.103
 PyTorch      | 2.4.0a0+git4451b0e
 Torch-SDAA   | 20250616.14.30.dev0+git35328dc
--------------+------------------------------------------------
 SDAA Driver  | 2.1.0 (N/A)
 SDAA Runtime | 2.1.0 (/opt/tecoai/lib64/libsdaart.so)
 SDPTI        | 1.4.0b0 (/opt/tecoai/lib64/libsdpti.so)
 TecoDNN      | 2.2.0b0 (/opt/tecoai/lib64/libtecodnn.so)
 TecoBLAS     | 2.2.0b0 (/opt/tecoai/lib64/libtecoblas.so)
 CustomDNN    | 1.20.0a0 (/opt/tecoai/lib64/libtecodnn_ext.so)
 TecoRAND     | 2.0.1 (/opt/tecoai/lib64/libtecorand.so)
 TCCL         | 1.23.0 (/opt/tecoai/lib64/libtccl.so)
--------------+------------------------------------------------
/data/bigc-data/lsq/torch_env_vgg/lib/python3.10/site-packages/torch/distributed/launch.py:208: FutureWarning: The module torch.distributed.launch is deprecated
and will be removed in future. Use torchrun.
Note that --use-env is set by default in torchrun.
If your script expects `--local-rank` argument to be set, please
change it to read from `os.environ['LOCAL_RANK']` instead. See 
https://pytorch.org/docs/stable/distributed.html#launch-utility for 
further instructions

  main()
--------------+------------------------------------------------
 Host IP      | 10.244.32.103
 PyTorch      | 2.4.0a0+git4451b0e
 Torch-SDAA   | 20250616.14.30.dev0+git35328dc
--------------+------------------------------------------------
 SDAA Driver  | 2.1.0 (N/A)
 SDAA Runtime | 2.1.0 (/opt/tecoai/lib64/libsdaart.so)
 SDPTI        | 1.4.0b0 (/opt/tecoai/lib64/libsdpti.so)
 TecoDNN      | 2.2.0b0 (/opt/tecoai/lib64/libtecodnn.so)
 TecoBLAS     | 2.2.0b0 (/opt/tecoai/lib64/libtecoblas.so)
 CustomDNN    | 1.20.0a0 (/opt/tecoai/lib64/libtecodnn_ext.so)
 TecoRAND     | 2.0.1 (/opt/tecoai/lib64/libtecorand.so)
 TCCL         | 1.23.0 (/opt/tecoai/lib64/libtccl.so)
--------------+------------------------------------------------
/data/bigc-data/lsq/torch_env_vgg/lib/python3.10/site-packages/mmengine/optim/optimizer/zero_optimizer.py:11: DeprecationWarning: `TorchScript` support for functional optimizers is deprecated and will be removed in a future PyTorch release. Consider using the `torch.compile` optimizer instead.
  from torch.distributed.optim import \
/data/bigc-data/lsq/torch_env_vgg/lib/python3.10/site-packages/mmengine/utils/dl_utils/setup_env.py:46: UserWarning: Setting OMP_NUM_THREADS environment variable for each process to be 1 in default, to avoid your system being overloaded, please further tune the variable for optimal performance in your application as needed.
  warnings.warn(
/data/bigc-data/lsq/torch_env_vgg/lib/python3.10/site-packages/mmengine/utils/dl_utils/setup_env.py:56: UserWarning: Setting MKL_NUM_THREADS environment variable for each process to be 1 in default, to avoid your system being overloaded, please further tune the variable for optimal performance in your application as needed.
  warnings.warn(
06/19 04:51:33 - mmengine - INFO - 
------------------------------------------------------------
System environment:
    sys.platform: linux
    Python: 3.10.16 (main, Dec 11 2024, 16:24:50) [GCC 11.2.0]
    CUDA available: False
    MUSA available: False
    numpy_random_seed: 976825616
    GCC: gcc (Ubuntu 11.4.0-1ubuntu1~22.04) 11.4.0
    PyTorch: 2.4.0a0+git4451b0e
    PyTorch compiling details: PyTorch built with:
  - GCC 11.5
  - C++ Version: 201703
  - Intel(R) oneAPI Math Kernel Library Version 2025.0-Product Build 20241009 for Intel(R) 64 architecture applications
  - Intel(R) MKL-DNN v3.4.2 (Git Hash 1137e04ec0b5251ca2b4400a4fd3c667ce843d67)
  - OpenMP 201511 (a.k.a. OpenMP 4.5)
  - LAPACK is enabled (usually provided by MKL)
  - NNPACK is enabled
  - CPU capability usage: AVX512
  - Build settings: BLAS_INFO=mkl, BUILD_TYPE=Release, CXX_COMPILER=/usr/bin/g++, CXX_FLAGS= -D_GLIBCXX_USE_CXX11_ABI=1 -fvisibility-inlines-hidden -DUSE_PTHREADPOOL -DNDEBUG -DUSE_KINETO -DLIBKINETO_NOCUPTI -DLIBKINETO_NOROCTRACER -DUSE_FBGEMM -DUSE_PYTORCH_QNNPACK -DUSE_XNNPACK -DSYMBOLICATE_MOBILE_DEBUG_HANDLE -O2 -fPIC -Wall -Wextra -Werror=return-type -Werror=non-virtual-dtor -Werror=range-loop-construct -Werror=bool-operation -Wnarrowing -Wno-missing-field-initializers -Wno-type-limits -Wno-array-bounds -Wno-unknown-pragmas -Wno-unused-parameter -Wno-unused-function -Wno-unused-result -Wno-strict-overflow -Wno-strict-aliasing -Wno-stringop-overflow -Wsuggest-override -Wno-psabi -Wno-error=pedantic -Wno-error=old-style-cast -Wno-missing-braces -fdiagnostics-color=always -faligned-new -Wno-unused-but-set-variable -Wno-maybe-uninitialized -fno-math-errno -fno-trapping-math -Werror=format -Wno-stringop-overflow, FORCE_FALLBACK_CUDA_MPI=1, LAPACK_INFO=mkl, PERF_WITH_AVX=1, PERF_WITH_AVX2=1, PERF_WITH_AVX512=1, TORCH_VERSION=2.4.0, USE_CUDA=OFF, USE_CUDNN=OFF, USE_CUSPARSELT=OFF, USE_EXCEPTION_PTR=1, USE_GFLAGS=OFF, USE_GLOG=OFF, USE_GLOO=ON, USE_MKL=ON, USE_MKLDNN=1, USE_MPI=ON, USE_NCCL=OFF, USE_NNPACK=ON, USE_OPENMP=ON, USE_ROCM=OFF, USE_ROCM_KERNEL_ASSERT=OFF, 

    TorchVision: 0.15.1a0+42759b1
    OpenCV: 4.11.0
    MMEngine: 0.10.4

Runtime environment:
    cudnn_benchmark: False
    mp_cfg: {'mp_start_method': 'fork', 'opencv_num_threads': 0}
    dist_cfg: {'backend': 'tccl'}
    seed: 976825616
    deterministic: False
    Distributed launcher: pytorch
    Distributed training: True
    GPU number: 1
------------------------------------------------------------

06/19 04:51:33 - mmengine - INFO - Config:
auto_scale_lr = dict(base_batch_size=1024)
data_preprocessor = dict(
    mean=[
        123.675,
        116.28,
        103.53,
    ],
    num_classes=1000,
    std=[
        58.395,
        57.12,
        57.375,
    ],
    to_rgb=True)
dataset_type = 'ImageNet'
default_hooks = dict(
    checkpoint=dict(interval=1, type='CheckpointHook'),
    logger=dict(interval=100, type='LoggerHook'),
    param_scheduler=dict(type='ParamSchedulerHook'),
    sampler_seed=dict(type='DistSamplerSeedHook'),
    timer=dict(type='IterTimerHook'),
    visualization=dict(enable=False, type='VisualizationHook'))
default_scope = 'mmpretrain'
env_cfg = dict(
    cudnn_benchmark=False,
    dist_cfg=dict(backend='nccl'),
    mp_cfg=dict(mp_start_method='fork', opencv_num_threads=0))
launcher = 'pytorch'
load_from = None
log_level = 'INFO'
model = dict(
    backbone=dict(groups=3, type='ShuffleNetV1'),
    head=dict(
        in_channels=960,
        loss=dict(loss_weight=1.0, type='CrossEntropyLoss'),
        num_classes=1000,
        topk=(
            1,
            5,
        ),
        type='LinearClsHead'),
    neck=dict(type='GlobalAveragePooling'),
    type='ImageClassifier')
optim_wrapper = dict(
    loss_scale='dynamic',
    optimizer=dict(lr=0.5, momentum=0.9, type='SGD', weight_decay=4e-05),
    paramwise_cfg=dict(norm_decay_mult=0),
    type='AmpOptimWrapper')
param_scheduler = [
    dict(begin=0, by_epoch=False, end=5000, factor=0.1, type='ConstantLR'),
    dict(begin=5000, by_epoch=False, eta_min=0, type='PolyLR'),
]
randomness = dict(deterministic=False, seed=None)
resume = False
test_cfg = dict()
test_dataloader = dict(
    batch_size=64,
    collate_fn=dict(type='default_collate'),
    dataset=dict(
        data_root='data/imagenet',
        pipeline=[
            dict(type='LoadImageFromFile'),
            dict(backend='pillow', edge='short', scale=256, type='ResizeEdge'),
            dict(crop_size=224, type='CenterCrop'),
            dict(type='PackInputs'),
        ],
        split='val',
        type='ImageNet'),
    num_workers=5,
    persistent_workers=True,
    pin_memory=True,
    sampler=dict(shuffle=False, type='DefaultSampler'))
test_evaluator = dict(
    topk=(
        1,
        5,
    ), type='Accuracy')
test_pipeline = [
    dict(type='LoadImageFromFile'),
    dict(backend='pillow', edge='short', scale=256, type='ResizeEdge'),
    dict(crop_size=224, type='CenterCrop'),
    dict(type='PackInputs'),
]
train_cfg = dict(by_epoch=True, max_epochs=300, val_interval=1)
train_dataloader = dict(
    batch_size=64,
    collate_fn=dict(type='default_collate'),
    dataset=dict(
        data_root='/data/teco-data/imagenet',
        pipeline=[
            dict(type='LoadImageFromFile'),
            dict(backend='pillow', scale=224, type='RandomResizedCrop'),
            dict(direction='horizontal', prob=0.5, type='RandomFlip'),
            dict(type='PackInputs'),
        ],
        split='train',
        type='ImageNet'),
    num_workers=5,
    persistent_workers=True,
    pin_memory=True,
    sampler=dict(shuffle=True, type='DefaultSampler'))
train_pipeline = [
    dict(type='LoadImageFromFile'),
    dict(backend='pillow', scale=224, type='RandomResizedCrop'),
    dict(direction='horizontal', prob=0.5, type='RandomFlip'),
    dict(type='PackInputs'),
]
val_cfg = dict()
val_dataloader = dict(
    batch_size=64,
    collate_fn=dict(type='default_collate'),
    dataset=dict(
        data_root='/data/teco-data/imagenet',
        pipeline=[
            dict(type='LoadImageFromFile'),
            dict(backend='pillow', edge='short', scale=256, type='ResizeEdge'),
            dict(crop_size=224, type='CenterCrop'),
            dict(type='PackInputs'),
        ],
        split='val',
        type='ImageNet'),
    num_workers=5,
    persistent_workers=True,
    pin_memory=True,
    sampler=dict(shuffle=False, type='DefaultSampler'))
val_evaluator = dict(
    topk=(
        1,
        5,
    ), type='Accuracy')
vis_backends = [
    dict(type='LocalVisBackend'),
]
visualizer = dict(
    type='UniversalVisualizer', vis_backends=[
        dict(type='LocalVisBackend'),
    ])
work_dir = './work_dirs/shufflenet-v1-1x_16xb64_in1k'

06/19 04:51:37 - mmengine - INFO - Hooks will be executed in the following order:
before_run:
(VERY_HIGH   ) RuntimeInfoHook                    
(BELOW_NORMAL) LoggerHook                         
 -------------------- 
before_train:
(VERY_HIGH   ) RuntimeInfoHook                    
(NORMAL      ) IterTimerHook                      
(VERY_LOW    ) CheckpointHook                     
 -------------------- 
before_train_epoch:
(VERY_HIGH   ) RuntimeInfoHook                    
(NORMAL      ) IterTimerHook                      
(NORMAL      ) DistSamplerSeedHook                
 -------------------- 
before_train_iter:
(VERY_HIGH   ) RuntimeInfoHook                    
(NORMAL      ) IterTimerHook                      
 -------------------- 
after_train_iter:
(VERY_HIGH   ) RuntimeInfoHook                    
(NORMAL      ) IterTimerHook                      
(BELOW_NORMAL) LoggerHook                         
(LOW         ) ParamSchedulerHook                 
(VERY_LOW    ) CheckpointHook                     
 -------------------- 
after_train_epoch:
(NORMAL      ) IterTimerHook                      
(LOW         ) ParamSchedulerHook                 
(VERY_LOW    ) CheckpointHook                     
 -------------------- 
before_val:
(VERY_HIGH   ) RuntimeInfoHook                    
 -------------------- 
before_val_epoch:
(NORMAL      ) IterTimerHook                      
 -------------------- 
before_val_iter:
(NORMAL      ) IterTimerHook                      
 -------------------- 
after_val_iter:
(NORMAL      ) IterTimerHook                      
(NORMAL      ) VisualizationHook                  
(BELOW_NORMAL) LoggerHook                         
 -------------------- 
after_val_epoch:
(VERY_HIGH   ) RuntimeInfoHook                    
(NORMAL      ) IterTimerHook                      
(BELOW_NORMAL) LoggerHook                         
(LOW         ) ParamSchedulerHook                 
(VERY_LOW    ) CheckpointHook                     
 -------------------- 
after_val:
(VERY_HIGH   ) RuntimeInfoHook                    
 -------------------- 
after_train:
(VERY_HIGH   ) RuntimeInfoHook                    
(VERY_LOW    ) CheckpointHook                     
 -------------------- 
before_test:
(VERY_HIGH   ) RuntimeInfoHook                    
 -------------------- 
before_test_epoch:
(NORMAL      ) IterTimerHook                      
 -------------------- 
before_test_iter:
(NORMAL      ) IterTimerHook                      
 -------------------- 
after_test_iter:
(NORMAL      ) IterTimerHook                      
(NORMAL      ) VisualizationHook                  
(BELOW_NORMAL) LoggerHook                         
 -------------------- 
after_test_epoch:
(VERY_HIGH   ) RuntimeInfoHook                    
(NORMAL      ) IterTimerHook                      
(BELOW_NORMAL) LoggerHook                         
 -------------------- 
after_test:
(VERY_HIGH   ) RuntimeInfoHook                    
 -------------------- 
after_run:
(BELOW_NORMAL) LoggerHook                         
 -------------------- 
/data/bigc-data/lsq/torch_env_vgg/lib/python3.10/site-packages/albumentations/check_version.py:147: UserWarning: Error fetching version info The read operation timed out
  data = fetch_version_info()
06/19 04:51:59 - mmengine - INFO - paramwise_options -- backbone.conv1.bn.weight:weight_decay=0.0
06/19 04:51:59 - mmengine - INFO - paramwise_options -- backbone.conv1.bn.bias:weight_decay=0.0
06/19 04:51:59 - mmengine - INFO - paramwise_options -- backbone.layers.0.0.g_conv_1x1_compress.bn.weight:weight_decay=0.0
06/19 04:51:59 - mmengine - INFO - paramwise_options -- backbone.layers.0.0.g_conv_1x1_compress.bn.bias:weight_decay=0.0
06/19 04:51:59 - mmengine - INFO - paramwise_options -- backbone.layers.0.0.depthwise_conv3x3_bn.bn.weight:weight_decay=0.0
06/19 04:51:59 - mmengine - INFO - paramwise_options -- backbone.layers.0.0.depthwise_conv3x3_bn.bn.bias:weight_decay=0.0
06/19 04:51:59 - mmengine - INFO - paramwise_options -- backbone.layers.0.0.g_conv_1x1_expand.bn.weight:weight_decay=0.0
06/19 04:51:59 - mmengine - INFO - paramwise_options -- backbone.layers.0.0.g_conv_1x1_expand.bn.bias:weight_decay=0.0
06/19 04:51:59 - mmengine - INFO - paramwise_options -- backbone.layers.0.1.g_conv_1x1_compress.bn.weight:weight_decay=0.0
06/19 04:51:59 - mmengine - INFO - paramwise_options -- backbone.layers.0.1.g_conv_1x1_compress.bn.bias:weight_decay=0.0
06/19 04:51:59 - mmengine - INFO - paramwise_options -- backbone.layers.0.1.depthwise_conv3x3_bn.bn.weight:weight_decay=0.0
06/19 04:51:59 - mmengine - INFO - paramwise_options -- backbone.layers.0.1.depthwise_conv3x3_bn.bn.bias:weight_decay=0.0
06/19 04:51:59 - mmengine - INFO - paramwise_options -- backbone.layers.0.1.g_conv_1x1_expand.bn.weight:weight_decay=0.0
06/19 04:51:59 - mmengine - INFO - paramwise_options -- backbone.layers.0.1.g_conv_1x1_expand.bn.bias:weight_decay=0.0
06/19 04:51:59 - mmengine - INFO - paramwise_options -- backbone.layers.0.2.g_conv_1x1_compress.bn.weight:weight_decay=0.0
06/19 04:51:59 - mmengine - INFO - paramwise_options -- backbone.layers.0.2.g_conv_1x1_compress.bn.bias:weight_decay=0.0
06/19 04:51:59 - mmengine - INFO - paramwise_options -- backbone.layers.0.2.depthwise_conv3x3_bn.bn.weight:weight_decay=0.0
06/19 04:51:59 - mmengine - INFO - paramwise_options -- backbone.layers.0.2.depthwise_conv3x3_bn.bn.bias:weight_decay=0.0
06/19 04:51:59 - mmengine - INFO - paramwise_options -- backbone.layers.0.2.g_conv_1x1_expand.bn.weight:weight_decay=0.0
06/19 04:51:59 - mmengine - INFO - paramwise_options -- backbone.layers.0.2.g_conv_1x1_expand.bn.bias:weight_decay=0.0
06/19 04:51:59 - mmengine - INFO - paramwise_options -- backbone.layers.0.3.g_conv_1x1_compress.bn.weight:weight_decay=0.0
06/19 04:51:59 - mmengine - INFO - paramwise_options -- backbone.layers.0.3.g_conv_1x1_compress.bn.bias:weight_decay=0.0
06/19 04:51:59 - mmengine - INFO - paramwise_options -- backbone.layers.0.3.depthwise_conv3x3_bn.bn.weight:weight_decay=0.0
06/19 04:51:59 - mmengine - INFO - paramwise_options -- backbone.layers.0.3.depthwise_conv3x3_bn.bn.bias:weight_decay=0.0
06/19 04:51:59 - mmengine - INFO - paramwise_options -- backbone.layers.0.3.g_conv_1x1_expand.bn.weight:weight_decay=0.0
06/19 04:51:59 - mmengine - INFO - paramwise_options -- backbone.layers.0.3.g_conv_1x1_expand.bn.bias:weight_decay=0.0
06/19 04:51:59 - mmengine - INFO - paramwise_options -- backbone.layers.1.0.g_conv_1x1_compress.bn.weight:weight_decay=0.0
06/19 04:51:59 - mmengine - INFO - paramwise_options -- backbone.layers.1.0.g_conv_1x1_compress.bn.bias:weight_decay=0.0
06/19 04:51:59 - mmengine - INFO - paramwise_options -- backbone.layers.1.0.depthwise_conv3x3_bn.bn.weight:weight_decay=0.0
06/19 04:51:59 - mmengine - INFO - paramwise_options -- backbone.layers.1.0.depthwise_conv3x3_bn.bn.bias:weight_decay=0.0
06/19 04:51:59 - mmengine - INFO - paramwise_options -- backbone.layers.1.0.g_conv_1x1_expand.bn.weight:weight_decay=0.0
06/19 04:51:59 - mmengine - INFO - paramwise_options -- backbone.layers.1.0.g_conv_1x1_expand.bn.bias:weight_decay=0.0
06/19 04:51:59 - mmengine - INFO - paramwise_options -- backbone.layers.1.1.g_conv_1x1_compress.bn.weight:weight_decay=0.0
06/19 04:51:59 - mmengine - INFO - paramwise_options -- backbone.layers.1.1.g_conv_1x1_compress.bn.bias:weight_decay=0.0
06/19 04:51:59 - mmengine - INFO - paramwise_options -- backbone.layers.1.1.depthwise_conv3x3_bn.bn.weight:weight_decay=0.0
06/19 04:51:59 - mmengine - INFO - paramwise_options -- backbone.layers.1.1.depthwise_conv3x3_bn.bn.bias:weight_decay=0.0
06/19 04:51:59 - mmengine - INFO - paramwise_options -- backbone.layers.1.1.g_conv_1x1_expand.bn.weight:weight_decay=0.0
06/19 04:51:59 - mmengine - INFO - paramwise_options -- backbone.layers.1.1.g_conv_1x1_expand.bn.bias:weight_decay=0.0
06/19 04:51:59 - mmengine - INFO - paramwise_options -- backbone.layers.1.2.g_conv_1x1_compress.bn.weight:weight_decay=0.0
06/19 04:51:59 - mmengine - INFO - paramwise_options -- backbone.layers.1.2.g_conv_1x1_compress.bn.bias:weight_decay=0.0
06/19 04:51:59 - mmengine - INFO - paramwise_options -- backbone.layers.1.2.depthwise_conv3x3_bn.bn.weight:weight_decay=0.0
06/19 04:51:59 - mmengine - INFO - paramwise_options -- backbone.layers.1.2.depthwise_conv3x3_bn.bn.bias:weight_decay=0.0
06/19 04:51:59 - mmengine - INFO - paramwise_options -- backbone.layers.1.2.g_conv_1x1_expand.bn.weight:weight_decay=0.0
06/19 04:51:59 - mmengine - INFO - paramwise_options -- backbone.layers.1.2.g_conv_1x1_expand.bn.bias:weight_decay=0.0
06/19 04:51:59 - mmengine - INFO - paramwise_options -- backbone.layers.1.3.g_conv_1x1_compress.bn.weight:weight_decay=0.0
06/19 04:51:59 - mmengine - INFO - paramwise_options -- backbone.layers.1.3.g_conv_1x1_compress.bn.bias:weight_decay=0.0
06/19 04:51:59 - mmengine - INFO - paramwise_options -- backbone.layers.1.3.depthwise_conv3x3_bn.bn.weight:weight_decay=0.0
06/19 04:51:59 - mmengine - INFO - paramwise_options -- backbone.layers.1.3.depthwise_conv3x3_bn.bn.bias:weight_decay=0.0
06/19 04:51:59 - mmengine - INFO - paramwise_options -- backbone.layers.1.3.g_conv_1x1_expand.bn.weight:weight_decay=0.0
06/19 04:51:59 - mmengine - INFO - paramwise_options -- backbone.layers.1.3.g_conv_1x1_expand.bn.bias:weight_decay=0.0
06/19 04:51:59 - mmengine - INFO - paramwise_options -- backbone.layers.1.4.g_conv_1x1_compress.bn.weight:weight_decay=0.0
06/19 04:51:59 - mmengine - INFO - paramwise_options -- backbone.layers.1.4.g_conv_1x1_compress.bn.bias:weight_decay=0.0
06/19 04:51:59 - mmengine - INFO - paramwise_options -- backbone.layers.1.4.depthwise_conv3x3_bn.bn.weight:weight_decay=0.0
06/19 04:51:59 - mmengine - INFO - paramwise_options -- backbone.layers.1.4.depthwise_conv3x3_bn.bn.bias:weight_decay=0.0
06/19 04:51:59 - mmengine - INFO - paramwise_options -- backbone.layers.1.4.g_conv_1x1_expand.bn.weight:weight_decay=0.0
06/19 04:51:59 - mmengine - INFO - paramwise_options -- backbone.layers.1.4.g_conv_1x1_expand.bn.bias:weight_decay=0.0
06/19 04:51:59 - mmengine - INFO - paramwise_options -- backbone.layers.1.5.g_conv_1x1_compress.bn.weight:weight_decay=0.0
06/19 04:51:59 - mmengine - INFO - paramwise_options -- backbone.layers.1.5.g_conv_1x1_compress.bn.bias:weight_decay=0.0
06/19 04:51:59 - mmengine - INFO - paramwise_options -- backbone.layers.1.5.depthwise_conv3x3_bn.bn.weight:weight_decay=0.0
06/19 04:51:59 - mmengine - INFO - paramwise_options -- backbone.layers.1.5.depthwise_conv3x3_bn.bn.bias:weight_decay=0.0
06/19 04:51:59 - mmengine - INFO - paramwise_options -- backbone.layers.1.5.g_conv_1x1_expand.bn.weight:weight_decay=0.0
06/19 04:51:59 - mmengine - INFO - paramwise_options -- backbone.layers.1.5.g_conv_1x1_expand.bn.bias:weight_decay=0.0
06/19 04:51:59 - mmengine - INFO - paramwise_options -- backbone.layers.1.6.g_conv_1x1_compress.bn.weight:weight_decay=0.0
06/19 04:51:59 - mmengine - INFO - paramwise_options -- backbone.layers.1.6.g_conv_1x1_compress.bn.bias:weight_decay=0.0
06/19 04:51:59 - mmengine - INFO - paramwise_options -- backbone.layers.1.6.depthwise_conv3x3_bn.bn.weight:weight_decay=0.0
06/19 04:51:59 - mmengine - INFO - paramwise_options -- backbone.layers.1.6.depthwise_conv3x3_bn.bn.bias:weight_decay=0.0
06/19 04:51:59 - mmengine - INFO - paramwise_options -- backbone.layers.1.6.g_conv_1x1_expand.bn.weight:weight_decay=0.0
06/19 04:51:59 - mmengine - INFO - paramwise_options -- backbone.layers.1.6.g_conv_1x1_expand.bn.bias:weight_decay=0.0
06/19 04:51:59 - mmengine - INFO - paramwise_options -- backbone.layers.1.7.g_conv_1x1_compress.bn.weight:weight_decay=0.0
06/19 04:51:59 - mmengine - INFO - paramwise_options -- backbone.layers.1.7.g_conv_1x1_compress.bn.bias:weight_decay=0.0
06/19 04:51:59 - mmengine - INFO - paramwise_options -- backbone.layers.1.7.depthwise_conv3x3_bn.bn.weight:weight_decay=0.0
06/19 04:51:59 - mmengine - INFO - paramwise_options -- backbone.layers.1.7.depthwise_conv3x3_bn.bn.bias:weight_decay=0.0
06/19 04:51:59 - mmengine - INFO - paramwise_options -- backbone.layers.1.7.g_conv_1x1_expand.bn.weight:weight_decay=0.0
06/19 04:51:59 - mmengine - INFO - paramwise_options -- backbone.layers.1.7.g_conv_1x1_expand.bn.bias:weight_decay=0.0
06/19 04:51:59 - mmengine - INFO - paramwise_options -- backbone.layers.2.0.g_conv_1x1_compress.bn.weight:weight_decay=0.0
06/19 04:51:59 - mmengine - INFO - paramwise_options -- backbone.layers.2.0.g_conv_1x1_compress.bn.bias:weight_decay=0.0
06/19 04:51:59 - mmengine - INFO - paramwise_options -- backbone.layers.2.0.depthwise_conv3x3_bn.bn.weight:weight_decay=0.0
06/19 04:51:59 - mmengine - INFO - paramwise_options -- backbone.layers.2.0.depthwise_conv3x3_bn.bn.bias:weight_decay=0.0
06/19 04:51:59 - mmengine - INFO - paramwise_options -- backbone.layers.2.0.g_conv_1x1_expand.bn.weight:weight_decay=0.0
06/19 04:51:59 - mmengine - INFO - paramwise_options -- backbone.layers.2.0.g_conv_1x1_expand.bn.bias:weight_decay=0.0
06/19 04:51:59 - mmengine - INFO - paramwise_options -- backbone.layers.2.1.g_conv_1x1_compress.bn.weight:weight_decay=0.0
06/19 04:51:59 - mmengine - INFO - paramwise_options -- backbone.layers.2.1.g_conv_1x1_compress.bn.bias:weight_decay=0.0
06/19 04:51:59 - mmengine - INFO - paramwise_options -- backbone.layers.2.1.depthwise_conv3x3_bn.bn.weight:weight_decay=0.0
06/19 04:51:59 - mmengine - INFO - paramwise_options -- backbone.layers.2.1.depthwise_conv3x3_bn.bn.bias:weight_decay=0.0
06/19 04:51:59 - mmengine - INFO - paramwise_options -- backbone.layers.2.1.g_conv_1x1_expand.bn.weight:weight_decay=0.0
06/19 04:51:59 - mmengine - INFO - paramwise_options -- backbone.layers.2.1.g_conv_1x1_expand.bn.bias:weight_decay=0.0
06/19 04:51:59 - mmengine - INFO - paramwise_options -- backbone.layers.2.2.g_conv_1x1_compress.bn.weight:weight_decay=0.0
06/19 04:51:59 - mmengine - INFO - paramwise_options -- backbone.layers.2.2.g_conv_1x1_compress.bn.bias:weight_decay=0.0
06/19 04:51:59 - mmengine - INFO - paramwise_options -- backbone.layers.2.2.depthwise_conv3x3_bn.bn.weight:weight_decay=0.0
06/19 04:51:59 - mmengine - INFO - paramwise_options -- backbone.layers.2.2.depthwise_conv3x3_bn.bn.bias:weight_decay=0.0
06/19 04:51:59 - mmengine - INFO - paramwise_options -- backbone.layers.2.2.g_conv_1x1_expand.bn.weight:weight_decay=0.0
06/19 04:51:59 - mmengine - INFO - paramwise_options -- backbone.layers.2.2.g_conv_1x1_expand.bn.bias:weight_decay=0.0
06/19 04:51:59 - mmengine - INFO - paramwise_options -- backbone.layers.2.3.g_conv_1x1_compress.bn.weight:weight_decay=0.0
06/19 04:51:59 - mmengine - INFO - paramwise_options -- backbone.layers.2.3.g_conv_1x1_compress.bn.bias:weight_decay=0.0
06/19 04:51:59 - mmengine - INFO - paramwise_options -- backbone.layers.2.3.depthwise_conv3x3_bn.bn.weight:weight_decay=0.0
06/19 04:51:59 - mmengine - INFO - paramwise_options -- backbone.layers.2.3.depthwise_conv3x3_bn.bn.bias:weight_decay=0.0
06/19 04:51:59 - mmengine - INFO - paramwise_options -- backbone.layers.2.3.g_conv_1x1_expand.bn.weight:weight_decay=0.0
06/19 04:51:59 - mmengine - INFO - paramwise_options -- backbone.layers.2.3.g_conv_1x1_expand.bn.bias:weight_decay=0.0
06/19 04:52:00 - mmengine - WARNING - "FileClient" will be deprecated in future. Please use io functions in https://mmengine.readthedocs.io/en/latest/api/fileio.html#file-io
06/19 04:52:00 - mmengine - WARNING - "HardDiskBackend" is the alias of "LocalBackend" and the former will be deprecated in future.
06/19 04:52:00 - mmengine - INFO - Checkpoints will be saved to /data/bigc-data/lsq/sunhn/Shufflenet_V1/run_scripts/work_dirs/shufflenet-v1-1x_16xb64_in1k.
TCAPPDLL 2025-06-19 04:52:02.391936 - Epoch: 0 Iteration: 0  rank : 0  train.loss : 7.1409912109375  train.ips : 39.33516755974815 imgs/s train.total_time : 1.6270427703857422 
TCAPPDLL 2025-06-19 04:52:02.698563 - Epoch: 0 Iteration: 1  rank : 0  train.loss : 7.21905517578125  train.ips : 208.8878084462325 imgs/s train.total_time : 0.3063845634460449 
TCAPPDLL 2025-06-19 04:52:03.002928 - Epoch: 0 Iteration: 2  rank : 0  train.loss : 7.67669677734375  train.ips : 210.40015111695652 imgs/s train.total_time : 0.3041822910308838 
TCAPPDLL 2025-06-19 04:52:03.295413 - Epoch: 0 Iteration: 3  rank : 0  train.loss : 8.6875  train.ips : 218.97243057475933 imgs/s train.total_time : 0.29227423667907715 
TCAPPDLL 2025-06-19 04:52:03.609737 - Epoch: 0 Iteration: 4  rank : 0  train.loss : 8.94097900390625  train.ips : 203.76185177144643 imgs/s train.total_time : 0.31409215927124023 
TCAPPDLL 2025-06-19 04:52:03.922774 - Epoch: 0 Iteration: 5  rank : 0  train.loss : 8.869110107421875  train.ips : 204.56480166922339 imgs/s train.total_time : 0.31285929679870605 
TCAPPDLL 2025-06-19 04:52:04.224557 - Epoch: 0 Iteration: 6  rank : 0  train.loss : 8.9173583984375  train.ips : 212.18349076364902 imgs/s train.total_time : 0.30162572860717773 
TCAPPDLL 2025-06-19 04:52:04.512203 - Epoch: 0 Iteration: 7  rank : 0  train.loss : 9.3350830078125  train.ips : 222.60600044614833 imgs/s train.total_time : 0.2875034809112549 
TCAPPDLL 2025-06-19 04:52:04.811294 - Epoch: 0 Iteration: 8  rank : 0  train.loss : 9.32684326171875  train.ips : 214.10468048857913 imgs/s train.total_time : 0.2989192008972168 
TCAPPDLL 2025-06-19 04:52:05.111469 - Epoch: 0 Iteration: 9  rank : 0  train.loss : 9.266357421875  train.ips : 213.33658859133797 imgs/s train.total_time : 0.29999542236328125 
TCAPPDLL 2025-06-19 04:52:05.425419 - Epoch: 0 Iteration: 10  rank : 0  train.loss : 9.58599853515625  train.ips : 203.96668578918374 imgs/s train.total_time : 0.31377673149108887 
TCAPPDLL 2025-06-19 04:52:05.746946 - Epoch: 0 Iteration: 11  rank : 0  train.loss : 9.571685791015625  train.ips : 199.1649059025601 imgs/s train.total_time : 0.32134175300598145 
TCAPPDLL 2025-06-19 04:52:06.055654 - Epoch: 0 Iteration: 12  rank : 0  train.loss : 9.3704833984375  train.ips : 207.4440121977042 imgs/s train.total_time : 0.3085169792175293 
TCAPPDLL 2025-06-19 04:52:06.357351 - Epoch: 0 Iteration: 13  rank : 0  train.loss : 10.034912109375  train.ips : 212.2734264661459 imgs/s train.total_time : 0.3014979362487793 
TCAPPDLL 2025-06-19 04:52:06.653327 - Epoch: 0 Iteration: 14  rank : 0  train.loss : 9.4293212890625  train.ips : 216.38405514968753 imgs/s train.total_time : 0.29577040672302246 
TCAPPDLL 2025-06-19 04:52:06.949858 - Epoch: 0 Iteration: 15  rank : 0  train.loss : 8.65673828125  train.ips : 215.99665265502392 imgs/s train.total_time : 0.29630088806152344 
TCAPPDLL 2025-06-19 04:52:07.251384 - Epoch: 0 Iteration: 16  rank : 0  train.loss : 8.87579345703125  train.ips : 212.39654038759622 imgs/s train.total_time : 0.30132317543029785 
TCAPPDLL 2025-06-19 04:52:07.544981 - Epoch: 0 Iteration: 17  rank : 0  train.loss : 9.91064453125  train.ips : 218.16287559856832 imgs/s train.total_time : 0.29335880279541016 
TCAPPDLL 2025-06-19 04:52:07.853800 - Epoch: 0 Iteration: 18  rank : 0  train.loss : 8.8548583984375  train.ips : 207.40250009078454 imgs/s train.total_time : 0.3085787296295166 
TCAPPDLL 2025-06-19 04:52:08.158048 - Epoch: 0 Iteration: 19  rank : 0  train.loss : 8.85919189453125  train.ips : 210.5072334659155 imgs/s train.total_time : 0.3040275573730469 
TCAPPDLL 2025-06-19 04:52:08.470645 - Epoch: 0 Iteration: 20  rank : 0  train.loss : 9.40167236328125  train.ips : 204.89473129819237 imgs/s train.total_time : 0.31235551834106445 
TCAPPDLL 2025-06-19 04:52:08.758589 - Epoch: 0 Iteration: 21  rank : 0  train.loss : 8.8729248046875  train.ips : 222.44938453302572 imgs/s train.total_time : 0.2877058982849121 
TCAPPDLL 2025-06-19 04:52:09.051007 - Epoch: 0 Iteration: 22  rank : 0  train.loss : 8.31890869140625  train.ips : 219.03746890103247 imgs/s train.total_time : 0.2921874523162842 
TCAPPDLL 2025-06-19 04:52:09.358773 - Epoch: 0 Iteration: 23  rank : 0  train.loss : 8.1898193359375  train.ips : 208.09611468271473 imgs/s train.total_time : 0.30755019187927246 
TCAPPDLL 2025-06-19 04:52:09.654020 - Epoch: 0 Iteration: 24  rank : 0  train.loss : 7.985107421875  train.ips : 216.98048646031455 imgs/s train.total_time : 0.29495739936828613 
TCAPPDLL 2025-06-19 04:52:09.948007 - Epoch: 0 Iteration: 25  rank : 0  train.loss : 8.60235595703125  train.ips : 217.84030292357608 imgs/s train.total_time : 0.2937932014465332 
TCAPPDLL 2025-06-19 04:52:10.244532 - Epoch: 0 Iteration: 26  rank : 0  train.loss : 8.1937255859375  train.ips : 215.95095246408198 imgs/s train.total_time : 0.29636359214782715 
TCAPPDLL 2025-06-19 04:52:10.534331 - Epoch: 0 Iteration: 27  rank : 0  train.loss : 8.1209716796875  train.ips : 220.96581244423078 imgs/s train.total_time : 0.28963756561279297 
TCAPPDLL 2025-06-19 04:52:10.851017 - Epoch: 0 Iteration: 28  rank : 0  train.loss : 7.8363037109375  train.ips : 202.19451194251323 imgs/s train.total_time : 0.3165268898010254 
TCAPPDLL 2025-06-19 04:52:11.140478 - Epoch: 0 Iteration: 29  rank : 0  train.loss : 8.31951904296875  train.ips : 221.2293220348761 imgs/s train.total_time : 0.289292573928833 
TCAPPDLL 2025-06-19 04:52:11.443453 - Epoch: 0 Iteration: 30  rank : 0  train.loss : 7.93072509765625  train.ips : 211.35551695738647 imgs/s train.total_time : 0.3028073310852051 
TCAPPDLL 2025-06-19 04:52:11.745171 - Epoch: 0 Iteration: 31  rank : 0  train.loss : 7.588134765625  train.ips : 212.2334829207819 imgs/s train.total_time : 0.30155467987060547 
TCAPPDLL 2025-06-19 04:52:12.048929 - Epoch: 0 Iteration: 32  rank : 0  train.loss : 7.6258544921875  train.ips : 210.8051283903809 imgs/s train.total_time : 0.30359792709350586 
TCAPPDLL 2025-06-19 04:52:12.395559 - Epoch: 0 Iteration: 33  rank : 0  train.loss : 7.3907470703125  train.ips : 184.7384211355783 imgs/s train.total_time : 0.3464357852935791 
TCAPPDLL 2025-06-19 04:52:12.731371 - Epoch: 0 Iteration: 34  rank : 0  train.loss : 7.62969970703125  train.ips : 190.71072705610374 imgs/s train.total_time : 0.3355867862701416 
TCAPPDLL 2025-06-19 04:52:13.043589 - Epoch: 0 Iteration: 35  rank : 0  train.loss : 7.55133056640625  train.ips : 205.13068935134842 imgs/s train.total_time : 0.3119962215423584 
TCAPPDLL 2025-06-19 04:52:13.357975 - Epoch: 0 Iteration: 36  rank : 0  train.loss : 7.86895751953125  train.ips : 203.72396468542692 imgs/s train.total_time : 0.3141505718231201 
TCAPPDLL 2025-06-19 04:52:13.666678 - Epoch: 0 Iteration: 37  rank : 0  train.loss : 7.4129638671875  train.ips : 207.47223068112083 imgs/s train.total_time : 0.3084750175476074 
TCAPPDLL 2025-06-19 04:52:13.961079 - Epoch: 0 Iteration: 38  rank : 0  train.loss : 7.28875732421875  train.ips : 217.5809202522114 imgs/s train.total_time : 0.2941434383392334 
TCAPPDLL 2025-06-19 04:52:14.254304 - Epoch: 0 Iteration: 39  rank : 0  train.loss : 7.27972412109375  train.ips : 218.46986791806347 imgs/s train.total_time : 0.29294657707214355 
TCAPPDLL 2025-06-19 04:52:14.551287 - Epoch: 0 Iteration: 40  rank : 0  train.loss : 7.0750732421875  train.ips : 215.6662403187968 imgs/s train.total_time : 0.2967548370361328 
TCAPPDLL 2025-06-19 04:52:14.861622 - Epoch: 0 Iteration: 41  rank : 0  train.loss : 7.248046875  train.ips : 206.40212341585766 imgs/s train.total_time : 0.3100743293762207 
TCAPPDLL 2025-06-19 04:52:15.159908 - Epoch: 0 Iteration: 42  rank : 0  train.loss : 7.5203857421875  train.ips : 214.73737024664337 imgs/s train.total_time : 0.2980384826660156 
TCAPPDLL 2025-06-19 04:52:15.460776 - Epoch: 0 Iteration: 43  rank : 0  train.loss : 7.55731201171875  train.ips : 212.8875572396794 imgs/s train.total_time : 0.3006281852722168 
TCAPPDLL 2025-06-19 04:52:15.765181 - Epoch: 0 Iteration: 44  rank : 0  train.loss : 7.2220458984375  train.ips : 210.42588053245453 imgs/s train.total_time : 0.30414509773254395 
TCAPPDLL 2025-06-19 04:52:16.059123 - Epoch: 0 Iteration: 45  rank : 0  train.loss : 7.5162353515625  train.ips : 217.9195297976149 imgs/s train.total_time : 0.2936863899230957 
TCAPPDLL 2025-06-19 04:52:16.345559 - Epoch: 0 Iteration: 46  rank : 0  train.loss : 7.44012451171875  train.ips : 223.61086851851545 imgs/s train.total_time : 0.2862114906311035 
TCAPPDLL 2025-06-19 04:52:16.655104 - Epoch: 0 Iteration: 47  rank : 0  train.loss : 7.02227783203125  train.ips : 206.90676397091354 imgs/s train.total_time : 0.30931806564331055 
TCAPPDLL 2025-06-19 04:52:16.943026 - Epoch: 0 Iteration: 48  rank : 0  train.loss : 7.24908447265625  train.ips : 222.4569427812561 imgs/s train.total_time : 0.28769612312316895 
TCAPPDLL 2025-06-19 04:52:17.257870 - Epoch: 0 Iteration: 49  rank : 0  train.loss : 7.18817138671875  train.ips : 203.413050512368 imgs/s train.total_time : 0.31463074684143066 
TCAPPDLL 2025-06-19 04:52:17.552736 - Epoch: 0 Iteration: 50  rank : 0  train.loss : 7.16400146484375  train.ips : 217.20047124011236 imgs/s train.total_time : 0.2946586608886719 
TCAPPDLL 2025-06-19 04:52:17.860794 - Epoch: 0 Iteration: 51  rank : 0  train.loss : 7.328857421875  train.ips : 207.90705830232696 imgs/s train.total_time : 0.3078298568725586 
TCAPPDLL 2025-06-19 04:52:18.160068 - Epoch: 0 Iteration: 52  rank : 0  train.loss : 7.3094482421875  train.ips : 214.02052380265195 imgs/s train.total_time : 0.29903674125671387 
TCAPPDLL 2025-06-19 04:52:18.444432 - Epoch: 0 Iteration: 53  rank : 0  train.loss : 6.99029541015625  train.ips : 225.2266282724446 imgs/s train.total_time : 0.28415822982788086 
TCAPPDLL 2025-06-19 04:52:18.764355 - Epoch: 0 Iteration: 54  rank : 0  train.loss : 7.15802001953125  train.ips : 200.2054415274463 imgs/s train.total_time : 0.319671630859375 
TCAPPDLL 2025-06-19 04:52:19.060592 - Epoch: 0 Iteration: 55  rank : 0  train.loss : 7.02276611328125  train.ips : 216.21116304469518 imgs/s train.total_time : 0.2960069179534912 
TCAPPDLL 2025-06-19 04:52:19.351075 - Epoch: 0 Iteration: 56  rank : 0  train.loss : 7.0772705078125  train.ips : 220.48104844439297 imgs/s train.total_time : 0.29027438163757324 
TCAPPDLL 2025-06-19 04:52:19.654276 - Epoch: 0 Iteration: 57  rank : 0  train.loss : 7.08843994140625  train.ips : 211.2271241495769 imgs/s train.total_time : 0.3029913902282715 
TCAPPDLL 2025-06-19 04:52:19.954472 - Epoch: 0 Iteration: 58  rank : 0  train.loss : 7.01287841796875  train.ips : 213.34455761092013 imgs/s train.total_time : 0.2999842166900635 
TCAPPDLL 2025-06-19 04:52:20.254514 - Epoch: 0 Iteration: 59  rank : 0  train.loss : 7.07952880859375  train.ips : 213.45754433787997 imgs/s train.total_time : 0.29982542991638184 
TCAPPDLL 2025-06-19 04:52:20.571897 - Epoch: 0 Iteration: 60  rank : 0  train.loss : 7.1104736328125  train.ips : 201.80992677462524 imgs/s train.total_time : 0.31713008880615234 
TCAPPDLL 2025-06-19 04:52:20.863690 - Epoch: 0 Iteration: 61  rank : 0  train.loss : 7.09747314453125  train.ips : 219.52756776118818 imgs/s train.total_time : 0.2915351390838623 
TCAPPDLL 2025-06-19 04:52:21.163960 - Epoch: 0 Iteration: 62  rank : 0  train.loss : 6.913299560546875  train.ips : 213.36677227615743 imgs/s train.total_time : 0.29995298385620117 
TCAPPDLL 2025-06-19 04:52:21.462664 - Epoch: 0 Iteration: 63  rank : 0  train.loss : 7.142578125  train.ips : 214.45276311132736 imgs/s train.total_time : 0.2984340190887451 
TCAPPDLL 2025-06-19 04:52:21.764522 - Epoch: 0 Iteration: 64  rank : 0  train.loss : 6.9051513671875  train.ips : 212.18030414289768 imgs/s train.total_time : 0.30163025856018066 
TCAPPDLL 2025-06-19 04:52:22.061887 - Epoch: 0 Iteration: 65  rank : 0  train.loss : 6.91455078125  train.ips : 215.38262354982953 imgs/s train.total_time : 0.2971456050872803 
TCAPPDLL 2025-06-19 04:52:22.357157 - Epoch: 0 Iteration: 66  rank : 0  train.loss : 7.0771484375  train.ips : 216.90456974694038 imgs/s train.total_time : 0.2950606346130371 
TCAPPDLL 2025-06-19 04:52:22.655725 - Epoch: 0 Iteration: 67  rank : 0  train.loss : 7.0506591796875  train.ips : 214.52765874468346 imgs/s train.total_time : 0.29832983016967773 
TCAPPDLL 2025-06-19 04:52:22.943035 - Epoch: 0 Iteration: 68  rank : 0  train.loss : 7.11322021484375  train.ips : 222.95322172194494 imgs/s train.total_time : 0.28705573081970215 
TCAPPDLL 2025-06-19 04:52:23.250909 - Epoch: 0 Iteration: 69  rank : 0  train.loss : 7.02862548828125  train.ips : 208.0375720169074 imgs/s train.total_time : 0.30763673782348633 
TCAPPDLL 2025-06-19 04:52:23.571573 - Epoch: 0 Iteration: 70  rank : 0  train.loss : 6.9332275390625  train.ips : 199.7292077288863 imgs/s train.total_time : 0.3204338550567627 
TCAPPDLL 2025-06-19 04:52:23.865004 - Epoch: 0 Iteration: 71  rank : 0  train.loss : 6.98919677734375  train.ips : 218.28155740071085 imgs/s train.total_time : 0.2931993007659912 
TCAPPDLL 2025-06-19 04:52:24.155431 - Epoch: 0 Iteration: 72  rank : 0  train.loss : 7.00347900390625  train.ips : 220.5299545114354 imgs/s train.total_time : 0.2902100086212158 
TCAPPDLL 2025-06-19 04:52:24.463751 - Epoch: 0 Iteration: 73  rank : 0  train.loss : 6.9716796875  train.ips : 207.7228457985401 imgs/s train.total_time : 0.3081028461456299 
TCAPPDLL 2025-06-19 04:52:24.751675 - Epoch: 0 Iteration: 74  rank : 0  train.loss : 6.93499755859375  train.ips : 222.45178099514965 imgs/s train.total_time : 0.2877027988433838 
TCAPPDLL 2025-06-19 04:52:25.061868 - Epoch: 0 Iteration: 75  rank : 0  train.loss : 6.95404052734375  train.ips : 206.47150046649935 imgs/s train.total_time : 0.3099701404571533 
TCAPPDLL 2025-06-19 04:52:25.359702 - Epoch: 0 Iteration: 76  rank : 0  train.loss : 6.88433837890625  train.ips : 215.0632173502007 imgs/s train.total_time : 0.29758691787719727 
TCAPPDLL 2025-06-19 04:52:25.666695 - Epoch: 0 Iteration: 77  rank : 0  train.loss : 6.97882080078125  train.ips : 208.6463763362214 imgs/s train.total_time : 0.30673909187316895 
TCAPPDLL 2025-06-19 04:52:25.963073 - Epoch: 0 Iteration: 78  rank : 0  train.loss : 6.93145751953125  train.ips : 216.12516857388306 imgs/s train.total_time : 0.2961246967315674 
TCAPPDLL 2025-06-19 04:52:26.259710 - Epoch: 0 Iteration: 79  rank : 0  train.loss : 6.9132080078125  train.ips : 215.94435099354263 imgs/s train.total_time : 0.296372652053833 
TCAPPDLL 2025-06-19 04:52:26.570431 - Epoch: 0 Iteration: 80  rank : 0  train.loss : 6.96697998046875  train.ips : 206.12144047877743 imgs/s train.total_time : 0.31049656867980957 
TCAPPDLL 2025-06-19 04:52:26.864962 - Epoch: 0 Iteration: 81  rank : 0  train.loss : 6.95745849609375  train.ips : 217.46476061782943 imgs/s train.total_time : 0.29430055618286133 
TCAPPDLL 2025-06-19 04:52:27.164562 - Epoch: 0 Iteration: 82  rank : 0  train.loss : 7.0106201171875  train.ips : 213.78700738519026 imgs/s train.total_time : 0.299363374710083 
TCAPPDLL 2025-06-19 04:52:27.456961 - Epoch: 0 Iteration: 83  rank : 0  train.loss : 6.8974609375  train.ips : 219.04765697293928 imgs/s train.total_time : 0.2921738624572754 
TCAPPDLL 2025-06-19 04:52:27.762415 - Epoch: 0 Iteration: 84  rank : 0  train.loss : 6.90130615234375  train.ips : 209.81961804429235 imgs/s train.total_time : 0.3050239086151123 
TCAPPDLL 2025-06-19 04:52:28.058752 - Epoch: 0 Iteration: 85  rank : 0  train.loss : 6.89239501953125  train.ips : 216.1737278922302 imgs/s train.total_time : 0.29605817794799805 
TCAPPDLL 2025-06-19 04:52:28.362746 - Epoch: 0 Iteration: 86  rank : 0  train.loss : 6.8201904296875  train.ips : 210.69509680569084 imgs/s train.total_time : 0.3037564754486084 
TCAPPDLL 2025-06-19 04:52:28.663700 - Epoch: 0 Iteration: 87  rank : 0  train.loss : 6.9638671875  train.ips : 212.8234195349899 imgs/s train.total_time : 0.3007187843322754 
TCAPPDLL 2025-06-19 04:52:28.972451 - Epoch: 0 Iteration: 88  rank : 0  train.loss : 6.90557861328125  train.ips : 207.47559817192075 imgs/s train.total_time : 0.3084700107574463 
TCAPPDLL 2025-06-19 04:52:29.261249 - Epoch: 0 Iteration: 89  rank : 0  train.loss : 6.989990234375  train.ips : 221.8044065821927 imgs/s train.total_time : 0.2885425090789795 
TCAPPDLL 2025-06-19 04:52:29.540494 - Epoch: 0 Iteration: 90  rank : 0  train.loss : 7.05517578125  train.ips : 229.3951535992507 imgs/s train.total_time : 0.2789945602416992 
TCAPPDLL 2025-06-19 04:52:29.853204 - Epoch: 0 Iteration: 91  rank : 0  train.loss : 6.94317626953125  train.ips : 204.85517110855204 imgs/s train.total_time : 0.31241583824157715 
TCAPPDLL 2025-06-19 04:52:30.160049 - Epoch: 0 Iteration: 92  rank : 0  train.loss : 6.97479248046875  train.ips : 208.7200294222158 imgs/s train.total_time : 0.30663084983825684 
TCAPPDLL 2025-06-19 04:52:30.454247 - Epoch: 0 Iteration: 93  rank : 0  train.loss : 6.91949462890625  train.ips : 217.70055853417017 imgs/s train.total_time : 0.29398179054260254 
TCAPPDLL 2025-06-19 04:52:30.766446 - Epoch: 0 Iteration: 94  rank : 0  train.loss : 7.114990234375  train.ips : 205.14981524434748 imgs/s train.total_time : 0.311967134475708 
TCAPPDLL 2025-06-19 04:52:31.058739 - Epoch: 0 Iteration: 95  rank : 0  train.loss : 6.96673583984375  train.ips : 219.13903449514473 imgs/s train.total_time : 0.2920520305633545 
TCAPPDLL 2025-06-19 04:52:31.340912 - Epoch: 0 Iteration: 96  rank : 0  train.loss : 6.92071533203125  train.ips : 227.00596023353833 imgs/s train.total_time : 0.28193092346191406 
TCAPPDLL 2025-06-19 04:52:31.664436 - Epoch: 0 Iteration: 97  rank : 0  train.loss : 6.9632568359375  train.ips : 197.97409861406936 imgs/s train.total_time : 0.3232746124267578 
TCAPPDLL 2025-06-19 04:52:31.958109 - Epoch: 0 Iteration: 98  rank : 0  train.loss : 6.92327880859375  train.ips : 218.09906434535048 imgs/s train.total_time : 0.2934446334838867 
TCAPPDLL 2025-06-19 04:52:32.254385 - Epoch: 0 Iteration: 99  rank : 0  train.loss : 6.908203125  train.ips : 216.17599104486027 imgs/s train.total_time : 0.2960550785064697 
06/19 04:52:32 - mmengine - INFO - Epoch(train)   [1][  100/20019]  base_lr: 5.0000e-02 lr: 5.0000e-02  eta: 21 days, 20:53:59  time: 0.2990  data_time: 0.0028  memory: 893  loss: 6.9690
TCAPPDLL 2025-06-19 04:52:32.732852 - Epoch: 0 Iteration: 100  rank : 0  train.loss : 7.1597900390625  train.ips : 133.82708673382396 imgs/s train.total_time : 0.4782290458679199 
