(sd15) root@nb-ulwunegzkx-0:/data/bigc-data/ly/stable-diffusion-v1-5/run_scripts# python loss.py
xxxxx ['0.015627', '0.273752', '0.037779', '0.008376', '0.373244', '0.017355', '0.002677', '0.021982', '0.034391', '0.009134', '0.214255', '0.208044', '0.072289', '0.010881', '0.282440', '0.139706', '0.051981', '0.026809', '0.067088', '0.089684', '0.022791', '0.005574', '0.145733', '0.495497', '0.191351', '0.346597', '0.320267', '0.616071', '0.072169', '0.498160', '0.032738', '0.013503', '0.003591', '0.010598', '0.134883', '0.180868', '0.295854', '0.031508', '0.027361', '0.071402', '0.111271', '0.188115', '0.001507', '0.128514', '0.106989', '0.450006', '0.059640', '0.005526', '0.232231', '0.016339', '0.009144', '0.112733', '0.009274', '0.160147', '0.295346', '0.243233', '0.156450', '0.012437', '0.011876', '0.247982', '0.024085', '0.007440', '0.056260', '0.108261', '0.132386', '0.003456', '0.509055', '0.172205', '0.689010', '0.106134', '0.117509', '0.127225', '0.571918', '0.041472', '0.007003', '0.117695', '0.331732', '0.154360', '0.252577', '0.581205', '0.035499', '0.089806', '0.212002', '0.133276', '0.006811', '0.179455', '0.011751', '0.005905', '0.110989', '0.096740', '0.570788', '0.077938', '0.023749', '0.161685', '0.018153', '0.021495', '0.021488', '0.176802', '0.008549', '0.413824']
====== ['0.015627', '0.273752', '0.037779', '0.008376', '0.373244', '0.017355', '0.002677', '0.021982', '0.034391', '0.009134', '0.214255', '0.208044', '0.072289', '0.010881', '0.282440', '0.139706', '0.051981', '0.026809', '0.067088', '0.089684', '0.022791', '0.005574', '0.145733', '0.495497', '0.191351', '0.346597', '0.320267', '0.616071', '0.072169', '0.498160', '0.032738', '0.013503', '0.003591', '0.010598', '0.134883', '0.180868', '0.295854', '0.031508', '0.027361', '0.071402', '0.111271', '0.188115', '0.001507', '0.128514', '0.106989', '0.450006', '0.059640', '0.005526', '0.232231', '0.016339', '0.009144', '0.112733', '0.009274', '0.160147', '0.295346', '0.243233', '0.156450', '0.012437', '0.011876', '0.247982', '0.024085', '0.007440', '0.056260', '0.108261', '0.132386', '0.003456', '0.509055', '0.172205', '0.689010', '0.106134', '0.117509', '0.127225', '0.571918', '0.041472', '0.007003', '0.117695', '0.331732', '0.154360', '0.252577', '0.581205', '0.035499', '0.089806', '0.212002', '0.133276', '0.006811', '0.179455', '0.011751', '0.005905', '0.110989', '0.096740', '0.570788', '0.077938', '0.023749', '0.161685', '0.018153', '0.021495', '0.021488', '0.176802', '0.008549', '0.413824']
xxxxx ['0.233150', '0.004132', '0.230715', '0.193243', '0.576320', '0.025178', '0.033567', '0.198739', '0.143087', '0.009255', '0.474187', '0.165747', '0.185677', '0.259225', '0.787306', '0.034596', '0.038292', '0.003002', '0.064564', '0.447809', '0.009896', '0.463807', '0.027446', '0.260554', '0.317403', '0.252589', '0.252294', '0.101472', '0.447035', '0.184764', '0.391416', '0.174383', '0.480464', '0.414581', '0.137851', '0.036687', '0.023361', '0.003409', '0.563268', '0.175014', '0.262958', '0.016842', '0.034428', '0.015332', '0.074480', '0.282252', '0.014752', '0.056978', '0.116073', '0.054179', '0.038291', '0.103848', '0.043525', '0.024593', '0.048035', '0.001981', '0.002711', '0.122520', '0.368055', '0.020591', '0.260104', '0.059134', '0.223340', '0.174098', '0.079592', '0.004697', '0.178841', '0.101562', '0.154150', '0.317262', '0.030796', '0.606958', '0.021210', '0.041393', '0.586619', '0.190062', '0.128525', '0.025341', '0.115511', '0.368569', '0.157449', '0.026342', '0.216385', '0.754880', '0.097543', '0.058400', '0.016155', '0.503215', '0.355284', '0.034958', '0.068188', '0.015884', '0.093130', '0.024408', '0.348500', '0.267359', '0.069712', '0.013954', '0.208706', '0.039217']
[0.015627 0.273752 0.037779 0.008376 0.373244 0.017355 0.002677 0.021982
 0.034391 0.009134 0.214255 0.208044 0.072289 0.010881 0.28244  0.139706
 0.051981 0.026809 0.067088 0.089684 0.022791 0.005574 0.145733 0.495497
 0.191351 0.346597 0.320267 0.616071 0.072169 0.49816  0.032738 0.013503
 0.003591 0.010598 0.134883 0.180868 0.295854 0.031508 0.027361 0.071402
 0.111271 0.188115 0.001507 0.128514 0.106989 0.450006 0.05964  0.005526
 0.232231 0.016339 0.009144 0.112733 0.009274 0.160147 0.295346 0.243233
 0.15645  0.012437 0.011876 0.247982 0.024085 0.00744  0.05626  0.108261
 0.132386 0.003456 0.509055 0.172205 0.68901  0.106134 0.117509 0.127225
 0.571918 0.041472 0.007003 0.117695 0.331732 0.15436  0.252577 0.581205
 0.035499 0.089806 0.212002 0.133276 0.006811 0.179455 0.011751 0.005905
 0.110989 0.09674  0.570788 0.077938 0.023749 0.161685 0.018153 0.021495
 0.021488 0.176802 0.008549 0.413824]
[0.23315  0.004132 0.230715 0.193243 0.57632  0.025178 0.033567 0.198739
 0.143087 0.009255 0.474187 0.165747 0.185677 0.259225 0.787306 0.034596
 0.038292 0.003002 0.064564 0.447809 0.009896 0.463807 0.027446 0.260554
 0.317403 0.252589 0.252294 0.101472 0.447035 0.184764 0.391416 0.174383
 0.480464 0.414581 0.137851 0.036687 0.023361 0.003409 0.563268 0.175014
 0.262958 0.016842 0.034428 0.015332 0.07448  0.282252 0.014752 0.056978
 0.116073 0.054179 0.038291 0.103848 0.043525 0.024593 0.048035 0.001981
 0.002711 0.12252  0.368055 0.020591 0.260104 0.059134 0.22334  0.174098
 0.079592 0.004697 0.178841 0.101562 0.15415  0.317262 0.030796 0.606958
 0.02121  0.041393 0.586619 0.190062 0.128525 0.025341 0.115511 0.368569
 0.157449 0.026342 0.216385 0.75488  0.097543 0.0584   0.016155 0.503215
 0.355284 0.034958 0.068188 0.015884 0.09313  0.024408 0.3485   0.267359
 0.069712 0.013954 0.208706 0.039217]
MeanRelativeError: 3.8737747726536327
MeanAbsoluteError: -0.03044878999999999
Rule,mean_absolute_error -0.03044878999999999
pass mean_relative_error=3.8737747726536327 <= 0.05 or mean_absolute_error=-0.03044878999999999 <= 0.0002