--------------+------------------------------------------------
 Host IP      | 10.244.32.103
 PyTorch      | 2.4.0a0+git4451b0e
 Torch-SDAA   | 20250616.14.30.dev0+git35328dc
--------------+------------------------------------------------
 SDAA Driver  | 2.1.0 (N/A)
 SDAA Runtime | 2.1.0 (/opt/tecoai/lib64/libsdaart.so)
 SDPTI        | 1.4.0b0 (/opt/tecoai/lib64/libsdpti.so)
 TecoDNN      | 2.2.0b0 (/opt/tecoai/lib64/libtecodnn.so)
 TecoBLAS     | 2.2.0b0 (/opt/tecoai/lib64/libtecoblas.so)
 CustomDNN    | 1.20.0a0 (/opt/tecoai/lib64/libtecodnn_ext.so)
 TecoRAND     | 2.0.1 (/opt/tecoai/lib64/libtecorand.so)
 TCCL         | 1.23.0 (/opt/tecoai/lib64/libtccl.so)
--------------+------------------------------------------------
/data/bigc-data/lsq/torch_env_vgg/lib/python3.10/site-packages/torch/distributed/launch.py:208: FutureWarning: The module torch.distributed.launch is deprecated
and will be removed in future. Use torchrun.
Note that --use-env is set by default in torchrun.
If your script expects `--local-rank` argument to be set, please
change it to read from `os.environ['LOCAL_RANK']` instead. See 
https://pytorch.org/docs/stable/distributed.html#launch-utility for 
further instructions

  main()
--------------+------------------------------------------------
 Host IP      | 10.244.32.103
 PyTorch      | 2.4.0a0+git4451b0e
 Torch-SDAA   | 20250616.14.30.dev0+git35328dc
--------------+------------------------------------------------
 SDAA Driver  | 2.1.0 (N/A)
 SDAA Runtime | 2.1.0 (/opt/tecoai/lib64/libsdaart.so)
 SDPTI        | 1.4.0b0 (/opt/tecoai/lib64/libsdpti.so)
 TecoDNN      | 2.2.0b0 (/opt/tecoai/lib64/libtecodnn.so)
 TecoBLAS     | 2.2.0b0 (/opt/tecoai/lib64/libtecoblas.so)
 CustomDNN    | 1.20.0a0 (/opt/tecoai/lib64/libtecodnn_ext.so)
 TecoRAND     | 2.0.1 (/opt/tecoai/lib64/libtecorand.so)
 TCCL         | 1.23.0 (/opt/tecoai/lib64/libtccl.so)
--------------+------------------------------------------------
/data/bigc-data/lsq/torch_env_vgg/lib/python3.10/site-packages/mmengine/optim/optimizer/zero_optimizer.py:11: DeprecationWarning: `TorchScript` support for functional optimizers is deprecated and will be removed in a future PyTorch release. Consider using the `torch.compile` optimizer instead.
  from torch.distributed.optim import \
/data/bigc-data/lsq/torch_env_vgg/lib/python3.10/site-packages/mmengine/utils/dl_utils/setup_env.py:46: UserWarning: Setting OMP_NUM_THREADS environment variable for each process to be 1 in default, to avoid your system being overloaded, please further tune the variable for optimal performance in your application as needed.
  warnings.warn(
/data/bigc-data/lsq/torch_env_vgg/lib/python3.10/site-packages/mmengine/utils/dl_utils/setup_env.py:56: UserWarning: Setting MKL_NUM_THREADS environment variable for each process to be 1 in default, to avoid your system being overloaded, please further tune the variable for optimal performance in your application as needed.
  warnings.warn(
06/19 08:04:31 - mmengine - INFO - 
------------------------------------------------------------
System environment:
    sys.platform: linux
    Python: 3.10.16 (main, Dec 11 2024, 16:24:50) [GCC 11.2.0]
    CUDA available: False
    MUSA available: False
    numpy_random_seed: 1588530953
    GCC: gcc (Ubuntu 11.4.0-1ubuntu1~22.04) 11.4.0
    PyTorch: 2.4.0a0+git4451b0e
    PyTorch compiling details: PyTorch built with:
  - GCC 11.5
  - C++ Version: 201703
  - Intel(R) oneAPI Math Kernel Library Version 2025.0-Product Build 20241009 for Intel(R) 64 architecture applications
  - Intel(R) MKL-DNN v3.4.2 (Git Hash 1137e04ec0b5251ca2b4400a4fd3c667ce843d67)
  - OpenMP 201511 (a.k.a. OpenMP 4.5)
  - LAPACK is enabled (usually provided by MKL)
  - NNPACK is enabled
  - CPU capability usage: AVX512
  - Build settings: BLAS_INFO=mkl, BUILD_TYPE=Release, CXX_COMPILER=/usr/bin/g++, CXX_FLAGS= -D_GLIBCXX_USE_CXX11_ABI=1 -fvisibility-inlines-hidden -DUSE_PTHREADPOOL -DNDEBUG -DUSE_KINETO -DLIBKINETO_NOCUPTI -DLIBKINETO_NOROCTRACER -DUSE_FBGEMM -DUSE_PYTORCH_QNNPACK -DUSE_XNNPACK -DSYMBOLICATE_MOBILE_DEBUG_HANDLE -O2 -fPIC -Wall -Wextra -Werror=return-type -Werror=non-virtual-dtor -Werror=range-loop-construct -Werror=bool-operation -Wnarrowing -Wno-missing-field-initializers -Wno-type-limits -Wno-array-bounds -Wno-unknown-pragmas -Wno-unused-parameter -Wno-unused-function -Wno-unused-result -Wno-strict-overflow -Wno-strict-aliasing -Wno-stringop-overflow -Wsuggest-override -Wno-psabi -Wno-error=pedantic -Wno-error=old-style-cast -Wno-missing-braces -fdiagnostics-color=always -faligned-new -Wno-unused-but-set-variable -Wno-maybe-uninitialized -fno-math-errno -fno-trapping-math -Werror=format -Wno-stringop-overflow, FORCE_FALLBACK_CUDA_MPI=1, LAPACK_INFO=mkl, PERF_WITH_AVX=1, PERF_WITH_AVX2=1, PERF_WITH_AVX512=1, TORCH_VERSION=2.4.0, USE_CUDA=OFF, USE_CUDNN=OFF, USE_CUSPARSELT=OFF, USE_EXCEPTION_PTR=1, USE_GFLAGS=OFF, USE_GLOG=OFF, USE_GLOO=ON, USE_MKL=ON, USE_MKLDNN=1, USE_MPI=ON, USE_NCCL=OFF, USE_NNPACK=ON, USE_OPENMP=ON, USE_ROCM=OFF, USE_ROCM_KERNEL_ASSERT=OFF, 

    TorchVision: 0.15.1a0+42759b1
    OpenCV: 4.11.0
    MMEngine: 0.10.4

Runtime environment:
    cudnn_benchmark: False
    mp_cfg: {'mp_start_method': 'fork', 'opencv_num_threads': 0}
    dist_cfg: {'backend': 'tccl'}
    seed: 1588530953
    deterministic: False
    Distributed launcher: pytorch
    Distributed training: True
    GPU number: 1
------------------------------------------------------------

06/19 08:04:32 - mmengine - INFO - Config:
auto_scale_lr = dict(base_batch_size=256)
data_preprocessor = dict(
    mean=[
        123.675,
        116.28,
        103.53,
    ],
    num_classes=1000,
    std=[
        58.395,
        57.12,
        57.375,
    ],
    to_rgb=True)
dataset_type = 'ImageNet'
default_hooks = dict(
    checkpoint=dict(interval=1, type='CheckpointHook'),
    logger=dict(interval=100, type='LoggerHook'),
    param_scheduler=dict(type='ParamSchedulerHook'),
    sampler_seed=dict(type='DistSamplerSeedHook'),
    timer=dict(type='IterTimerHook'),
    visualization=dict(enable=False, type='VisualizationHook'))
default_scope = 'mmpretrain'
env_cfg = dict(
    cudnn_benchmark=False,
    dist_cfg=dict(backend='nccl'),
    mp_cfg=dict(mp_start_method='fork', opencv_num_threads=0))
launcher = 'pytorch'
load_from = None
log_level = 'INFO'
model = dict(
    backbone=dict(type='MobileNetV2', widen_factor=1.0),
    head=dict(
        in_channels=1280,
        loss=dict(loss_weight=1.0, type='CrossEntropyLoss'),
        num_classes=1000,
        topk=(
            1,
            5,
        ),
        type='LinearClsHead'),
    neck=dict(type='GlobalAveragePooling'),
    type='ImageClassifier')
optim_wrapper = dict(
    loss_scale='dynamic',
    optimizer=dict(lr=0.045, momentum=0.9, type='SGD', weight_decay=4e-05),
    type='AmpOptimWrapper')
param_scheduler = dict(by_epoch=True, gamma=0.98, step_size=1, type='StepLR')
randomness = dict(deterministic=False, seed=None)
resume = False
test_cfg = dict()
test_dataloader = dict(
    batch_size=32,
    collate_fn=dict(type='default_collate'),
    dataset=dict(
        data_root='data/imagenet',
        pipeline=[
            dict(type='LoadImageFromFile'),
            dict(backend='pillow', edge='short', scale=256, type='ResizeEdge'),
            dict(crop_size=224, type='CenterCrop'),
            dict(type='PackInputs'),
        ],
        split='val',
        type='ImageNet'),
    num_workers=5,
    persistent_workers=True,
    pin_memory=True,
    sampler=dict(shuffle=False, type='DefaultSampler'))
test_evaluator = dict(
    topk=(
        1,
        5,
    ), type='Accuracy')
test_pipeline = [
    dict(type='LoadImageFromFile'),
    dict(backend='pillow', edge='short', scale=256, type='ResizeEdge'),
    dict(crop_size=224, type='CenterCrop'),
    dict(type='PackInputs'),
]
train_cfg = dict(by_epoch=True, max_epochs=300, val_interval=1)
train_dataloader = dict(
    batch_size=32,
    collate_fn=dict(type='default_collate'),
    dataset=dict(
        data_root='/data/teco-data/imagenet',
        pipeline=[
            dict(type='LoadImageFromFile'),
            dict(backend='pillow', scale=224, type='RandomResizedCrop'),
            dict(direction='horizontal', prob=0.5, type='RandomFlip'),
            dict(type='PackInputs'),
        ],
        split='train',
        type='ImageNet'),
    num_workers=5,
    persistent_workers=True,
    pin_memory=True,
    sampler=dict(shuffle=True, type='DefaultSampler'))
train_pipeline = [
    dict(type='LoadImageFromFile'),
    dict(backend='pillow', scale=224, type='RandomResizedCrop'),
    dict(direction='horizontal', prob=0.5, type='RandomFlip'),
    dict(type='PackInputs'),
]
val_cfg = dict()
val_dataloader = dict(
    batch_size=32,
    collate_fn=dict(type='default_collate'),
    dataset=dict(
        data_root='/data/teco-data/imagenet',
        pipeline=[
            dict(type='LoadImageFromFile'),
            dict(backend='pillow', edge='short', scale=256, type='ResizeEdge'),
            dict(crop_size=224, type='CenterCrop'),
            dict(type='PackInputs'),
        ],
        split='val',
        type='ImageNet'),
    num_workers=5,
    persistent_workers=True,
    pin_memory=True,
    sampler=dict(shuffle=False, type='DefaultSampler'))
val_evaluator = dict(
    topk=(
        1,
        5,
    ), type='Accuracy')
vis_backends = [
    dict(type='LocalVisBackend'),
]
visualizer = dict(
    type='UniversalVisualizer', vis_backends=[
        dict(type='LocalVisBackend'),
    ])
work_dir = './work_dirs/mobilenet-v2_8xb32_in1k'

06/19 08:04:37 - mmengine - INFO - Hooks will be executed in the following order:
before_run:
(VERY_HIGH   ) RuntimeInfoHook                    
(BELOW_NORMAL) LoggerHook                         
 -------------------- 
before_train:
(VERY_HIGH   ) RuntimeInfoHook                    
(NORMAL      ) IterTimerHook                      
(VERY_LOW    ) CheckpointHook                     
 -------------------- 
before_train_epoch:
(VERY_HIGH   ) RuntimeInfoHook                    
(NORMAL      ) IterTimerHook                      
(NORMAL      ) DistSamplerSeedHook                
 -------------------- 
before_train_iter:
(VERY_HIGH   ) RuntimeInfoHook                    
(NORMAL      ) IterTimerHook                      
 -------------------- 
after_train_iter:
(VERY_HIGH   ) RuntimeInfoHook                    
(NORMAL      ) IterTimerHook                      
(BELOW_NORMAL) LoggerHook                         
(LOW         ) ParamSchedulerHook                 
(VERY_LOW    ) CheckpointHook                     
 -------------------- 
after_train_epoch:
(NORMAL      ) IterTimerHook                      
(LOW         ) ParamSchedulerHook                 
(VERY_LOW    ) CheckpointHook                     
 -------------------- 
before_val:
(VERY_HIGH   ) RuntimeInfoHook                    
 -------------------- 
before_val_epoch:
(NORMAL      ) IterTimerHook                      
 -------------------- 
before_val_iter:
(NORMAL      ) IterTimerHook                      
 -------------------- 
after_val_iter:
(NORMAL      ) IterTimerHook                      
(NORMAL      ) VisualizationHook                  
(BELOW_NORMAL) LoggerHook                         
 -------------------- 
after_val_epoch:
(VERY_HIGH   ) RuntimeInfoHook                    
(NORMAL      ) IterTimerHook                      
(BELOW_NORMAL) LoggerHook                         
(LOW         ) ParamSchedulerHook                 
(VERY_LOW    ) CheckpointHook                     
 -------------------- 
after_val:
(VERY_HIGH   ) RuntimeInfoHook                    
 -------------------- 
after_train:
(VERY_HIGH   ) RuntimeInfoHook                    
(VERY_LOW    ) CheckpointHook                     
 -------------------- 
before_test:
(VERY_HIGH   ) RuntimeInfoHook                    
 -------------------- 
before_test_epoch:
(NORMAL      ) IterTimerHook                      
 -------------------- 
before_test_iter:
(NORMAL      ) IterTimerHook                      
 -------------------- 
after_test_iter:
(NORMAL      ) IterTimerHook                      
(NORMAL      ) VisualizationHook                  
(BELOW_NORMAL) LoggerHook                         
 -------------------- 
after_test_epoch:
(VERY_HIGH   ) RuntimeInfoHook                    
(NORMAL      ) IterTimerHook                      
(BELOW_NORMAL) LoggerHook                         
 -------------------- 
after_test:
(VERY_HIGH   ) RuntimeInfoHook                    
 -------------------- 
after_run:
(BELOW_NORMAL) LoggerHook                         
 -------------------- 
/data/bigc-data/lsq/torch_env_vgg/lib/python3.10/site-packages/albumentations/check_version.py:147: UserWarning: Error fetching version info <urlopen error _ssl.c:990: The handshake operation timed out>
  data = fetch_version_info()
06/19 08:05:05 - mmengine - WARNING - "FileClient" will be deprecated in future. Please use io functions in https://mmengine.readthedocs.io/en/latest/api/fileio.html#file-io
06/19 08:05:05 - mmengine - WARNING - "HardDiskBackend" is the alias of "LocalBackend" and the former will be deprecated in future.
06/19 08:05:05 - mmengine - INFO - Checkpoints will be saved to /data/bigc-data/lsq/sunhn/Mobilenet_v2/run_scripts/work_dirs/mobilenet-v2_8xb32_in1k.
TCAPPDLL 2025-06-19 08:05:15.161342 - Epoch: 0 Iteration: 0  rank : 0  train.loss : 6.914794921875  train.ips : 3.4636079529934354 imgs/s train.total_time : 9.23892092704773 
TCAPPDLL 2025-06-19 08:05:21.872593 - Epoch: 0 Iteration: 1  rank : 0  train.loss : 6.8968505859375  train.ips : 4.768492316262763 imgs/s train.total_time : 6.710716485977173 
TCAPPDLL 2025-06-19 08:05:28.735900 - Epoch: 0 Iteration: 2  rank : 0  train.loss : 6.9169921875  train.ips : 4.662730341284149 imgs/s train.total_time : 6.862931728363037 
TCAPPDLL 2025-06-19 08:05:35.719231 - Epoch: 0 Iteration: 3  rank : 0  train.loss : 6.88623046875  train.ips : 4.582691078781419 imgs/s train.total_time : 6.982796669006348 
TCAPPDLL 2025-06-19 08:05:42.612218 - Epoch: 0 Iteration: 4  rank : 0  train.loss : 6.9652099609375  train.ips : 4.642675781712785 imgs/s train.total_time : 6.8925769329071045 
TCAPPDLL 2025-06-19 08:05:49.751373 - Epoch: 0 Iteration: 5  rank : 0  train.loss : 6.9073486328125  train.ips : 4.4826010881730065 imgs/s train.total_time : 7.138712406158447 
TCAPPDLL 2025-06-19 08:05:56.864094 - Epoch: 0 Iteration: 6  rank : 0  train.loss : 7.1429443359375  train.ips : 4.499211635744204 imgs/s train.total_time : 7.112357139587402 
TCAPPDLL 2025-06-19 08:06:03.356677 - Epoch: 0 Iteration: 7  rank : 0  train.loss : 7.026611328125  train.ips : 4.928928799533231 imgs/s train.total_time : 6.492282867431641 
TCAPPDLL 2025-06-19 08:06:10.061044 - Epoch: 0 Iteration: 8  rank : 0  train.loss : 7.13232421875  train.ips : 4.773322317021681 imgs/s train.total_time : 6.703926086425781 
TCAPPDLL 2025-06-19 08:06:17.271110 - Epoch: 0 Iteration: 9  rank : 0  train.loss : 7.116455078125  train.ips : 4.438470944355408 imgs/s train.total_time : 7.209690093994141 
TCAPPDLL 2025-06-19 08:06:24.470089 - Epoch: 0 Iteration: 10  rank : 0  train.loss : 7.1990966796875  train.ips : 4.445375178197248 imgs/s train.total_time : 7.198492527008057 
TCAPPDLL 2025-06-19 08:06:31.715854 - Epoch: 0 Iteration: 11  rank : 0  train.loss : 7.308837890625  train.ips : 4.416634481376094 imgs/s train.total_time : 7.245335817337036 
TCAPPDLL 2025-06-19 08:06:39.060562 - Epoch: 0 Iteration: 12  rank : 0  train.loss : 7.3533935546875  train.ips : 4.357143383511235 imgs/s train.total_time : 7.344261407852173 
TCAPPDLL 2025-06-19 08:06:46.534040 - Epoch: 0 Iteration: 13  rank : 0  train.loss : 7.13720703125  train.ips : 4.282103856016526 imgs/s train.total_time : 7.472962141036987 
TCAPPDLL 2025-06-19 08:06:53.936640 - Epoch: 0 Iteration: 14  rank : 0  train.loss : 7.07080078125  train.ips : 4.323118753624603 imgs/s train.total_time : 7.402063608169556 
TCAPPDLL 2025-06-19 08:07:01.221722 - Epoch: 0 Iteration: 15  rank : 0  train.loss : 7.164794921875  train.ips : 4.392873553173833 imgs/s train.total_time : 7.284525632858276 
TCAPPDLL 2025-06-19 08:07:08.629025 - Epoch: 0 Iteration: 16  rank : 0  train.loss : 7.394775390625  train.ips : 4.320333390404416 imgs/s train.total_time : 7.4068357944488525 
TCAPPDLL 2025-06-19 08:07:16.264035 - Epoch: 0 Iteration: 17  rank : 0  train.loss : 7.493408203125  train.ips : 4.191496875951609 imgs/s train.total_time : 7.634504079818726 
TCAPPDLL 2025-06-19 08:07:23.711723 - Epoch: 0 Iteration: 18  rank : 0  train.loss : 7.4248046875  train.ips : 4.296903721443491 imgs/s train.total_time : 7.447222948074341 
TCAPPDLL 2025-06-19 08:07:31.065686 - Epoch: 0 Iteration: 19  rank : 0  train.loss : 7.6427001953125  train.ips : 4.351892134021222 imgs/s train.total_time : 7.353123426437378 
TCAPPDLL 2025-06-19 08:07:38.720195 - Epoch: 0 Iteration: 20  rank : 0  train.loss : 7.189697265625  train.ips : 4.180896648366809 imgs/s train.total_time : 7.653860569000244 
TCAPPDLL 2025-06-19 08:07:46.412809 - Epoch: 0 Iteration: 21  rank : 0  train.loss : 7.267333984375  train.ips : 4.16012802823207 imgs/s train.total_time : 7.692070960998535 
TCAPPDLL 2025-06-19 08:07:53.933965 - Epoch: 0 Iteration: 22  rank : 0  train.loss : 7.322998046875  train.ips : 4.254946022582093 imgs/s train.total_time : 7.520659446716309 
TCAPPDLL 2025-06-19 08:08:01.215801 - Epoch: 0 Iteration: 23  rank : 0  train.loss : 7.4696044921875  train.ips : 4.394735095507213 imgs/s train.total_time : 7.281440019607544 
TCAPPDLL 2025-06-19 08:08:08.426897 - Epoch: 0 Iteration: 24  rank : 0  train.loss : 7.6773681640625  train.ips : 4.438067198606671 imgs/s train.total_time : 7.210345983505249 
TCAPPDLL 2025-06-19 08:08:15.625268 - Epoch: 0 Iteration: 25  rank : 0  train.loss : 7.370361328125  train.ips : 4.445818837334765 imgs/s train.total_time : 7.197774171829224 
TCAPPDLL 2025-06-19 08:08:22.402377 - Epoch: 0 Iteration: 26  rank : 0  train.loss : 7.6767578125  train.ips : 4.722066666352373 imgs/s train.total_time : 6.776693820953369 
TCAPPDLL 2025-06-19 08:08:29.562650 - Epoch: 0 Iteration: 27  rank : 0  train.loss : 7.3427734375  train.ips : 4.469400934960424 imgs/s train.total_time : 7.159796237945557 
TCAPPDLL 2025-06-19 08:08:36.340976 - Epoch: 0 Iteration: 28  rank : 0  train.loss : 7.3206787109375  train.ips : 4.72116540398622 imgs/s train.total_time : 6.777987480163574 
TCAPPDLL 2025-06-19 08:08:43.214247 - Epoch: 0 Iteration: 29  rank : 0  train.loss : 7.5152587890625  train.ips : 4.655896731281076 imgs/s train.total_time : 6.873004674911499 
TCAPPDLL 2025-06-19 08:08:50.382210 - Epoch: 0 Iteration: 30  rank : 0  train.loss : 7.3828125  train.ips : 4.464503420365792 imgs/s train.total_time : 7.167650461196899 
TCAPPDLL 2025-06-19 08:08:57.651871 - Epoch: 0 Iteration: 31  rank : 0  train.loss : 7.4569091796875  train.ips : 4.402129929644101 imgs/s train.total_time : 7.2692084312438965 
TCAPPDLL 2025-06-19 08:09:04.675399 - Epoch: 0 Iteration: 32  rank : 0  train.loss : 7.5625  train.ips : 4.5563725880427315 imgs/s train.total_time : 7.023130655288696 
TCAPPDLL 2025-06-19 08:09:11.812750 - Epoch: 0 Iteration: 33  rank : 0  train.loss : 7.3358154296875  train.ips : 4.4837306339361485 imgs/s train.total_time : 7.136914014816284 
TCAPPDLL 2025-06-19 08:09:18.908064 - Epoch: 0 Iteration: 34  rank : 0  train.loss : 7.3314208984375  train.ips : 4.510346972261568 imgs/s train.total_time : 7.094797849655151 
TCAPPDLL 2025-06-19 08:09:26.161544 - Epoch: 0 Iteration: 35  rank : 0  train.loss : 7.61279296875  train.ips : 4.412024301060176 imgs/s train.total_time : 7.252906560897827 
TCAPPDLL 2025-06-19 08:09:33.292629 - Epoch: 0 Iteration: 36  rank : 0  train.loss : 7.29620361328125  train.ips : 4.487738423080593 imgs/s train.total_time : 7.130540370941162 
TCAPPDLL 2025-06-19 08:09:40.454680 - Epoch: 0 Iteration: 37  rank : 0  train.loss : 7.741943359375  train.ips : 4.468290794575892 imgs/s train.total_time : 7.161575078964233 
TCAPPDLL 2025-06-19 08:09:47.849943 - Epoch: 0 Iteration: 38  rank : 0  train.loss : 7.496337890625  train.ips : 4.327375391113081 imgs/s train.total_time : 7.394782543182373 
TCAPPDLL 2025-06-19 08:09:54.715946 - Epoch: 0 Iteration: 39  rank : 0  train.loss : 7.3739013671875  train.ips : 4.661003912920332 imgs/s train.total_time : 6.865473747253418 
TCAPPDLL 2025-06-19 08:10:02.082546 - Epoch: 0 Iteration: 40  rank : 0  train.loss : 7.5936279296875  train.ips : 4.344154946091206 imgs/s train.total_time : 7.366219758987427 
TCAPPDLL 2025-06-19 08:10:08.670745 - Epoch: 0 Iteration: 41  rank : 0  train.loss : 7.514892578125  train.ips : 4.857376232704035 imgs/s train.total_time : 6.587918758392334 
TCAPPDLL 2025-06-19 08:10:15.926655 - Epoch: 0 Iteration: 42  rank : 0  train.loss : 6.921142578125  train.ips : 4.410401402282965 imgs/s train.total_time : 7.25557541847229 
TCAPPDLL 2025-06-19 08:10:22.714764 - Epoch: 0 Iteration: 43  rank : 0  train.loss : 7.4273681640625  train.ips : 4.71442831267607 imgs/s train.total_time : 6.787673473358154 
TCAPPDLL 2025-06-19 08:10:30.151225 - Epoch: 0 Iteration: 44  rank : 0  train.loss : 7.641845703125  train.ips : 4.303387752027944 imgs/s train.total_time : 7.436002016067505 
TCAPPDLL 2025-06-19 08:10:37.382004 - Epoch: 0 Iteration: 45  rank : 0  train.loss : 7.3629150390625  train.ips : 4.425861622378448 imgs/s train.total_time : 7.2302305698394775 
TCAPPDLL 2025-06-19 08:10:44.814916 - Epoch: 0 Iteration: 46  rank : 0  train.loss : 7.517822265625  train.ips : 4.305431768465344 imgs/s train.total_time : 7.432471752166748 
TCAPPDLL 2025-06-19 08:10:51.889350 - Epoch: 0 Iteration: 47  rank : 0  train.loss : 7.280517578125  train.ips : 4.5236491225515785 imgs/s train.total_time : 7.073935031890869 
TCAPPDLL 2025-06-19 08:10:57.984263 - Epoch: 0 Iteration: 48  rank : 0  train.loss : 7.4501953125  train.ips : 5.250630422750582 imgs/s train.total_time : 6.09450626373291 
TCAPPDLL 2025-06-19 08:11:03.332159 - Epoch: 0 Iteration: 49  rank : 0  train.loss : 7.377685546875  train.ips : 5.984261509253447 imgs/s train.total_time : 5.347359895706177 
TCAPPDLL 2025-06-19 08:11:08.819152 - Epoch: 0 Iteration: 50  rank : 0  train.loss : 7.4261474609375  train.ips : 5.832468269175531 imgs/s train.total_time : 5.486527919769287 
TCAPPDLL 2025-06-19 08:11:14.727968 - Epoch: 0 Iteration: 51  rank : 0  train.loss : 7.3358154296875  train.ips : 5.415940672050445 imgs/s train.total_time : 5.908484220504761 
TCAPPDLL 2025-06-19 08:11:20.572446 - Epoch: 0 Iteration: 52  rank : 0  train.loss : 7.591064453125  train.ips : 5.475638036656391 imgs/s train.total_time : 5.844067811965942 
TCAPPDLL 2025-06-19 08:11:27.225528 - Epoch: 0 Iteration: 53  rank : 0  train.loss : 7.2998046875  train.ips : 4.810110247356814 imgs/s train.total_time : 6.65265417098999 
TCAPPDLL 2025-06-19 08:11:34.769280 - Epoch: 0 Iteration: 54  rank : 0  train.loss : 7.434814453125  train.ips : 4.242152832606278 imgs/s train.total_time : 7.543339729309082 
TCAPPDLL 2025-06-19 08:11:42.251637 - Epoch: 0 Iteration: 55  rank : 0  train.loss : 7.2386474609375  train.ips : 4.277094379308277 imgs/s train.total_time : 7.481714725494385 
TCAPPDLL 2025-06-19 08:11:49.508913 - Epoch: 0 Iteration: 56  rank : 0  train.loss : 7.6903076171875  train.ips : 4.40975411278464 imgs/s train.total_time : 7.256640434265137 
TCAPPDLL 2025-06-19 08:11:56.884656 - Epoch: 0 Iteration: 57  rank : 0  train.loss : 6.98583984375  train.ips : 4.338857372212636 imgs/s train.total_time : 7.375213623046875 
TCAPPDLL 2025-06-19 08:12:04.396647 - Epoch: 0 Iteration: 58  rank : 0  train.loss : 7.22467041015625  train.ips : 4.260051369687466 imgs/s train.total_time : 7.511646509170532 
TCAPPDLL 2025-06-19 08:12:11.666037 - Epoch: 0 Iteration: 59  rank : 0  train.loss : 7.4462890625  train.ips : 4.402256845892589 imgs/s train.total_time : 7.268998861312866 
TCAPPDLL 2025-06-19 08:12:18.292925 - Epoch: 0 Iteration: 60  rank : 0  train.loss : 7.3790283203125  train.ips : 4.8291940697126226 imgs/s train.total_time : 6.626364469528198 
TCAPPDLL 2025-06-19 08:12:25.427537 - Epoch: 0 Iteration: 61  rank : 0  train.loss : 7.1895751953125  train.ips : 4.485483806985649 imgs/s train.total_time : 7.134124517440796 
TCAPPDLL 2025-06-19 08:12:32.523267 - Epoch: 0 Iteration: 62  rank : 0  train.loss : 7.43115234375  train.ips : 4.510104171997626 imgs/s train.total_time : 7.095179796218872 
TCAPPDLL 2025-06-19 08:12:39.508149 - Epoch: 0 Iteration: 63  rank : 0  train.loss : 7.3123779296875  train.ips : 4.581672372177643 imgs/s train.total_time : 6.984349250793457 
TCAPPDLL 2025-06-19 08:12:46.681169 - Epoch: 0 Iteration: 64  rank : 0  train.loss : 7.3172607421875  train.ips : 4.461393402304501 imgs/s train.total_time : 7.172646999359131 
TCAPPDLL 2025-06-19 08:12:54.035856 - Epoch: 0 Iteration: 65  rank : 0  train.loss : 7.1632080078125  train.ips : 4.35117768909651 imgs/s train.total_time : 7.354330778121948 
TCAPPDLL 2025-06-19 08:13:01.082466 - Epoch: 0 Iteration: 66  rank : 0  train.loss : 7.387939453125  train.ips : 4.5414898274252025 imgs/s train.total_time : 7.046145915985107 
TCAPPDLL 2025-06-19 08:13:08.256917 - Epoch: 0 Iteration: 67  rank : 0  train.loss : 7.415283203125  train.ips : 4.460513583892906 imgs/s train.total_time : 7.1740617752075195 
TCAPPDLL 2025-06-19 08:13:15.410871 - Epoch: 0 Iteration: 68  rank : 0  train.loss : 7.168701171875  train.ips : 4.473349888540978 imgs/s train.total_time : 7.153475761413574 
TCAPPDLL 2025-06-19 08:13:22.434708 - Epoch: 0 Iteration: 69  rank : 0  train.loss : 7.5052490234375  train.ips : 4.556162854314956 imgs/s train.total_time : 7.023453950881958 
TCAPPDLL 2025-06-19 08:13:29.598844 - Epoch: 0 Iteration: 70  rank : 0  train.loss : 7.39892578125  train.ips : 4.466899917649499 imgs/s train.total_time : 7.16380500793457 
TCAPPDLL 2025-06-19 08:13:36.694192 - Epoch: 0 Iteration: 71  rank : 0  train.loss : 7.230712890625  train.ips : 4.510281040765472 imgs/s train.total_time : 7.0949015617370605 
TCAPPDLL 2025-06-19 08:13:43.976502 - Epoch: 0 Iteration: 72  rank : 0  train.loss : 7.1820068359375  train.ips : 4.394457245548695 imgs/s train.total_time : 7.281900405883789 
TCAPPDLL 2025-06-19 08:13:50.861417 - Epoch: 0 Iteration: 73  rank : 0  train.loss : 7.1278076171875  train.ips : 4.648063178990343 imgs/s train.total_time : 6.884588003158569 
TCAPPDLL 2025-06-19 08:13:57.726573 - Epoch: 0 Iteration: 74  rank : 0  train.loss : 7.1185302734375  train.ips : 4.661455394079726 imgs/s train.total_time : 6.864808797836304 
TCAPPDLL 2025-06-19 08:14:04.762384 - Epoch: 0 Iteration: 75  rank : 0  train.loss : 7.1175537109375  train.ips : 4.5483657003502085 imgs/s train.total_time : 7.035494089126587 
TCAPPDLL 2025-06-19 08:14:11.739382 - Epoch: 0 Iteration: 76  rank : 0  train.loss : 7.135498046875  train.ips : 4.586781411731464 imgs/s train.total_time : 6.976569652557373 
TCAPPDLL 2025-06-19 08:14:19.160672 - Epoch: 0 Iteration: 77  rank : 0  train.loss : 7.172607421875  train.ips : 4.31221131156961 imgs/s train.total_time : 7.420786619186401 
TCAPPDLL 2025-06-19 08:14:25.932663 - Epoch: 0 Iteration: 78  rank : 0  train.loss : 7.2122802734375  train.ips : 4.725690300646943 imgs/s train.total_time : 6.771497488021851 
TCAPPDLL 2025-06-19 08:14:32.875422 - Epoch: 0 Iteration: 79  rank : 0  train.loss : 7.1978759765625  train.ips : 4.609398166292538 imgs/s train.total_time : 6.942337989807129 
TCAPPDLL 2025-06-19 08:14:39.824094 - Epoch: 0 Iteration: 80  rank : 0  train.loss : 7.0604248046875  train.ips : 4.605490069050923 imgs/s train.total_time : 6.948229074478149 
TCAPPDLL 2025-06-19 08:14:47.073875 - Epoch: 0 Iteration: 81  rank : 0  train.loss : 7.1766357421875  train.ips : 4.4141549895842 imgs/s train.total_time : 7.2494056224823 
TCAPPDLL 2025-06-19 08:14:54.186238 - Epoch: 0 Iteration: 82  rank : 0  train.loss : 7.1151123046875  train.ips : 4.499414650505688 imgs/s train.total_time : 7.112036228179932 
TCAPPDLL 2025-06-19 08:15:00.970746 - Epoch: 0 Iteration: 83  rank : 0  train.loss : 7.1427001953125  train.ips : 4.71684426179962 imgs/s train.total_time : 6.784196853637695 
TCAPPDLL 2025-06-19 08:15:08.129728 - Epoch: 0 Iteration: 84  rank : 0  train.loss : 7.151611328125  train.ips : 4.470134784405434 imgs/s train.total_time : 7.158620834350586 
TCAPPDLL 2025-06-19 08:15:15.262150 - Epoch: 0 Iteration: 85  rank : 0  train.loss : 7.23583984375  train.ips : 4.486762989402075 imgs/s train.total_time : 7.1320905685424805 
TCAPPDLL 2025-06-19 08:15:22.293511 - Epoch: 0 Iteration: 86  rank : 0  train.loss : 6.9052734375  train.ips : 4.551246300311926 imgs/s train.total_time : 7.031041145324707 
TCAPPDLL 2025-06-19 08:15:29.769815 - Epoch: 0 Iteration: 87  rank : 0  train.loss : 7.0587158203125  train.ips : 4.280460438892076 imgs/s train.total_time : 7.4758312702178955 
TCAPPDLL 2025-06-19 08:15:36.998799 - Epoch: 0 Iteration: 88  rank : 0  train.loss : 6.9285888671875  train.ips : 4.426894123998407 imgs/s train.total_time : 7.228544235229492 
TCAPPDLL 2025-06-19 08:15:44.339793 - Epoch: 0 Iteration: 89  rank : 0  train.loss : 7.205078125  train.ips : 4.359293307033356 imgs/s train.total_time : 7.340639352798462 
TCAPPDLL 2025-06-19 08:15:51.551379 - Epoch: 0 Iteration: 90  rank : 0  train.loss : 7.201904296875  train.ips : 4.437488639116037 imgs/s train.total_time : 7.2112860679626465 
TCAPPDLL 2025-06-19 08:15:58.672958 - Epoch: 0 Iteration: 91  rank : 0  train.loss : 7.1495361328125  train.ips : 4.493641165797877 imgs/s train.total_time : 7.121173858642578 
TCAPPDLL 2025-06-19 08:16:05.578864 - Epoch: 0 Iteration: 92  rank : 0  train.loss : 7.018310546875  train.ips : 4.633969365774522 imgs/s train.total_time : 6.905526876449585 
TCAPPDLL 2025-06-19 08:16:12.761814 - Epoch: 0 Iteration: 93  rank : 0  train.loss : 7.099365234375  train.ips : 4.455221987300975 imgs/s train.total_time : 7.18258261680603 
TCAPPDLL 2025-06-19 08:16:19.978510 - Epoch: 0 Iteration: 94  rank : 0  train.loss : 7.2344970703125  train.ips : 4.4343878557961025 imgs/s train.total_time : 7.2163286209106445 
TCAPPDLL 2025-06-19 08:16:26.814023 - Epoch: 0 Iteration: 95  rank : 0  train.loss : 7.0718994140625  train.ips : 4.6816490343194195 imgs/s train.total_time : 6.835198402404785 
TCAPPDLL 2025-06-19 08:16:33.852330 - Epoch: 0 Iteration: 96  rank : 0  train.loss : 7.0091552734375  train.ips : 4.546859993130473 imgs/s train.total_time : 7.037823915481567 
TCAPPDLL 2025-06-19 08:16:40.926771 - Epoch: 0 Iteration: 97  rank : 0  train.loss : 7.089111328125  train.ips : 4.523668180659532 imgs/s train.total_time : 7.0739052295684814 
TCAPPDLL 2025-06-19 08:16:48.015492 - Epoch: 0 Iteration: 98  rank : 0  train.loss : 7.1295166015625  train.ips : 4.514452158997108 imgs/s train.total_time : 7.088346242904663 
TCAPPDLL 2025-06-19 08:16:55.450017 - Epoch: 0 Iteration: 99  rank : 0  train.loss : 6.8529052734375  train.ips : 4.304436643389539 imgs/s train.total_time : 7.434190034866333 
06/19 08:16:55 - mmengine - INFO - Epoch(train)   [1][  100/40037]  lr: 4.5000e-02  eta: 986 days, 6:59:51  time: 7.1106  data_time: 0.0017  memory: 1283  loss: 7.0856
TCAPPDLL 2025-06-19 08:17:02.635725 - Epoch: 0 Iteration: 100  rank : 0  train.loss : 6.966796875  train.ips : 4.453526225847042 imgs/s train.total_time : 7.185317516326904 
