--------------+------------------------------------------------
 Host IP      | 10.244.32.103
 PyTorch      | 2.4.0a0+git4451b0e
 Torch-SDAA   | 20250616.14.30.dev0+git35328dc
--------------+------------------------------------------------
 SDAA Driver  | 2.1.0 (N/A)
 SDAA Runtime | 2.1.0 (/opt/tecoai/lib64/libsdaart.so)
 SDPTI        | 1.4.0b0 (/opt/tecoai/lib64/libsdpti.so)
 TecoDNN      | 2.2.0b0 (/opt/tecoai/lib64/libtecodnn.so)
 TecoBLAS     | 2.2.0b0 (/opt/tecoai/lib64/libtecoblas.so)
 CustomDNN    | 1.20.0a0 (/opt/tecoai/lib64/libtecodnn_ext.so)
 TecoRAND     | 2.0.1 (/opt/tecoai/lib64/libtecorand.so)
 TCCL         | 1.23.0 (/opt/tecoai/lib64/libtccl.so)
--------------+------------------------------------------------
/data/bigc-data/lsq/torch_env_vgg/lib/python3.10/site-packages/torch/distributed/launch.py:208: FutureWarning: The module torch.distributed.launch is deprecated
and will be removed in future. Use torchrun.
Note that --use-env is set by default in torchrun.
If your script expects `--local-rank` argument to be set, please
change it to read from `os.environ['LOCAL_RANK']` instead. See 
https://pytorch.org/docs/stable/distributed.html#launch-utility for 
further instructions

  main()
--------------+------------------------------------------------
 Host IP      | 10.244.32.103
 PyTorch      | 2.4.0a0+git4451b0e
 Torch-SDAA   | 20250616.14.30.dev0+git35328dc
--------------+------------------------------------------------
 SDAA Driver  | 2.1.0 (N/A)
 SDAA Runtime | 2.1.0 (/opt/tecoai/lib64/libsdaart.so)
 SDPTI        | 1.4.0b0 (/opt/tecoai/lib64/libsdpti.so)
 TecoDNN      | 2.2.0b0 (/opt/tecoai/lib64/libtecodnn.so)
 TecoBLAS     | 2.2.0b0 (/opt/tecoai/lib64/libtecoblas.so)
 CustomDNN    | 1.20.0a0 (/opt/tecoai/lib64/libtecodnn_ext.so)
 TecoRAND     | 2.0.1 (/opt/tecoai/lib64/libtecorand.so)
 TCCL         | 1.23.0 (/opt/tecoai/lib64/libtccl.so)
--------------+------------------------------------------------
/data/bigc-data/lsq/torch_env_vgg/lib/python3.10/site-packages/mmengine/optim/optimizer/zero_optimizer.py:11: DeprecationWarning: `TorchScript` support for functional optimizers is deprecated and will be removed in a future PyTorch release. Consider using the `torch.compile` optimizer instead.
  from torch.distributed.optim import \
/data/bigc-data/lsq/torch_env_vgg/lib/python3.10/site-packages/mmengine/utils/dl_utils/setup_env.py:46: UserWarning: Setting OMP_NUM_THREADS environment variable for each process to be 1 in default, to avoid your system being overloaded, please further tune the variable for optimal performance in your application as needed.
  warnings.warn(
/data/bigc-data/lsq/torch_env_vgg/lib/python3.10/site-packages/mmengine/utils/dl_utils/setup_env.py:56: UserWarning: Setting MKL_NUM_THREADS environment variable for each process to be 1 in default, to avoid your system being overloaded, please further tune the variable for optimal performance in your application as needed.
  warnings.warn(
06/19 01:37:01 - mmengine - INFO - 
------------------------------------------------------------
System environment:
    sys.platform: linux
    Python: 3.10.16 (main, Dec 11 2024, 16:24:50) [GCC 11.2.0]
    CUDA available: False
    MUSA available: False
    numpy_random_seed: 1719954644
    GCC: gcc (Ubuntu 11.4.0-1ubuntu1~22.04) 11.4.0
    PyTorch: 2.4.0a0+git4451b0e
    PyTorch compiling details: PyTorch built with:
  - GCC 11.5
  - C++ Version: 201703
  - Intel(R) oneAPI Math Kernel Library Version 2025.0-Product Build 20241009 for Intel(R) 64 architecture applications
  - Intel(R) MKL-DNN v3.4.2 (Git Hash 1137e04ec0b5251ca2b4400a4fd3c667ce843d67)
  - OpenMP 201511 (a.k.a. OpenMP 4.5)
  - LAPACK is enabled (usually provided by MKL)
  - NNPACK is enabled
  - CPU capability usage: AVX512
  - Build settings: BLAS_INFO=mkl, BUILD_TYPE=Release, CXX_COMPILER=/usr/bin/g++, CXX_FLAGS= -D_GLIBCXX_USE_CXX11_ABI=1 -fvisibility-inlines-hidden -DUSE_PTHREADPOOL -DNDEBUG -DUSE_KINETO -DLIBKINETO_NOCUPTI -DLIBKINETO_NOROCTRACER -DUSE_FBGEMM -DUSE_PYTORCH_QNNPACK -DUSE_XNNPACK -DSYMBOLICATE_MOBILE_DEBUG_HANDLE -O2 -fPIC -Wall -Wextra -Werror=return-type -Werror=non-virtual-dtor -Werror=range-loop-construct -Werror=bool-operation -Wnarrowing -Wno-missing-field-initializers -Wno-type-limits -Wno-array-bounds -Wno-unknown-pragmas -Wno-unused-parameter -Wno-unused-function -Wno-unused-result -Wno-strict-overflow -Wno-strict-aliasing -Wno-stringop-overflow -Wsuggest-override -Wno-psabi -Wno-error=pedantic -Wno-error=old-style-cast -Wno-missing-braces -fdiagnostics-color=always -faligned-new -Wno-unused-but-set-variable -Wno-maybe-uninitialized -fno-math-errno -fno-trapping-math -Werror=format -Wno-stringop-overflow, FORCE_FALLBACK_CUDA_MPI=1, LAPACK_INFO=mkl, PERF_WITH_AVX=1, PERF_WITH_AVX2=1, PERF_WITH_AVX512=1, TORCH_VERSION=2.4.0, USE_CUDA=OFF, USE_CUDNN=OFF, USE_CUSPARSELT=OFF, USE_EXCEPTION_PTR=1, USE_GFLAGS=OFF, USE_GLOG=OFF, USE_GLOO=ON, USE_MKL=ON, USE_MKLDNN=1, USE_MPI=ON, USE_NCCL=OFF, USE_NNPACK=ON, USE_OPENMP=ON, USE_ROCM=OFF, USE_ROCM_KERNEL_ASSERT=OFF, 

    TorchVision: 0.15.1a0+42759b1
    OpenCV: 4.11.0
    MMEngine: 0.10.4

Runtime environment:
    cudnn_benchmark: False
    mp_cfg: {'mp_start_method': 'fork', 'opencv_num_threads': 0}
    dist_cfg: {'backend': 'tccl'}
    seed: 1719954644
    deterministic: False
    Distributed launcher: pytorch
    Distributed training: True
    GPU number: 1
------------------------------------------------------------

06/19 01:37:01 - mmengine - INFO - Config:
EIGVAL = [
    0.2175,
    0.0188,
    0.0045,
]
EIGVEC = [
    [
        -0.5836,
        -0.6948,
        0.4203,
    ],
    [
        -0.5808,
        -0.0045,
        -0.814,
    ],
    [
        -0.5675,
        0.7192,
        0.4009,
    ],
]
auto_scale_lr = dict(base_batch_size=1024)
custom_hooks = [
    dict(
        interval=1,
        num_samples=8192,
        priority='ABOVE_NORMAL',
        type='PreciseBNHook'),
]
data_preprocessor = dict(
    mean=[
        103.53,
        116.28,
        123.675,
    ],
    num_classes=1000,
    std=[
        57.375,
        57.12,
        58.395,
    ],
    to_rgb=False)
dataset_type = 'ImageNet'
default_hooks = dict(
    checkpoint=dict(interval=1, type='CheckpointHook'),
    logger=dict(interval=100, type='LoggerHook'),
    param_scheduler=dict(type='ParamSchedulerHook'),
    sampler_seed=dict(type='DistSamplerSeedHook'),
    timer=dict(type='IterTimerHook'),
    visualization=dict(enable=False, type='VisualizationHook'))
default_scope = 'mmpretrain'
env_cfg = dict(
    cudnn_benchmark=False,
    dist_cfg=dict(backend='nccl'),
    mp_cfg=dict(mp_start_method='fork', opencv_num_threads=0))
launcher = 'pytorch'
load_from = None
log_level = 'INFO'
model = dict(
    backbone=dict(arch='regnetx_400mf', type='RegNet'),
    head=dict(
        in_channels=384,
        loss=dict(loss_weight=1.0, type='CrossEntropyLoss'),
        num_classes=1000,
        topk=(
            1,
            5,
        ),
        type='LinearClsHead'),
    neck=dict(type='GlobalAveragePooling'),
    type='ImageClassifier')
optim_wrapper = dict(
    loss_scale='dynamic',
    optimizer=dict(
        lr=0.8, momentum=0.9, nesterov=True, type='SGD', weight_decay=5e-05),
    type='AmpOptimWrapper')
param_scheduler = [
    dict(begin=0, by_epoch=True, end=5, start_factor=0.1, type='LinearLR'),
    dict(T_max=95, begin=5, by_epoch=True, end=100, type='CosineAnnealingLR'),
]
randomness = dict(deterministic=False, seed=None)
resume = False
test_cfg = dict()
test_dataloader = dict(
    batch_size=128,
    collate_fn=dict(type='default_collate'),
    dataset=dict(
        data_root='data/imagenet',
        pipeline=[
            dict(type='LoadImageFromFile'),
            dict(edge='short', scale=256, type='ResizeEdge'),
            dict(crop_size=224, type='CenterCrop'),
            dict(type='PackInputs'),
        ],
        split='val',
        type='ImageNet'),
    num_workers=5,
    persistent_workers=True,
    pin_memory=True,
    sampler=dict(shuffle=False, type='DefaultSampler'))
test_evaluator = dict(
    topk=(
        1,
        5,
    ), type='Accuracy')
test_pipeline = [
    dict(type='LoadImageFromFile'),
    dict(edge='short', scale=256, type='ResizeEdge'),
    dict(crop_size=224, type='CenterCrop'),
    dict(type='PackInputs'),
]
train_cfg = dict(by_epoch=True, max_epochs=100, val_interval=1)
train_dataloader = dict(
    batch_size=128,
    collate_fn=dict(type='default_collate'),
    dataset=dict(
        data_root='/data/teco-data/imagenet',
        pipeline=[
            dict(type='LoadImageFromFile'),
            dict(scale=224, type='RandomResizedCrop'),
            dict(direction='horizontal', prob=0.5, type='RandomFlip'),
            dict(
                alphastd=25.5,
                eigval=[
                    0.2175,
                    0.0188,
                    0.0045,
                ],
                eigvec=[
                    [
                        -0.5836,
                        -0.6948,
                        0.4203,
                    ],
                    [
                        -0.5808,
                        -0.0045,
                        -0.814,
                    ],
                    [
                        -0.5675,
                        0.7192,
                        0.4009,
                    ],
                ],
                to_rgb=False,
                type='Lighting'),
            dict(type='PackInputs'),
        ],
        split='train',
        type='ImageNet'),
    num_workers=5,
    persistent_workers=True,
    pin_memory=True,
    sampler=dict(shuffle=True, type='DefaultSampler'))
train_pipeline = [
    dict(type='LoadImageFromFile'),
    dict(scale=224, type='RandomResizedCrop'),
    dict(direction='horizontal', prob=0.5, type='RandomFlip'),
    dict(
        alphastd=25.5,
        eigval=[
            0.2175,
            0.0188,
            0.0045,
        ],
        eigvec=[
            [
                -0.5836,
                -0.6948,
                0.4203,
            ],
            [
                -0.5808,
                -0.0045,
                -0.814,
            ],
            [
                -0.5675,
                0.7192,
                0.4009,
            ],
        ],
        to_rgb=False,
        type='Lighting'),
    dict(type='PackInputs'),
]
val_cfg = dict()
val_dataloader = dict(
    batch_size=128,
    collate_fn=dict(type='default_collate'),
    dataset=dict(
        data_root='/data/teco-data/imagenet',
        pipeline=[
            dict(type='LoadImageFromFile'),
            dict(edge='short', scale=256, type='ResizeEdge'),
            dict(crop_size=224, type='CenterCrop'),
            dict(type='PackInputs'),
        ],
        split='val',
        type='ImageNet'),
    num_workers=5,
    persistent_workers=True,
    pin_memory=True,
    sampler=dict(shuffle=False, type='DefaultSampler'))
val_evaluator = dict(
    topk=(
        1,
        5,
    ), type='Accuracy')
vis_backends = [
    dict(type='LocalVisBackend'),
]
visualizer = dict(
    type='UniversalVisualizer', vis_backends=[
        dict(type='LocalVisBackend'),
    ])
work_dir = './work_dirs/regnetx-400mf_8xb128_in1k'

06/19 01:37:13 - mmengine - INFO - Hooks will be executed in the following order:
before_run:
(VERY_HIGH   ) RuntimeInfoHook                    
(BELOW_NORMAL) LoggerHook                         
 -------------------- 
before_train:
(VERY_HIGH   ) RuntimeInfoHook                    
(NORMAL      ) IterTimerHook                      
(VERY_LOW    ) CheckpointHook                     
 -------------------- 
before_train_epoch:
(VERY_HIGH   ) RuntimeInfoHook                    
(NORMAL      ) IterTimerHook                      
(NORMAL      ) DistSamplerSeedHook                
 -------------------- 
before_train_iter:
(VERY_HIGH   ) RuntimeInfoHook                    
(NORMAL      ) IterTimerHook                      
 -------------------- 
after_train_iter:
(VERY_HIGH   ) RuntimeInfoHook                    
(ABOVE_NORMAL) PreciseBNHook                      
(NORMAL      ) IterTimerHook                      
(BELOW_NORMAL) LoggerHook                         
(LOW         ) ParamSchedulerHook                 
(VERY_LOW    ) CheckpointHook                     
 -------------------- 
after_train_epoch:
(ABOVE_NORMAL) PreciseBNHook                      
(NORMAL      ) IterTimerHook                      
(LOW         ) ParamSchedulerHook                 
(VERY_LOW    ) CheckpointHook                     
 -------------------- 
before_val:
(VERY_HIGH   ) RuntimeInfoHook                    
 -------------------- 
before_val_epoch:
(NORMAL      ) IterTimerHook                      
 -------------------- 
before_val_iter:
(NORMAL      ) IterTimerHook                      
 -------------------- 
after_val_iter:
(NORMAL      ) IterTimerHook                      
(NORMAL      ) VisualizationHook                  
(BELOW_NORMAL) LoggerHook                         
 -------------------- 
after_val_epoch:
(VERY_HIGH   ) RuntimeInfoHook                    
(NORMAL      ) IterTimerHook                      
(BELOW_NORMAL) LoggerHook                         
(LOW         ) ParamSchedulerHook                 
(VERY_LOW    ) CheckpointHook                     
 -------------------- 
after_val:
(VERY_HIGH   ) RuntimeInfoHook                    
 -------------------- 
after_train:
(VERY_HIGH   ) RuntimeInfoHook                    
(VERY_LOW    ) CheckpointHook                     
 -------------------- 
before_test:
(VERY_HIGH   ) RuntimeInfoHook                    
 -------------------- 
before_test_epoch:
(NORMAL      ) IterTimerHook                      
 -------------------- 
before_test_iter:
(NORMAL      ) IterTimerHook                      
 -------------------- 
after_test_iter:
(NORMAL      ) IterTimerHook                      
(NORMAL      ) VisualizationHook                  
(BELOW_NORMAL) LoggerHook                         
 -------------------- 
after_test_epoch:
(VERY_HIGH   ) RuntimeInfoHook                    
(NORMAL      ) IterTimerHook                      
(BELOW_NORMAL) LoggerHook                         
 -------------------- 
after_test:
(VERY_HIGH   ) RuntimeInfoHook                    
 -------------------- 
after_run:
(BELOW_NORMAL) LoggerHook                         
 -------------------- 
06/19 01:37:36 - mmengine - WARNING - "FileClient" will be deprecated in future. Please use io functions in https://mmengine.readthedocs.io/en/latest/api/fileio.html#file-io
06/19 01:37:36 - mmengine - WARNING - "HardDiskBackend" is the alias of "LocalBackend" and the former will be deprecated in future.
06/19 01:37:36 - mmengine - INFO - Checkpoints will be saved to /data/bigc-data/lsq/sunhn/RegNet/run_scripts/work_dirs/regnetx-400mf_8xb128_in1k.
TCAPPDLL 2025-06-19 01:37:38.907279 - Epoch: 0 Iteration: 0  rank : 0  train.loss : 6.920440673828125  train.ips : 56.619511978538895 imgs/s train.total_time : 2.260704755783081 
TCAPPDLL 2025-06-19 01:37:39.081467 - Epoch: 0 Iteration: 1  rank : 0  train.loss : 6.90289306640625  train.ips : 736.0859494432783 imgs/s train.total_time : 0.17389273643493652 
TCAPPDLL 2025-06-19 01:37:39.254390 - Epoch: 0 Iteration: 2  rank : 0  train.loss : 6.90606689453125  train.ips : 741.2978897616921 imgs/s train.total_time : 0.1726701259613037 
TCAPPDLL 2025-06-19 01:37:39.426866 - Epoch: 0 Iteration: 3  rank : 0  train.loss : 6.927734375  train.ips : 743.1099250482722 imgs/s train.total_time : 0.17224907875061035 
TCAPPDLL 2025-06-19 01:37:39.599188 - Epoch: 0 Iteration: 4  rank : 0  train.loss : 6.906585693359375  train.ips : 743.7667363509539 imgs/s train.total_time : 0.17209696769714355 
TCAPPDLL 2025-06-19 01:37:40.177967 - Epoch: 0 Iteration: 5  rank : 0  train.loss : 6.897613525390625  train.ips : 221.24254136520102 imgs/s train.total_time : 0.5785505771636963 
TCAPPDLL 2025-06-19 01:37:40.351435 - Epoch: 0 Iteration: 6  rank : 0  train.loss : 6.923004150390625  train.ips : 739.131211502931 imgs/s train.total_time : 0.17317628860473633 
TCAPPDLL 2025-06-19 01:37:40.525321 - Epoch: 0 Iteration: 7  rank : 0  train.loss : 6.910186767578125  train.ips : 737.294962803658 imgs/s train.total_time : 0.17360758781433105 
TCAPPDLL 2025-06-19 01:37:40.698009 - Epoch: 0 Iteration: 8  rank : 0  train.loss : 6.891265869140625  train.ips : 742.3700878751633 imgs/s train.total_time : 0.17242074012756348 
TCAPPDLL 2025-06-19 01:37:40.876950 - Epoch: 0 Iteration: 9  rank : 0  train.loss : 6.88897705078125  train.ips : 716.4010034694422 imgs/s train.total_time : 0.17867088317871094 
TCAPPDLL 2025-06-19 01:37:41.489303 - Epoch: 0 Iteration: 10  rank : 0  train.loss : 6.902984619140625  train.ips : 209.11644081594497 imgs/s train.total_time : 0.6120991706848145 
TCAPPDLL 2025-06-19 01:37:41.661887 - Epoch: 0 Iteration: 11  rank : 0  train.loss : 6.9420166015625  train.ips : 742.737767128234 imgs/s train.total_time : 0.17233538627624512 
TCAPPDLL 2025-06-19 01:37:41.833781 - Epoch: 0 Iteration: 12  rank : 0  train.loss : 6.9019775390625  train.ips : 745.680971812871 imgs/s train.total_time : 0.17165517807006836 
TCAPPDLL 2025-06-19 01:37:42.006773 - Epoch: 0 Iteration: 13  rank : 0  train.loss : 6.904510498046875  train.ips : 740.9254990718954 imgs/s train.total_time : 0.17275691032409668 
TCAPPDLL 2025-06-19 01:37:42.182397 - Epoch: 0 Iteration: 14  rank : 0  train.loss : 6.911712646484375  train.ips : 730.0810108817745 imgs/s train.total_time : 0.1753230094909668 
TCAPPDLL 2025-06-19 01:37:42.665676 - Epoch: 0 Iteration: 15  rank : 0  train.loss : 6.878631591796875  train.ips : 265.0384580827533 imgs/s train.total_time : 0.48294878005981445 
TCAPPDLL 2025-06-19 01:37:42.948891 - Epoch: 0 Iteration: 16  rank : 0  train.loss : 6.943878173828125  train.ips : 452.399356545231 imgs/s train.total_time : 0.28293585777282715 
TCAPPDLL 2025-06-19 01:37:43.125760 - Epoch: 0 Iteration: 17  rank : 0  train.loss : 6.904144287109375  train.ips : 724.7461253207806 imgs/s train.total_time : 0.17661356925964355 
TCAPPDLL 2025-06-19 01:37:43.299401 - Epoch: 0 Iteration: 18  rank : 0  train.loss : 6.9329833984375  train.ips : 738.167792746342 imgs/s train.total_time : 0.1734023094177246 
TCAPPDLL 2025-06-19 01:37:43.474783 - Epoch: 0 Iteration: 19  rank : 0  train.loss : 6.927337646484375  train.ips : 730.8512611917238 imgs/s train.total_time : 0.17513823509216309 
TCAPPDLL 2025-06-19 01:37:43.821687 - Epoch: 0 Iteration: 20  rank : 0  train.loss : 6.943939208984375  train.ips : 369.2529612679495 imgs/s train.total_time : 0.3466458320617676 
TCAPPDLL 2025-06-19 01:37:44.170069 - Epoch: 0 Iteration: 21  rank : 0  train.loss : 6.9554443359375  train.ips : 367.73718209970195 imgs/s train.total_time : 0.34807467460632324 
TCAPPDLL 2025-06-19 01:37:44.344909 - Epoch: 0 Iteration: 22  rank : 0  train.loss : 6.9576416015625  train.ips : 733.3971446642432 imgs/s train.total_time : 0.1745302677154541 
TCAPPDLL 2025-06-19 01:37:44.520207 - Epoch: 0 Iteration: 23  rank : 0  train.loss : 6.91796875  train.ips : 731.3978807521178 imgs/s train.total_time : 0.17500734329223633 
TCAPPDLL 2025-06-19 01:37:44.695043 - Epoch: 0 Iteration: 24  rank : 0  train.loss : 6.9255218505859375  train.ips : 733.1737971419832 imgs/s train.total_time : 0.17458343505859375 
TCAPPDLL 2025-06-19 01:37:45.119339 - Epoch: 0 Iteration: 25  rank : 0  train.loss : 6.953643798828125  train.ips : 301.8565617298909 imgs/s train.total_time : 0.4240424633026123 
TCAPPDLL 2025-06-19 01:37:45.388873 - Epoch: 0 Iteration: 26  rank : 0  train.loss : 6.97882080078125  train.ips : 475.3156358897357 imgs/s train.total_time : 0.26929473876953125 
TCAPPDLL 2025-06-19 01:37:45.561373 - Epoch: 0 Iteration: 27  rank : 0  train.loss : 6.904876708984375  train.ips : 743.0461588286666 imgs/s train.total_time : 0.17226386070251465 
TCAPPDLL 2025-06-19 01:37:45.733769 - Epoch: 0 Iteration: 28  rank : 0  train.loss : 6.89453125  train.ips : 743.4824561039076 imgs/s train.total_time : 0.17216277122497559 
TCAPPDLL 2025-06-19 01:37:45.906386 - Epoch: 0 Iteration: 29  rank : 0  train.loss : 6.924835205078125  train.ips : 742.7490703028157 imgs/s train.total_time : 0.172332763671875 
TCAPPDLL 2025-06-19 01:37:46.330909 - Epoch: 0 Iteration: 30  rank : 0  train.loss : 6.8958892822265625  train.ips : 301.69660119156663 imgs/s train.total_time : 0.4242672920227051 
TCAPPDLL 2025-06-19 01:37:46.654844 - Epoch: 0 Iteration: 31  rank : 0  train.loss : 6.9337158203125  train.ips : 395.4308374690466 imgs/s train.total_time : 0.323697566986084 
TCAPPDLL 2025-06-19 01:37:46.829587 - Epoch: 0 Iteration: 32  rank : 0  train.loss : 6.998626708984375  train.ips : 733.6847922639823 imgs/s train.total_time : 0.17446184158325195 
TCAPPDLL 2025-06-19 01:37:47.005218 - Epoch: 0 Iteration: 33  rank : 0  train.loss : 6.881927490234375  train.ips : 730.055198372551 imgs/s train.total_time : 0.17532920837402344 
TCAPPDLL 2025-06-19 01:37:47.177957 - Epoch: 0 Iteration: 34  rank : 0  train.loss : 6.89532470703125  train.ips : 742.017129928448 imgs/s train.total_time : 0.17250275611877441 
TCAPPDLL 2025-06-19 01:37:47.655640 - Epoch: 0 Iteration: 35  rank : 0  train.loss : 6.8943939208984375  train.ips : 268.09738519726625 imgs/s train.total_time : 0.47743844985961914 
TCAPPDLL 2025-06-19 01:37:47.961107 - Epoch: 0 Iteration: 36  rank : 0  train.loss : 6.8319244384765625  train.ips : 419.3763397687017 imgs/s train.total_time : 0.30521512031555176 
TCAPPDLL 2025-06-19 01:37:48.135122 - Epoch: 0 Iteration: 37  rank : 0  train.loss : 6.900970458984375  train.ips : 736.6050559446796 imgs/s train.total_time : 0.17377018928527832 
TCAPPDLL 2025-06-19 01:37:48.307751 - Epoch: 0 Iteration: 38  rank : 0  train.loss : 6.901123046875  train.ips : 742.4891842963812 imgs/s train.total_time : 0.1723930835723877 
TCAPPDLL 2025-06-19 01:37:48.480444 - Epoch: 0 Iteration: 39  rank : 0  train.loss : 6.8944091796875  train.ips : 742.2140883156814 imgs/s train.total_time : 0.17245697975158691 
TCAPPDLL 2025-06-19 01:37:48.719594 - Epoch: 0 Iteration: 40  rank : 0  train.loss : 6.947998046875  train.ips : 535.7511920087018 imgs/s train.total_time : 0.23891687393188477 
TCAPPDLL 2025-06-19 01:37:49.095885 - Epoch: 0 Iteration: 41  rank : 0  train.loss : 6.922760009765625  train.ips : 340.43293697496046 imgs/s train.total_time : 0.3759918212890625 
TCAPPDLL 2025-06-19 01:37:49.272274 - Epoch: 0 Iteration: 42  rank : 0  train.loss : 6.890411376953125  train.ips : 727.0575285475937 imgs/s train.total_time : 0.17605209350585938 
TCAPPDLL 2025-06-19 01:37:49.445140 - Epoch: 0 Iteration: 43  rank : 0  train.loss : 7.00335693359375  train.ips : 741.4576003867003 imgs/s train.total_time : 0.17263293266296387 
TCAPPDLL 2025-06-19 01:37:49.618668 - Epoch: 0 Iteration: 44  rank : 0  train.loss : 6.90325927734375  train.ips : 738.8443622391404 imgs/s train.total_time : 0.17324352264404297 
TCAPPDLL 2025-06-19 01:37:49.792196 - Epoch: 0 Iteration: 45  rank : 0  train.loss : 6.867950439453125  train.ips : 738.8067425100423 imgs/s train.total_time : 0.17325234413146973 
TCAPPDLL 2025-06-19 01:37:50.192087 - Epoch: 0 Iteration: 46  rank : 0  train.loss : 6.839752197265625  train.ips : 320.27768368642944 imgs/s train.total_time : 0.39965319633483887 
TCAPPDLL 2025-06-19 01:37:50.364495 - Epoch: 0 Iteration: 47  rank : 0  train.loss : 6.8930206298828125  train.ips : 743.5092268553077 imgs/s train.total_time : 0.17215657234191895 
TCAPPDLL 2025-06-19 01:37:50.537146 - Epoch: 0 Iteration: 48  rank : 0  train.loss : 6.880615234375  train.ips : 742.4748085627791 imgs/s train.total_time : 0.17239642143249512 
TCAPPDLL 2025-06-19 01:37:50.717399 - Epoch: 0 Iteration: 49  rank : 0  train.loss : 6.907012939453125  train.ips : 711.0901261859318 imgs/s train.total_time : 0.18000531196594238 
TCAPPDLL 2025-06-19 01:37:50.890197 - Epoch: 0 Iteration: 50  rank : 0  train.loss : 6.892425537109375  train.ips : 741.7885021388541 imgs/s train.total_time : 0.17255592346191406 
TCAPPDLL 2025-06-19 01:37:51.373903 - Epoch: 0 Iteration: 51  rank : 0  train.loss : 6.850555419921875  train.ips : 264.75953462131764 imgs/s train.total_time : 0.4834575653076172 
TCAPPDLL 2025-06-19 01:37:51.548695 - Epoch: 0 Iteration: 52  rank : 0  train.loss : 6.90069580078125  train.ips : 733.4141767393063 imgs/s train.total_time : 0.17452621459960938 
TCAPPDLL 2025-06-19 01:37:51.721891 - Epoch: 0 Iteration: 53  rank : 0  train.loss : 6.88226318359375  train.ips : 740.1573481382014 imgs/s train.total_time : 0.17293620109558105 
TCAPPDLL 2025-06-19 01:37:51.895248 - Epoch: 0 Iteration: 54  rank : 0  train.loss : 6.859527587890625  train.ips : 739.3979165174661 imgs/s train.total_time : 0.17311382293701172 
TCAPPDLL 2025-06-19 01:37:52.125347 - Epoch: 0 Iteration: 55  rank : 0  train.loss : 6.9044189453125  train.ips : 556.8761300976272 imgs/s train.total_time : 0.22985363006591797 
TCAPPDLL 2025-06-19 01:37:52.677202 - Epoch: 0 Iteration: 56  rank : 0  train.loss : 6.86761474609375  train.ips : 232.0515183146502 imgs/s train.total_time : 0.5516016483306885 
TCAPPDLL 2025-06-19 01:37:52.853198 - Epoch: 0 Iteration: 57  rank : 0  train.loss : 6.82708740234375  train.ips : 728.5760201499029 imgs/s train.total_time : 0.17568516731262207 
TCAPPDLL 2025-06-19 01:37:53.027442 - Epoch: 0 Iteration: 58  rank : 0  train.loss : 6.937164306640625  train.ips : 735.7822986048296 imgs/s train.total_time : 0.1739645004272461 
TCAPPDLL 2025-06-19 01:37:53.203038 - Epoch: 0 Iteration: 59  rank : 0  train.loss : 6.83294677734375  train.ips : 730.1713690400902 imgs/s train.total_time : 0.17530131340026855 
TCAPPDLL 2025-06-19 01:37:53.437291 - Epoch: 0 Iteration: 60  rank : 0  train.loss : 6.897003173828125  train.ips : 547.1708561970534 imgs/s train.total_time : 0.2339305877685547 
TCAPPDLL 2025-06-19 01:37:54.033089 - Epoch: 0 Iteration: 61  rank : 0  train.loss : 6.946929931640625  train.ips : 214.94275903126788 imgs/s train.total_time : 0.5955073833465576 
TCAPPDLL 2025-06-19 01:37:54.213801 - Epoch: 0 Iteration: 62  rank : 0  train.loss : 6.84844970703125  train.ips : 709.5732311584156 imgs/s train.total_time : 0.1803901195526123 
TCAPPDLL 2025-06-19 01:37:54.393925 - Epoch: 0 Iteration: 63  rank : 0  train.loss : 6.904632568359375  train.ips : 711.7792821100248 imgs/s train.total_time : 0.17983102798461914 
TCAPPDLL 2025-06-19 01:37:54.568307 - Epoch: 0 Iteration: 64  rank : 0  train.loss : 6.89984130859375  train.ips : 735.1777613452742 imgs/s train.total_time : 0.17410755157470703 
TCAPPDLL 2025-06-19 01:37:54.777323 - Epoch: 0 Iteration: 65  rank : 0  train.loss : 6.810577392578125  train.ips : 613.117604132287 imgs/s train.total_time : 0.2087690830230713 
TCAPPDLL 2025-06-19 01:37:55.335658 - Epoch: 0 Iteration: 66  rank : 0  train.loss : 6.8080291748046875  train.ips : 229.35810939551956 imgs/s train.total_time : 0.5580792427062988 
TCAPPDLL 2025-06-19 01:37:55.508567 - Epoch: 0 Iteration: 67  rank : 0  train.loss : 6.829559326171875  train.ips : 741.3234797833766 imgs/s train.total_time : 0.17266416549682617 
TCAPPDLL 2025-06-19 01:37:55.681081 - Epoch: 0 Iteration: 68  rank : 0  train.loss : 6.873199462890625  train.ips : 742.9967989482061 imgs/s train.total_time : 0.17227530479431152 
TCAPPDLL 2025-06-19 01:37:55.857167 - Epoch: 0 Iteration: 69  rank : 0  train.loss : 6.8882293701171875  train.ips : 727.9003526487978 imgs/s train.total_time : 0.17584824562072754 
TCAPPDLL 2025-06-19 01:37:56.030108 - Epoch: 0 Iteration: 70  rank : 0  train.loss : 6.898956298828125  train.ips : 741.1761054738731 imgs/s train.total_time : 0.1726984977722168 
TCAPPDLL 2025-06-19 01:37:56.501847 - Epoch: 0 Iteration: 71  rank : 0  train.loss : 6.928558349609375  train.ips : 271.4832628503899 imgs/s train.total_time : 0.4714839458465576 
TCAPPDLL 2025-06-19 01:37:56.674709 - Epoch: 0 Iteration: 72  rank : 0  train.loss : 6.7732391357421875  train.ips : 741.5210942344958 imgs/s train.total_time : 0.17261815071105957 
TCAPPDLL 2025-06-19 01:37:56.847200 - Epoch: 0 Iteration: 73  rank : 0  train.loss : 6.790435791015625  train.ips : 743.1253540037372 imgs/s train.total_time : 0.17224550247192383 
TCAPPDLL 2025-06-19 01:37:57.019409 - Epoch: 0 Iteration: 74  rank : 0  train.loss : 6.857574462890625  train.ips : 744.3287257965678 imgs/s train.total_time : 0.1719670295715332 
TCAPPDLL 2025-06-19 01:37:57.191613 - Epoch: 0 Iteration: 75  rank : 0  train.loss : 6.83929443359375  train.ips : 744.3596856577174 imgs/s train.total_time : 0.17195987701416016 
TCAPPDLL 2025-06-19 01:37:57.557001 - Epoch: 0 Iteration: 76  rank : 0  train.loss : 6.8378448486328125  train.ips : 350.59950081434397 imgs/s train.total_time : 0.36508893966674805 
TCAPPDLL 2025-06-19 01:37:57.734993 - Epoch: 0 Iteration: 77  rank : 0  train.loss : 6.82000732421875  train.ips : 720.2705111796225 imgs/s train.total_time : 0.17771100997924805 
TCAPPDLL 2025-06-19 01:37:57.909802 - Epoch: 0 Iteration: 78  rank : 0  train.loss : 6.7842864990234375  train.ips : 733.4843171490793 imgs/s train.total_time : 0.17450952529907227 
TCAPPDLL 2025-06-19 01:37:58.083897 - Epoch: 0 Iteration: 79  rank : 0  train.loss : 6.85528564453125  train.ips : 736.4908705302637 imgs/s train.total_time : 0.1737971305847168 
TCAPPDLL 2025-06-19 01:37:58.256905 - Epoch: 0 Iteration: 80  rank : 0  train.loss : 6.7839813232421875  train.ips : 740.8938017680845 imgs/s train.total_time : 0.17276430130004883 
TCAPPDLL 2025-06-19 01:37:58.635105 - Epoch: 0 Iteration: 81  rank : 0  train.loss : 6.8372802734375  train.ips : 338.6599919257166 imgs/s train.total_time : 0.377960205078125 
TCAPPDLL 2025-06-19 01:37:58.808471 - Epoch: 0 Iteration: 82  rank : 0  train.loss : 6.750701904296875  train.ips : 739.3388583625973 imgs/s train.total_time : 0.1731276512145996 
TCAPPDLL 2025-06-19 01:37:58.982549 - Epoch: 0 Iteration: 83  rank : 0  train.loss : 6.819091796875  train.ips : 736.3615705143152 imgs/s train.total_time : 0.1738276481628418 
TCAPPDLL 2025-06-19 01:37:59.155794 - Epoch: 0 Iteration: 84  rank : 0  train.loss : 6.710845947265625  train.ips : 739.8727608988653 imgs/s train.total_time : 0.1730027198791504 
TCAPPDLL 2025-06-19 01:37:59.403005 - Epoch: 0 Iteration: 85  rank : 0  train.loss : 6.872833251953125  train.ips : 518.3892967908139 imgs/s train.total_time : 0.2469186782836914 
TCAPPDLL 2025-06-19 01:37:59.829142 - Epoch: 0 Iteration: 86  rank : 0  train.loss : 6.789398193359375  train.ips : 300.5561973690251 imgs/s train.total_time : 0.42587709426879883 
TCAPPDLL 2025-06-19 01:38:00.002613 - Epoch: 0 Iteration: 87  rank : 0  train.loss : 6.7608642578125  train.ips : 738.9369027383025 imgs/s train.total_time : 0.17322182655334473 
TCAPPDLL 2025-06-19 01:38:00.176207 - Epoch: 0 Iteration: 88  rank : 0  train.loss : 6.832763671875  train.ips : 738.3728675560445 imgs/s train.total_time : 0.1733541488647461 
TCAPPDLL 2025-06-19 01:38:00.352820 - Epoch: 0 Iteration: 89  rank : 0  train.loss : 6.703849792480469  train.ips : 725.7277771844995 imgs/s train.total_time : 0.1763746738433838 
TCAPPDLL 2025-06-19 01:38:00.627326 - Epoch: 0 Iteration: 90  rank : 0  train.loss : 6.8372802734375  train.ips : 466.7148086748111 imgs/s train.total_time : 0.2742574214935303 
TCAPPDLL 2025-06-19 01:38:01.011191 - Epoch: 0 Iteration: 91  rank : 0  train.loss : 6.857452392578125  train.ips : 333.6977202406185 imgs/s train.total_time : 0.38358068466186523 
TCAPPDLL 2025-06-19 01:38:01.184223 - Epoch: 0 Iteration: 92  rank : 0  train.loss : 6.860565185546875  train.ips : 740.8293930223862 imgs/s train.total_time : 0.17277932167053223 
TCAPPDLL 2025-06-19 01:38:01.356394 - Epoch: 0 Iteration: 93  rank : 0  train.loss : 6.832244873046875  train.ips : 744.4267741931011 imgs/s train.total_time : 0.17194437980651855 
TCAPPDLL 2025-06-19 01:38:01.531062 - Epoch: 0 Iteration: 94  rank : 0  train.loss : 6.7637939453125  train.ips : 734.018826572675 imgs/s train.total_time : 0.17438244819641113 
TCAPPDLL 2025-06-19 01:38:01.864760 - Epoch: 0 Iteration: 95  rank : 0  train.loss : 6.87646484375  train.ips : 383.8853186835502 imgs/s train.total_time : 0.3334329128265381 
TCAPPDLL 2025-06-19 01:38:02.201655 - Epoch: 0 Iteration: 96  rank : 0  train.loss : 6.79754638671875  train.ips : 380.2385044038948 imgs/s train.total_time : 0.33663082122802734 
TCAPPDLL 2025-06-19 01:38:02.373791 - Epoch: 0 Iteration: 97  rank : 0  train.loss : 6.7722625732421875  train.ips : 744.6384403494123 imgs/s train.total_time : 0.17189550399780273 
TCAPPDLL 2025-06-19 01:38:02.547511 - Epoch: 0 Iteration: 98  rank : 0  train.loss : 6.80242919921875  train.ips : 737.8320004727658 imgs/s train.total_time : 0.17348122596740723 
TCAPPDLL 2025-06-19 01:38:02.721081 - Epoch: 0 Iteration: 99  rank : 0  train.loss : 6.7732696533203125  train.ips : 738.6359767817171 imgs/s train.total_time : 0.1732923984527588 
06/19 01:38:02 - mmengine - INFO - Epoch(train)   [1][  100/10010]  lr: 8.0000e-02  eta: 3 days, 0:24:37  time: 0.2365  data_time: 0.0646  memory: 1685  loss: 6.8173
TCAPPDLL 2025-06-19 01:38:02.996057 - Epoch: 0 Iteration: 100  rank : 0  train.loss : 6.819122314453125  train.ips : 465.98078864295815 imgs/s train.total_time : 0.2746894359588623 
