--------------+------------------------------------------------
 Host IP      | 10.244.32.103
 PyTorch      | 2.4.0a0+git4451b0e
 Torch-SDAA   | 20250616.14.30.dev0+git35328dc
--------------+------------------------------------------------
 SDAA Driver  | 2.1.0 (N/A)
 SDAA Runtime | 2.1.0 (/opt/tecoai/lib64/libsdaart.so)
 SDPTI        | 1.4.0b0 (/opt/tecoai/lib64/libsdpti.so)
 TecoDNN      | 2.2.0b0 (/opt/tecoai/lib64/libtecodnn.so)
 TecoBLAS     | 2.2.0b0 (/opt/tecoai/lib64/libtecoblas.so)
 CustomDNN    | 1.20.0a0 (/opt/tecoai/lib64/libtecodnn_ext.so)
 TecoRAND     | 2.0.1 (/opt/tecoai/lib64/libtecorand.so)
 TCCL         | 1.23.0 (/opt/tecoai/lib64/libtccl.so)
--------------+------------------------------------------------
/data/bigc-data/lsq/torch_env_vgg/lib/python3.10/site-packages/torch/distributed/launch.py:208: FutureWarning: The module torch.distributed.launch is deprecated
and will be removed in future. Use torchrun.
Note that --use-env is set by default in torchrun.
If your script expects `--local-rank` argument to be set, please
change it to read from `os.environ['LOCAL_RANK']` instead. See 
https://pytorch.org/docs/stable/distributed.html#launch-utility for 
further instructions

  main()
--------------+------------------------------------------------
 Host IP      | 10.244.32.103
 PyTorch      | 2.4.0a0+git4451b0e
 Torch-SDAA   | 20250616.14.30.dev0+git35328dc
--------------+------------------------------------------------
 SDAA Driver  | 2.1.0 (N/A)
 SDAA Runtime | 2.1.0 (/opt/tecoai/lib64/libsdaart.so)
 SDPTI        | 1.4.0b0 (/opt/tecoai/lib64/libsdpti.so)
 TecoDNN      | 2.2.0b0 (/opt/tecoai/lib64/libtecodnn.so)
 TecoBLAS     | 2.2.0b0 (/opt/tecoai/lib64/libtecoblas.so)
 CustomDNN    | 1.20.0a0 (/opt/tecoai/lib64/libtecodnn_ext.so)
 TecoRAND     | 2.0.1 (/opt/tecoai/lib64/libtecorand.so)
 TCCL         | 1.23.0 (/opt/tecoai/lib64/libtccl.so)
--------------+------------------------------------------------
/data/bigc-data/lsq/torch_env_vgg/lib/python3.10/site-packages/mmengine/optim/optimizer/zero_optimizer.py:11: DeprecationWarning: `TorchScript` support for functional optimizers is deprecated and will be removed in a future PyTorch release. Consider using the `torch.compile` optimizer instead.
  from torch.distributed.optim import \
/data/bigc-data/lsq/torch_env_vgg/lib/python3.10/site-packages/mmengine/utils/dl_utils/setup_env.py:46: UserWarning: Setting OMP_NUM_THREADS environment variable for each process to be 1 in default, to avoid your system being overloaded, please further tune the variable for optimal performance in your application as needed.
  warnings.warn(
/data/bigc-data/lsq/torch_env_vgg/lib/python3.10/site-packages/mmengine/utils/dl_utils/setup_env.py:56: UserWarning: Setting MKL_NUM_THREADS environment variable for each process to be 1 in default, to avoid your system being overloaded, please further tune the variable for optimal performance in your application as needed.
  warnings.warn(
06/19 05:31:39 - mmengine - INFO - 
------------------------------------------------------------
System environment:
    sys.platform: linux
    Python: 3.10.16 (main, Dec 11 2024, 16:24:50) [GCC 11.2.0]
    CUDA available: False
    MUSA available: False
    numpy_random_seed: 2080598395
    GCC: gcc (Ubuntu 11.4.0-1ubuntu1~22.04) 11.4.0
    PyTorch: 2.4.0a0+git4451b0e
    PyTorch compiling details: PyTorch built with:
  - GCC 11.5
  - C++ Version: 201703
  - Intel(R) oneAPI Math Kernel Library Version 2025.0-Product Build 20241009 for Intel(R) 64 architecture applications
  - Intel(R) MKL-DNN v3.4.2 (Git Hash 1137e04ec0b5251ca2b4400a4fd3c667ce843d67)
  - OpenMP 201511 (a.k.a. OpenMP 4.5)
  - LAPACK is enabled (usually provided by MKL)
  - NNPACK is enabled
  - CPU capability usage: AVX512
  - Build settings: BLAS_INFO=mkl, BUILD_TYPE=Release, CXX_COMPILER=/usr/bin/g++, CXX_FLAGS= -D_GLIBCXX_USE_CXX11_ABI=1 -fvisibility-inlines-hidden -DUSE_PTHREADPOOL -DNDEBUG -DUSE_KINETO -DLIBKINETO_NOCUPTI -DLIBKINETO_NOROCTRACER -DUSE_FBGEMM -DUSE_PYTORCH_QNNPACK -DUSE_XNNPACK -DSYMBOLICATE_MOBILE_DEBUG_HANDLE -O2 -fPIC -Wall -Wextra -Werror=return-type -Werror=non-virtual-dtor -Werror=range-loop-construct -Werror=bool-operation -Wnarrowing -Wno-missing-field-initializers -Wno-type-limits -Wno-array-bounds -Wno-unknown-pragmas -Wno-unused-parameter -Wno-unused-function -Wno-unused-result -Wno-strict-overflow -Wno-strict-aliasing -Wno-stringop-overflow -Wsuggest-override -Wno-psabi -Wno-error=pedantic -Wno-error=old-style-cast -Wno-missing-braces -fdiagnostics-color=always -faligned-new -Wno-unused-but-set-variable -Wno-maybe-uninitialized -fno-math-errno -fno-trapping-math -Werror=format -Wno-stringop-overflow, FORCE_FALLBACK_CUDA_MPI=1, LAPACK_INFO=mkl, PERF_WITH_AVX=1, PERF_WITH_AVX2=1, PERF_WITH_AVX512=1, TORCH_VERSION=2.4.0, USE_CUDA=OFF, USE_CUDNN=OFF, USE_CUSPARSELT=OFF, USE_EXCEPTION_PTR=1, USE_GFLAGS=OFF, USE_GLOG=OFF, USE_GLOO=ON, USE_MKL=ON, USE_MKLDNN=1, USE_MPI=ON, USE_NCCL=OFF, USE_NNPACK=ON, USE_OPENMP=ON, USE_ROCM=OFF, USE_ROCM_KERNEL_ASSERT=OFF, 

    TorchVision: 0.15.1a0+42759b1
    OpenCV: 4.11.0
    MMEngine: 0.10.4

Runtime environment:
    cudnn_benchmark: False
    mp_cfg: {'mp_start_method': 'fork', 'opencv_num_threads': 0}
    dist_cfg: {'backend': 'tccl'}
    seed: 2080598395
    deterministic: False
    Distributed launcher: pytorch
    Distributed training: True
    GPU number: 1
------------------------------------------------------------

06/19 05:31:39 - mmengine - INFO - Config:
auto_scale_lr = dict(base_batch_size=1024)
data_preprocessor = dict(
    mean=[
        123.675,
        116.28,
        103.53,
    ],
    num_classes=1000,
    std=[
        58.395,
        57.12,
        57.375,
    ],
    to_rgb=True)
dataset_type = 'ImageNet'
default_hooks = dict(
    checkpoint=dict(interval=1, type='CheckpointHook'),
    logger=dict(interval=100, type='LoggerHook'),
    param_scheduler=dict(type='ParamSchedulerHook'),
    sampler_seed=dict(type='DistSamplerSeedHook'),
    timer=dict(type='IterTimerHook'),
    visualization=dict(enable=False, type='VisualizationHook'))
default_scope = 'mmpretrain'
env_cfg = dict(
    cudnn_benchmark=False,
    dist_cfg=dict(backend='nccl'),
    mp_cfg=dict(mp_start_method='fork', opencv_num_threads=0))
launcher = 'pytorch'
load_from = None
log_level = 'INFO'
model = dict(
    backbone=dict(type='ShuffleNetV2', widen_factor=1.0),
    head=dict(
        in_channels=1024,
        loss=dict(loss_weight=1.0, type='CrossEntropyLoss'),
        num_classes=1000,
        topk=(
            1,
            5,
        ),
        type='LinearClsHead'),
    neck=dict(type='GlobalAveragePooling'),
    type='ImageClassifier')
optim_wrapper = dict(
    loss_scale='dynamic',
    optimizer=dict(lr=0.5, momentum=0.9, type='SGD', weight_decay=4e-05),
    paramwise_cfg=dict(norm_decay_mult=0),
    type='AmpOptimWrapper')
param_scheduler = [
    dict(begin=0, by_epoch=False, end=5000, factor=0.1, type='ConstantLR'),
    dict(begin=5000, by_epoch=False, eta_min=0, type='PolyLR'),
]
randomness = dict(deterministic=False, seed=None)
resume = False
test_cfg = dict()
test_dataloader = dict(
    batch_size=64,
    collate_fn=dict(type='default_collate'),
    dataset=dict(
        data_root='data/imagenet',
        pipeline=[
            dict(type='LoadImageFromFile'),
            dict(backend='pillow', edge='short', scale=256, type='ResizeEdge'),
            dict(crop_size=224, type='CenterCrop'),
            dict(type='PackInputs'),
        ],
        split='val',
        type='ImageNet'),
    num_workers=5,
    persistent_workers=True,
    pin_memory=True,
    sampler=dict(shuffle=False, type='DefaultSampler'))
test_evaluator = dict(
    topk=(
        1,
        5,
    ), type='Accuracy')
test_pipeline = [
    dict(type='LoadImageFromFile'),
    dict(backend='pillow', edge='short', scale=256, type='ResizeEdge'),
    dict(crop_size=224, type='CenterCrop'),
    dict(type='PackInputs'),
]
train_cfg = dict(by_epoch=True, max_epochs=300, val_interval=1)
train_dataloader = dict(
    batch_size=64,
    collate_fn=dict(type='default_collate'),
    dataset=dict(
        data_root='/data/teco-data/imagenet',
        pipeline=[
            dict(type='LoadImageFromFile'),
            dict(backend='pillow', scale=224, type='RandomResizedCrop'),
            dict(direction='horizontal', prob=0.5, type='RandomFlip'),
            dict(type='PackInputs'),
        ],
        split='train',
        type='ImageNet'),
    num_workers=5,
    persistent_workers=True,
    pin_memory=True,
    sampler=dict(shuffle=True, type='DefaultSampler'))
train_pipeline = [
    dict(type='LoadImageFromFile'),
    dict(backend='pillow', scale=224, type='RandomResizedCrop'),
    dict(direction='horizontal', prob=0.5, type='RandomFlip'),
    dict(type='PackInputs'),
]
val_cfg = dict()
val_dataloader = dict(
    batch_size=64,
    collate_fn=dict(type='default_collate'),
    dataset=dict(
        data_root='/data/teco-data/imagenet',
        pipeline=[
            dict(type='LoadImageFromFile'),
            dict(backend='pillow', edge='short', scale=256, type='ResizeEdge'),
            dict(crop_size=224, type='CenterCrop'),
            dict(type='PackInputs'),
        ],
        split='val',
        type='ImageNet'),
    num_workers=5,
    persistent_workers=True,
    pin_memory=True,
    sampler=dict(shuffle=False, type='DefaultSampler'))
val_evaluator = dict(
    topk=(
        1,
        5,
    ), type='Accuracy')
vis_backends = [
    dict(type='LocalVisBackend'),
]
visualizer = dict(
    type='UniversalVisualizer', vis_backends=[
        dict(type='LocalVisBackend'),
    ])
work_dir = './work_dirs/shufflenet-v2-1x_16xb64_in1k'

06/19 05:31:45 - mmengine - INFO - Hooks will be executed in the following order:
before_run:
(VERY_HIGH   ) RuntimeInfoHook                    
(BELOW_NORMAL) LoggerHook                         
 -------------------- 
before_train:
(VERY_HIGH   ) RuntimeInfoHook                    
(NORMAL      ) IterTimerHook                      
(VERY_LOW    ) CheckpointHook                     
 -------------------- 
before_train_epoch:
(VERY_HIGH   ) RuntimeInfoHook                    
(NORMAL      ) IterTimerHook                      
(NORMAL      ) DistSamplerSeedHook                
 -------------------- 
before_train_iter:
(VERY_HIGH   ) RuntimeInfoHook                    
(NORMAL      ) IterTimerHook                      
 -------------------- 
after_train_iter:
(VERY_HIGH   ) RuntimeInfoHook                    
(NORMAL      ) IterTimerHook                      
(BELOW_NORMAL) LoggerHook                         
(LOW         ) ParamSchedulerHook                 
(VERY_LOW    ) CheckpointHook                     
 -------------------- 
after_train_epoch:
(NORMAL      ) IterTimerHook                      
(LOW         ) ParamSchedulerHook                 
(VERY_LOW    ) CheckpointHook                     
 -------------------- 
before_val:
(VERY_HIGH   ) RuntimeInfoHook                    
 -------------------- 
before_val_epoch:
(NORMAL      ) IterTimerHook                      
 -------------------- 
before_val_iter:
(NORMAL      ) IterTimerHook                      
 -------------------- 
after_val_iter:
(NORMAL      ) IterTimerHook                      
(NORMAL      ) VisualizationHook                  
(BELOW_NORMAL) LoggerHook                         
 -------------------- 
after_val_epoch:
(VERY_HIGH   ) RuntimeInfoHook                    
(NORMAL      ) IterTimerHook                      
(BELOW_NORMAL) LoggerHook                         
(LOW         ) ParamSchedulerHook                 
(VERY_LOW    ) CheckpointHook                     
 -------------------- 
after_val:
(VERY_HIGH   ) RuntimeInfoHook                    
 -------------------- 
after_train:
(VERY_HIGH   ) RuntimeInfoHook                    
(VERY_LOW    ) CheckpointHook                     
 -------------------- 
before_test:
(VERY_HIGH   ) RuntimeInfoHook                    
 -------------------- 
before_test_epoch:
(NORMAL      ) IterTimerHook                      
 -------------------- 
before_test_iter:
(NORMAL      ) IterTimerHook                      
 -------------------- 
after_test_iter:
(NORMAL      ) IterTimerHook                      
(NORMAL      ) VisualizationHook                  
(BELOW_NORMAL) LoggerHook                         
 -------------------- 
after_test_epoch:
(VERY_HIGH   ) RuntimeInfoHook                    
(NORMAL      ) IterTimerHook                      
(BELOW_NORMAL) LoggerHook                         
 -------------------- 
after_test:
(VERY_HIGH   ) RuntimeInfoHook                    
 -------------------- 
after_run:
(BELOW_NORMAL) LoggerHook                         
 -------------------- 
06/19 05:32:10 - mmengine - INFO - paramwise_options -- backbone.conv1.bn.weight:weight_decay=0.0
06/19 05:32:10 - mmengine - INFO - paramwise_options -- backbone.conv1.bn.bias:weight_decay=0.0
06/19 05:32:10 - mmengine - INFO - paramwise_options -- backbone.layers.0.0.branch1.0.bn.weight:weight_decay=0.0
06/19 05:32:10 - mmengine - INFO - paramwise_options -- backbone.layers.0.0.branch1.0.bn.bias:weight_decay=0.0
06/19 05:32:10 - mmengine - INFO - paramwise_options -- backbone.layers.0.0.branch1.1.bn.weight:weight_decay=0.0
06/19 05:32:10 - mmengine - INFO - paramwise_options -- backbone.layers.0.0.branch1.1.bn.bias:weight_decay=0.0
06/19 05:32:10 - mmengine - INFO - paramwise_options -- backbone.layers.0.0.branch2.0.bn.weight:weight_decay=0.0
06/19 05:32:10 - mmengine - INFO - paramwise_options -- backbone.layers.0.0.branch2.0.bn.bias:weight_decay=0.0
06/19 05:32:10 - mmengine - INFO - paramwise_options -- backbone.layers.0.0.branch2.1.bn.weight:weight_decay=0.0
06/19 05:32:10 - mmengine - INFO - paramwise_options -- backbone.layers.0.0.branch2.1.bn.bias:weight_decay=0.0
06/19 05:32:10 - mmengine - INFO - paramwise_options -- backbone.layers.0.0.branch2.2.bn.weight:weight_decay=0.0
06/19 05:32:10 - mmengine - INFO - paramwise_options -- backbone.layers.0.0.branch2.2.bn.bias:weight_decay=0.0
06/19 05:32:10 - mmengine - INFO - paramwise_options -- backbone.layers.0.1.branch2.0.bn.weight:weight_decay=0.0
06/19 05:32:10 - mmengine - INFO - paramwise_options -- backbone.layers.0.1.branch2.0.bn.bias:weight_decay=0.0
06/19 05:32:10 - mmengine - INFO - paramwise_options -- backbone.layers.0.1.branch2.1.bn.weight:weight_decay=0.0
06/19 05:32:10 - mmengine - INFO - paramwise_options -- backbone.layers.0.1.branch2.1.bn.bias:weight_decay=0.0
06/19 05:32:10 - mmengine - INFO - paramwise_options -- backbone.layers.0.1.branch2.2.bn.weight:weight_decay=0.0
06/19 05:32:10 - mmengine - INFO - paramwise_options -- backbone.layers.0.1.branch2.2.bn.bias:weight_decay=0.0
06/19 05:32:10 - mmengine - INFO - paramwise_options -- backbone.layers.0.2.branch2.0.bn.weight:weight_decay=0.0
06/19 05:32:10 - mmengine - INFO - paramwise_options -- backbone.layers.0.2.branch2.0.bn.bias:weight_decay=0.0
06/19 05:32:10 - mmengine - INFO - paramwise_options -- backbone.layers.0.2.branch2.1.bn.weight:weight_decay=0.0
06/19 05:32:10 - mmengine - INFO - paramwise_options -- backbone.layers.0.2.branch2.1.bn.bias:weight_decay=0.0
06/19 05:32:10 - mmengine - INFO - paramwise_options -- backbone.layers.0.2.branch2.2.bn.weight:weight_decay=0.0
06/19 05:32:10 - mmengine - INFO - paramwise_options -- backbone.layers.0.2.branch2.2.bn.bias:weight_decay=0.0
06/19 05:32:10 - mmengine - INFO - paramwise_options -- backbone.layers.0.3.branch2.0.bn.weight:weight_decay=0.0
06/19 05:32:10 - mmengine - INFO - paramwise_options -- backbone.layers.0.3.branch2.0.bn.bias:weight_decay=0.0
06/19 05:32:10 - mmengine - INFO - paramwise_options -- backbone.layers.0.3.branch2.1.bn.weight:weight_decay=0.0
06/19 05:32:10 - mmengine - INFO - paramwise_options -- backbone.layers.0.3.branch2.1.bn.bias:weight_decay=0.0
06/19 05:32:10 - mmengine - INFO - paramwise_options -- backbone.layers.0.3.branch2.2.bn.weight:weight_decay=0.0
06/19 05:32:10 - mmengine - INFO - paramwise_options -- backbone.layers.0.3.branch2.2.bn.bias:weight_decay=0.0
06/19 05:32:10 - mmengine - INFO - paramwise_options -- backbone.layers.1.0.branch1.0.bn.weight:weight_decay=0.0
06/19 05:32:10 - mmengine - INFO - paramwise_options -- backbone.layers.1.0.branch1.0.bn.bias:weight_decay=0.0
06/19 05:32:10 - mmengine - INFO - paramwise_options -- backbone.layers.1.0.branch1.1.bn.weight:weight_decay=0.0
06/19 05:32:10 - mmengine - INFO - paramwise_options -- backbone.layers.1.0.branch1.1.bn.bias:weight_decay=0.0
06/19 05:32:10 - mmengine - INFO - paramwise_options -- backbone.layers.1.0.branch2.0.bn.weight:weight_decay=0.0
06/19 05:32:10 - mmengine - INFO - paramwise_options -- backbone.layers.1.0.branch2.0.bn.bias:weight_decay=0.0
06/19 05:32:10 - mmengine - INFO - paramwise_options -- backbone.layers.1.0.branch2.1.bn.weight:weight_decay=0.0
06/19 05:32:10 - mmengine - INFO - paramwise_options -- backbone.layers.1.0.branch2.1.bn.bias:weight_decay=0.0
06/19 05:32:10 - mmengine - INFO - paramwise_options -- backbone.layers.1.0.branch2.2.bn.weight:weight_decay=0.0
06/19 05:32:10 - mmengine - INFO - paramwise_options -- backbone.layers.1.0.branch2.2.bn.bias:weight_decay=0.0
06/19 05:32:10 - mmengine - INFO - paramwise_options -- backbone.layers.1.1.branch2.0.bn.weight:weight_decay=0.0
06/19 05:32:10 - mmengine - INFO - paramwise_options -- backbone.layers.1.1.branch2.0.bn.bias:weight_decay=0.0
06/19 05:32:10 - mmengine - INFO - paramwise_options -- backbone.layers.1.1.branch2.1.bn.weight:weight_decay=0.0
06/19 05:32:10 - mmengine - INFO - paramwise_options -- backbone.layers.1.1.branch2.1.bn.bias:weight_decay=0.0
06/19 05:32:10 - mmengine - INFO - paramwise_options -- backbone.layers.1.1.branch2.2.bn.weight:weight_decay=0.0
06/19 05:32:10 - mmengine - INFO - paramwise_options -- backbone.layers.1.1.branch2.2.bn.bias:weight_decay=0.0
06/19 05:32:10 - mmengine - INFO - paramwise_options -- backbone.layers.1.2.branch2.0.bn.weight:weight_decay=0.0
06/19 05:32:10 - mmengine - INFO - paramwise_options -- backbone.layers.1.2.branch2.0.bn.bias:weight_decay=0.0
06/19 05:32:10 - mmengine - INFO - paramwise_options -- backbone.layers.1.2.branch2.1.bn.weight:weight_decay=0.0
06/19 05:32:10 - mmengine - INFO - paramwise_options -- backbone.layers.1.2.branch2.1.bn.bias:weight_decay=0.0
06/19 05:32:10 - mmengine - INFO - paramwise_options -- backbone.layers.1.2.branch2.2.bn.weight:weight_decay=0.0
06/19 05:32:10 - mmengine - INFO - paramwise_options -- backbone.layers.1.2.branch2.2.bn.bias:weight_decay=0.0
06/19 05:32:10 - mmengine - INFO - paramwise_options -- backbone.layers.1.3.branch2.0.bn.weight:weight_decay=0.0
06/19 05:32:10 - mmengine - INFO - paramwise_options -- backbone.layers.1.3.branch2.0.bn.bias:weight_decay=0.0
06/19 05:32:10 - mmengine - INFO - paramwise_options -- backbone.layers.1.3.branch2.1.bn.weight:weight_decay=0.0
06/19 05:32:10 - mmengine - INFO - paramwise_options -- backbone.layers.1.3.branch2.1.bn.bias:weight_decay=0.0
06/19 05:32:10 - mmengine - INFO - paramwise_options -- backbone.layers.1.3.branch2.2.bn.weight:weight_decay=0.0
06/19 05:32:10 - mmengine - INFO - paramwise_options -- backbone.layers.1.3.branch2.2.bn.bias:weight_decay=0.0
06/19 05:32:10 - mmengine - INFO - paramwise_options -- backbone.layers.1.4.branch2.0.bn.weight:weight_decay=0.0
06/19 05:32:10 - mmengine - INFO - paramwise_options -- backbone.layers.1.4.branch2.0.bn.bias:weight_decay=0.0
06/19 05:32:10 - mmengine - INFO - paramwise_options -- backbone.layers.1.4.branch2.1.bn.weight:weight_decay=0.0
06/19 05:32:10 - mmengine - INFO - paramwise_options -- backbone.layers.1.4.branch2.1.bn.bias:weight_decay=0.0
06/19 05:32:10 - mmengine - INFO - paramwise_options -- backbone.layers.1.4.branch2.2.bn.weight:weight_decay=0.0
06/19 05:32:10 - mmengine - INFO - paramwise_options -- backbone.layers.1.4.branch2.2.bn.bias:weight_decay=0.0
06/19 05:32:10 - mmengine - INFO - paramwise_options -- backbone.layers.1.5.branch2.0.bn.weight:weight_decay=0.0
06/19 05:32:10 - mmengine - INFO - paramwise_options -- backbone.layers.1.5.branch2.0.bn.bias:weight_decay=0.0
06/19 05:32:10 - mmengine - INFO - paramwise_options -- backbone.layers.1.5.branch2.1.bn.weight:weight_decay=0.0
06/19 05:32:10 - mmengine - INFO - paramwise_options -- backbone.layers.1.5.branch2.1.bn.bias:weight_decay=0.0
06/19 05:32:10 - mmengine - INFO - paramwise_options -- backbone.layers.1.5.branch2.2.bn.weight:weight_decay=0.0
06/19 05:32:10 - mmengine - INFO - paramwise_options -- backbone.layers.1.5.branch2.2.bn.bias:weight_decay=0.0
06/19 05:32:10 - mmengine - INFO - paramwise_options -- backbone.layers.1.6.branch2.0.bn.weight:weight_decay=0.0
06/19 05:32:10 - mmengine - INFO - paramwise_options -- backbone.layers.1.6.branch2.0.bn.bias:weight_decay=0.0
06/19 05:32:10 - mmengine - INFO - paramwise_options -- backbone.layers.1.6.branch2.1.bn.weight:weight_decay=0.0
06/19 05:32:10 - mmengine - INFO - paramwise_options -- backbone.layers.1.6.branch2.1.bn.bias:weight_decay=0.0
06/19 05:32:10 - mmengine - INFO - paramwise_options -- backbone.layers.1.6.branch2.2.bn.weight:weight_decay=0.0
06/19 05:32:10 - mmengine - INFO - paramwise_options -- backbone.layers.1.6.branch2.2.bn.bias:weight_decay=0.0
06/19 05:32:10 - mmengine - INFO - paramwise_options -- backbone.layers.1.7.branch2.0.bn.weight:weight_decay=0.0
06/19 05:32:10 - mmengine - INFO - paramwise_options -- backbone.layers.1.7.branch2.0.bn.bias:weight_decay=0.0
06/19 05:32:10 - mmengine - INFO - paramwise_options -- backbone.layers.1.7.branch2.1.bn.weight:weight_decay=0.0
06/19 05:32:10 - mmengine - INFO - paramwise_options -- backbone.layers.1.7.branch2.1.bn.bias:weight_decay=0.0
06/19 05:32:10 - mmengine - INFO - paramwise_options -- backbone.layers.1.7.branch2.2.bn.weight:weight_decay=0.0
06/19 05:32:10 - mmengine - INFO - paramwise_options -- backbone.layers.1.7.branch2.2.bn.bias:weight_decay=0.0
06/19 05:32:10 - mmengine - INFO - paramwise_options -- backbone.layers.2.0.branch1.0.bn.weight:weight_decay=0.0
06/19 05:32:10 - mmengine - INFO - paramwise_options -- backbone.layers.2.0.branch1.0.bn.bias:weight_decay=0.0
06/19 05:32:10 - mmengine - INFO - paramwise_options -- backbone.layers.2.0.branch1.1.bn.weight:weight_decay=0.0
06/19 05:32:10 - mmengine - INFO - paramwise_options -- backbone.layers.2.0.branch1.1.bn.bias:weight_decay=0.0
06/19 05:32:10 - mmengine - INFO - paramwise_options -- backbone.layers.2.0.branch2.0.bn.weight:weight_decay=0.0
06/19 05:32:10 - mmengine - INFO - paramwise_options -- backbone.layers.2.0.branch2.0.bn.bias:weight_decay=0.0
06/19 05:32:10 - mmengine - INFO - paramwise_options -- backbone.layers.2.0.branch2.1.bn.weight:weight_decay=0.0
06/19 05:32:10 - mmengine - INFO - paramwise_options -- backbone.layers.2.0.branch2.1.bn.bias:weight_decay=0.0
06/19 05:32:10 - mmengine - INFO - paramwise_options -- backbone.layers.2.0.branch2.2.bn.weight:weight_decay=0.0
06/19 05:32:10 - mmengine - INFO - paramwise_options -- backbone.layers.2.0.branch2.2.bn.bias:weight_decay=0.0
06/19 05:32:10 - mmengine - INFO - paramwise_options -- backbone.layers.2.1.branch2.0.bn.weight:weight_decay=0.0
06/19 05:32:10 - mmengine - INFO - paramwise_options -- backbone.layers.2.1.branch2.0.bn.bias:weight_decay=0.0
06/19 05:32:10 - mmengine - INFO - paramwise_options -- backbone.layers.2.1.branch2.1.bn.weight:weight_decay=0.0
06/19 05:32:10 - mmengine - INFO - paramwise_options -- backbone.layers.2.1.branch2.1.bn.bias:weight_decay=0.0
06/19 05:32:10 - mmengine - INFO - paramwise_options -- backbone.layers.2.1.branch2.2.bn.weight:weight_decay=0.0
06/19 05:32:10 - mmengine - INFO - paramwise_options -- backbone.layers.2.1.branch2.2.bn.bias:weight_decay=0.0
06/19 05:32:10 - mmengine - INFO - paramwise_options -- backbone.layers.2.2.branch2.0.bn.weight:weight_decay=0.0
06/19 05:32:10 - mmengine - INFO - paramwise_options -- backbone.layers.2.2.branch2.0.bn.bias:weight_decay=0.0
06/19 05:32:10 - mmengine - INFO - paramwise_options -- backbone.layers.2.2.branch2.1.bn.weight:weight_decay=0.0
06/19 05:32:10 - mmengine - INFO - paramwise_options -- backbone.layers.2.2.branch2.1.bn.bias:weight_decay=0.0
06/19 05:32:10 - mmengine - INFO - paramwise_options -- backbone.layers.2.2.branch2.2.bn.weight:weight_decay=0.0
06/19 05:32:10 - mmengine - INFO - paramwise_options -- backbone.layers.2.2.branch2.2.bn.bias:weight_decay=0.0
06/19 05:32:10 - mmengine - INFO - paramwise_options -- backbone.layers.2.3.branch2.0.bn.weight:weight_decay=0.0
06/19 05:32:10 - mmengine - INFO - paramwise_options -- backbone.layers.2.3.branch2.0.bn.bias:weight_decay=0.0
06/19 05:32:10 - mmengine - INFO - paramwise_options -- backbone.layers.2.3.branch2.1.bn.weight:weight_decay=0.0
06/19 05:32:10 - mmengine - INFO - paramwise_options -- backbone.layers.2.3.branch2.1.bn.bias:weight_decay=0.0
06/19 05:32:10 - mmengine - INFO - paramwise_options -- backbone.layers.2.3.branch2.2.bn.weight:weight_decay=0.0
06/19 05:32:10 - mmengine - INFO - paramwise_options -- backbone.layers.2.3.branch2.2.bn.bias:weight_decay=0.0
06/19 05:32:10 - mmengine - INFO - paramwise_options -- backbone.layers.3.bn.weight:weight_decay=0.0
06/19 05:32:10 - mmengine - INFO - paramwise_options -- backbone.layers.3.bn.bias:weight_decay=0.0
06/19 05:32:12 - mmengine - WARNING - "FileClient" will be deprecated in future. Please use io functions in https://mmengine.readthedocs.io/en/latest/api/fileio.html#file-io
06/19 05:32:12 - mmengine - WARNING - "HardDiskBackend" is the alias of "LocalBackend" and the former will be deprecated in future.
06/19 05:32:12 - mmengine - INFO - Checkpoints will be saved to /data/bigc-data/lsq/sunhn/Shufflenet_V2/run_scripts/work_dirs/shufflenet-v2-1x_16xb64_in1k.
TCAPPDLL 2025-06-19 05:32:14.610989 - Epoch: 0 Iteration: 0  rank : 0  train.loss : 6.9254150390625  train.ips : 36.97491175885184 imgs/s train.total_time : 1.7309033870697021 
TCAPPDLL 2025-06-19 05:32:14.949965 - Epoch: 0 Iteration: 1  rank : 0  train.loss : 6.921630859375  train.ips : 188.9150613822477 imgs/s train.total_time : 0.3387765884399414 
TCAPPDLL 2025-06-19 05:32:15.233555 - Epoch: 0 Iteration: 2  rank : 0  train.loss : 6.90704345703125  train.ips : 225.7833926455139 imgs/s train.total_time : 0.28345751762390137 
TCAPPDLL 2025-06-19 05:32:15.532784 - Epoch: 0 Iteration: 3  rank : 0  train.loss : 6.888671875  train.ips : 213.9802612542019 imgs/s train.total_time : 0.29909300804138184 
TCAPPDLL 2025-06-19 05:32:15.833749 - Epoch: 0 Iteration: 4  rank : 0  train.loss : 6.90667724609375  train.ips : 212.7407726764073 imgs/s train.total_time : 0.30083560943603516 
TCAPPDLL 2025-06-19 05:32:16.134916 - Epoch: 0 Iteration: 5  rank : 0  train.loss : 6.885986328125  train.ips : 212.6002518552545 imgs/s train.total_time : 0.30103445053100586 
TCAPPDLL 2025-06-19 05:32:16.484524 - Epoch: 0 Iteration: 6  rank : 0  train.loss : 6.95709228515625  train.ips : 183.15400575999215 imgs/s train.total_time : 0.34943270683288574 
TCAPPDLL 2025-06-19 05:32:16.812289 - Epoch: 0 Iteration: 7  rank : 0  train.loss : 7.01806640625  train.ips : 195.39915852611043 imgs/s train.total_time : 0.32753467559814453 
TCAPPDLL 2025-06-19 05:32:17.149778 - Epoch: 0 Iteration: 8  rank : 0  train.loss : 7.0167236328125  train.ips : 189.73908384525726 imgs/s train.total_time : 0.33730530738830566 
TCAPPDLL 2025-06-19 05:32:17.447007 - Epoch: 0 Iteration: 9  rank : 0  train.loss : 7.0372314453125  train.ips : 215.44468201226363 imgs/s train.total_time : 0.2970600128173828 
TCAPPDLL 2025-06-19 05:32:17.740731 - Epoch: 0 Iteration: 10  rank : 0  train.loss : 7.05181884765625  train.ips : 218.02448796597187 imgs/s train.total_time : 0.2935450077056885 
TCAPPDLL 2025-06-19 05:32:18.060540 - Epoch: 0 Iteration: 11  rank : 0  train.loss : 6.957763671875  train.ips : 200.2200757513601 imgs/s train.total_time : 0.31964826583862305 
TCAPPDLL 2025-06-19 05:32:18.349416 - Epoch: 0 Iteration: 12  rank : 0  train.loss : 7.0838623046875  train.ips : 221.64543890982023 imgs/s train.total_time : 0.28874945640563965 
TCAPPDLL 2025-06-19 05:32:18.665008 - Epoch: 0 Iteration: 13  rank : 0  train.loss : 7.0819091796875  train.ips : 202.87835783952508 imgs/s train.total_time : 0.3154599666595459 
TCAPPDLL 2025-06-19 05:32:18.955893 - Epoch: 0 Iteration: 14  rank : 0  train.loss : 7.053741455078125  train.ips : 220.12360718866137 imgs/s train.total_time : 0.29074573516845703 
TCAPPDLL 2025-06-19 05:32:19.264069 - Epoch: 0 Iteration: 15  rank : 0  train.loss : 7.02685546875  train.ips : 207.78281977608242 imgs/s train.total_time : 0.308013916015625 
TCAPPDLL 2025-06-19 05:32:19.560963 - Epoch: 0 Iteration: 16  rank : 0  train.loss : 6.96112060546875  train.ips : 215.7369578355858 imgs/s train.total_time : 0.2966575622558594 
TCAPPDLL 2025-06-19 05:32:19.859951 - Epoch: 0 Iteration: 17  rank : 0  train.loss : 7.0206298828125  train.ips : 214.21300366124981 imgs/s train.total_time : 0.2987680435180664 
TCAPPDLL 2025-06-19 05:32:20.162650 - Epoch: 0 Iteration: 18  rank : 0  train.loss : 7.14373779296875  train.ips : 211.56257098113764 imgs/s train.total_time : 0.30251097679138184 
TCAPPDLL 2025-06-19 05:32:20.444884 - Epoch: 0 Iteration: 19  rank : 0  train.loss : 7.03204345703125  train.ips : 226.91845540001353 imgs/s train.total_time : 0.2820396423339844 
TCAPPDLL 2025-06-19 05:32:20.741901 - Epoch: 0 Iteration: 20  rank : 0  train.loss : 7.0421142578125  train.ips : 215.6031883210553 imgs/s train.total_time : 0.2968416213989258 
TCAPPDLL 2025-06-19 05:32:21.064892 - Epoch: 0 Iteration: 21  rank : 0  train.loss : 7.09332275390625  train.ips : 198.2552709069276 imgs/s train.total_time : 0.3228161334991455 
TCAPPDLL 2025-06-19 05:32:21.353545 - Epoch: 0 Iteration: 22  rank : 0  train.loss : 7.11236572265625  train.ips : 221.87352234725066 imgs/s train.total_time : 0.2884526252746582 
TCAPPDLL 2025-06-19 05:32:21.659654 - Epoch: 0 Iteration: 23  rank : 0  train.loss : 7.01678466796875  train.ips : 209.24684670639544 imgs/s train.total_time : 0.305858850479126 
TCAPPDLL 2025-06-19 05:32:21.943466 - Epoch: 0 Iteration: 24  rank : 0  train.loss : 7.1165771484375  train.ips : 225.65546692490886 imgs/s train.total_time : 0.2836182117462158 
TCAPPDLL 2025-06-19 05:32:22.253152 - Epoch: 0 Iteration: 25  rank : 0  train.loss : 7.06787109375  train.ips : 206.792479109708 imgs/s train.total_time : 0.30948901176452637 
TCAPPDLL 2025-06-19 05:32:22.550744 - Epoch: 0 Iteration: 26  rank : 0  train.loss : 7.0926513671875  train.ips : 215.2059787933061 imgs/s train.total_time : 0.29738950729370117 
TCAPPDLL 2025-06-19 05:32:22.864602 - Epoch: 0 Iteration: 27  rank : 0  train.loss : 7.01446533203125  train.ips : 204.05956170998178 imgs/s train.total_time : 0.31363391876220703 
TCAPPDLL 2025-06-19 05:32:23.168529 - Epoch: 0 Iteration: 28  rank : 0  train.loss : 6.9932861328125  train.ips : 210.75762698157843 imgs/s train.total_time : 0.303666353225708 
TCAPPDLL 2025-06-19 05:32:23.466906 - Epoch: 0 Iteration: 29  rank : 0  train.loss : 7.04559326171875  train.ips : 214.6818992839817 imgs/s train.total_time : 0.29811549186706543 
TCAPPDLL 2025-06-19 05:32:23.765099 - Epoch: 0 Iteration: 30  rank : 0  train.loss : 7.01239013671875  train.ips : 214.81693436544944 imgs/s train.total_time : 0.2979280948638916 
TCAPPDLL 2025-06-19 05:32:24.068533 - Epoch: 0 Iteration: 31  rank : 0  train.loss : 6.958740234375  train.ips : 211.06369916544926 imgs/s train.total_time : 0.3032259941101074 
TCAPPDLL 2025-06-19 05:32:24.369808 - Epoch: 0 Iteration: 32  rank : 0  train.loss : 6.9505615234375  train.ips : 212.5894761517834 imgs/s train.total_time : 0.30104970932006836 
TCAPPDLL 2025-06-19 05:32:24.669151 - Epoch: 0 Iteration: 33  rank : 0  train.loss : 7.0120849609375  train.ips : 213.9599651205239 imgs/s train.total_time : 0.2991213798522949 
TCAPPDLL 2025-06-19 05:32:24.966223 - Epoch: 0 Iteration: 34  rank : 0  train.loss : 7.0242919921875  train.ips : 215.5820637569609 imgs/s train.total_time : 0.29687070846557617 
TCAPPDLL 2025-06-19 05:32:25.264186 - Epoch: 0 Iteration: 35  rank : 0  train.loss : 6.95928955078125  train.ips : 214.9535164360866 imgs/s train.total_time : 0.29773879051208496 
TCAPPDLL 2025-06-19 05:32:25.557004 - Epoch: 0 Iteration: 36  rank : 0  train.loss : 6.9552001953125  train.ips : 218.7347620921775 imgs/s train.total_time : 0.29259181022644043 
TCAPPDLL 2025-06-19 05:32:25.884075 - Epoch: 0 Iteration: 37  rank : 0  train.loss : 6.8909912109375  train.ips : 195.8092264733537 imgs/s train.total_time : 0.32684874534606934 
TCAPPDLL 2025-06-19 05:32:26.236065 - Epoch: 0 Iteration: 38  rank : 0  train.loss : 7.00128173828125  train.ips : 181.92020829958923 imgs/s train.total_time : 0.3518025875091553 
TCAPPDLL 2025-06-19 05:32:26.533866 - Epoch: 0 Iteration: 39  rank : 0  train.loss : 6.93707275390625  train.ips : 215.03117379978147 imgs/s train.total_time : 0.29763126373291016 
TCAPPDLL 2025-06-19 05:32:26.847593 - Epoch: 0 Iteration: 40  rank : 0  train.loss : 6.9539794921875  train.ips : 204.10750573881492 imgs/s train.total_time : 0.31356024742126465 
TCAPPDLL 2025-06-19 05:32:27.149439 - Epoch: 0 Iteration: 41  rank : 0  train.loss : 6.93548583984375  train.ips : 212.14794020810513 imgs/s train.total_time : 0.30167627334594727 
TCAPPDLL 2025-06-19 05:32:27.451264 - Epoch: 0 Iteration: 42  rank : 0  train.loss : 6.89569091796875  train.ips : 212.19254799787518 imgs/s train.total_time : 0.30161285400390625 
TCAPPDLL 2025-06-19 05:32:27.758602 - Epoch: 0 Iteration: 43  rank : 0  train.loss : 6.90545654296875  train.ips : 208.41666647256352 imgs/s train.total_time : 0.30707716941833496 
TCAPPDLL 2025-06-19 05:32:28.063350 - Epoch: 0 Iteration: 44  rank : 0  train.loss : 6.970458984375  train.ips : 210.18269228510601 imgs/s train.total_time : 0.30449700355529785 
TCAPPDLL 2025-06-19 05:32:28.466744 - Epoch: 0 Iteration: 45  rank : 0  train.loss : 6.93243408203125  train.ips : 158.75647879219073 imgs/s train.total_time : 0.4031331539154053 
TCAPPDLL 2025-06-19 05:32:28.764260 - Epoch: 0 Iteration: 46  rank : 0  train.loss : 6.9381103515625  train.ips : 215.28157420298595 imgs/s train.total_time : 0.2972850799560547 
TCAPPDLL 2025-06-19 05:32:29.049399 - Epoch: 0 Iteration: 47  rank : 0  train.loss : 6.934814453125  train.ips : 224.6107534511352 imgs/s train.total_time : 0.28493738174438477 
TCAPPDLL 2025-06-19 05:32:29.358347 - Epoch: 0 Iteration: 48  rank : 0  train.loss : 6.90875244140625  train.ips : 207.28366544016865 imgs/s train.total_time : 0.30875563621520996 
TCAPPDLL 2025-06-19 05:32:29.660987 - Epoch: 0 Iteration: 49  rank : 0  train.loss : 7.01324462890625  train.ips : 211.6331251970987 imgs/s train.total_time : 0.3024101257324219 
TCAPPDLL 2025-06-19 05:32:29.975910 - Epoch: 0 Iteration: 50  rank : 0  train.loss : 6.90240478515625  train.ips : 203.37698794824723 imgs/s train.total_time : 0.31468653678894043 
TCAPPDLL 2025-06-19 05:32:30.317640 - Epoch: 0 Iteration: 51  rank : 0  train.loss : 6.962158203125  train.ips : 187.42600199270922 imgs/s train.total_time : 0.34146809577941895 
TCAPPDLL 2025-06-19 05:32:30.670302 - Epoch: 0 Iteration: 52  rank : 0  train.loss : 6.94989013671875  train.ips : 181.5959226140947 imgs/s train.total_time : 0.3524308204650879 
TCAPPDLL 2025-06-19 05:32:30.964686 - Epoch: 0 Iteration: 53  rank : 0  train.loss : 6.937744140625  train.ips : 217.5846238893221 imgs/s train.total_time : 0.29413843154907227 
TCAPPDLL 2025-06-19 05:32:31.269880 - Epoch: 0 Iteration: 54  rank : 0  train.loss : 6.95709228515625  train.ips : 210.02416523682888 imgs/s train.total_time : 0.30472683906555176 
TCAPPDLL 2025-06-19 05:32:31.564721 - Epoch: 0 Iteration: 55  rank : 0  train.loss : 6.952880859375  train.ips : 217.65731123316905 imgs/s train.total_time : 0.2940402030944824 
TCAPPDLL 2025-06-19 05:32:31.862584 - Epoch: 0 Iteration: 56  rank : 0  train.loss : 6.9610595703125  train.ips : 215.05908216190753 imgs/s train.total_time : 0.2975926399230957 
TCAPPDLL 2025-06-19 05:32:32.156983 - Epoch: 0 Iteration: 57  rank : 0  train.loss : 6.926513671875  train.ips : 217.56575429177678 imgs/s train.total_time : 0.29416394233703613 
TCAPPDLL 2025-06-19 05:32:32.467865 - Epoch: 0 Iteration: 58  rank : 0  train.loss : 6.94189453125  train.ips : 206.02588798553404 imgs/s train.total_time : 0.3106405735015869 
TCAPPDLL 2025-06-19 05:32:32.781423 - Epoch: 0 Iteration: 59  rank : 0  train.loss : 6.90435791015625  train.ips : 204.3063490239267 imgs/s train.total_time : 0.31325507164001465 
TCAPPDLL 2025-06-19 05:32:33.131183 - Epoch: 0 Iteration: 60  rank : 0  train.loss : 6.92889404296875  train.ips : 183.13501284982252 imgs/s train.total_time : 0.3494689464569092 
TCAPPDLL 2025-06-19 05:32:33.452448 - Epoch: 0 Iteration: 61  rank : 0  train.loss : 6.97576904296875  train.ips : 199.3558596494355 imgs/s train.total_time : 0.32103395462036133 
TCAPPDLL 2025-06-19 05:32:33.749433 - Epoch: 0 Iteration: 62  rank : 0  train.loss : 6.8953857421875  train.ips : 215.65723063277878 imgs/s train.total_time : 0.2967672348022461 
TCAPPDLL 2025-06-19 05:32:34.050431 - Epoch: 0 Iteration: 63  rank : 0  train.loss : 6.961181640625  train.ips : 212.7535871667248 imgs/s train.total_time : 0.30081748962402344 
TCAPPDLL 2025-06-19 05:32:34.358955 - Epoch: 0 Iteration: 64  rank : 0  train.loss : 6.87030029296875  train.ips : 207.57346349037704 imgs/s train.total_time : 0.30832457542419434 
TCAPPDLL 2025-06-19 05:32:34.666379 - Epoch: 0 Iteration: 65  rank : 0  train.loss : 6.93585205078125  train.ips : 208.33902309355003 imgs/s train.total_time : 0.3071916103363037 
TCAPPDLL 2025-06-19 05:32:34.964639 - Epoch: 0 Iteration: 66  rank : 0  train.loss : 6.971923828125  train.ips : 214.74406991860164 imgs/s train.total_time : 0.29802918434143066 
TCAPPDLL 2025-06-19 05:32:35.255680 - Epoch: 0 Iteration: 67  rank : 0  train.loss : 6.87530517578125  train.ips : 220.0687468231976 imgs/s train.total_time : 0.2908182144165039 
TCAPPDLL 2025-06-19 05:32:35.542591 - Epoch: 0 Iteration: 68  rank : 0  train.loss : 6.96051025390625  train.ips : 223.22093875124216 imgs/s train.total_time : 0.2867114543914795 
TCAPPDLL 2025-06-19 05:32:35.850542 - Epoch: 0 Iteration: 69  rank : 0  train.loss : 6.91943359375  train.ips : 207.93830222675294 imgs/s train.total_time : 0.3077836036682129 
TCAPPDLL 2025-06-19 05:32:36.142576 - Epoch: 0 Iteration: 70  rank : 0  train.loss : 6.947021484375  train.ips : 219.28600627055536 imgs/s train.total_time : 0.2918562889099121 
TCAPPDLL 2025-06-19 05:32:36.445946 - Epoch: 0 Iteration: 71  rank : 0  train.loss : 6.95147705078125  train.ips : 211.0797979122845 imgs/s train.total_time : 0.30320286750793457 
TCAPPDLL 2025-06-19 05:32:36.750302 - Epoch: 0 Iteration: 72  rank : 0  train.loss : 6.91644287109375  train.ips : 210.3932250416381 imgs/s train.total_time : 0.30419230461120605 
TCAPPDLL 2025-06-19 05:32:37.052477 - Epoch: 0 Iteration: 73  rank : 0  train.loss : 6.90338134765625  train.ips : 211.9161478669873 imgs/s train.total_time : 0.30200624465942383 
TCAPPDLL 2025-06-19 05:32:37.348114 - Epoch: 0 Iteration: 74  rank : 0  train.loss : 6.89923095703125  train.ips : 216.61576599549394 imgs/s train.total_time : 0.2954540252685547 
TCAPPDLL 2025-06-19 05:32:37.663475 - Epoch: 0 Iteration: 75  rank : 0  train.loss : 6.978271484375  train.ips : 203.0843377139991 imgs/s train.total_time : 0.3151400089263916 
TCAPPDLL 2025-06-19 05:32:37.961907 - Epoch: 0 Iteration: 76  rank : 0  train.loss : 6.920654296875  train.ips : 214.6168475957933 imgs/s train.total_time : 0.2982058525085449 
TCAPPDLL 2025-06-19 05:32:38.244422 - Epoch: 0 Iteration: 77  rank : 0  train.loss : 6.9276123046875  train.ips : 226.6879272532582 imgs/s train.total_time : 0.28232645988464355 
TCAPPDLL 2025-06-19 05:32:38.551661 - Epoch: 0 Iteration: 78  rank : 0  train.loss : 6.95947265625  train.ips : 208.42799430082187 imgs/s train.total_time : 0.30706048011779785 
TCAPPDLL 2025-06-19 05:32:38.846148 - Epoch: 0 Iteration: 79  rank : 0  train.loss : 6.8878173828125  train.ips : 217.4515484895837 imgs/s train.total_time : 0.29431843757629395 
TCAPPDLL 2025-06-19 05:32:39.149411 - Epoch: 0 Iteration: 80  rank : 0  train.loss : 6.97003173828125  train.ips : 211.14969826257135 imgs/s train.total_time : 0.3031024932861328 
TCAPPDLL 2025-06-19 05:32:39.564201 - Epoch: 0 Iteration: 81  rank : 0  train.loss : 6.89361572265625  train.ips : 154.3657813275429 imgs/s train.total_time : 0.4145996570587158 
TCAPPDLL 2025-06-19 05:32:39.866289 - Epoch: 0 Iteration: 82  rank : 0  train.loss : 6.89996337890625  train.ips : 212.02963599541243 imgs/s train.total_time : 0.30184459686279297 
TCAPPDLL 2025-06-19 05:32:40.164923 - Epoch: 0 Iteration: 83  rank : 0  train.loss : 6.90997314453125  train.ips : 214.46664141983092 imgs/s train.total_time : 0.2984147071838379 
TCAPPDLL 2025-06-19 05:32:40.447235 - Epoch: 0 Iteration: 84  rank : 0  train.loss : 6.84844970703125  train.ips : 226.86322393952915 imgs/s train.total_time : 0.2821083068847656 
TCAPPDLL 2025-06-19 05:32:40.765729 - Epoch: 0 Iteration: 85  rank : 0  train.loss : 6.95953369140625  train.ips : 201.06440401716162 imgs/s train.total_time : 0.31830596923828125 
TCAPPDLL 2025-06-19 05:32:41.168088 - Epoch: 0 Iteration: 86  rank : 0  train.loss : 6.91058349609375  train.ips : 159.17190311008332 imgs/s train.total_time : 0.4020810127258301 
TCAPPDLL 2025-06-19 05:32:41.462536 - Epoch: 0 Iteration: 87  rank : 0  train.loss : 6.88629150390625  train.ips : 217.54300931486245 imgs/s train.total_time : 0.29419469833374023 
TCAPPDLL 2025-06-19 05:32:41.764284 - Epoch: 0 Iteration: 88  rank : 0  train.loss : 6.9415283203125  train.ips : 212.2494249701712 imgs/s train.total_time : 0.3015320301055908 
TCAPPDLL 2025-06-19 05:32:42.067188 - Epoch: 0 Iteration: 89  rank : 0  train.loss : 6.88677978515625  train.ips : 211.4499152815402 imgs/s train.total_time : 0.3026721477508545 
TCAPPDLL 2025-06-19 05:32:42.364318 - Epoch: 0 Iteration: 90  rank : 0  train.loss : 6.89801025390625  train.ips : 215.58137121838786 imgs/s train.total_time : 0.2968716621398926 
TCAPPDLL 2025-06-19 05:32:42.661725 - Epoch: 0 Iteration: 91  rank : 0  train.loss : 6.8880615234375  train.ips : 215.350657518949 imgs/s train.total_time : 0.29718971252441406 
TCAPPDLL 2025-06-19 05:32:42.977651 - Epoch: 0 Iteration: 92  rank : 0  train.loss : 6.9290771484375  train.ips : 202.74075948258087 imgs/s train.total_time : 0.3156740665435791 
TCAPPDLL 2025-06-19 05:32:43.323317 - Epoch: 0 Iteration: 93  rank : 0  train.loss : 6.90838623046875  train.ips : 185.2859687885458 imgs/s train.total_time : 0.345412015914917 
TCAPPDLL 2025-06-19 05:32:43.655362 - Epoch: 0 Iteration: 94  rank : 0  train.loss : 6.8980712890625  train.ips : 192.86470144047453 imgs/s train.total_time : 0.33183884620666504 
TCAPPDLL 2025-06-19 05:32:43.964083 - Epoch: 0 Iteration: 95  rank : 0  train.loss : 6.82769775390625  train.ips : 207.45331062261778 imgs/s train.total_time : 0.3085031509399414 
TCAPPDLL 2025-06-19 05:32:44.268087 - Epoch: 0 Iteration: 96  rank : 0  train.loss : 6.89056396484375  train.ips : 210.68219837143138 imgs/s train.total_time : 0.3037750720977783 
TCAPPDLL 2025-06-19 05:32:44.558774 - Epoch: 0 Iteration: 97  rank : 0  train.loss : 6.913330078125  train.ips : 220.33265179316746 imgs/s train.total_time : 0.2904698848724365 
TCAPPDLL 2025-06-19 05:32:44.855508 - Epoch: 0 Iteration: 98  rank : 0  train.loss : 6.93756103515625  train.ips : 215.85162562891452 imgs/s train.total_time : 0.29649996757507324 
TCAPPDLL 2025-06-19 05:32:45.167929 - Epoch: 0 Iteration: 99  rank : 0  train.loss : 6.90301513671875  train.ips : 205.01444305528932 imgs/s train.total_time : 0.31217312812805176 
06/19 05:32:45 - mmengine - INFO - Epoch(train)   [1][  100/20019]  base_lr: 5.0000e-02 lr: 5.0000e-02  eta: 22 days, 10:14:11  time: 0.3098  data_time: 0.0028  memory: 709  loss: 6.8994
TCAPPDLL 2025-06-19 05:32:45.564319 - Epoch: 0 Iteration: 100  rank : 0  train.loss : 6.96124267578125  train.ips : 161.5362548036246 imgs/s train.total_time : 0.3961958885192871 
