--------------+------------------------------------------------
 Host IP      | 10.244.54.1
 PyTorch      | 2.4.0a0+git4451b0e
 Torch-SDAA   | 20250616.14.30.dev0+git35328dc
--------------+------------------------------------------------
 SDAA Driver  | 2.1.0 (N/A)
 SDAA Runtime | 2.1.0 (/opt/tecoai/lib64/libsdaart.so)
 SDPTI        | 1.4.0b0 (/opt/tecoai/lib64/libsdpti.so)
 TecoDNN      | 2.2.0b0 (/opt/tecoai/lib64/libtecodnn.so)
 TecoBLAS     | 2.2.0b0 (/opt/tecoai/lib64/libtecoblas.so)
 CustomDNN    | 1.20.0a0 (/opt/tecoai/lib64/libtecodnn_ext.so)
 TecoRAND     | 2.0.1 (/opt/tecoai/lib64/libtecorand.so)
 TCCL         | 1.23.0 (/opt/tecoai/lib64/libtccl.so)
--------------+------------------------------------------------
/data/bigc-data/lsq/torch_env_vgg/lib/python3.10/site-packages/torch/distributed/launch.py:208: FutureWarning: The module torch.distributed.launch is deprecated
and will be removed in future. Use torchrun.
Note that --use-env is set by default in torchrun.
If your script expects `--local-rank` argument to be set, please
change it to read from `os.environ['LOCAL_RANK']` instead. See 
https://pytorch.org/docs/stable/distributed.html#launch-utility for 
further instructions

  main()
--------------+------------------------------------------------
 Host IP      | 10.244.54.1
 PyTorch      | 2.4.0a0+git4451b0e
 Torch-SDAA   | 20250616.14.30.dev0+git35328dc
--------------+------------------------------------------------
 SDAA Driver  | 2.1.0 (N/A)
 SDAA Runtime | 2.1.0 (/opt/tecoai/lib64/libsdaart.so)
 SDPTI        | 1.4.0b0 (/opt/tecoai/lib64/libsdpti.so)
 TecoDNN      | 2.2.0b0 (/opt/tecoai/lib64/libtecodnn.so)
 TecoBLAS     | 2.2.0b0 (/opt/tecoai/lib64/libtecoblas.so)
 CustomDNN    | 1.20.0a0 (/opt/tecoai/lib64/libtecodnn_ext.so)
 TecoRAND     | 2.0.1 (/opt/tecoai/lib64/libtecorand.so)
 TCCL         | 1.23.0 (/opt/tecoai/lib64/libtccl.so)
--------------+------------------------------------------------
/data/bigc-data/lsq/torch_env_vgg/lib/python3.10/site-packages/mmengine/optim/optimizer/zero_optimizer.py:11: DeprecationWarning: `TorchScript` support for functional optimizers is deprecated and will be removed in a future PyTorch release. Consider using the `torch.compile` optimizer instead.
  from torch.distributed.optim import \
/data/bigc-data/lsq/torch_env_vgg/lib/python3.10/site-packages/mmengine/utils/dl_utils/setup_env.py:46: UserWarning: Setting OMP_NUM_THREADS environment variable for each process to be 1 in default, to avoid your system being overloaded, please further tune the variable for optimal performance in your application as needed.
  warnings.warn(
/data/bigc-data/lsq/torch_env_vgg/lib/python3.10/site-packages/mmengine/utils/dl_utils/setup_env.py:56: UserWarning: Setting MKL_NUM_THREADS environment variable for each process to be 1 in default, to avoid your system being overloaded, please further tune the variable for optimal performance in your application as needed.
  warnings.warn(
06/19 11:53:48 - mmengine - INFO - 
------------------------------------------------------------
System environment:
    sys.platform: linux
    Python: 3.10.16 (main, Dec 11 2024, 16:24:50) [GCC 11.2.0]
    CUDA available: False
    MUSA available: False
    numpy_random_seed: 71018807
    GCC: gcc (Ubuntu 11.4.0-1ubuntu1~22.04) 11.4.0
    PyTorch: 2.4.0a0+git4451b0e
    PyTorch compiling details: PyTorch built with:
  - GCC 11.5
  - C++ Version: 201703
  - Intel(R) oneAPI Math Kernel Library Version 2025.0-Product Build 20241009 for Intel(R) 64 architecture applications
  - Intel(R) MKL-DNN v3.4.2 (Git Hash 1137e04ec0b5251ca2b4400a4fd3c667ce843d67)
  - OpenMP 201511 (a.k.a. OpenMP 4.5)
  - LAPACK is enabled (usually provided by MKL)
  - NNPACK is enabled
  - CPU capability usage: AVX512
  - Build settings: BLAS_INFO=mkl, BUILD_TYPE=Release, CXX_COMPILER=/usr/bin/g++, CXX_FLAGS= -D_GLIBCXX_USE_CXX11_ABI=1 -fvisibility-inlines-hidden -DUSE_PTHREADPOOL -DNDEBUG -DUSE_KINETO -DLIBKINETO_NOCUPTI -DLIBKINETO_NOROCTRACER -DUSE_FBGEMM -DUSE_PYTORCH_QNNPACK -DUSE_XNNPACK -DSYMBOLICATE_MOBILE_DEBUG_HANDLE -O2 -fPIC -Wall -Wextra -Werror=return-type -Werror=non-virtual-dtor -Werror=range-loop-construct -Werror=bool-operation -Wnarrowing -Wno-missing-field-initializers -Wno-type-limits -Wno-array-bounds -Wno-unknown-pragmas -Wno-unused-parameter -Wno-unused-function -Wno-unused-result -Wno-strict-overflow -Wno-strict-aliasing -Wno-stringop-overflow -Wsuggest-override -Wno-psabi -Wno-error=pedantic -Wno-error=old-style-cast -Wno-missing-braces -fdiagnostics-color=always -faligned-new -Wno-unused-but-set-variable -Wno-maybe-uninitialized -fno-math-errno -fno-trapping-math -Werror=format -Wno-stringop-overflow, FORCE_FALLBACK_CUDA_MPI=1, LAPACK_INFO=mkl, PERF_WITH_AVX=1, PERF_WITH_AVX2=1, PERF_WITH_AVX512=1, TORCH_VERSION=2.4.0, USE_CUDA=OFF, USE_CUDNN=OFF, USE_CUSPARSELT=OFF, USE_EXCEPTION_PTR=1, USE_GFLAGS=OFF, USE_GLOG=OFF, USE_GLOO=ON, USE_MKL=ON, USE_MKLDNN=1, USE_MPI=ON, USE_NCCL=OFF, USE_NNPACK=ON, USE_OPENMP=ON, USE_ROCM=OFF, USE_ROCM_KERNEL_ASSERT=OFF, 

    TorchVision: 0.15.1a0+42759b1
    OpenCV: 4.11.0
    MMEngine: 0.10.4

Runtime environment:
    cudnn_benchmark: False
    mp_cfg: {'mp_start_method': 'fork', 'opencv_num_threads': 0}
    dist_cfg: {'backend': 'tccl'}
    seed: 71018807
    deterministic: False
    Distributed launcher: pytorch
    Distributed training: True
    GPU number: 1
------------------------------------------------------------

06/19 11:53:48 - mmengine - INFO - Config:
auto_scale_lr = dict(base_batch_size=256)
data_preprocessor = dict(
    mean=[
        123.675,
        116.28,
        103.53,
    ],
    num_classes=1000,
    std=[
        58.395,
        57.12,
        57.375,
    ],
    to_rgb=True)
dataset_type = 'ImageNet'
default_hooks = dict(
    checkpoint=dict(interval=1, max_keep_ckpts=3, type='CheckpointHook'),
    logger=dict(interval=100, type='LoggerHook'),
    param_scheduler=dict(type='ParamSchedulerHook'),
    sampler_seed=dict(type='DistSamplerSeedHook'),
    timer=dict(type='IterTimerHook'),
    visualization=dict(enable=False, type='VisualizationHook'))
default_scope = 'mmpretrain'
env_cfg = dict(
    cudnn_benchmark=False,
    dist_cfg=dict(backend='nccl'),
    mp_cfg=dict(mp_start_method='fork', opencv_num_threads=0))
launcher = 'pytorch'
load_from = None
log_level = 'INFO'
model = dict(
    backbone=dict(arch='A0', out_indices=(3, ), type='RepVGG'),
    head=dict(
        in_channels=1280,
        loss=dict(loss_weight=1.0, type='CrossEntropyLoss'),
        num_classes=1000,
        topk=(
            1,
            5,
        ),
        type='LinearClsHead'),
    neck=dict(type='GlobalAveragePooling'),
    type='ImageClassifier')
optim_wrapper = dict(
    loss_scale='dynamic',
    optimizer=dict(lr=0.1, momentum=0.9, type='SGD', weight_decay=0.0001),
    paramwise_cfg=dict(
        bias_decay_mult=0.0,
        custom_keys=dict({
            'branch_1x1.norm': dict(decay_mult=0.0),
            'branch_3x3.norm': dict(decay_mult=0.0),
            'branch_norm.bias': dict(decay_mult=0.0)
        })),
    type='AmpOptimWrapper')
param_scheduler = dict(
    T_max=120,
    begin=0,
    by_epoch=True,
    convert_to_iter_based=True,
    end=120,
    type='CosineAnnealingLR')
randomness = dict(deterministic=False, seed=None)
resume = False
test_cfg = dict()
test_dataloader = dict(
    batch_size=256,
    collate_fn=dict(type='default_collate'),
    dataset=dict(
        data_root='/data/teco-data/imagenet',
        pipeline=[
            dict(type='LoadImageFromFile'),
            dict(backend='pillow', edge='short', scale=256, type='ResizeEdge'),
            dict(crop_size=224, type='CenterCrop'),
            dict(type='PackInputs'),
        ],
        split='val',
        type='ImageNet'),
    num_workers=5,
    persistent_workers=True,
    pin_memory=True,
    sampler=dict(shuffle=False, type='DefaultSampler'))
test_evaluator = dict(
    topk=(
        1,
        5,
    ), type='Accuracy')
test_pipeline = [
    dict(type='LoadImageFromFile'),
    dict(backend='pillow', edge='short', scale=256, type='ResizeEdge'),
    dict(crop_size=224, type='CenterCrop'),
    dict(type='PackInputs'),
]
train_cfg = dict(by_epoch=True, max_epochs=120, val_interval=1)
train_dataloader = dict(
    batch_size=32,
    collate_fn=dict(type='default_collate'),
    dataset=dict(
        data_root='/data/teco-data/imagenet',
        pipeline=[
            dict(type='LoadImageFromFile'),
            dict(backend='pillow', scale=224, type='RandomResizedCrop'),
            dict(direction='horizontal', prob=0.5, type='RandomFlip'),
            dict(type='PackInputs'),
        ],
        split='train',
        type='ImageNet'),
    num_workers=5,
    persistent_workers=True,
    pin_memory=True,
    sampler=dict(shuffle=True, type='DefaultSampler'))
train_pipeline = [
    dict(type='LoadImageFromFile'),
    dict(backend='pillow', scale=224, type='RandomResizedCrop'),
    dict(direction='horizontal', prob=0.5, type='RandomFlip'),
    dict(type='PackInputs'),
]
val_cfg = dict()
val_dataloader = dict(
    batch_size=256,
    collate_fn=dict(type='default_collate'),
    dataset=dict(
        data_root='/data/teco-data/imagenet',
        pipeline=[
            dict(type='LoadImageFromFile'),
            dict(backend='pillow', edge='short', scale=256, type='ResizeEdge'),
            dict(crop_size=224, type='CenterCrop'),
            dict(type='PackInputs'),
        ],
        split='val',
        type='ImageNet'),
    num_workers=5,
    persistent_workers=True,
    pin_memory=True,
    sampler=dict(shuffle=False, type='DefaultSampler'))
val_evaluator = dict(
    topk=(
        1,
        5,
    ), type='Accuracy')
vis_backends = [
    dict(type='LocalVisBackend'),
]
visualizer = dict(
    type='UniversalVisualizer', vis_backends=[
        dict(type='LocalVisBackend'),
    ])
work_dir = './work_dirs/repvgg-A0_8xb32_in1k'

06/19 11:53:56 - mmengine - INFO - Hooks will be executed in the following order:
before_run:
(VERY_HIGH   ) RuntimeInfoHook                    
(BELOW_NORMAL) LoggerHook                         
 -------------------- 
before_train:
(VERY_HIGH   ) RuntimeInfoHook                    
(NORMAL      ) IterTimerHook                      
(VERY_LOW    ) CheckpointHook                     
 -------------------- 
before_train_epoch:
(VERY_HIGH   ) RuntimeInfoHook                    
(NORMAL      ) IterTimerHook                      
(NORMAL      ) DistSamplerSeedHook                
 -------------------- 
before_train_iter:
(VERY_HIGH   ) RuntimeInfoHook                    
(NORMAL      ) IterTimerHook                      
 -------------------- 
after_train_iter:
(VERY_HIGH   ) RuntimeInfoHook                    
(NORMAL      ) IterTimerHook                      
(BELOW_NORMAL) LoggerHook                         
(LOW         ) ParamSchedulerHook                 
(VERY_LOW    ) CheckpointHook                     
 -------------------- 
after_train_epoch:
(NORMAL      ) IterTimerHook                      
(LOW         ) ParamSchedulerHook                 
(VERY_LOW    ) CheckpointHook                     
 -------------------- 
before_val:
(VERY_HIGH   ) RuntimeInfoHook                    
 -------------------- 
before_val_epoch:
(NORMAL      ) IterTimerHook                      
 -------------------- 
before_val_iter:
(NORMAL      ) IterTimerHook                      
 -------------------- 
after_val_iter:
(NORMAL      ) IterTimerHook                      
(NORMAL      ) VisualizationHook                  
(BELOW_NORMAL) LoggerHook                         
 -------------------- 
after_val_epoch:
(VERY_HIGH   ) RuntimeInfoHook                    
(NORMAL      ) IterTimerHook                      
(BELOW_NORMAL) LoggerHook                         
(LOW         ) ParamSchedulerHook                 
(VERY_LOW    ) CheckpointHook                     
 -------------------- 
after_val:
(VERY_HIGH   ) RuntimeInfoHook                    
 -------------------- 
after_train:
(VERY_HIGH   ) RuntimeInfoHook                    
(VERY_LOW    ) CheckpointHook                     
 -------------------- 
before_test:
(VERY_HIGH   ) RuntimeInfoHook                    
 -------------------- 
before_test_epoch:
(NORMAL      ) IterTimerHook                      
 -------------------- 
before_test_iter:
(NORMAL      ) IterTimerHook                      
 -------------------- 
after_test_iter:
(NORMAL      ) IterTimerHook                      
(NORMAL      ) VisualizationHook                  
(BELOW_NORMAL) LoggerHook                         
 -------------------- 
after_test_epoch:
(VERY_HIGH   ) RuntimeInfoHook                    
(NORMAL      ) IterTimerHook                      
(BELOW_NORMAL) LoggerHook                         
 -------------------- 
after_test:
(VERY_HIGH   ) RuntimeInfoHook                    
 -------------------- 
after_run:
(BELOW_NORMAL) LoggerHook                         
 -------------------- 
/data/bigc-data/lsq/torch_env_vgg/lib/python3.10/site-packages/albumentations/check_version.py:147: UserWarning: Error fetching version info The read operation timed out
  data = fetch_version_info()
06/19 11:54:23 - mmengine - INFO - paramwise_options -- backbone.stem.branch_3x3.norm.weight:lr=0.1
06/19 11:54:23 - mmengine - INFO - paramwise_options -- backbone.stem.branch_3x3.norm.weight:weight_decay=0.0
06/19 11:54:23 - mmengine - INFO - paramwise_options -- backbone.stem.branch_3x3.norm.weight:decay_mult=0.0
06/19 11:54:23 - mmengine - INFO - paramwise_options -- backbone.stem.branch_3x3.norm.bias:lr=0.1
06/19 11:54:23 - mmengine - INFO - paramwise_options -- backbone.stem.branch_3x3.norm.bias:weight_decay=0.0
06/19 11:54:23 - mmengine - INFO - paramwise_options -- backbone.stem.branch_3x3.norm.bias:decay_mult=0.0
06/19 11:54:23 - mmengine - INFO - paramwise_options -- backbone.stem.branch_1x1.norm.weight:lr=0.1
06/19 11:54:23 - mmengine - INFO - paramwise_options -- backbone.stem.branch_1x1.norm.weight:weight_decay=0.0
06/19 11:54:23 - mmengine - INFO - paramwise_options -- backbone.stem.branch_1x1.norm.weight:decay_mult=0.0
06/19 11:54:23 - mmengine - INFO - paramwise_options -- backbone.stem.branch_1x1.norm.bias:lr=0.1
06/19 11:54:23 - mmengine - INFO - paramwise_options -- backbone.stem.branch_1x1.norm.bias:weight_decay=0.0
06/19 11:54:23 - mmengine - INFO - paramwise_options -- backbone.stem.branch_1x1.norm.bias:decay_mult=0.0
06/19 11:54:23 - mmengine - INFO - paramwise_options -- backbone.stage_1.0.branch_3x3.norm.weight:lr=0.1
06/19 11:54:23 - mmengine - INFO - paramwise_options -- backbone.stage_1.0.branch_3x3.norm.weight:weight_decay=0.0
06/19 11:54:23 - mmengine - INFO - paramwise_options -- backbone.stage_1.0.branch_3x3.norm.weight:decay_mult=0.0
06/19 11:54:23 - mmengine - INFO - paramwise_options -- backbone.stage_1.0.branch_3x3.norm.bias:lr=0.1
06/19 11:54:23 - mmengine - INFO - paramwise_options -- backbone.stage_1.0.branch_3x3.norm.bias:weight_decay=0.0
06/19 11:54:23 - mmengine - INFO - paramwise_options -- backbone.stage_1.0.branch_3x3.norm.bias:decay_mult=0.0
06/19 11:54:23 - mmengine - INFO - paramwise_options -- backbone.stage_1.0.branch_1x1.norm.weight:lr=0.1
06/19 11:54:23 - mmengine - INFO - paramwise_options -- backbone.stage_1.0.branch_1x1.norm.weight:weight_decay=0.0
06/19 11:54:23 - mmengine - INFO - paramwise_options -- backbone.stage_1.0.branch_1x1.norm.weight:decay_mult=0.0
06/19 11:54:23 - mmengine - INFO - paramwise_options -- backbone.stage_1.0.branch_1x1.norm.bias:lr=0.1
06/19 11:54:23 - mmengine - INFO - paramwise_options -- backbone.stage_1.0.branch_1x1.norm.bias:weight_decay=0.0
06/19 11:54:23 - mmengine - INFO - paramwise_options -- backbone.stage_1.0.branch_1x1.norm.bias:decay_mult=0.0
06/19 11:54:23 - mmengine - INFO - paramwise_options -- backbone.stage_1.1.branch_norm.bias:lr=0.1
06/19 11:54:23 - mmengine - INFO - paramwise_options -- backbone.stage_1.1.branch_norm.bias:weight_decay=0.0
06/19 11:54:23 - mmengine - INFO - paramwise_options -- backbone.stage_1.1.branch_norm.bias:decay_mult=0.0
06/19 11:54:23 - mmengine - INFO - paramwise_options -- backbone.stage_1.1.branch_3x3.norm.weight:lr=0.1
06/19 11:54:23 - mmengine - INFO - paramwise_options -- backbone.stage_1.1.branch_3x3.norm.weight:weight_decay=0.0
06/19 11:54:23 - mmengine - INFO - paramwise_options -- backbone.stage_1.1.branch_3x3.norm.weight:decay_mult=0.0
06/19 11:54:23 - mmengine - INFO - paramwise_options -- backbone.stage_1.1.branch_3x3.norm.bias:lr=0.1
06/19 11:54:23 - mmengine - INFO - paramwise_options -- backbone.stage_1.1.branch_3x3.norm.bias:weight_decay=0.0
06/19 11:54:23 - mmengine - INFO - paramwise_options -- backbone.stage_1.1.branch_3x3.norm.bias:decay_mult=0.0
06/19 11:54:23 - mmengine - INFO - paramwise_options -- backbone.stage_1.1.branch_1x1.norm.weight:lr=0.1
06/19 11:54:23 - mmengine - INFO - paramwise_options -- backbone.stage_1.1.branch_1x1.norm.weight:weight_decay=0.0
06/19 11:54:23 - mmengine - INFO - paramwise_options -- backbone.stage_1.1.branch_1x1.norm.weight:decay_mult=0.0
06/19 11:54:23 - mmengine - INFO - paramwise_options -- backbone.stage_1.1.branch_1x1.norm.bias:lr=0.1
06/19 11:54:23 - mmengine - INFO - paramwise_options -- backbone.stage_1.1.branch_1x1.norm.bias:weight_decay=0.0
06/19 11:54:23 - mmengine - INFO - paramwise_options -- backbone.stage_1.1.branch_1x1.norm.bias:decay_mult=0.0
06/19 11:54:23 - mmengine - INFO - paramwise_options -- backbone.stage_2.0.branch_3x3.norm.weight:lr=0.1
06/19 11:54:23 - mmengine - INFO - paramwise_options -- backbone.stage_2.0.branch_3x3.norm.weight:weight_decay=0.0
06/19 11:54:23 - mmengine - INFO - paramwise_options -- backbone.stage_2.0.branch_3x3.norm.weight:decay_mult=0.0
06/19 11:54:23 - mmengine - INFO - paramwise_options -- backbone.stage_2.0.branch_3x3.norm.bias:lr=0.1
06/19 11:54:23 - mmengine - INFO - paramwise_options -- backbone.stage_2.0.branch_3x3.norm.bias:weight_decay=0.0
06/19 11:54:23 - mmengine - INFO - paramwise_options -- backbone.stage_2.0.branch_3x3.norm.bias:decay_mult=0.0
06/19 11:54:23 - mmengine - INFO - paramwise_options -- backbone.stage_2.0.branch_1x1.norm.weight:lr=0.1
06/19 11:54:23 - mmengine - INFO - paramwise_options -- backbone.stage_2.0.branch_1x1.norm.weight:weight_decay=0.0
06/19 11:54:23 - mmengine - INFO - paramwise_options -- backbone.stage_2.0.branch_1x1.norm.weight:decay_mult=0.0
06/19 11:54:23 - mmengine - INFO - paramwise_options -- backbone.stage_2.0.branch_1x1.norm.bias:lr=0.1
06/19 11:54:23 - mmengine - INFO - paramwise_options -- backbone.stage_2.0.branch_1x1.norm.bias:weight_decay=0.0
06/19 11:54:23 - mmengine - INFO - paramwise_options -- backbone.stage_2.0.branch_1x1.norm.bias:decay_mult=0.0
06/19 11:54:23 - mmengine - INFO - paramwise_options -- backbone.stage_2.1.branch_norm.bias:lr=0.1
06/19 11:54:23 - mmengine - INFO - paramwise_options -- backbone.stage_2.1.branch_norm.bias:weight_decay=0.0
06/19 11:54:23 - mmengine - INFO - paramwise_options -- backbone.stage_2.1.branch_norm.bias:decay_mult=0.0
06/19 11:54:23 - mmengine - INFO - paramwise_options -- backbone.stage_2.1.branch_3x3.norm.weight:lr=0.1
06/19 11:54:23 - mmengine - INFO - paramwise_options -- backbone.stage_2.1.branch_3x3.norm.weight:weight_decay=0.0
06/19 11:54:23 - mmengine - INFO - paramwise_options -- backbone.stage_2.1.branch_3x3.norm.weight:decay_mult=0.0
06/19 11:54:23 - mmengine - INFO - paramwise_options -- backbone.stage_2.1.branch_3x3.norm.bias:lr=0.1
06/19 11:54:23 - mmengine - INFO - paramwise_options -- backbone.stage_2.1.branch_3x3.norm.bias:weight_decay=0.0
06/19 11:54:23 - mmengine - INFO - paramwise_options -- backbone.stage_2.1.branch_3x3.norm.bias:decay_mult=0.0
06/19 11:54:23 - mmengine - INFO - paramwise_options -- backbone.stage_2.1.branch_1x1.norm.weight:lr=0.1
06/19 11:54:23 - mmengine - INFO - paramwise_options -- backbone.stage_2.1.branch_1x1.norm.weight:weight_decay=0.0
06/19 11:54:23 - mmengine - INFO - paramwise_options -- backbone.stage_2.1.branch_1x1.norm.weight:decay_mult=0.0
06/19 11:54:23 - mmengine - INFO - paramwise_options -- backbone.stage_2.1.branch_1x1.norm.bias:lr=0.1
06/19 11:54:23 - mmengine - INFO - paramwise_options -- backbone.stage_2.1.branch_1x1.norm.bias:weight_decay=0.0
06/19 11:54:23 - mmengine - INFO - paramwise_options -- backbone.stage_2.1.branch_1x1.norm.bias:decay_mult=0.0
06/19 11:54:23 - mmengine - INFO - paramwise_options -- backbone.stage_2.2.branch_norm.bias:lr=0.1
06/19 11:54:23 - mmengine - INFO - paramwise_options -- backbone.stage_2.2.branch_norm.bias:weight_decay=0.0
06/19 11:54:23 - mmengine - INFO - paramwise_options -- backbone.stage_2.2.branch_norm.bias:decay_mult=0.0
06/19 11:54:23 - mmengine - INFO - paramwise_options -- backbone.stage_2.2.branch_3x3.norm.weight:lr=0.1
06/19 11:54:23 - mmengine - INFO - paramwise_options -- backbone.stage_2.2.branch_3x3.norm.weight:weight_decay=0.0
06/19 11:54:23 - mmengine - INFO - paramwise_options -- backbone.stage_2.2.branch_3x3.norm.weight:decay_mult=0.0
06/19 11:54:23 - mmengine - INFO - paramwise_options -- backbone.stage_2.2.branch_3x3.norm.bias:lr=0.1
06/19 11:54:23 - mmengine - INFO - paramwise_options -- backbone.stage_2.2.branch_3x3.norm.bias:weight_decay=0.0
06/19 11:54:23 - mmengine - INFO - paramwise_options -- backbone.stage_2.2.branch_3x3.norm.bias:decay_mult=0.0
06/19 11:54:23 - mmengine - INFO - paramwise_options -- backbone.stage_2.2.branch_1x1.norm.weight:lr=0.1
06/19 11:54:23 - mmengine - INFO - paramwise_options -- backbone.stage_2.2.branch_1x1.norm.weight:weight_decay=0.0
06/19 11:54:23 - mmengine - INFO - paramwise_options -- backbone.stage_2.2.branch_1x1.norm.weight:decay_mult=0.0
06/19 11:54:23 - mmengine - INFO - paramwise_options -- backbone.stage_2.2.branch_1x1.norm.bias:lr=0.1
06/19 11:54:23 - mmengine - INFO - paramwise_options -- backbone.stage_2.2.branch_1x1.norm.bias:weight_decay=0.0
06/19 11:54:23 - mmengine - INFO - paramwise_options -- backbone.stage_2.2.branch_1x1.norm.bias:decay_mult=0.0
06/19 11:54:23 - mmengine - INFO - paramwise_options -- backbone.stage_2.3.branch_norm.bias:lr=0.1
06/19 11:54:23 - mmengine - INFO - paramwise_options -- backbone.stage_2.3.branch_norm.bias:weight_decay=0.0
06/19 11:54:23 - mmengine - INFO - paramwise_options -- backbone.stage_2.3.branch_norm.bias:decay_mult=0.0
06/19 11:54:23 - mmengine - INFO - paramwise_options -- backbone.stage_2.3.branch_3x3.norm.weight:lr=0.1
06/19 11:54:23 - mmengine - INFO - paramwise_options -- backbone.stage_2.3.branch_3x3.norm.weight:weight_decay=0.0
06/19 11:54:23 - mmengine - INFO - paramwise_options -- backbone.stage_2.3.branch_3x3.norm.weight:decay_mult=0.0
06/19 11:54:23 - mmengine - INFO - paramwise_options -- backbone.stage_2.3.branch_3x3.norm.bias:lr=0.1
06/19 11:54:23 - mmengine - INFO - paramwise_options -- backbone.stage_2.3.branch_3x3.norm.bias:weight_decay=0.0
06/19 11:54:23 - mmengine - INFO - paramwise_options -- backbone.stage_2.3.branch_3x3.norm.bias:decay_mult=0.0
06/19 11:54:23 - mmengine - INFO - paramwise_options -- backbone.stage_2.3.branch_1x1.norm.weight:lr=0.1
06/19 11:54:23 - mmengine - INFO - paramwise_options -- backbone.stage_2.3.branch_1x1.norm.weight:weight_decay=0.0
06/19 11:54:23 - mmengine - INFO - paramwise_options -- backbone.stage_2.3.branch_1x1.norm.weight:decay_mult=0.0
06/19 11:54:23 - mmengine - INFO - paramwise_options -- backbone.stage_2.3.branch_1x1.norm.bias:lr=0.1
06/19 11:54:23 - mmengine - INFO - paramwise_options -- backbone.stage_2.3.branch_1x1.norm.bias:weight_decay=0.0
06/19 11:54:23 - mmengine - INFO - paramwise_options -- backbone.stage_2.3.branch_1x1.norm.bias:decay_mult=0.0
06/19 11:54:23 - mmengine - INFO - paramwise_options -- backbone.stage_3.0.branch_3x3.norm.weight:lr=0.1
06/19 11:54:23 - mmengine - INFO - paramwise_options -- backbone.stage_3.0.branch_3x3.norm.weight:weight_decay=0.0
06/19 11:54:23 - mmengine - INFO - paramwise_options -- backbone.stage_3.0.branch_3x3.norm.weight:decay_mult=0.0
06/19 11:54:23 - mmengine - INFO - paramwise_options -- backbone.stage_3.0.branch_3x3.norm.bias:lr=0.1
06/19 11:54:23 - mmengine - INFO - paramwise_options -- backbone.stage_3.0.branch_3x3.norm.bias:weight_decay=0.0
06/19 11:54:23 - mmengine - INFO - paramwise_options -- backbone.stage_3.0.branch_3x3.norm.bias:decay_mult=0.0
06/19 11:54:23 - mmengine - INFO - paramwise_options -- backbone.stage_3.0.branch_1x1.norm.weight:lr=0.1
06/19 11:54:23 - mmengine - INFO - paramwise_options -- backbone.stage_3.0.branch_1x1.norm.weight:weight_decay=0.0
06/19 11:54:23 - mmengine - INFO - paramwise_options -- backbone.stage_3.0.branch_1x1.norm.weight:decay_mult=0.0
06/19 11:54:23 - mmengine - INFO - paramwise_options -- backbone.stage_3.0.branch_1x1.norm.bias:lr=0.1
06/19 11:54:23 - mmengine - INFO - paramwise_options -- backbone.stage_3.0.branch_1x1.norm.bias:weight_decay=0.0
06/19 11:54:23 - mmengine - INFO - paramwise_options -- backbone.stage_3.0.branch_1x1.norm.bias:decay_mult=0.0
06/19 11:54:23 - mmengine - INFO - paramwise_options -- backbone.stage_3.1.branch_norm.bias:lr=0.1
06/19 11:54:23 - mmengine - INFO - paramwise_options -- backbone.stage_3.1.branch_norm.bias:weight_decay=0.0
06/19 11:54:23 - mmengine - INFO - paramwise_options -- backbone.stage_3.1.branch_norm.bias:decay_mult=0.0
06/19 11:54:23 - mmengine - INFO - paramwise_options -- backbone.stage_3.1.branch_3x3.norm.weight:lr=0.1
06/19 11:54:23 - mmengine - INFO - paramwise_options -- backbone.stage_3.1.branch_3x3.norm.weight:weight_decay=0.0
06/19 11:54:23 - mmengine - INFO - paramwise_options -- backbone.stage_3.1.branch_3x3.norm.weight:decay_mult=0.0
06/19 11:54:23 - mmengine - INFO - paramwise_options -- backbone.stage_3.1.branch_3x3.norm.bias:lr=0.1
06/19 11:54:23 - mmengine - INFO - paramwise_options -- backbone.stage_3.1.branch_3x3.norm.bias:weight_decay=0.0
06/19 11:54:23 - mmengine - INFO - paramwise_options -- backbone.stage_3.1.branch_3x3.norm.bias:decay_mult=0.0
06/19 11:54:23 - mmengine - INFO - paramwise_options -- backbone.stage_3.1.branch_1x1.norm.weight:lr=0.1
06/19 11:54:23 - mmengine - INFO - paramwise_options -- backbone.stage_3.1.branch_1x1.norm.weight:weight_decay=0.0
06/19 11:54:23 - mmengine - INFO - paramwise_options -- backbone.stage_3.1.branch_1x1.norm.weight:decay_mult=0.0
06/19 11:54:23 - mmengine - INFO - paramwise_options -- backbone.stage_3.1.branch_1x1.norm.bias:lr=0.1
06/19 11:54:23 - mmengine - INFO - paramwise_options -- backbone.stage_3.1.branch_1x1.norm.bias:weight_decay=0.0
06/19 11:54:23 - mmengine - INFO - paramwise_options -- backbone.stage_3.1.branch_1x1.norm.bias:decay_mult=0.0
06/19 11:54:23 - mmengine - INFO - paramwise_options -- backbone.stage_3.2.branch_norm.bias:lr=0.1
06/19 11:54:23 - mmengine - INFO - paramwise_options -- backbone.stage_3.2.branch_norm.bias:weight_decay=0.0
06/19 11:54:23 - mmengine - INFO - paramwise_options -- backbone.stage_3.2.branch_norm.bias:decay_mult=0.0
06/19 11:54:23 - mmengine - INFO - paramwise_options -- backbone.stage_3.2.branch_3x3.norm.weight:lr=0.1
06/19 11:54:23 - mmengine - INFO - paramwise_options -- backbone.stage_3.2.branch_3x3.norm.weight:weight_decay=0.0
06/19 11:54:23 - mmengine - INFO - paramwise_options -- backbone.stage_3.2.branch_3x3.norm.weight:decay_mult=0.0
06/19 11:54:23 - mmengine - INFO - paramwise_options -- backbone.stage_3.2.branch_3x3.norm.bias:lr=0.1
06/19 11:54:23 - mmengine - INFO - paramwise_options -- backbone.stage_3.2.branch_3x3.norm.bias:weight_decay=0.0
06/19 11:54:23 - mmengine - INFO - paramwise_options -- backbone.stage_3.2.branch_3x3.norm.bias:decay_mult=0.0
06/19 11:54:23 - mmengine - INFO - paramwise_options -- backbone.stage_3.2.branch_1x1.norm.weight:lr=0.1
06/19 11:54:23 - mmengine - INFO - paramwise_options -- backbone.stage_3.2.branch_1x1.norm.weight:weight_decay=0.0
06/19 11:54:23 - mmengine - INFO - paramwise_options -- backbone.stage_3.2.branch_1x1.norm.weight:decay_mult=0.0
06/19 11:54:23 - mmengine - INFO - paramwise_options -- backbone.stage_3.2.branch_1x1.norm.bias:lr=0.1
06/19 11:54:23 - mmengine - INFO - paramwise_options -- backbone.stage_3.2.branch_1x1.norm.bias:weight_decay=0.0
06/19 11:54:23 - mmengine - INFO - paramwise_options -- backbone.stage_3.2.branch_1x1.norm.bias:decay_mult=0.0
06/19 11:54:23 - mmengine - INFO - paramwise_options -- backbone.stage_3.3.branch_norm.bias:lr=0.1
06/19 11:54:23 - mmengine - INFO - paramwise_options -- backbone.stage_3.3.branch_norm.bias:weight_decay=0.0
06/19 11:54:23 - mmengine - INFO - paramwise_options -- backbone.stage_3.3.branch_norm.bias:decay_mult=0.0
06/19 11:54:23 - mmengine - INFO - paramwise_options -- backbone.stage_3.3.branch_3x3.norm.weight:lr=0.1
06/19 11:54:23 - mmengine - INFO - paramwise_options -- backbone.stage_3.3.branch_3x3.norm.weight:weight_decay=0.0
06/19 11:54:23 - mmengine - INFO - paramwise_options -- backbone.stage_3.3.branch_3x3.norm.weight:decay_mult=0.0
06/19 11:54:23 - mmengine - INFO - paramwise_options -- backbone.stage_3.3.branch_3x3.norm.bias:lr=0.1
06/19 11:54:23 - mmengine - INFO - paramwise_options -- backbone.stage_3.3.branch_3x3.norm.bias:weight_decay=0.0
06/19 11:54:23 - mmengine - INFO - paramwise_options -- backbone.stage_3.3.branch_3x3.norm.bias:decay_mult=0.0
06/19 11:54:23 - mmengine - INFO - paramwise_options -- backbone.stage_3.3.branch_1x1.norm.weight:lr=0.1
06/19 11:54:23 - mmengine - INFO - paramwise_options -- backbone.stage_3.3.branch_1x1.norm.weight:weight_decay=0.0
06/19 11:54:23 - mmengine - INFO - paramwise_options -- backbone.stage_3.3.branch_1x1.norm.weight:decay_mult=0.0
06/19 11:54:23 - mmengine - INFO - paramwise_options -- backbone.stage_3.3.branch_1x1.norm.bias:lr=0.1
06/19 11:54:23 - mmengine - INFO - paramwise_options -- backbone.stage_3.3.branch_1x1.norm.bias:weight_decay=0.0
06/19 11:54:23 - mmengine - INFO - paramwise_options -- backbone.stage_3.3.branch_1x1.norm.bias:decay_mult=0.0
06/19 11:54:23 - mmengine - INFO - paramwise_options -- backbone.stage_3.4.branch_norm.bias:lr=0.1
06/19 11:54:23 - mmengine - INFO - paramwise_options -- backbone.stage_3.4.branch_norm.bias:weight_decay=0.0
06/19 11:54:23 - mmengine - INFO - paramwise_options -- backbone.stage_3.4.branch_norm.bias:decay_mult=0.0
06/19 11:54:23 - mmengine - INFO - paramwise_options -- backbone.stage_3.4.branch_3x3.norm.weight:lr=0.1
06/19 11:54:23 - mmengine - INFO - paramwise_options -- backbone.stage_3.4.branch_3x3.norm.weight:weight_decay=0.0
06/19 11:54:23 - mmengine - INFO - paramwise_options -- backbone.stage_3.4.branch_3x3.norm.weight:decay_mult=0.0
06/19 11:54:23 - mmengine - INFO - paramwise_options -- backbone.stage_3.4.branch_3x3.norm.bias:lr=0.1
06/19 11:54:23 - mmengine - INFO - paramwise_options -- backbone.stage_3.4.branch_3x3.norm.bias:weight_decay=0.0
06/19 11:54:23 - mmengine - INFO - paramwise_options -- backbone.stage_3.4.branch_3x3.norm.bias:decay_mult=0.0
06/19 11:54:23 - mmengine - INFO - paramwise_options -- backbone.stage_3.4.branch_1x1.norm.weight:lr=0.1
06/19 11:54:23 - mmengine - INFO - paramwise_options -- backbone.stage_3.4.branch_1x1.norm.weight:weight_decay=0.0
06/19 11:54:23 - mmengine - INFO - paramwise_options -- backbone.stage_3.4.branch_1x1.norm.weight:decay_mult=0.0
06/19 11:54:23 - mmengine - INFO - paramwise_options -- backbone.stage_3.4.branch_1x1.norm.bias:lr=0.1
06/19 11:54:23 - mmengine - INFO - paramwise_options -- backbone.stage_3.4.branch_1x1.norm.bias:weight_decay=0.0
06/19 11:54:23 - mmengine - INFO - paramwise_options -- backbone.stage_3.4.branch_1x1.norm.bias:decay_mult=0.0
06/19 11:54:23 - mmengine - INFO - paramwise_options -- backbone.stage_3.5.branch_norm.bias:lr=0.1
06/19 11:54:23 - mmengine - INFO - paramwise_options -- backbone.stage_3.5.branch_norm.bias:weight_decay=0.0
06/19 11:54:23 - mmengine - INFO - paramwise_options -- backbone.stage_3.5.branch_norm.bias:decay_mult=0.0
06/19 11:54:23 - mmengine - INFO - paramwise_options -- backbone.stage_3.5.branch_3x3.norm.weight:lr=0.1
06/19 11:54:23 - mmengine - INFO - paramwise_options -- backbone.stage_3.5.branch_3x3.norm.weight:weight_decay=0.0
06/19 11:54:23 - mmengine - INFO - paramwise_options -- backbone.stage_3.5.branch_3x3.norm.weight:decay_mult=0.0
06/19 11:54:23 - mmengine - INFO - paramwise_options -- backbone.stage_3.5.branch_3x3.norm.bias:lr=0.1
06/19 11:54:23 - mmengine - INFO - paramwise_options -- backbone.stage_3.5.branch_3x3.norm.bias:weight_decay=0.0
06/19 11:54:23 - mmengine - INFO - paramwise_options -- backbone.stage_3.5.branch_3x3.norm.bias:decay_mult=0.0
06/19 11:54:23 - mmengine - INFO - paramwise_options -- backbone.stage_3.5.branch_1x1.norm.weight:lr=0.1
06/19 11:54:23 - mmengine - INFO - paramwise_options -- backbone.stage_3.5.branch_1x1.norm.weight:weight_decay=0.0
06/19 11:54:23 - mmengine - INFO - paramwise_options -- backbone.stage_3.5.branch_1x1.norm.weight:decay_mult=0.0
06/19 11:54:23 - mmengine - INFO - paramwise_options -- backbone.stage_3.5.branch_1x1.norm.bias:lr=0.1
06/19 11:54:23 - mmengine - INFO - paramwise_options -- backbone.stage_3.5.branch_1x1.norm.bias:weight_decay=0.0
06/19 11:54:23 - mmengine - INFO - paramwise_options -- backbone.stage_3.5.branch_1x1.norm.bias:decay_mult=0.0
06/19 11:54:23 - mmengine - INFO - paramwise_options -- backbone.stage_3.6.branch_norm.bias:lr=0.1
06/19 11:54:23 - mmengine - INFO - paramwise_options -- backbone.stage_3.6.branch_norm.bias:weight_decay=0.0
06/19 11:54:23 - mmengine - INFO - paramwise_options -- backbone.stage_3.6.branch_norm.bias:decay_mult=0.0
06/19 11:54:23 - mmengine - INFO - paramwise_options -- backbone.stage_3.6.branch_3x3.norm.weight:lr=0.1
06/19 11:54:23 - mmengine - INFO - paramwise_options -- backbone.stage_3.6.branch_3x3.norm.weight:weight_decay=0.0
06/19 11:54:23 - mmengine - INFO - paramwise_options -- backbone.stage_3.6.branch_3x3.norm.weight:decay_mult=0.0
06/19 11:54:23 - mmengine - INFO - paramwise_options -- backbone.stage_3.6.branch_3x3.norm.bias:lr=0.1
06/19 11:54:23 - mmengine - INFO - paramwise_options -- backbone.stage_3.6.branch_3x3.norm.bias:weight_decay=0.0
06/19 11:54:23 - mmengine - INFO - paramwise_options -- backbone.stage_3.6.branch_3x3.norm.bias:decay_mult=0.0
06/19 11:54:23 - mmengine - INFO - paramwise_options -- backbone.stage_3.6.branch_1x1.norm.weight:lr=0.1
06/19 11:54:23 - mmengine - INFO - paramwise_options -- backbone.stage_3.6.branch_1x1.norm.weight:weight_decay=0.0
06/19 11:54:23 - mmengine - INFO - paramwise_options -- backbone.stage_3.6.branch_1x1.norm.weight:decay_mult=0.0
06/19 11:54:23 - mmengine - INFO - paramwise_options -- backbone.stage_3.6.branch_1x1.norm.bias:lr=0.1
06/19 11:54:23 - mmengine - INFO - paramwise_options -- backbone.stage_3.6.branch_1x1.norm.bias:weight_decay=0.0
06/19 11:54:23 - mmengine - INFO - paramwise_options -- backbone.stage_3.6.branch_1x1.norm.bias:decay_mult=0.0
06/19 11:54:23 - mmengine - INFO - paramwise_options -- backbone.stage_3.7.branch_norm.bias:lr=0.1
06/19 11:54:23 - mmengine - INFO - paramwise_options -- backbone.stage_3.7.branch_norm.bias:weight_decay=0.0
06/19 11:54:23 - mmengine - INFO - paramwise_options -- backbone.stage_3.7.branch_norm.bias:decay_mult=0.0
06/19 11:54:23 - mmengine - INFO - paramwise_options -- backbone.stage_3.7.branch_3x3.norm.weight:lr=0.1
06/19 11:54:23 - mmengine - INFO - paramwise_options -- backbone.stage_3.7.branch_3x3.norm.weight:weight_decay=0.0
06/19 11:54:23 - mmengine - INFO - paramwise_options -- backbone.stage_3.7.branch_3x3.norm.weight:decay_mult=0.0
06/19 11:54:23 - mmengine - INFO - paramwise_options -- backbone.stage_3.7.branch_3x3.norm.bias:lr=0.1
06/19 11:54:23 - mmengine - INFO - paramwise_options -- backbone.stage_3.7.branch_3x3.norm.bias:weight_decay=0.0
06/19 11:54:23 - mmengine - INFO - paramwise_options -- backbone.stage_3.7.branch_3x3.norm.bias:decay_mult=0.0
06/19 11:54:23 - mmengine - INFO - paramwise_options -- backbone.stage_3.7.branch_1x1.norm.weight:lr=0.1
06/19 11:54:23 - mmengine - INFO - paramwise_options -- backbone.stage_3.7.branch_1x1.norm.weight:weight_decay=0.0
06/19 11:54:23 - mmengine - INFO - paramwise_options -- backbone.stage_3.7.branch_1x1.norm.weight:decay_mult=0.0
06/19 11:54:23 - mmengine - INFO - paramwise_options -- backbone.stage_3.7.branch_1x1.norm.bias:lr=0.1
06/19 11:54:23 - mmengine - INFO - paramwise_options -- backbone.stage_3.7.branch_1x1.norm.bias:weight_decay=0.0
06/19 11:54:23 - mmengine - INFO - paramwise_options -- backbone.stage_3.7.branch_1x1.norm.bias:decay_mult=0.0
06/19 11:54:23 - mmengine - INFO - paramwise_options -- backbone.stage_3.8.branch_norm.bias:lr=0.1
06/19 11:54:23 - mmengine - INFO - paramwise_options -- backbone.stage_3.8.branch_norm.bias:weight_decay=0.0
06/19 11:54:23 - mmengine - INFO - paramwise_options -- backbone.stage_3.8.branch_norm.bias:decay_mult=0.0
06/19 11:54:23 - mmengine - INFO - paramwise_options -- backbone.stage_3.8.branch_3x3.norm.weight:lr=0.1
06/19 11:54:23 - mmengine - INFO - paramwise_options -- backbone.stage_3.8.branch_3x3.norm.weight:weight_decay=0.0
06/19 11:54:23 - mmengine - INFO - paramwise_options -- backbone.stage_3.8.branch_3x3.norm.weight:decay_mult=0.0
06/19 11:54:23 - mmengine - INFO - paramwise_options -- backbone.stage_3.8.branch_3x3.norm.bias:lr=0.1
06/19 11:54:23 - mmengine - INFO - paramwise_options -- backbone.stage_3.8.branch_3x3.norm.bias:weight_decay=0.0
06/19 11:54:23 - mmengine - INFO - paramwise_options -- backbone.stage_3.8.branch_3x3.norm.bias:decay_mult=0.0
06/19 11:54:23 - mmengine - INFO - paramwise_options -- backbone.stage_3.8.branch_1x1.norm.weight:lr=0.1
06/19 11:54:23 - mmengine - INFO - paramwise_options -- backbone.stage_3.8.branch_1x1.norm.weight:weight_decay=0.0
06/19 11:54:23 - mmengine - INFO - paramwise_options -- backbone.stage_3.8.branch_1x1.norm.weight:decay_mult=0.0
06/19 11:54:23 - mmengine - INFO - paramwise_options -- backbone.stage_3.8.branch_1x1.norm.bias:lr=0.1
06/19 11:54:23 - mmengine - INFO - paramwise_options -- backbone.stage_3.8.branch_1x1.norm.bias:weight_decay=0.0
06/19 11:54:23 - mmengine - INFO - paramwise_options -- backbone.stage_3.8.branch_1x1.norm.bias:decay_mult=0.0
06/19 11:54:23 - mmengine - INFO - paramwise_options -- backbone.stage_3.9.branch_norm.bias:lr=0.1
06/19 11:54:23 - mmengine - INFO - paramwise_options -- backbone.stage_3.9.branch_norm.bias:weight_decay=0.0
06/19 11:54:23 - mmengine - INFO - paramwise_options -- backbone.stage_3.9.branch_norm.bias:decay_mult=0.0
06/19 11:54:23 - mmengine - INFO - paramwise_options -- backbone.stage_3.9.branch_3x3.norm.weight:lr=0.1
06/19 11:54:23 - mmengine - INFO - paramwise_options -- backbone.stage_3.9.branch_3x3.norm.weight:weight_decay=0.0
06/19 11:54:23 - mmengine - INFO - paramwise_options -- backbone.stage_3.9.branch_3x3.norm.weight:decay_mult=0.0
06/19 11:54:23 - mmengine - INFO - paramwise_options -- backbone.stage_3.9.branch_3x3.norm.bias:lr=0.1
06/19 11:54:23 - mmengine - INFO - paramwise_options -- backbone.stage_3.9.branch_3x3.norm.bias:weight_decay=0.0
06/19 11:54:23 - mmengine - INFO - paramwise_options -- backbone.stage_3.9.branch_3x3.norm.bias:decay_mult=0.0
06/19 11:54:23 - mmengine - INFO - paramwise_options -- backbone.stage_3.9.branch_1x1.norm.weight:lr=0.1
06/19 11:54:23 - mmengine - INFO - paramwise_options -- backbone.stage_3.9.branch_1x1.norm.weight:weight_decay=0.0
06/19 11:54:23 - mmengine - INFO - paramwise_options -- backbone.stage_3.9.branch_1x1.norm.weight:decay_mult=0.0
06/19 11:54:23 - mmengine - INFO - paramwise_options -- backbone.stage_3.9.branch_1x1.norm.bias:lr=0.1
06/19 11:54:23 - mmengine - INFO - paramwise_options -- backbone.stage_3.9.branch_1x1.norm.bias:weight_decay=0.0
06/19 11:54:23 - mmengine - INFO - paramwise_options -- backbone.stage_3.9.branch_1x1.norm.bias:decay_mult=0.0
06/19 11:54:23 - mmengine - INFO - paramwise_options -- backbone.stage_3.10.branch_norm.bias:lr=0.1
06/19 11:54:23 - mmengine - INFO - paramwise_options -- backbone.stage_3.10.branch_norm.bias:weight_decay=0.0
06/19 11:54:23 - mmengine - INFO - paramwise_options -- backbone.stage_3.10.branch_norm.bias:decay_mult=0.0
06/19 11:54:23 - mmengine - INFO - paramwise_options -- backbone.stage_3.10.branch_3x3.norm.weight:lr=0.1
06/19 11:54:23 - mmengine - INFO - paramwise_options -- backbone.stage_3.10.branch_3x3.norm.weight:weight_decay=0.0
06/19 11:54:23 - mmengine - INFO - paramwise_options -- backbone.stage_3.10.branch_3x3.norm.weight:decay_mult=0.0
06/19 11:54:23 - mmengine - INFO - paramwise_options -- backbone.stage_3.10.branch_3x3.norm.bias:lr=0.1
06/19 11:54:23 - mmengine - INFO - paramwise_options -- backbone.stage_3.10.branch_3x3.norm.bias:weight_decay=0.0
06/19 11:54:23 - mmengine - INFO - paramwise_options -- backbone.stage_3.10.branch_3x3.norm.bias:decay_mult=0.0
06/19 11:54:23 - mmengine - INFO - paramwise_options -- backbone.stage_3.10.branch_1x1.norm.weight:lr=0.1
06/19 11:54:23 - mmengine - INFO - paramwise_options -- backbone.stage_3.10.branch_1x1.norm.weight:weight_decay=0.0
06/19 11:54:23 - mmengine - INFO - paramwise_options -- backbone.stage_3.10.branch_1x1.norm.weight:decay_mult=0.0
06/19 11:54:23 - mmengine - INFO - paramwise_options -- backbone.stage_3.10.branch_1x1.norm.bias:lr=0.1
06/19 11:54:23 - mmengine - INFO - paramwise_options -- backbone.stage_3.10.branch_1x1.norm.bias:weight_decay=0.0
06/19 11:54:23 - mmengine - INFO - paramwise_options -- backbone.stage_3.10.branch_1x1.norm.bias:decay_mult=0.0
06/19 11:54:23 - mmengine - INFO - paramwise_options -- backbone.stage_3.11.branch_norm.bias:lr=0.1
06/19 11:54:23 - mmengine - INFO - paramwise_options -- backbone.stage_3.11.branch_norm.bias:weight_decay=0.0
06/19 11:54:23 - mmengine - INFO - paramwise_options -- backbone.stage_3.11.branch_norm.bias:decay_mult=0.0
06/19 11:54:23 - mmengine - INFO - paramwise_options -- backbone.stage_3.11.branch_3x3.norm.weight:lr=0.1
06/19 11:54:23 - mmengine - INFO - paramwise_options -- backbone.stage_3.11.branch_3x3.norm.weight:weight_decay=0.0
06/19 11:54:23 - mmengine - INFO - paramwise_options -- backbone.stage_3.11.branch_3x3.norm.weight:decay_mult=0.0
06/19 11:54:23 - mmengine - INFO - paramwise_options -- backbone.stage_3.11.branch_3x3.norm.bias:lr=0.1
06/19 11:54:23 - mmengine - INFO - paramwise_options -- backbone.stage_3.11.branch_3x3.norm.bias:weight_decay=0.0
06/19 11:54:23 - mmengine - INFO - paramwise_options -- backbone.stage_3.11.branch_3x3.norm.bias:decay_mult=0.0
06/19 11:54:23 - mmengine - INFO - paramwise_options -- backbone.stage_3.11.branch_1x1.norm.weight:lr=0.1
06/19 11:54:23 - mmengine - INFO - paramwise_options -- backbone.stage_3.11.branch_1x1.norm.weight:weight_decay=0.0
06/19 11:54:23 - mmengine - INFO - paramwise_options -- backbone.stage_3.11.branch_1x1.norm.weight:decay_mult=0.0
06/19 11:54:23 - mmengine - INFO - paramwise_options -- backbone.stage_3.11.branch_1x1.norm.bias:lr=0.1
06/19 11:54:23 - mmengine - INFO - paramwise_options -- backbone.stage_3.11.branch_1x1.norm.bias:weight_decay=0.0
06/19 11:54:23 - mmengine - INFO - paramwise_options -- backbone.stage_3.11.branch_1x1.norm.bias:decay_mult=0.0
06/19 11:54:23 - mmengine - INFO - paramwise_options -- backbone.stage_3.12.branch_norm.bias:lr=0.1
06/19 11:54:23 - mmengine - INFO - paramwise_options -- backbone.stage_3.12.branch_norm.bias:weight_decay=0.0
06/19 11:54:23 - mmengine - INFO - paramwise_options -- backbone.stage_3.12.branch_norm.bias:decay_mult=0.0
06/19 11:54:23 - mmengine - INFO - paramwise_options -- backbone.stage_3.12.branch_3x3.norm.weight:lr=0.1
06/19 11:54:23 - mmengine - INFO - paramwise_options -- backbone.stage_3.12.branch_3x3.norm.weight:weight_decay=0.0
06/19 11:54:23 - mmengine - INFO - paramwise_options -- backbone.stage_3.12.branch_3x3.norm.weight:decay_mult=0.0
06/19 11:54:23 - mmengine - INFO - paramwise_options -- backbone.stage_3.12.branch_3x3.norm.bias:lr=0.1
06/19 11:54:23 - mmengine - INFO - paramwise_options -- backbone.stage_3.12.branch_3x3.norm.bias:weight_decay=0.0
06/19 11:54:23 - mmengine - INFO - paramwise_options -- backbone.stage_3.12.branch_3x3.norm.bias:decay_mult=0.0
06/19 11:54:23 - mmengine - INFO - paramwise_options -- backbone.stage_3.12.branch_1x1.norm.weight:lr=0.1
06/19 11:54:23 - mmengine - INFO - paramwise_options -- backbone.stage_3.12.branch_1x1.norm.weight:weight_decay=0.0
06/19 11:54:23 - mmengine - INFO - paramwise_options -- backbone.stage_3.12.branch_1x1.norm.weight:decay_mult=0.0
06/19 11:54:23 - mmengine - INFO - paramwise_options -- backbone.stage_3.12.branch_1x1.norm.bias:lr=0.1
06/19 11:54:23 - mmengine - INFO - paramwise_options -- backbone.stage_3.12.branch_1x1.norm.bias:weight_decay=0.0
06/19 11:54:23 - mmengine - INFO - paramwise_options -- backbone.stage_3.12.branch_1x1.norm.bias:decay_mult=0.0
06/19 11:54:23 - mmengine - INFO - paramwise_options -- backbone.stage_3.13.branch_norm.bias:lr=0.1
06/19 11:54:23 - mmengine - INFO - paramwise_options -- backbone.stage_3.13.branch_norm.bias:weight_decay=0.0
06/19 11:54:23 - mmengine - INFO - paramwise_options -- backbone.stage_3.13.branch_norm.bias:decay_mult=0.0
06/19 11:54:23 - mmengine - INFO - paramwise_options -- backbone.stage_3.13.branch_3x3.norm.weight:lr=0.1
06/19 11:54:23 - mmengine - INFO - paramwise_options -- backbone.stage_3.13.branch_3x3.norm.weight:weight_decay=0.0
06/19 11:54:23 - mmengine - INFO - paramwise_options -- backbone.stage_3.13.branch_3x3.norm.weight:decay_mult=0.0
06/19 11:54:23 - mmengine - INFO - paramwise_options -- backbone.stage_3.13.branch_3x3.norm.bias:lr=0.1
06/19 11:54:23 - mmengine - INFO - paramwise_options -- backbone.stage_3.13.branch_3x3.norm.bias:weight_decay=0.0
06/19 11:54:23 - mmengine - INFO - paramwise_options -- backbone.stage_3.13.branch_3x3.norm.bias:decay_mult=0.0
06/19 11:54:23 - mmengine - INFO - paramwise_options -- backbone.stage_3.13.branch_1x1.norm.weight:lr=0.1
06/19 11:54:23 - mmengine - INFO - paramwise_options -- backbone.stage_3.13.branch_1x1.norm.weight:weight_decay=0.0
06/19 11:54:23 - mmengine - INFO - paramwise_options -- backbone.stage_3.13.branch_1x1.norm.weight:decay_mult=0.0
06/19 11:54:23 - mmengine - INFO - paramwise_options -- backbone.stage_3.13.branch_1x1.norm.bias:lr=0.1
06/19 11:54:23 - mmengine - INFO - paramwise_options -- backbone.stage_3.13.branch_1x1.norm.bias:weight_decay=0.0
06/19 11:54:23 - mmengine - INFO - paramwise_options -- backbone.stage_3.13.branch_1x1.norm.bias:decay_mult=0.0
06/19 11:54:23 - mmengine - INFO - paramwise_options -- backbone.stage_4.0.branch_3x3.norm.weight:lr=0.1
06/19 11:54:23 - mmengine - INFO - paramwise_options -- backbone.stage_4.0.branch_3x3.norm.weight:weight_decay=0.0
06/19 11:54:23 - mmengine - INFO - paramwise_options -- backbone.stage_4.0.branch_3x3.norm.weight:decay_mult=0.0
06/19 11:54:23 - mmengine - INFO - paramwise_options -- backbone.stage_4.0.branch_3x3.norm.bias:lr=0.1
06/19 11:54:23 - mmengine - INFO - paramwise_options -- backbone.stage_4.0.branch_3x3.norm.bias:weight_decay=0.0
06/19 11:54:23 - mmengine - INFO - paramwise_options -- backbone.stage_4.0.branch_3x3.norm.bias:decay_mult=0.0
06/19 11:54:23 - mmengine - INFO - paramwise_options -- backbone.stage_4.0.branch_1x1.norm.weight:lr=0.1
06/19 11:54:23 - mmengine - INFO - paramwise_options -- backbone.stage_4.0.branch_1x1.norm.weight:weight_decay=0.0
06/19 11:54:23 - mmengine - INFO - paramwise_options -- backbone.stage_4.0.branch_1x1.norm.weight:decay_mult=0.0
06/19 11:54:23 - mmengine - INFO - paramwise_options -- backbone.stage_4.0.branch_1x1.norm.bias:lr=0.1
06/19 11:54:23 - mmengine - INFO - paramwise_options -- backbone.stage_4.0.branch_1x1.norm.bias:weight_decay=0.0
06/19 11:54:23 - mmengine - INFO - paramwise_options -- backbone.stage_4.0.branch_1x1.norm.bias:decay_mult=0.0
06/19 11:54:23 - mmengine - INFO - paramwise_options -- head.fc.bias:weight_decay=0.0
06/19 11:54:24 - mmengine - WARNING - "FileClient" will be deprecated in future. Please use io functions in https://mmengine.readthedocs.io/en/latest/api/fileio.html#file-io
06/19 11:54:24 - mmengine - WARNING - "HardDiskBackend" is the alias of "LocalBackend" and the former will be deprecated in future.
06/19 11:54:24 - mmengine - INFO - Checkpoints will be saved to /data/bigc-data/lsq/sunhn/RepVgg/run_scripts/work_dirs/repvgg-A0_8xb32_in1k.
TCAPPDLL 2025-06-19 11:54:26.335686 - Epoch: 0 Iteration: 0  rank : 0  train.loss : 6.9366455078125  train.ips : 20.684468062514323 imgs/s train.total_time : 1.5470545291900635 
TCAPPDLL 2025-06-19 11:54:26.609765 - Epoch: 0 Iteration: 1  rank : 0  train.loss : 7.1990966796875  train.ips : 116.87306405574336 imgs/s train.total_time : 0.273801326751709 
TCAPPDLL 2025-06-19 11:54:26.823809 - Epoch: 0 Iteration: 2  rank : 0  train.loss : 7.177001953125  train.ips : 149.66194249369428 imgs/s train.total_time : 0.21381521224975586 
TCAPPDLL 2025-06-19 11:54:27.035561 - Epoch: 0 Iteration: 3  rank : 0  train.loss : 7.8052978515625  train.ips : 151.317003326956 imgs/s train.total_time : 0.21147656440734863 
TCAPPDLL 2025-06-19 11:54:27.307778 - Epoch: 0 Iteration: 4  rank : 0  train.loss : 7.41259765625  train.ips : 117.64269567785936 imgs/s train.total_time : 0.27201008796691895 
TCAPPDLL 2025-06-19 11:54:27.502716 - Epoch: 0 Iteration: 5  rank : 0  train.loss : 7.1954345703125  train.ips : 164.32402572518907 imgs/s train.total_time : 0.19473719596862793 
TCAPPDLL 2025-06-19 11:54:27.725570 - Epoch: 0 Iteration: 6  rank : 0  train.loss : 7.4530029296875  train.ips : 143.72253008190674 imgs/s train.total_time : 0.22265124320983887 
TCAPPDLL 2025-06-19 11:54:27.988848 - Epoch: 0 Iteration: 7  rank : 0  train.loss : 7.125732421875  train.ips : 121.63914559333847 imgs/s train.total_time : 0.263073205947876 
TCAPPDLL 2025-06-19 11:54:28.251384 - Epoch: 0 Iteration: 8  rank : 0  train.loss : 7.33740234375  train.ips : 121.98728300583498 imgs/s train.total_time : 0.26232242584228516 
TCAPPDLL 2025-06-19 11:54:28.512831 - Epoch: 0 Iteration: 9  rank : 0  train.loss : 7.199951171875  train.ips : 122.50088577799237 imgs/s train.total_time : 0.26122260093688965 
TCAPPDLL 2025-06-19 11:54:28.834057 - Epoch: 0 Iteration: 10  rank : 0  train.loss : 7.29296875  train.ips : 99.68644361738237 imgs/s train.total_time : 0.32100653648376465 
TCAPPDLL 2025-06-19 11:54:29.104979 - Epoch: 0 Iteration: 11  rank : 0  train.loss : 7.3497314453125  train.ips : 118.21194839875673 imgs/s train.total_time : 0.27070021629333496 
TCAPPDLL 2025-06-19 11:54:29.330156 - Epoch: 0 Iteration: 12  rank : 0  train.loss : 7.354248046875  train.ips : 142.31004648322192 imgs/s train.total_time : 0.22486114501953125 
TCAPPDLL 2025-06-19 11:54:29.599631 - Epoch: 0 Iteration: 13  rank : 0  train.loss : 7.418212890625  train.ips : 118.84595454698399 imgs/s train.total_time : 0.2692561149597168 
TCAPPDLL 2025-06-19 11:54:29.834509 - Epoch: 0 Iteration: 14  rank : 0  train.loss : 7.2235107421875  train.ips : 136.37268923529615 imgs/s train.total_time : 0.2346510887145996 
TCAPPDLL 2025-06-19 11:54:30.100323 - Epoch: 0 Iteration: 15  rank : 0  train.loss : 7.194091796875  train.ips : 120.47686018810579 imgs/s train.total_time : 0.2656111717224121 
TCAPPDLL 2025-06-19 11:54:30.337875 - Epoch: 0 Iteration: 16  rank : 0  train.loss : 7.285400390625  train.ips : 134.81942710316142 imgs/s train.total_time : 0.23735451698303223 
TCAPPDLL 2025-06-19 11:54:30.570886 - Epoch: 0 Iteration: 17  rank : 0  train.loss : 7.2652587890625  train.ips : 137.44887618126927 imgs/s train.total_time : 0.23281383514404297 
TCAPPDLL 2025-06-19 11:54:30.831356 - Epoch: 0 Iteration: 18  rank : 0  train.loss : 6.9307861328125  train.ips : 122.9494141895296 imgs/s train.total_time : 0.2602696418762207 
TCAPPDLL 2025-06-19 11:54:31.067105 - Epoch: 0 Iteration: 19  rank : 0  train.loss : 7.08056640625  train.ips : 135.8506528472236 imgs/s train.total_time : 0.23555278778076172 
TCAPPDLL 2025-06-19 11:54:31.338125 - Epoch: 0 Iteration: 20  rank : 0  train.loss : 7.1650390625  train.ips : 118.17042114883104 imgs/s train.total_time : 0.2707953453063965 
TCAPPDLL 2025-06-19 11:54:31.588229 - Epoch: 0 Iteration: 21  rank : 0  train.loss : 6.969970703125  train.ips : 128.06680731162973 imgs/s train.total_time : 0.24986958503723145 
TCAPPDLL 2025-06-19 11:54:31.758768 - Epoch: 0 Iteration: 22  rank : 0  train.loss : 6.9541015625  train.ips : 187.89132860260634 imgs/s train.total_time : 0.17031121253967285 
TCAPPDLL 2025-06-19 11:54:32.005473 - Epoch: 0 Iteration: 23  rank : 0  train.loss : 6.943115234375  train.ips : 129.82019859286527 imgs/s train.total_time : 0.24649477005004883 
TCAPPDLL 2025-06-19 11:54:32.240612 - Epoch: 0 Iteration: 24  rank : 0  train.loss : 6.947509765625  train.ips : 136.21145506782779 imgs/s train.total_time : 0.23492884635925293 
TCAPPDLL 2025-06-19 11:54:32.524762 - Epoch: 0 Iteration: 25  rank : 0  train.loss : 6.90625  train.ips : 112.7004034678926 imgs/s train.total_time : 0.2839386463165283 
TCAPPDLL 2025-06-19 11:54:32.735110 - Epoch: 0 Iteration: 26  rank : 0  train.loss : 6.946044921875  train.ips : 152.29671924483515 imgs/s train.total_time : 0.21011614799499512 
TCAPPDLL 2025-06-19 11:54:33.002985 - Epoch: 0 Iteration: 27  rank : 0  train.loss : 6.9249267578125  train.ips : 119.56109236967825 imgs/s train.total_time : 0.26764559745788574 
TCAPPDLL 2025-06-19 11:54:33.223184 - Epoch: 0 Iteration: 28  rank : 0  train.loss : 7.01611328125  train.ips : 145.4583098069518 imgs/s train.total_time : 0.21999430656433105 
TCAPPDLL 2025-06-19 11:54:33.514918 - Epoch: 0 Iteration: 29  rank : 0  train.loss : 7.0169677734375  train.ips : 109.76701552482885 imgs/s train.total_time : 0.29152655601501465 
TCAPPDLL 2025-06-19 11:54:33.722969 - Epoch: 0 Iteration: 30  rank : 0  train.loss : 6.9619140625  train.ips : 153.95807892119694 imgs/s train.total_time : 0.20784878730773926 
TCAPPDLL 2025-06-19 11:54:33.931877 - Epoch: 0 Iteration: 31  rank : 0  train.loss : 6.88916015625  train.ips : 153.32597800942455 imgs/s train.total_time : 0.20870566368103027 
TCAPPDLL 2025-06-19 11:54:34.201867 - Epoch: 0 Iteration: 32  rank : 0  train.loss : 6.970458984375  train.ips : 118.62694455762502 imgs/s train.total_time : 0.26975321769714355 
TCAPPDLL 2025-06-19 11:54:34.449909 - Epoch: 0 Iteration: 33  rank : 0  train.loss : 6.88232421875  train.ips : 129.1476495730608 imgs/s train.total_time : 0.24777841567993164 
TCAPPDLL 2025-06-19 11:54:34.717199 - Epoch: 0 Iteration: 34  rank : 0  train.loss : 6.8897705078125  train.ips : 119.83105160625611 imgs/s train.total_time : 0.2670426368713379 
TCAPPDLL 2025-06-19 11:54:34.924024 - Epoch: 0 Iteration: 35  rank : 0  train.loss : 6.9571533203125  train.ips : 154.8620824929733 imgs/s train.total_time : 0.2066354751586914 
TCAPPDLL 2025-06-19 11:54:35.131507 - Epoch: 0 Iteration: 36  rank : 0  train.loss : 6.9349365234375  train.ips : 154.37705583639573 imgs/s train.total_time : 0.20728468894958496 
TCAPPDLL 2025-06-19 11:54:35.400388 - Epoch: 0 Iteration: 37  rank : 0  train.loss : 6.84814453125  train.ips : 119.10412869355946 imgs/s train.total_time : 0.26867246627807617 
TCAPPDLL 2025-06-19 11:54:35.628522 - Epoch: 0 Iteration: 38  rank : 0  train.loss : 7.0709228515625  train.ips : 140.4158228357948 imgs/s train.total_time : 0.22789454460144043 
TCAPPDLL 2025-06-19 11:54:35.903176 - Epoch: 0 Iteration: 39  rank : 0  train.loss : 6.973876953125  train.ips : 116.61240359243874 imgs/s train.total_time : 0.2744133472442627 
TCAPPDLL 2025-06-19 11:54:36.118504 - Epoch: 0 Iteration: 40  rank : 0  train.loss : 6.9342041015625  train.ips : 148.75577904150535 imgs/s train.total_time : 0.2151176929473877 
TCAPPDLL 2025-06-19 11:54:36.328111 - Epoch: 0 Iteration: 41  rank : 0  train.loss : 7.0386962890625  train.ips : 152.81935881276635 imgs/s train.total_time : 0.209397554397583 
TCAPPDLL 2025-06-19 11:54:36.572082 - Epoch: 0 Iteration: 42  rank : 0  train.loss : 6.9713134765625  train.ips : 131.2786613301408 imgs/s train.total_time : 0.24375629425048828 
TCAPPDLL 2025-06-19 11:54:36.830301 - Epoch: 0 Iteration: 43  rank : 0  train.loss : 6.894287109375  train.ips : 124.0258996927484 imgs/s train.total_time : 0.2580106258392334 
TCAPPDLL 2025-06-19 11:54:37.115336 - Epoch: 0 Iteration: 44  rank : 0  train.loss : 6.8992919921875  train.ips : 112.34137893802036 imgs/s train.total_time : 0.28484606742858887 
TCAPPDLL 2025-06-19 11:54:37.334985 - Epoch: 0 Iteration: 45  rank : 0  train.loss : 6.9522705078125  train.ips : 145.82590773329335 imgs/s train.total_time : 0.21943974494934082 
TCAPPDLL 2025-06-19 11:54:37.633672 - Epoch: 0 Iteration: 46  rank : 0  train.loss : 6.822265625  train.ips : 107.22852317412027 imgs/s train.total_time : 0.2984280586242676 
TCAPPDLL 2025-06-19 11:54:37.936607 - Epoch: 0 Iteration: 47  rank : 0  train.loss : 6.9227294921875  train.ips : 105.7240415593418 imgs/s train.total_time : 0.3026747703552246 
TCAPPDLL 2025-06-19 11:54:38.236446 - Epoch: 0 Iteration: 48  rank : 0  train.loss : 6.8878173828125  train.ips : 106.82365600640539 imgs/s train.total_time : 0.2995591163635254 
TCAPPDLL 2025-06-19 11:54:38.545213 - Epoch: 0 Iteration: 49  rank : 0  train.loss : 6.8892822265625  train.ips : 103.73082392511346 imgs/s train.total_time : 0.3084907531738281 
TCAPPDLL 2025-06-19 11:54:38.830923 - Epoch: 0 Iteration: 50  rank : 0  train.loss : 6.9149169921875  train.ips : 112.09939614636143 imgs/s train.total_time : 0.2854609489440918 
TCAPPDLL 2025-06-19 11:54:39.107606 - Epoch: 0 Iteration: 51  rank : 0  train.loss : 6.89697265625  train.ips : 115.7759005735412 imgs/s train.total_time : 0.2763960361480713 
TCAPPDLL 2025-06-19 11:54:39.364005 - Epoch: 0 Iteration: 52  rank : 0  train.loss : 6.9239501953125  train.ips : 124.95761870802323 imgs/s train.total_time : 0.2560868263244629 
TCAPPDLL 2025-06-19 11:54:39.653688 - Epoch: 0 Iteration: 53  rank : 0  train.loss : 6.8892822265625  train.ips : 110.56846101123003 imgs/s train.total_time : 0.2894134521484375 
TCAPPDLL 2025-06-19 11:54:39.941749 - Epoch: 0 Iteration: 54  rank : 0  train.loss : 6.9105224609375  train.ips : 111.18277043790451 imgs/s train.total_time : 0.2878143787384033 
TCAPPDLL 2025-06-19 11:54:40.234268 - Epoch: 0 Iteration: 55  rank : 0  train.loss : 6.9033203125  train.ips : 109.53008496845102 imgs/s train.total_time : 0.2921571731567383 
TCAPPDLL 2025-06-19 11:54:40.535239 - Epoch: 0 Iteration: 56  rank : 0  train.loss : 6.897705078125  train.ips : 106.43398713127715 imgs/s train.total_time : 0.3006558418273926 
TCAPPDLL 2025-06-19 11:54:40.828789 - Epoch: 0 Iteration: 57  rank : 0  train.loss : 6.9296875  train.ips : 109.09110179651427 imgs/s train.total_time : 0.2933328151702881 
TCAPPDLL 2025-06-19 11:54:41.130603 - Epoch: 0 Iteration: 58  rank : 0  train.loss : 6.9080810546875  train.ips : 106.10692615949196 imgs/s train.total_time : 0.30158257484436035 
TCAPPDLL 2025-06-19 11:54:41.422086 - Epoch: 0 Iteration: 59  rank : 0  train.loss : 6.8740234375  train.ips : 109.86756077116513 imgs/s train.total_time : 0.291259765625 
TCAPPDLL 2025-06-19 11:54:41.624235 - Epoch: 0 Iteration: 60  rank : 0  train.loss : 6.884521484375  train.ips : 158.48887240969276 imgs/s train.total_time : 0.20190691947937012 
TCAPPDLL 2025-06-19 11:54:41.870187 - Epoch: 0 Iteration: 61  rank : 0  train.loss : 6.947509765625  train.ips : 130.22742933766463 imgs/s train.total_time : 0.24572396278381348 
TCAPPDLL 2025-06-19 11:54:42.136574 - Epoch: 0 Iteration: 62  rank : 0  train.loss : 6.921142578125  train.ips : 120.25751420589452 imgs/s train.total_time : 0.2660956382751465 
TCAPPDLL 2025-06-19 11:54:42.435557 - Epoch: 0 Iteration: 63  rank : 0  train.loss : 6.94091796875  train.ips : 107.12966964200908 imgs/s train.total_time : 0.2987034320831299 
TCAPPDLL 2025-06-19 11:54:42.728967 - Epoch: 0 Iteration: 64  rank : 0  train.loss : 6.8912353515625  train.ips : 109.14858918465714 imgs/s train.total_time : 0.2931783199310303 
TCAPPDLL 2025-06-19 11:54:43.011936 - Epoch: 0 Iteration: 65  rank : 0  train.loss : 6.927490234375  train.ips : 113.17336679179863 imgs/s train.total_time : 0.28275203704833984 
TCAPPDLL 2025-06-19 11:54:43.220863 - Epoch: 0 Iteration: 66  rank : 0  train.loss : 6.9197998046875  train.ips : 153.43710652638896 imgs/s train.total_time : 0.20855450630187988 
TCAPPDLL 2025-06-19 11:54:43.414805 - Epoch: 0 Iteration: 67  rank : 0  train.loss : 6.9276123046875  train.ips : 165.17031461896477 imgs/s train.total_time : 0.1937394142150879 
TCAPPDLL 2025-06-19 11:54:43.638198 - Epoch: 0 Iteration: 68  rank : 0  train.loss : 6.9215087890625  train.ips : 143.35840314278727 imgs/s train.total_time : 0.22321677207946777 
TCAPPDLL 2025-06-19 11:54:43.888312 - Epoch: 0 Iteration: 69  rank : 0  train.loss : 6.957763671875  train.ips : 128.043593943632 imgs/s train.total_time : 0.24991488456726074 
TCAPPDLL 2025-06-19 11:54:44.136697 - Epoch: 0 Iteration: 70  rank : 0  train.loss : 6.9324951171875  train.ips : 128.93661325758268 imgs/s train.total_time : 0.2481839656829834 
TCAPPDLL 2025-06-19 11:54:44.406941 - Epoch: 0 Iteration: 71  rank : 0  train.loss : 6.9375  train.ips : 118.67162628503424 imgs/s train.total_time : 0.2696516513824463 
TCAPPDLL 2025-06-19 11:54:44.636689 - Epoch: 0 Iteration: 72  rank : 0  train.loss : 6.91259765625  train.ips : 139.42366835261842 imgs/s train.total_time : 0.22951626777648926 
TCAPPDLL 2025-06-19 11:54:44.892870 - Epoch: 0 Iteration: 73  rank : 0  train.loss : 6.9429931640625  train.ips : 125.02478088621733 imgs/s train.total_time : 0.2559492588043213 
TCAPPDLL 2025-06-19 11:54:45.130670 - Epoch: 0 Iteration: 74  rank : 0  train.loss : 6.8828125  train.ips : 134.6934653195085 imgs/s train.total_time : 0.23757648468017578 
TCAPPDLL 2025-06-19 11:54:45.404240 - Epoch: 0 Iteration: 75  rank : 0  train.loss : 6.9180908203125  train.ips : 117.06388820567031 imgs/s train.total_time : 0.27335500717163086 
TCAPPDLL 2025-06-19 11:54:45.630425 - Epoch: 0 Iteration: 76  rank : 0  train.loss : 6.906982421875  train.ips : 141.61065379185771 imgs/s train.total_time : 0.22597169876098633 
TCAPPDLL 2025-06-19 11:54:45.864202 - Epoch: 0 Iteration: 77  rank : 0  train.loss : 6.9154052734375  train.ips : 137.00677491698505 imgs/s train.total_time : 0.233565092086792 
TCAPPDLL 2025-06-19 11:54:46.189611 - Epoch: 0 Iteration: 78  rank : 0  train.loss : 6.927734375  train.ips : 98.40521610729004 imgs/s train.total_time : 0.32518601417541504 
TCAPPDLL 2025-06-19 11:54:46.546728 - Epoch: 0 Iteration: 79  rank : 0  train.loss : 6.9114990234375  train.ips : 89.67936711567243 imgs/s train.total_time : 0.3568267822265625 
TCAPPDLL 2025-06-19 11:54:46.956516 - Epoch: 0 Iteration: 80  rank : 0  train.loss : 6.9154052734375  train.ips : 78.1440093527538 imgs/s train.total_time : 0.4095003604888916 
TCAPPDLL 2025-06-19 11:54:47.240191 - Epoch: 0 Iteration: 81  rank : 0  train.loss : 6.90380859375  train.ips : 112.90651111965416 imgs/s train.total_time : 0.2834203243255615 
TCAPPDLL 2025-06-19 11:54:47.587861 - Epoch: 0 Iteration: 82  rank : 0  train.loss : 6.9224853515625  train.ips : 92.09723964351686 imgs/s train.total_time : 0.3474588394165039 
TCAPPDLL 2025-06-19 11:54:47.847957 - Epoch: 0 Iteration: 83  rank : 0  train.loss : 6.9049072265625  train.ips : 123.15451188807083 imgs/s train.total_time : 0.25983619689941406 
TCAPPDLL 2025-06-19 11:54:48.156403 - Epoch: 0 Iteration: 84  rank : 0  train.loss : 6.90771484375  train.ips : 103.84020932411428 imgs/s train.total_time : 0.3081657886505127 
TCAPPDLL 2025-06-19 11:54:48.439368 - Epoch: 0 Iteration: 85  rank : 0  train.loss : 6.889892578125  train.ips : 113.19388766273688 imgs/s train.total_time : 0.282700777053833 
TCAPPDLL 2025-06-19 11:54:48.731527 - Epoch: 0 Iteration: 86  rank : 0  train.loss : 6.92724609375  train.ips : 109.62428665823221 imgs/s train.total_time : 0.29190611839294434 
TCAPPDLL 2025-06-19 11:54:49.027114 - Epoch: 0 Iteration: 87  rank : 0  train.loss : 6.912841796875  train.ips : 108.34985113954134 imgs/s train.total_time : 0.29533958435058594 
TCAPPDLL 2025-06-19 11:54:49.318715 - Epoch: 0 Iteration: 88  rank : 0  train.loss : 6.9117431640625  train.ips : 109.84678969737196 imgs/s train.total_time : 0.29131484031677246 
TCAPPDLL 2025-06-19 11:54:49.563781 - Epoch: 0 Iteration: 89  rank : 0  train.loss : 6.9129638671875  train.ips : 130.72667221840743 imgs/s train.total_time : 0.24478554725646973 
TCAPPDLL 2025-06-19 11:54:49.833067 - Epoch: 0 Iteration: 90  rank : 0  train.loss : 6.9178466796875  train.ips : 118.93831709446017 imgs/s train.total_time : 0.2690470218658447 
TCAPPDLL 2025-06-19 11:54:50.113136 - Epoch: 0 Iteration: 91  rank : 0  train.loss : 6.9193115234375  train.ips : 114.33859175950836 imgs/s train.total_time : 0.27987051010131836 
TCAPPDLL 2025-06-19 11:54:50.353588 - Epoch: 0 Iteration: 92  rank : 0  train.loss : 6.92724609375  train.ips : 133.2031198362076 imgs/s train.total_time : 0.2402346134185791 
TCAPPDLL 2025-06-19 11:54:50.633164 - Epoch: 0 Iteration: 93  rank : 0  train.loss : 6.9097900390625  train.ips : 114.55474899863184 imgs/s train.total_time : 0.2793424129486084 
TCAPPDLL 2025-06-19 11:54:50.928732 - Epoch: 0 Iteration: 94  rank : 0  train.loss : 6.9222412109375  train.ips : 108.36078568147268 imgs/s train.total_time : 0.29530978202819824 
TCAPPDLL 2025-06-19 11:54:51.229559 - Epoch: 0 Iteration: 95  rank : 0  train.loss : 6.9166259765625  train.ips : 106.47063004518455 imgs/s train.total_time : 0.3005523681640625 
TCAPPDLL 2025-06-19 11:54:51.538919 - Epoch: 0 Iteration: 96  rank : 0  train.loss : 6.9339599609375  train.ips : 103.52136562279699 imgs/s train.total_time : 0.309114933013916 
TCAPPDLL 2025-06-19 11:54:51.833995 - Epoch: 0 Iteration: 97  rank : 0  train.loss : 6.886474609375  train.ips : 108.52849143490161 imgs/s train.total_time : 0.29485344886779785 
TCAPPDLL 2025-06-19 11:54:52.123381 - Epoch: 0 Iteration: 98  rank : 0  train.loss : 6.90234375  train.ips : 110.66573550425001 imgs/s train.total_time : 0.28915905952453613 
TCAPPDLL 2025-06-19 11:54:52.337005 - Epoch: 0 Iteration: 99  rank : 0  train.loss : 6.8807373046875  train.ips : 149.96980664048314 imgs/s train.total_time : 0.21337628364562988 
06/19 11:54:52 - mmengine - INFO - Epoch(train)   [1][  100/40037]  base_lr: 1.0000e-01 lr: 1.0000e-01  eta: 15 days, 7:17:30  time: 0.2771  data_time: 0.0027  memory: 504  loss: 6.9117
TCAPPDLL 2025-06-19 11:54:52.635682 - Epoch: 0 Iteration: 100  rank : 0  train.loss : 6.9375  train.ips : 107.2280948435851 imgs/s train.total_time : 0.2984292507171631 
