--------------+------------------------------------------------
 Host IP      | 10.244.32.102
 PyTorch      | 2.4.0a0+git4451b0e
 Torch-SDAA   | 2.1.0
--------------+------------------------------------------------
 SDAA Driver  | 2.1.0 (N/A)
 SDAA Runtime | 2.1.0 (/opt/tecoai/lib64/libsdaart.so)
 SDPTI        | 1.4.0b0 (/opt/tecoai/lib64/libsdpti.so)
 TecoDNN      | 2.2.0b0 (/opt/tecoai/lib64/libtecodnn.so)
 TecoBLAS     | 2.2.0b0 (/opt/tecoai/lib64/libtecoblas.so)
 CustomDNN    | 1.20.0a0 (/opt/tecoai/lib64/libtecodnn_ext.so)
 TecoRAND     | 2.0.1 (/opt/tecoai/lib64/libtecorand.so)
 TCCL         | 1.23.0 (/opt/tecoai/lib64/libtccl.so)
--------------+------------------------------------------------
/data/bigc-data/lsq/torch_env_vgg/lib/python3.10/site-packages/torch/distributed/launch.py:208: FutureWarning: The module torch.distributed.launch is deprecated
and will be removed in future. Use torchrun.
Note that --use-env is set by default in torchrun.
If your script expects `--local-rank` argument to be set, please
change it to read from `os.environ['LOCAL_RANK']` instead. See 
https://pytorch.org/docs/stable/distributed.html#launch-utility for 
further instructions

  main()
--------------+------------------------------------------------
 Host IP      | 10.244.32.102
 PyTorch      | 2.4.0a0+git4451b0e
 Torch-SDAA   | 2.1.0
--------------+------------------------------------------------
 SDAA Driver  | 2.1.0 (N/A)
 SDAA Runtime | 2.1.0 (/opt/tecoai/lib64/libsdaart.so)
 SDPTI        | 1.4.0b0 (/opt/tecoai/lib64/libsdpti.so)
 TecoDNN      | 2.2.0b0 (/opt/tecoai/lib64/libtecodnn.so)
 TecoBLAS     | 2.2.0b0 (/opt/tecoai/lib64/libtecoblas.so)
 CustomDNN    | 1.20.0a0 (/opt/tecoai/lib64/libtecodnn_ext.so)
 TecoRAND     | 2.0.1 (/opt/tecoai/lib64/libtecorand.so)
 TCCL         | 1.23.0 (/opt/tecoai/lib64/libtccl.so)
--------------+------------------------------------------------
/data/bigc-data/lsq/torch_env_vgg/lib/python3.10/site-packages/mmengine/optim/optimizer/zero_optimizer.py:11: DeprecationWarning: `TorchScript` support for functional optimizers is deprecated and will be removed in a future PyTorch release. Consider using the `torch.compile` optimizer instead.
  from torch.distributed.optim import \
/data/bigc-data/lsq/torch_env_vgg/lib/python3.10/site-packages/mmengine/utils/dl_utils/setup_env.py:46: UserWarning: Setting OMP_NUM_THREADS environment variable for each process to be 1 in default, to avoid your system being overloaded, please further tune the variable for optimal performance in your application as needed.
  warnings.warn(
/data/bigc-data/lsq/torch_env_vgg/lib/python3.10/site-packages/mmengine/utils/dl_utils/setup_env.py:56: UserWarning: Setting MKL_NUM_THREADS environment variable for each process to be 1 in default, to avoid your system being overloaded, please further tune the variable for optimal performance in your application as needed.
  warnings.warn(
06/18 13:10:35 - mmengine - INFO - 
------------------------------------------------------------
System environment:
    sys.platform: linux
    Python: 3.10.16 (main, Dec 11 2024, 16:24:50) [GCC 11.2.0]
    CUDA available: False
    MUSA available: False
    numpy_random_seed: 872779091
    GCC: gcc (Ubuntu 11.4.0-1ubuntu1~22.04) 11.4.0
    PyTorch: 2.4.0a0+git4451b0e
    PyTorch compiling details: PyTorch built with:
  - GCC 11.5
  - C++ Version: 201703
  - Intel(R) oneAPI Math Kernel Library Version 2025.0-Product Build 20241009 for Intel(R) 64 architecture applications
  - Intel(R) MKL-DNN v3.4.2 (Git Hash 1137e04ec0b5251ca2b4400a4fd3c667ce843d67)
  - OpenMP 201511 (a.k.a. OpenMP 4.5)
  - LAPACK is enabled (usually provided by MKL)
  - NNPACK is enabled
  - CPU capability usage: AVX512
  - Build settings: BLAS_INFO=mkl, BUILD_TYPE=Release, CXX_COMPILER=/usr/bin/g++, CXX_FLAGS= -D_GLIBCXX_USE_CXX11_ABI=1 -fvisibility-inlines-hidden -DUSE_PTHREADPOOL -DNDEBUG -DUSE_KINETO -DLIBKINETO_NOCUPTI -DLIBKINETO_NOROCTRACER -DUSE_FBGEMM -DUSE_PYTORCH_QNNPACK -DUSE_XNNPACK -DSYMBOLICATE_MOBILE_DEBUG_HANDLE -O2 -fPIC -Wall -Wextra -Werror=return-type -Werror=non-virtual-dtor -Werror=range-loop-construct -Werror=bool-operation -Wnarrowing -Wno-missing-field-initializers -Wno-type-limits -Wno-array-bounds -Wno-unknown-pragmas -Wno-unused-parameter -Wno-unused-function -Wno-unused-result -Wno-strict-overflow -Wno-strict-aliasing -Wno-stringop-overflow -Wsuggest-override -Wno-psabi -Wno-error=pedantic -Wno-error=old-style-cast -Wno-missing-braces -fdiagnostics-color=always -faligned-new -Wno-unused-but-set-variable -Wno-maybe-uninitialized -fno-math-errno -fno-trapping-math -Werror=format -Wno-stringop-overflow, FORCE_FALLBACK_CUDA_MPI=1, LAPACK_INFO=mkl, PERF_WITH_AVX=1, PERF_WITH_AVX2=1, PERF_WITH_AVX512=1, TORCH_VERSION=2.4.0, USE_CUDA=OFF, USE_CUDNN=OFF, USE_CUSPARSELT=OFF, USE_EXCEPTION_PTR=1, USE_GFLAGS=OFF, USE_GLOG=OFF, USE_GLOO=ON, USE_MKL=ON, USE_MKLDNN=1, USE_MPI=ON, USE_NCCL=OFF, USE_NNPACK=ON, USE_OPENMP=ON, USE_ROCM=OFF, USE_ROCM_KERNEL_ASSERT=OFF, 

    TorchVision: 0.15.1a0+42759b1
    OpenCV: 4.11.0
    MMEngine: 0.10.4

Runtime environment:
    cudnn_benchmark: False
    mp_cfg: {'mp_start_method': 'fork', 'opencv_num_threads': 0}
    dist_cfg: {'backend': 'tccl'}
    seed: 872779091
    deterministic: False
    Distributed launcher: pytorch
    Distributed training: True
    GPU number: 1
------------------------------------------------------------

06/18 13:10:35 - mmengine - INFO - Config:
auto_scale_lr = dict(base_batch_size=256)
data_preprocessor = dict(
    mean=[
        123.675,
        116.28,
        103.53,
    ],
    num_classes=1000,
    std=[
        58.395,
        57.12,
        57.375,
    ],
    to_rgb=True)
dataset_type = 'ImageNet'
default_hooks = dict(
    checkpoint=dict(interval=1, type='CheckpointHook'),
    logger=dict(interval=100, type='LoggerHook'),
    param_scheduler=dict(type='ParamSchedulerHook'),
    sampler_seed=dict(type='DistSamplerSeedHook'),
    timer=dict(type='IterTimerHook'),
    visualization=dict(enable=False, type='VisualizationHook'))
default_scope = 'mmpretrain'
env_cfg = dict(
    cudnn_benchmark=False,
    dist_cfg=dict(backend='nccl'),
    mp_cfg=dict(mp_start_method='fork', opencv_num_threads=0))
launcher = 'pytorch'
load_from = None
log_level = 'INFO'
model = dict(
    backbone=dict(
        depth=50,
        num_stages=4,
        out_indices=(3, ),
        style='pytorch',
        type='SEResNet'),
    head=dict(
        in_channels=2048,
        loss=dict(loss_weight=1.0, type='CrossEntropyLoss'),
        num_classes=1000,
        topk=(
            1,
            5,
        ),
        type='LinearClsHead'),
    neck=dict(type='GlobalAveragePooling'),
    type='ImageClassifier')
optim_wrapper = dict(
    loss_scale='dynamic',
    optimizer=dict(lr=0.1, momentum=0.9, type='SGD', weight_decay=0.0001),
    type='AmpOptimWrapper')
param_scheduler = dict(
    by_epoch=True, gamma=0.1, milestones=[
        40,
        80,
        120,
    ], type='MultiStepLR')
randomness = dict(deterministic=False, seed=None)
resume = False
test_cfg = dict()
test_dataloader = dict(
    batch_size=32,
    collate_fn=dict(type='default_collate'),
    dataset=dict(
        data_root='data/imagenet',
        pipeline=[
            dict(type='LoadImageFromFile'),
            dict(backend='pillow', edge='short', scale=256, type='ResizeEdge'),
            dict(crop_size=224, type='CenterCrop'),
            dict(type='PackInputs'),
        ],
        split='val',
        type='ImageNet'),
    num_workers=5,
    persistent_workers=True,
    pin_memory=True,
    sampler=dict(shuffle=False, type='DefaultSampler'))
test_evaluator = dict(
    topk=(
        1,
        5,
    ), type='Accuracy')
test_pipeline = [
    dict(type='LoadImageFromFile'),
    dict(backend='pillow', edge='short', scale=256, type='ResizeEdge'),
    dict(crop_size=224, type='CenterCrop'),
    dict(type='PackInputs'),
]
train_cfg = dict(by_epoch=True, max_epochs=140, val_interval=1)
train_dataloader = dict(
    batch_size=32,
    collate_fn=dict(type='default_collate'),
    dataset=dict(
        data_root='/data/teco-data/imagenet',
        pipeline=[
            dict(type='LoadImageFromFile'),
            dict(backend='pillow', scale=224, type='RandomResizedCrop'),
            dict(direction='horizontal', prob=0.5, type='RandomFlip'),
            dict(type='PackInputs'),
        ],
        split='train',
        type='ImageNet'),
    num_workers=5,
    persistent_workers=True,
    pin_memory=True,
    sampler=dict(shuffle=True, type='DefaultSampler'))
train_pipeline = [
    dict(type='LoadImageFromFile'),
    dict(backend='pillow', scale=224, type='RandomResizedCrop'),
    dict(direction='horizontal', prob=0.5, type='RandomFlip'),
    dict(type='PackInputs'),
]
val_cfg = dict()
val_dataloader = dict(
    batch_size=32,
    collate_fn=dict(type='default_collate'),
    dataset=dict(
        data_root='/data/teco-data/imagenet',
        pipeline=[
            dict(type='LoadImageFromFile'),
            dict(backend='pillow', edge='short', scale=256, type='ResizeEdge'),
            dict(crop_size=224, type='CenterCrop'),
            dict(type='PackInputs'),
        ],
        split='val',
        type='ImageNet'),
    num_workers=5,
    persistent_workers=True,
    pin_memory=True,
    sampler=dict(shuffle=False, type='DefaultSampler'))
val_evaluator = dict(
    topk=(
        1,
        5,
    ), type='Accuracy')
vis_backends = [
    dict(type='LocalVisBackend'),
]
visualizer = dict(
    type='UniversalVisualizer', vis_backends=[
        dict(type='LocalVisBackend'),
    ])
work_dir = './work_dirs/seresnet50_8xb32_in1k'

06/18 13:10:49 - mmengine - INFO - Hooks will be executed in the following order:
before_run:
(VERY_HIGH   ) RuntimeInfoHook                    
(BELOW_NORMAL) LoggerHook                         
 -------------------- 
before_train:
(VERY_HIGH   ) RuntimeInfoHook                    
(NORMAL      ) IterTimerHook                      
(VERY_LOW    ) CheckpointHook                     
 -------------------- 
before_train_epoch:
(VERY_HIGH   ) RuntimeInfoHook                    
(NORMAL      ) IterTimerHook                      
(NORMAL      ) DistSamplerSeedHook                
 -------------------- 
before_train_iter:
(VERY_HIGH   ) RuntimeInfoHook                    
(NORMAL      ) IterTimerHook                      
 -------------------- 
after_train_iter:
(VERY_HIGH   ) RuntimeInfoHook                    
(NORMAL      ) IterTimerHook                      
(BELOW_NORMAL) LoggerHook                         
(LOW         ) ParamSchedulerHook                 
(VERY_LOW    ) CheckpointHook                     
 -------------------- 
after_train_epoch:
(NORMAL      ) IterTimerHook                      
(LOW         ) ParamSchedulerHook                 
(VERY_LOW    ) CheckpointHook                     
 -------------------- 
before_val:
(VERY_HIGH   ) RuntimeInfoHook                    
 -------------------- 
before_val_epoch:
(NORMAL      ) IterTimerHook                      
 -------------------- 
before_val_iter:
(NORMAL      ) IterTimerHook                      
 -------------------- 
after_val_iter:
(NORMAL      ) IterTimerHook                      
(NORMAL      ) VisualizationHook                  
(BELOW_NORMAL) LoggerHook                         
 -------------------- 
after_val_epoch:
(VERY_HIGH   ) RuntimeInfoHook                    
(NORMAL      ) IterTimerHook                      
(BELOW_NORMAL) LoggerHook                         
(LOW         ) ParamSchedulerHook                 
(VERY_LOW    ) CheckpointHook                     
 -------------------- 
after_val:
(VERY_HIGH   ) RuntimeInfoHook                    
 -------------------- 
after_train:
(VERY_HIGH   ) RuntimeInfoHook                    
(VERY_LOW    ) CheckpointHook                     
 -------------------- 
before_test:
(VERY_HIGH   ) RuntimeInfoHook                    
 -------------------- 
before_test_epoch:
(NORMAL      ) IterTimerHook                      
 -------------------- 
before_test_iter:
(NORMAL      ) IterTimerHook                      
 -------------------- 
after_test_iter:
(NORMAL      ) IterTimerHook                      
(NORMAL      ) VisualizationHook                  
(BELOW_NORMAL) LoggerHook                         
 -------------------- 
after_test_epoch:
(VERY_HIGH   ) RuntimeInfoHook                    
(NORMAL      ) IterTimerHook                      
(BELOW_NORMAL) LoggerHook                         
 -------------------- 
after_test:
(VERY_HIGH   ) RuntimeInfoHook                    
 -------------------- 
after_run:
(BELOW_NORMAL) LoggerHook                         
 -------------------- 
/data/bigc-data/lsq/torch_env_vgg/lib/python3.10/site-packages/albumentations/check_version.py:147: UserWarning: Error fetching version info The read operation timed out
  data = fetch_version_info()
06/18 13:11:23 - mmengine - WARNING - "FileClient" will be deprecated in future. Please use io functions in https://mmengine.readthedocs.io/en/latest/api/fileio.html#file-io
06/18 13:11:23 - mmengine - WARNING - "HardDiskBackend" is the alias of "LocalBackend" and the former will be deprecated in future.
06/18 13:11:23 - mmengine - INFO - Checkpoints will be saved to /data/bigc-data/lsq/sunhn/Se-ResNet/run_scripts/work_dirs/seresnet50_8xb32_in1k.
TCAPPDLL 2025-06-18 13:11:24.995941 - Epoch: 0 Iteration: 0  rank : 0  train.loss : 6.9052734375  train.ips : 17.913986052160187 imgs/s train.total_time : 1.786313772201538 
TCAPPDLL 2025-06-18 13:11:25.337700 - Epoch: 0 Iteration: 1  rank : 0  train.loss : 6.96484375  train.ips : 93.75384832463325 imgs/s train.total_time : 0.34131932258605957 
TCAPPDLL 2025-06-18 13:11:25.646819 - Epoch: 0 Iteration: 2  rank : 0  train.loss : 7.0758056640625  train.ips : 103.61734890424844 imgs/s train.total_time : 0.30882859230041504 
TCAPPDLL 2025-06-18 13:11:25.945432 - Epoch: 0 Iteration: 3  rank : 0  train.loss : 7.16455078125  train.ips : 107.26322931559595 imgs/s train.total_time : 0.29833149909973145 
TCAPPDLL 2025-06-18 13:11:26.241788 - Epoch: 0 Iteration: 4  rank : 0  train.loss : 7.7493896484375  train.ips : 108.08886598187213 imgs/s train.total_time : 0.2960526943206787 
TCAPPDLL 2025-06-18 13:11:26.536086 - Epoch: 0 Iteration: 5  rank : 0  train.loss : 7.717529296875  train.ips : 108.83818661580653 imgs/s train.total_time : 0.29401445388793945 
TCAPPDLL 2025-06-18 13:11:26.849482 - Epoch: 0 Iteration: 6  rank : 0  train.loss : 7.825439453125  train.ips : 102.20474800947896 imgs/s train.total_time : 0.3130970001220703 
TCAPPDLL 2025-06-18 13:11:27.145816 - Epoch: 0 Iteration: 7  rank : 0  train.loss : 8.0057373046875  train.ips : 108.1030564477936 imgs/s train.total_time : 0.29601383209228516 
TCAPPDLL 2025-06-18 13:11:27.436748 - Epoch: 0 Iteration: 8  rank : 0  train.loss : 8.041748046875  train.ips : 110.10288419969795 imgs/s train.total_time : 0.2906372547149658 
TCAPPDLL 2025-06-18 13:11:27.748460 - Epoch: 0 Iteration: 9  rank : 0  train.loss : 8.1951904296875  train.ips : 102.75481896257371 imgs/s train.total_time : 0.31142091751098633 
TCAPPDLL 2025-06-18 13:11:28.044026 - Epoch: 0 Iteration: 10  rank : 0  train.loss : 8.47509765625  train.ips : 108.37452259334562 imgs/s train.total_time : 0.2952723503112793 
TCAPPDLL 2025-06-18 13:11:28.352401 - Epoch: 0 Iteration: 11  rank : 0  train.loss : 8.468505859375  train.ips : 103.86528084418474 imgs/s train.total_time : 0.308091402053833 
TCAPPDLL 2025-06-18 13:11:28.652152 - Epoch: 0 Iteration: 12  rank : 0  train.loss : 8.4847412109375  train.ips : 106.85223062384863 imgs/s train.total_time : 0.29947900772094727 
TCAPPDLL 2025-06-18 13:11:28.954051 - Epoch: 0 Iteration: 13  rank : 0  train.loss : 8.6451416015625  train.ips : 106.09317101588579 imgs/s train.total_time : 0.301621675491333 
TCAPPDLL 2025-06-18 13:11:29.250137 - Epoch: 0 Iteration: 14  rank : 0  train.loss : 8.71728515625  train.ips : 108.17798812294876 imgs/s train.total_time : 0.2958087921142578 
TCAPPDLL 2025-06-18 13:11:29.546926 - Epoch: 0 Iteration: 15  rank : 0  train.loss : 8.0277099609375  train.ips : 107.9219944437967 imgs/s train.total_time : 0.2965104579925537 
TCAPPDLL 2025-06-18 13:11:29.842574 - Epoch: 0 Iteration: 16  rank : 0  train.loss : 7.804443359375  train.ips : 108.34591524464618 imgs/s train.total_time : 0.2953503131866455 
TCAPPDLL 2025-06-18 13:11:30.145836 - Epoch: 0 Iteration: 17  rank : 0  train.loss : 8.2518310546875  train.ips : 105.61655395569097 imgs/s train.total_time : 0.30298280715942383 
TCAPPDLL 2025-06-18 13:11:30.451686 - Epoch: 0 Iteration: 18  rank : 0  train.loss : 8.287109375  train.ips : 104.72187063797782 imgs/s train.total_time : 0.3055713176727295 
TCAPPDLL 2025-06-18 13:11:30.748367 - Epoch: 0 Iteration: 19  rank : 0  train.loss : 8.1729736328125  train.ips : 107.96244818768506 imgs/s train.total_time : 0.2963993549346924 
TCAPPDLL 2025-06-18 13:11:31.042080 - Epoch: 0 Iteration: 20  rank : 0  train.loss : 8.3702392578125  train.ips : 109.05210165693425 imgs/s train.total_time : 0.2934377193450928 
TCAPPDLL 2025-06-18 13:11:31.344769 - Epoch: 0 Iteration: 21  rank : 0  train.loss : 8.027587890625  train.ips : 105.81531123488763 imgs/s train.total_time : 0.3024137020111084 
TCAPPDLL 2025-06-18 13:11:31.647151 - Epoch: 0 Iteration: 22  rank : 0  train.loss : 7.6573486328125  train.ips : 105.92395632910693 imgs/s train.total_time : 0.30210351943969727 
TCAPPDLL 2025-06-18 13:11:31.976602 - Epoch: 0 Iteration: 23  rank : 0  train.loss : 7.6041259765625  train.ips : 97.21681411442255 imgs/s train.total_time : 0.3291611671447754 
TCAPPDLL 2025-06-18 13:11:32.245406 - Epoch: 0 Iteration: 24  rank : 0  train.loss : 7.94775390625  train.ips : 119.21245614502563 imgs/s train.total_time : 0.26842832565307617 
TCAPPDLL 2025-06-18 13:11:32.546141 - Epoch: 0 Iteration: 25  rank : 0  train.loss : 7.947265625  train.ips : 106.51236951577397 imgs/s train.total_time : 0.30043458938598633 
TCAPPDLL 2025-06-18 13:11:32.835022 - Epoch: 0 Iteration: 26  rank : 0  train.loss : 7.780029296875  train.ips : 110.88058119525375 imgs/s train.total_time : 0.28859877586364746 
TCAPPDLL 2025-06-18 13:11:33.131903 - Epoch: 0 Iteration: 27  rank : 0  train.loss : 7.704833984375  train.ips : 107.8872943720334 imgs/s train.total_time : 0.29660582542419434 
TCAPPDLL 2025-06-18 13:11:33.446084 - Epoch: 0 Iteration: 28  rank : 0  train.loss : 7.6356201171875  train.ips : 101.9456189681914 imgs/s train.total_time : 0.31389284133911133 
TCAPPDLL 2025-06-18 13:11:33.740343 - Epoch: 0 Iteration: 29  rank : 0  train.loss : 7.9471435546875  train.ips : 108.8551347370709 imgs/s train.total_time : 0.29396867752075195 
TCAPPDLL 2025-06-18 13:11:34.045090 - Epoch: 0 Iteration: 30  rank : 0  train.loss : 7.933349609375  train.ips : 105.10327891446255 imgs/s train.total_time : 0.3044624328613281 
TCAPPDLL 2025-06-18 13:11:34.341202 - Epoch: 0 Iteration: 31  rank : 0  train.loss : 7.913818359375  train.ips : 108.18217341681552 imgs/s train.total_time : 0.29579734802246094 
TCAPPDLL 2025-06-18 13:11:34.645616 - Epoch: 0 Iteration: 32  rank : 0  train.loss : 7.778076171875  train.ips : 105.23653373749697 imgs/s train.total_time : 0.3040769100189209 
TCAPPDLL 2025-06-18 13:11:34.945505 - Epoch: 0 Iteration: 33  rank : 0  train.loss : 7.6217041015625  train.ips : 106.81115941648383 imgs/s train.total_time : 0.2995941638946533 
TCAPPDLL 2025-06-18 13:11:35.239128 - Epoch: 0 Iteration: 34  rank : 0  train.loss : 7.3924560546875  train.ips : 109.09606745180534 imgs/s train.total_time : 0.2933194637298584 
TCAPPDLL 2025-06-18 13:11:35.541238 - Epoch: 0 Iteration: 35  rank : 0  train.loss : 7.4864501953125  train.ips : 106.01900506959836 imgs/s train.total_time : 0.3018326759338379 
TCAPPDLL 2025-06-18 13:11:35.846978 - Epoch: 0 Iteration: 36  rank : 0  train.loss : 7.459716796875  train.ips : 104.76249529723798 imgs/s train.total_time : 0.305452823638916 
TCAPPDLL 2025-06-18 13:11:36.143710 - Epoch: 0 Iteration: 37  rank : 0  train.loss : 7.139404296875  train.ips : 107.94473509180122 imgs/s train.total_time : 0.2964479923248291 
TCAPPDLL 2025-06-18 13:11:36.448095 - Epoch: 0 Iteration: 38  rank : 0  train.loss : 7.3795166015625  train.ips : 105.2310056465991 imgs/s train.total_time : 0.3040928840637207 
TCAPPDLL 2025-06-18 13:11:36.748298 - Epoch: 0 Iteration: 39  rank : 0  train.loss : 7.4075927734375  train.ips : 106.69754922185469 imgs/s train.total_time : 0.2999131679534912 
TCAPPDLL 2025-06-18 13:11:37.022302 - Epoch: 0 Iteration: 40  rank : 0  train.loss : 7.146484375  train.ips : 116.90533399414157 imgs/s train.total_time : 0.2737257480621338 
TCAPPDLL 2025-06-18 13:11:37.305041 - Epoch: 0 Iteration: 41  rank : 0  train.loss : 7.0816650390625  train.ips : 113.28637155891674 imgs/s train.total_time : 0.2824699878692627 
TCAPPDLL 2025-06-18 13:11:37.628521 - Epoch: 0 Iteration: 42  rank : 0  train.loss : 7.18060302734375  train.ips : 99.00829804200437 imgs/s train.total_time : 0.32320523262023926 
TCAPPDLL 2025-06-18 13:11:37.938383 - Epoch: 0 Iteration: 43  rank : 0  train.loss : 7.1939697265625  train.ips : 103.36606005529585 imgs/s train.total_time : 0.30957937240600586 
TCAPPDLL 2025-06-18 13:11:38.240457 - Epoch: 0 Iteration: 44  rank : 0  train.loss : 7.2061767578125  train.ips : 106.03525404018379 imgs/s train.total_time : 0.3017864227294922 
TCAPPDLL 2025-06-18 13:11:38.552990 - Epoch: 0 Iteration: 45  rank : 0  train.loss : 6.7508544921875  train.ips : 102.48186226638252 imgs/s train.total_time : 0.31225037574768066 
TCAPPDLL 2025-06-18 13:11:38.846033 - Epoch: 0 Iteration: 46  rank : 0  train.loss : 7.069091796875  train.ips : 109.30343169071378 imgs/s train.total_time : 0.29276299476623535 
TCAPPDLL 2025-06-18 13:11:39.140768 - Epoch: 0 Iteration: 47  rank : 0  train.loss : 7.1322021484375  train.ips : 108.67313059538047 imgs/s train.total_time : 0.2944610118865967 
TCAPPDLL 2025-06-18 13:11:39.429974 - Epoch: 0 Iteration: 48  rank : 0  train.loss : 6.98095703125  train.ips : 110.75367576069144 imgs/s train.total_time : 0.28892946243286133 
TCAPPDLL 2025-06-18 13:11:39.714596 - Epoch: 0 Iteration: 49  rank : 0  train.loss : 6.959228515625  train.ips : 112.54438123859612 imgs/s train.total_time : 0.284332275390625 
TCAPPDLL 2025-06-18 13:11:40.055879 - Epoch: 0 Iteration: 50  rank : 0  train.loss : 6.97216796875  train.ips : 93.84745998549822 imgs/s train.total_time : 0.34097886085510254 
TCAPPDLL 2025-06-18 13:11:40.351252 - Epoch: 0 Iteration: 51  rank : 0  train.loss : 6.9921875  train.ips : 108.4452746890488 imgs/s train.total_time : 0.29507970809936523 
TCAPPDLL 2025-06-18 13:11:40.632228 - Epoch: 0 Iteration: 52  rank : 0  train.loss : 7.0361328125  train.ips : 114.00527650697276 imgs/s train.total_time : 0.2806887626647949 
TCAPPDLL 2025-06-18 13:11:40.925681 - Epoch: 0 Iteration: 53  rank : 0  train.loss : 6.8736572265625  train.ips : 109.16598928167367 imgs/s train.total_time : 0.29313158988952637 
TCAPPDLL 2025-06-18 13:11:41.210258 - Epoch: 0 Iteration: 54  rank : 0  train.loss : 7.0518798828125  train.ips : 112.56108735414907 imgs/s train.total_time : 0.284290075302124 
TCAPPDLL 2025-06-18 13:11:41.536271 - Epoch: 0 Iteration: 55  rank : 0  train.loss : 7.1407470703125  train.ips : 98.24027333831545 imgs/s train.total_time : 0.3257319927215576 
TCAPPDLL 2025-06-18 13:11:41.840860 - Epoch: 0 Iteration: 56  rank : 0  train.loss : 7.1229248046875  train.ips : 105.15861653984531 imgs/s train.total_time : 0.3043022155761719 
TCAPPDLL 2025-06-18 13:11:42.144571 - Epoch: 0 Iteration: 57  rank : 0  train.loss : 7.09423828125  train.ips : 105.50024485086107 imgs/s train.total_time : 0.3033168315887451 
TCAPPDLL 2025-06-18 13:11:42.438776 - Epoch: 0 Iteration: 58  rank : 0  train.loss : 7.0057373046875  train.ips : 108.88940018140428 imgs/s train.total_time : 0.29387617111206055 
TCAPPDLL 2025-06-18 13:11:42.725436 - Epoch: 0 Iteration: 59  rank : 0  train.loss : 6.8890380859375  train.ips : 111.74037032627709 imgs/s train.total_time : 0.2863781452178955 
TCAPPDLL 2025-06-18 13:11:43.048021 - Epoch: 0 Iteration: 60  rank : 0  train.loss : 6.9923095703125  train.ips : 99.28727367414996 imgs/s train.total_time : 0.3222970962524414 
TCAPPDLL 2025-06-18 13:11:43.342593 - Epoch: 0 Iteration: 61  rank : 0  train.loss : 6.95166015625  train.ips : 108.73528723144838 imgs/s train.total_time : 0.294292688369751 
TCAPPDLL 2025-06-18 13:11:43.638969 - Epoch: 0 Iteration: 62  rank : 0  train.loss : 7.0377197265625  train.ips : 108.0715464750945 imgs/s train.total_time : 0.2961001396179199 
TCAPPDLL 2025-06-18 13:11:43.936695 - Epoch: 0 Iteration: 63  rank : 0  train.loss : 7.051025390625  train.ips : 107.5806511857557 imgs/s train.total_time : 0.2974512577056885 
TCAPPDLL 2025-06-18 13:11:44.239268 - Epoch: 0 Iteration: 64  rank : 0  train.loss : 6.8765869140625  train.ips : 105.8657228877175 imgs/s train.total_time : 0.30226969718933105 
TCAPPDLL 2025-06-18 13:11:44.546068 - Epoch: 0 Iteration: 65  rank : 0  train.loss : 6.98388671875  train.ips : 104.3986537308255 imgs/s train.total_time : 0.3065173625946045 
TCAPPDLL 2025-06-18 13:11:44.836412 - Epoch: 0 Iteration: 66  rank : 0  train.loss : 6.8934326171875  train.ips : 110.34511425623487 imgs/s train.total_time : 0.28999924659729004 
TCAPPDLL 2025-06-18 13:11:45.142708 - Epoch: 0 Iteration: 67  rank : 0  train.loss : 7.0335693359375  train.ips : 104.56604046997084 imgs/s train.total_time : 0.3060266971588135 
TCAPPDLL 2025-06-18 13:11:45.438524 - Epoch: 0 Iteration: 68  rank : 0  train.loss : 7.0479736328125  train.ips : 108.30132841227177 imgs/s train.total_time : 0.2954719066619873 
TCAPPDLL 2025-06-18 13:11:45.716753 - Epoch: 0 Iteration: 69  rank : 0  train.loss : 6.8448486328125  train.ips : 115.13106910211343 imgs/s train.total_time : 0.27794408798217773 
TCAPPDLL 2025-06-18 13:11:46.004721 - Epoch: 0 Iteration: 70  rank : 0  train.loss : 6.9036865234375  train.ips : 111.2513359586949 imgs/s train.total_time : 0.28763699531555176 
TCAPPDLL 2025-06-18 13:11:46.281113 - Epoch: 0 Iteration: 71  rank : 0  train.loss : 6.917236328125  train.ips : 115.90167102607789 imgs/s train.total_time : 0.2760961055755615 
TCAPPDLL 2025-06-18 13:11:46.547899 - Epoch: 0 Iteration: 72  rank : 0  train.loss : 7.0238037109375  train.ips : 120.07698226101395 imgs/s train.total_time : 0.2664957046508789 
TCAPPDLL 2025-06-18 13:11:46.840570 - Epoch: 0 Iteration: 73  rank : 0  train.loss : 6.9365234375  train.ips : 109.44755691825951 imgs/s train.total_time : 0.2923774719238281 
TCAPPDLL 2025-06-18 13:11:47.111727 - Epoch: 0 Iteration: 74  rank : 0  train.loss : 7.0341796875  train.ips : 118.13526549638424 imgs/s train.total_time : 0.2708759307861328 
TCAPPDLL 2025-06-18 13:11:47.401821 - Epoch: 0 Iteration: 75  rank : 0  train.loss : 7.006103515625  train.ips : 110.41546599537665 imgs/s train.total_time : 0.28981447219848633 
TCAPPDLL 2025-06-18 13:11:47.693853 - Epoch: 0 Iteration: 76  rank : 0  train.loss : 6.8912353515625  train.ips : 109.67794571413629 imgs/s train.total_time : 0.2917633056640625 
TCAPPDLL 2025-06-18 13:11:47.997950 - Epoch: 0 Iteration: 77  rank : 0  train.loss : 7.031494140625  train.ips : 105.31960749694952 imgs/s train.total_time : 0.3038370609283447 
TCAPPDLL 2025-06-18 13:11:48.337004 - Epoch: 0 Iteration: 78  rank : 0  train.loss : 6.9112548828125  train.ips : 94.45766364282548 imgs/s train.total_time : 0.3387761116027832 
TCAPPDLL 2025-06-18 13:11:48.646161 - Epoch: 0 Iteration: 79  rank : 0  train.loss : 6.8624267578125  train.ips : 103.60175250633725 imgs/s train.total_time : 0.30887508392333984 
TCAPPDLL 2025-06-18 13:11:48.939794 - Epoch: 0 Iteration: 80  rank : 0  train.loss : 6.903076171875  train.ips : 109.08081723411811 imgs/s train.total_time : 0.29336047172546387 
TCAPPDLL 2025-06-18 13:11:49.238020 - Epoch: 0 Iteration: 81  rank : 0  train.loss : 6.963623046875  train.ips : 107.40013027147359 imgs/s train.total_time : 0.29795122146606445 
TCAPPDLL 2025-06-18 13:11:49.546576 - Epoch: 0 Iteration: 82  rank : 0  train.loss : 6.9586181640625  train.ips : 103.84671711310214 imgs/s train.total_time : 0.30814647674560547 
TCAPPDLL 2025-06-18 13:11:49.850250 - Epoch: 0 Iteration: 83  rank : 0  train.loss : 6.9375  train.ips : 105.48896795586711 imgs/s train.total_time : 0.30334925651550293 
TCAPPDLL 2025-06-18 13:11:50.148036 - Epoch: 0 Iteration: 84  rank : 0  train.loss : 6.9356689453125  train.ips : 107.55883941550854 imgs/s train.total_time : 0.29751157760620117 
TCAPPDLL 2025-06-18 13:11:50.430794 - Epoch: 0 Iteration: 85  rank : 0  train.loss : 6.947021484375  train.ips : 113.28149518575036 imgs/s train.total_time : 0.2824821472167969 
TCAPPDLL 2025-06-18 13:11:50.708150 - Epoch: 0 Iteration: 86  rank : 0  train.loss : 6.892333984375  train.ips : 115.48829781375626 imgs/s train.total_time : 0.2770843505859375 
TCAPPDLL 2025-06-18 13:11:51.010914 - Epoch: 0 Iteration: 87  rank : 0  train.loss : 7.0201416015625  train.ips : 105.78837238263534 imgs/s train.total_time : 0.3024907112121582 
TCAPPDLL 2025-06-18 13:11:51.316585 - Epoch: 0 Iteration: 88  rank : 0  train.loss : 6.928466796875  train.ips : 104.781960522248 imgs/s train.total_time : 0.30539608001708984 
TCAPPDLL 2025-06-18 13:11:51.638958 - Epoch: 0 Iteration: 89  rank : 0  train.loss : 6.978515625  train.ips : 99.35099356376462 imgs/s train.total_time : 0.32209038734436035 
TCAPPDLL 2025-06-18 13:11:51.960705 - Epoch: 0 Iteration: 90  rank : 0  train.loss : 6.914794921875  train.ips : 99.54500738701428 imgs/s train.total_time : 0.32146263122558594 
TCAPPDLL 2025-06-18 13:11:52.239369 - Epoch: 0 Iteration: 91  rank : 0  train.loss : 6.9459228515625  train.ips : 114.95269148186308 imgs/s train.total_time : 0.27837538719177246 
TCAPPDLL 2025-06-18 13:11:52.551954 - Epoch: 0 Iteration: 92  rank : 0  train.loss : 6.918701171875  train.ips : 102.46613643755049 imgs/s train.total_time : 0.3122982978820801 
TCAPPDLL 2025-06-18 13:11:52.850389 - Epoch: 0 Iteration: 93  rank : 0  train.loss : 6.863037109375  train.ips : 107.33150739266068 imgs/s train.total_time : 0.2981417179107666 
TCAPPDLL 2025-06-18 13:11:53.138295 - Epoch: 0 Iteration: 94  rank : 0  train.loss : 6.921142578125  train.ips : 111.2710734250632 imgs/s train.total_time : 0.287585973739624 
TCAPPDLL 2025-06-18 13:11:53.414042 - Epoch: 0 Iteration: 95  rank : 0  train.loss : 6.8875732421875  train.ips : 116.18389602655083 imgs/s train.total_time : 0.27542543411254883 
TCAPPDLL 2025-06-18 13:11:53.733800 - Epoch: 0 Iteration: 96  rank : 0  train.loss : 6.9168701171875  train.ips : 100.17265035854385 imgs/s train.total_time : 0.31944847106933594 
TCAPPDLL 2025-06-18 13:11:54.047220 - Epoch: 0 Iteration: 97  rank : 0  train.loss : 6.9383544921875  train.ips : 102.19113003740677 imgs/s train.total_time : 0.3131387233734131 
TCAPPDLL 2025-06-18 13:11:54.339375 - Epoch: 0 Iteration: 98  rank : 0  train.loss : 6.91259765625  train.ips : 109.63431574596625 imgs/s train.total_time : 0.29187941551208496 
TCAPPDLL 2025-06-18 13:11:54.633301 - Epoch: 0 Iteration: 99  rank : 0  train.loss : 6.886962890625  train.ips : 108.97338867346078 imgs/s train.total_time : 0.29364967346191406 
06/18 13:11:54 - mmengine - INFO - Epoch(train)   [1][  100/40037]  lr: 1.0000e-01  eta: 20 days, 8:44:36  time: 0.2991  data_time: 0.0015  memory: 2070  loss: 6.9106
TCAPPDLL 2025-06-18 13:11:54.929769 - Epoch: 0 Iteration: 100  rank : 0  train.loss : 6.8995361328125  train.ips : 108.03805463814045 imgs/s train.total_time : 0.296191930770874 
