--------------+------------------------------------------------
 Host IP      | 10.244.32.102
 PyTorch      | 2.4.0a0+git4451b0e
 Torch-SDAA   | 20250508.11.43.dev0+git97b789a
--------------+------------------------------------------------
 SDAA Driver  | 2.1.0 (N/A)
 SDAA Runtime | 2.1.0 (/opt/tecoai/lib64/libsdaart.so)
 SDPTI        | 1.4.0b0 (/opt/tecoai/lib64/libsdpti.so)
 TecoDNN      | 2.1.0 (/opt/tecoai/lib64/libtecodnn.so)
 TecoBLAS     | 2.1.0 (/opt/tecoai/lib64/libtecoblas.so)
 CustomDNN    | 1.20.0a0 (/opt/tecoai/lib64/libtecodnn_ext.so)
 TecoRAND     | 2.0.1 (/opt/tecoai/lib64/libtecorand.so)
 TCCL         | 1.23.0 (/opt/tecoai/lib64/libtccl.so)
--------------+------------------------------------------------
--------------+------------------------------------------------
 Host IP      | 10.244.32.102
 PyTorch      | 2.4.0a0+git4451b0e
 Torch-SDAA   | 20250508.11.43.dev0+git97b789a
--------------+------------------------------------------------
 SDAA Driver  | 2.1.0 (N/A)
 SDAA Runtime | 2.1.0 (/opt/tecoai/lib64/libsdaart.so)
 SDPTI        | 1.4.0b0 (/opt/tecoai/lib64/libsdpti.so)
 TecoDNN      | 2.1.0 (/opt/tecoai/lib64/libtecodnn.so)
 TecoBLAS     | 2.1.0 (/opt/tecoai/lib64/libtecoblas.so)
 CustomDNN    | 1.20.0a0 (/opt/tecoai/lib64/libtecodnn_ext.so)
 TecoRAND     | 2.0.1 (/opt/tecoai/lib64/libtecorand.so)
 TCCL         | 1.23.0 (/opt/tecoai/lib64/libtccl.so)
--------------+------------------------------------------------
/data/bigc-data/lsq/train-lsq/lib/python3.10/site-packages/torch_sdaa/utils/cuda_migrate.py:441: UserWarning: The cuda_migrate tool does not support torch.jit.script and use eager mode instead.
  warnings.warn(
/data/bigc-data/lsq/train-lsq/lib/python3.10/site-packages/mmengine/optim/optimizer/zero_optimizer.py:11: DeprecationWarning: `TorchScript` support for functional optimizers is deprecated and will be removed in a future PyTorch release. Consider using the `torch.compile` optimizer instead.
  from torch.distributed.optim import \
/data/bigc-data/lsq/train-lsq/lib/python3.10/site-packages/torch_sdaa/utils/cuda_migrate.py:441: UserWarning: The cuda_migrate tool does not support torch.jit.script and use eager mode instead.
  warnings.warn(
/data/bigc-data/lsq/train-lsq/lib/python3.10/site-packages/mmengine/utils/dl_utils/setup_env.py:46: UserWarning: Setting OMP_NUM_THREADS environment variable for each process to be 1 in default, to avoid your system being overloaded, please further tune the variable for optimal performance in your application as needed.
  warnings.warn(
/data/bigc-data/lsq/train-lsq/lib/python3.10/site-packages/mmengine/utils/dl_utils/setup_env.py:56: UserWarning: Setting MKL_NUM_THREADS environment variable for each process to be 1 in default, to avoid your system being overloaded, please further tune the variable for optimal performance in your application as needed.
  warnings.warn(
06/16 13:37:55 - mmengine - INFO - 
------------------------------------------------------------
System environment:
    sys.platform: linux
    Python: 3.10.16 (main, Dec 11 2024, 16:24:50) [GCC 11.2.0]
    CUDA available: True
    MUSA available: False
    numpy_random_seed: 1111760055
    GPU 0: /dev/tcaicard8
    GPU 1: /dev/tcaicard9
    GPU 2: /dev/tcaicard10
    GPU 3: /dev/tcaicard11
    CUDA_HOME: None
    GCC: gcc (Ubuntu 11.4.0-1ubuntu1~22.04) 11.4.0
    PyTorch: 2.4.0a0+git4451b0e
    PyTorch compiling details: PyTorch built with:
  - GCC 11.5
  - C++ Version: 201703
  - Intel(R) oneAPI Math Kernel Library Version 2025.0-Product Build 20241009 for Intel(R) 64 architecture applications
  - Intel(R) MKL-DNN v3.4.2 (Git Hash 1137e04ec0b5251ca2b4400a4fd3c667ce843d67)
  - OpenMP 201511 (a.k.a. OpenMP 4.5)
  - LAPACK is enabled (usually provided by MKL)
  - NNPACK is enabled
  - CPU capability usage: AVX512
  - Build settings: BLAS_INFO=mkl, BUILD_TYPE=Release, CXX_COMPILER=/usr/bin/g++, CXX_FLAGS= -D_GLIBCXX_USE_CXX11_ABI=1 -fvisibility-inlines-hidden -DUSE_PTHREADPOOL -DNDEBUG -DUSE_KINETO -DLIBKINETO06/16 13:37:55 - mmengine - INFO - 
------------------------------------------------------------
System environment:
    sys.platform: linux
    Python: 3.10.16 (main, Dec 11 2024, 16:24:50) [GCC 11.2.0]
    CUDA available: True
    MUSA available: False
    numpy_random_seed: 1111760055
    GPU 0: /dev/tcaicard8
    GPU 1: /dev/tcaicard9
    GPU 2: /dev/tcaicard10
    GPU 3: /dev/tcaicard11
    CUDA_HOME: None
    GCC: gcc (Ubuntu 11.4.0-1ubuntu1~22.04) 11.4.0
    PyTorch: 2.4.0a0+git4451b0e
    PyTorch compiling details: PyTorch built with:
  - GCC 11.5
  - C++ Version: 201703
  - Intel(R) oneAPI Math Kernel Library Version 2025.0-Product Build 20241009 for Intel(R) 64 architecture applications
  - Intel(R) MKL-DNN v3.4.2 (Git Hash 1137e04ec0b5251ca2b4400a4fd3c667ce843d67)
  - OpenMP 201511 (a.k.a. OpenMP 4.5)
  - LAPACK is enabled (usually provided by MKL)
  - NNPACK is enabled
  - CPU capability usage: AVX512
  - Build settings: BLAS_INFO=mkl, BUILD_TYPE=Release, CXX_COMPILER=/usr/bin/g++, CXX_FLAGS= -D_GLIBCXX_USE_CXX11_ABI=1 -fvisibility-inlines-hidden -DUSE_PTHREADPOOL -DNDEBUG -DUSE_KINETO -DLIBKINETO_NOCUPTI -DLIBKINETO_NOROCTRACER -DUSE_FBGEMM -DUSE_PYTORCH_QNNPACK -DUSE_XNNPACK -DSYMBOLICATE_MOBILE_DEBUG_HANDLE -O2 -fPIC -Wall -Wextra -Werror=return-type -Werror=non-virtual-dtor -Werror=range-loop-construct -Werror=bool-operation -Wnarrowing -Wno-missing-field-initializers -Wno-type-limits -Wno-array-bounds -Wno-unknown-pragmas -Wno-unused-parameter -Wno-unused-func06/16 13:37:55 - mmengine - INFO - Config:
auto_scale_lr = dict(base_batch_size=256)
custom_hooks = [
    dict(type='CustomLogHook'),
]
data_preprocessor = dict(
    mean=[
        123.675,
        116.28,
        103.53,
    ],
    num_classes=1000,
    std=[
        58.395,
        57.12,
        57.375,
    ],
    to_rgb=True)
dataset_type = 'ImageNet'
default_hooks = dict(
    checkpoint=dict(interval=1, type='CheckpointHook'),
    logger=dict(interval=100, type='LoggerHook'),
    param_scheduler=dict(type='ParamSchedulerHook'),
    sampler_seed=dict(type='DistSamplerSeedHook'),
    timer=dict(type='IterTimerHook'),
    visualization=dict(enable=False, type='VisualizationHook'))
default_scope = 'mmpretrain'
env_cfg = dict(
    cudnn_benchmark=False,
    dist_cfg=dict(backend='nccl'),
    mp_cfg=dict(mp_start_method='fork', opencv_num_threads=0))
launcher = 'pytorch'
load_from = None
log_level = 'INFO'
model = dict(
    backbone=dict(depth=11, num_classes=1000, type='VGG'),
    head=dict(
        loss=dict(loss_weight=1.0, type='CrossEntropyLoss'),
        topk=(
            1,
            5,
        ),
  06/16 13:37:55 - mmengine - INFO - Config:
auto_scale_lr = dict(base_batch_size=256)
custom_hooks = [
    dict(type='CustomLogHook'),
]
data_preprocessor = dict(
    mean=[
        123.675,
        116.28,
        103.53,
    ],
    num_classes=1000,
    std=[
        58.395,
        57.12,
        57.375,
    ],
    to_rgb=True)
dataset_type = 'ImageNet'
default_hooks = dict(
    checkpoint=dict(interval=1, type='CheckpointHook'),
    logger=dict(interval=100, type='LoggerHook'),
    param_scheduler=dict(type='ParamSchedulerHook'),
    sampler_seed=dict(type='DistSamplerSeedHook'),
    timer=dict(type='IterTimerHook'),
    visualization=dict(enable=False, type='VisualizationHook'))
default_scope = 'mmpretrain'
env_cfg = dict(
    cudnn_benchmark=False,
    dist_cfg=dict(backend='nccl'),
    mp_cfg=dict(mp_start_method='fork', opencv_num_threads=0))
launcher = 'pytorch'
load_from = None
log_level = 'INFO'
model = dict(
    backbone=dict(depth=11, num_classes=1000, type='VGG'),
    head=dict(
        loss=dict(loss_weight=1.0, type='CrossEntropyLoss'),
        topk=(
            1,
            5,
        ),
        type='ClsHead'),
    neck=None,
    type='ImageClassifier')
optim_wrapper = dict(
    loss_scale='dynamic',
    optimizer=dict(lr=0.01, momentum=0.9, type='SGD', weight_decay=0.0001),
    type='AmpOptimWrapper')
param_scheduler = dict(
    by_epoch=True, gamma=0.1, milestones=[
        30,
        60,
        90,
    ], type='MultiStepLR')
randomness = dict(deterministic=False, seed=None)
resume = False
test_cfg = dict()
test_dataloader = dict(
    batch_size=32,
    collate_fn=dict(type='default_collate'),
    dataset=dict(
        data_root='/data/teco-data/imagenet',
        pipeline=[
            dict(type='LoadImageFromFile'),
            dict(backend='pillow', edge='short', scale=256, type='ResizeEdge'),
            dict(crop_size=224, type='CenterCrop'),
            dict(type='PackInputs'),
        ],
        split='val',
        type='ImageNet'),
    num_workers=5,
    persistent_workers=True,
    pin_memory=True,
    sampler=dict(shuffle=False, type='DefaultSampler'))
test_evaluator = dict(
    topk=(
        1,
        5,
    ), type='Accuracy')
test_pipeline = [
    dict(type='LoadImageFromFile'),
    dict(backend='pillow', edge='short', scale=256, type='ResizeEdge'),
    dict(crop_size=224, type='CenterCrop'),
    dict(type='PackInputs'),
]
train_cfg = dict(by_epoch=True, max_epochs=100, val_interval=1)
train_dataloader = dict(
    batch_size=32,
    collate_fn=dict(type='default_collate'),
    dataset=dict(
        data_root='/data/teco-data/imagenet',
        pipeline=[
            dict(type='LoadImageFromFile'),
            dict(backend='pillow', scale=224, type='RandomResizedCrop'),
            dict(direction='horizontal', prob=0.5, type='RandomFlip'),
            dict(type='PackInputs'),
        ],
        split='train',
        type='ImageNet'),
    num_workers=5,
    persistent_workers=True,
    pin_memory=True,
    sampler=06/16 13:38:00 - mmengine - INFO - Hooks will be executed in the following order:
before_run:
(VERY_HIGH   ) RuntimeInfoHook                    
(BELOW_NORMAL) LoggerHook                         
(LOW         ) CustomLogHook                      
 -------------------- 
before_train:
(VERY_HIGH   ) RuntimeInfoHook                    
(NORMAL      ) IterTimerHook                      
(VERY_LOW    ) CheckpointHook                     
 -------------------- 
before_train_epoch:
(VERY_HIGH   ) RuntimeInfoHook                    
(NORMAL      ) IterTimerHook                      
(NORMAL      ) DistSamplerSeedHook                
 -------------------- 
before_train_iter:
(VERY_HIGH   ) RuntimeInfoHook                    
(NORMAL      ) IterTimerHook                      
 -------------------- 
after_train_iter:
(VERY_HIGH   ) RuntimeInfoHook                    
(NORMAL      ) IterTimerHook                      
(BELOW_NORMAL) LoggerHook                         
(LOW         ) ParamSchedulerHook                 
(LOW         ) CustomLogHook                      
(VERY_LOW    ) CheckpointHook                     
 -06/16 13:38:00 - mmengine - INFO - Hooks will be executed in the following order:
before_run:
(VERY_HIGH   ) RuntimeInfoHook                    
(BELOW_NORMAL) LoggerHook                         
(LOW         ) CustomLogHook                      
 -------------------- 
before_train:
(VERY_HIGH   ) RuntimeInfoHook                    
(NORMAL      ) IterTimerHook                      
(VERY_LOW    ) CheckpointHook                     
 -------------------- 
before_train_epoch:
(VERY_HIGH   ) RuntimeInfoHook                    
(NORMAL      ) IterTimerHook                      
(NORMAL      ) DistSamplerSeedHook                
 -------------------- 
before_train_iter:
(VERY_HIGH   ) RuntimeInfoHook                    
(NORMAL      ) IterTimerHook                      
 -------------------- 
after_train_iter:
(VERY_HIGH   ) RuntimeInfoHook                    
(NORMAL      ) IterTimerHook                      
(BELOW_NORMAL) LoggerHook                         
(LOW         ) ParamSchedulerHook                 
(LOW         ) CustomLogHook                      
(VERY_LOW    ) CheckpointHook                     
 -------------------- 
after_train_epoch:
(NORMAL      ) IterTimerHook                      
(LOW         ) ParamSchedulerHook                 
(VERY_LOW    ) CheckpointHook                     
 -------------------- 
before_val:
(VERY_HIGH   ) RuntimeInfoHook                    
 -------------------- 
before_val_epoch:
(NORMAL      ) IterTimerHook                      
 -------------------- 
before_val_iter:
(NORMAL      ) IterTimerHook                      
 -------------------- 
after_val_iter:
(NORMAL      ) IterTimerHook                      
(NORMAL      ) VisualizationHook                  
(BELOW_NORMAL) LoggerHook                         
 -------------------- 
after_val_epoch:
(VERY_HIGH   ) RuntimeInfoHook                    
(NORMAL      ) IterTimerHook                      
(BELOW_NORMAL) LoggerHook                         
(LOW         ) ParamSchedulerHook                 
(VERY_LOW    ) CheckpointHook                     
 /data/bigc-data/lsq/train-lsq/lib/python3.10/site-packages/mmengine/optim/optimizer/amp_optimizer_wrapper.py:97: FutureWarning: `torch.cuda.amp.GradScaler(args...)` is deprecated. Please use `torch.amp.GradScaler('cuda', args...)` instead.
  self.loss_scaler = scaler_type()
06/16 13:38:20 - mmengine - INFO - Logging to file: /data/bigc-data/lsq/vgg/mmpretrain/run_scripts/work_dirs/vgg11_8xb32_in1k/logs/sdaa.log
06/16 13:38:22 - mmengine - WARNING - "FileClient" will be deprecated in future. Please use io functions in https://mmengine.readthedocs.io/en/latest/api/fileio.html#file-io
06/16 13:38:22 - mmengine - WARNING - "HardDiskBackend" is the alias of "LocalBackend" and the former will be deprecated in future.
06/16 13:38:22 - mmengine - INFO - Checkpoints will be saved to /data/bigc-data/lsq/vgg/mmpretrain/run_scripts/work_dirs/vgg11_8xb32_in1k.
TCAPPDLL 2025-06-16 13:38:23.436978 - Epoch: 0 Iteration: 0  rank : 0  train.loss : 6.9475097656  train.ips : 12.3861563580 imgs/s  train.total_time : 2.5835304260
TCAPPDLL 2025-06-16 13:38:23.652853 - Epoch: 0 Iteration: 1  rank : 0  train.loss : 6.9117431641  train.ips : 148.2241710427 imgs/s  train.total_time : 2.7994196415
TCAPPDLL 2025-06-16 13:38:23.855846 - Epoch: 0 Iteration: 2  rank : 0  train.loss : 6.9171142578  train.ips : 157.6418947885 imgs/s  train.total_time : 3.0024113655
TCAPPDLL 2025-06-16 13:38:24.093915 - Epoch: 0 Iteration: 3  rank : 0  train.loss : 6.9106445312  train.ips : 134.4141070103 imgs/s  train.total_time : 3.2404816151
TCAPPDLL 2025-06-16 13:38:24.298423 - Epoch: 0 Iteration: 4  rank : 0  train.loss : 6.9057617188  train.ips : 156.4741402928 imgs/s  train.total_time : 3.4449882507
TCAPPDLL 2025-06-16 13:38:24.525112 - Epoch: 0 Iteration: 5  rank : 0  train.loss : 6.9003906250  train.ips : 141.1632418242 imgs/s  train.total_time : 3.6716761589
TCAPPDLL 2025-06-16 13:38:24.790898 - Epoch: 0 Iteration: 6  rank : 0  train.loss : 6.9268798828  train.ips : 120.3977516761 imgs/s  train.total_time : 3.9374618530
TCAPPDLL 2025-06-16 13:38:24.999208 - Epoch: 0 Iteration: 7  rank : 0  train.loss : 6.9233398438  train.ips : 153.6164080026 imgs/s  train.total_time : 4.1457729340
TCAPPDLL 2025-06-16 13:38:25.223695 - Epoch: 0 Iteration: 8  rank : 0  train.loss : 6.9335937500  train.ips : 142.5483989851 imgs/s  train.total_time : 4.3702580929
TCAPPDLL 2025-06-16 13:38:25.425515 - Epoch: 0 Iteration: 9  rank : 0  train.loss : 6.8820800781  train.ips : 158.5572112738 imgs/s  train.total_time : 4.5720779896
TCAPPDLL 2025-06-16 13:38:25.689178 - Epoch: 0 Iteration: 10  rank : 0  train.loss : 6.9405517578  train.ips : 121.3668039624 imgs/s  train.total_time : 4.8357415199
TCAPPDLL 2025-06-16 13:38:25.900686 - Epoch: 0 Iteration: 11  rank : 0  train.loss : 6.9630126953  train.ips : 151.2949998084 imgs/s  train.total_time : 5.0472488403
TCAPPDLL 2025-06-16 13:38:26.126825 - Epoch: 0 Iteration: 12  rank : 0  train.loss : 6.9409179688  train.ips : 141.5050990985 imgs/s  train.total_time : 5.2733891010
TCAPPDLL 2025-06-16 13:38:26.327918 - Epoch: 0 Iteration: 13  rank : 0  train.loss : 6.8465576172  train.ips : 159.1275555450 imgs/s  train.total_time : 5.4744856358
TCAPPDLL 2025-06-16 13:38:26.554119 - Epoch: 0 Iteration: 14  rank : 0  train.loss : 6.9321289062  train.ips : 141.4694521154 imgs/s  train.total_time : 5.7006828785
TCAPPDLL 2025-06-16 13:38:26.790093 - Epoch: 0 Iteration: 15  rank : 0  train.loss : 6.9346923828  train.ips : 135.6070219398 imgs/s  train.total_time : 5.9366588593
TCAPPDLL 2025-06-16 13:38:26.998147 - Epoch: 0 Iteration: 16  rank : 0  train.loss : 6.9342041016  train.ips : 153.8067035739 imgs/s  train.total_time : 6.1447122097
TCAPPDLL 2025-06-16 13:38:27.224751 - Epoch: 0 Iteration: 17  rank : 0  train.loss : 6.8991699219  train.ips : 141.2153733980 imgs/s  train.total_time : 6.3713164330
TCAPPDLL 2025-06-16 13:38:27.493814 - Epoch: 0 Iteration: 18  rank : 0  train.loss : 6.9191894531  train.ips : 118.9329420230 imgs/s  train.total_time : 6.6403756142
TCAPPDLL 2025-06-16 13:38:27.698342 - Epoch: 0 Iteration: 19  rank : 0  train.loss : 6.8740234375  train.ips : 156.4568121997 imgs/s  train.total_time : 6.8449048996
TCAPPDLL 2025-06-16 13:38:27.923350 - Epoch: 0 Iteration: 20  rank : 0  train.loss : 6.9194335938  train.ips : 142.2171587451 imgs/s  train.total_time : 7.0699129105
TCAPPDLL 2025-06-16 13:38:28.154271 - Epoch: 0 Iteration: 21  rank : 0  train.loss : 6.8541259766  train.ips : 138.5759413556 imgs/s  train.total_time : 7.3008332253
TCAPPDLL 2025-06-16 13:38:28.398957 - Epoch: 0 Iteration: 22  rank : 0  train.loss : 6.9567871094  train.ips : 130.7799163392 imgs/s  train.total_time : 7.5455191135
TCAPPDLL 2025-06-16 13:38:28.623341 - Epoch: 0 Iteration: 23  rank : 0  train.loss : 6.9375000000  train.ips : 142.6117106788 imgs/s  train.total_time : 7.7699046135
TCAPPDLL 2025-06-16 13:38:28.854232 - Epoch: 0 Iteration: 24  rank : 0  train.loss : 6.9492187500  train.ips : 138.5944005758 imgs/s  train.total_time : 8.0007941723
TCAPPDLL 2025-06-16 13:38:29.089282 - Epoch: 0 Iteration: 25  rank : 0  train.loss : 6.8936767578  train.ips : 136.1411298830 imgs/s  train.total_time : 8.2358443737
TCAPPDLL 2025-06-16 13:38:29.299247 - Epoch: 0 Iteration: 26  rank : 0  train.loss : 6.9162597656  train.ips : 152.4056680153 imgs/s  train.total_time : 8.4458103180
TCAPPDLL 2025-06-16 13:38:29.525539 - Epoch: 0 Iteration: 27  rank : 0  train.loss : 6.8868408203  train.ips : 141.4114709381 imgs/s  train.total_time : 8.6721003056
TCAPPDLL 2025-06-16 13:38:29.791222 - Epoch: 0 Iteration: 28  rank : 0  train.loss : 6.9327392578  train.ips : 120.4438856778 imgs/s  train.total_time : 8.9377841949
TCAPPDLL 2025-06-16 13:38:29.999575 - Epoch: 0 Iteration: 29  rank : 0  train.loss : 6.9538574219  train.ips : 153.5858216214 imgs/s  train.total_time : 9.1461367607
TCAPPDLL 2025-06-16 13:38:30.398700 - Epoch: 0 Iteration: 30  rank : 0  train.loss : 6.9227294922  train.ips : 80.1753158353 imgs/s  train.total_time : 9.5452620983
TCAPPDLL 2025-06-16 13:38:30.601216 - Epoch: 0 Iteration: 31  rank : 0  train.loss : 6.9583740234  train.ips : 158.0121448434 imgs/s  train.total_time : 9.7477781773
TCAPPDLL 2025-06-16 13:38:30.825316 - Epoch: 0 Iteration: 32  rank : 0  train.loss : 6.9381103516  train.ips : 142.7925642774 imgs/s  train.total_time : 9.9718794823
TCAPPDLL 2025-06-16 13:38:31.089221 - Epoch: 0 Iteration: 33  rank : 0  train.loss : 6.9165039062  train.ips : 121.2555135965 imgs/s  train.total_time : 10.2357850075
TCAPPDLL 2025-06-16 13:38:31.300099 - Epoch: 0 Iteration: 34  rank : 0  train.loss : 6.9079589844  train.ips : 151.7460680687 imgs/s  train.total_time : 10.4466636181
TCAPPDLL 2025-06-16 13:38:31.518584 - Epoch: 0 Iteration: 35  rank : 0  train.loss : 6.8981933594  train.ips : 146.4638646512 imgs/s  train.total_time : 10.6651475430
TCAPPDLL 2025-06-16 13:38:31.728315 - Epoch: 0 Iteration: 36  rank : 0  train.loss : 6.9071044922  train.ips : 152.5770150693 imgs/s  train.total_time : 10.8748776913
TCAPPDLL 2025-06-16 13:38:31.955655 - Epoch: 0 Iteration: 37  rank : 0  train.loss : 6.9129638672  train.ips : 140.7576079821 imgs/s  train.total_time : 11.1022188663
TCAPPDLL 2025-06-16 13:38:32.168375 - Epoch: 0 Iteration: 38  rank : 0  train.loss : 6.9050292969  train.ips : 150.4327205112 imgs/s  train.total_time : 11.3149385452
TCAPPDLL 2025-06-16 13:38:32.395036 - Epoch: 0 Iteration: 39  rank : 0  train.loss : 6.9116210938  train.ips : 141.1798722186 imgs/s  train.total_time : 11.5415997505
TCAPPDLL 2025-06-16 13:38:32.600422 - Epoch: 0 Iteration: 40  rank : 0  train.loss : 6.9237060547  train.ips : 155.8033468918 imgs/s  train.total_time : 11.7469868660
TCAPPDLL 2025-06-16 13:38:32.899286 - Epoch: 0 Iteration: 41  rank : 0  train.loss : 6.9262695312  train.ips : 107.0735199560 imgs/s  train.total_time : 12.0458469391
TCAPPDLL 2025-06-16 13:38:33.125045 - Epoch: 0 Iteration: 42  rank : 0  train.loss : 6.8968505859  train.ips : 141.7437543827 imgs/s  train.total_time : 12.2716064453
TCAPPDLL 2025-06-16 13:38:33.396279 - Epoch: 0 Iteration: 43  rank : 0  train.loss : 6.8911132812  train.ips : 117.9783605987 imgs/s  train.total_time : 12.5428426266
TCAPPDLL 2025-06-16 13:38:33.628345 - Epoch: 0 Iteration: 44  rank : 0  train.loss : 6.9143066406  train.ips : 137.8955399459 imgs/s  train.total_time : 12.7749023438
TCAPPDLL 2025-06-16 13:38:33.891209 - Epoch: 0 Iteration: 45  rank : 0  train.loss : 6.9101562500  train.ips : 121.7330317317 imgs/s  train.total_time : 13.0377726555
TCAPPDLL 2025-06-16 13:38:34.098953 - Epoch: 0 Iteration: 46  rank : 0  train.loss : 6.8975830078  train.ips : 154.0351158267 imgs/s  train.total_time : 13.2455174923
TCAPPDLL 2025-06-16 13:38:34.323809 - Epoch: 0 Iteration: 47  rank : 0  train.loss : 6.9016113281  train.ips : 142.3142715362 imgs/s  train.total_time : 13.4703719616
TCAPPDLL 2025-06-16 13:38:34.596024 - Epoch: 0 Iteration: 48  rank : 0  train.loss : 6.9066162109  train.ips : 117.5538780211 imgs/s  train.total_time : 13.7425875664
TCAPPDLL 2025-06-16 13:38:34.800313 - Epoch: 0 Iteration: 49  rank : 0  train.loss : 6.9041748047  train.ips : 156.6397714435 imgs/s  train.total_time : 13.9468779564
TCAPPDLL 2025-06-16 13:38:35.025046 - Epoch: 0 Iteration: 50  rank : 0  train.loss : 6.9045410156  train.ips : 142.3926313589 imgs/s  train.total_time : 14.1716086864
TCAPPDLL 2025-06-16 13:38:35.254216 - Epoch: 0 Iteration: 51  rank : 0  train.loss : 6.9251708984  train.ips : 139.6342814102 imgs/s  train.total_time : 14.4007787704
TCAPPDLL 2025-06-16 13:38:35.497384 - Epoch: 0 Iteration: 52  rank : 0  train.loss : 6.9144287109  train.ips : 131.5960710721 imgs/s  train.total_time : 14.6439471245
TCAPPDLL 2025-06-16 13:38:35.794516 - Epoch: 0 Iteration: 53  rank : 0  train.loss : 6.9246826172  train.ips : 107.6953730807 imgs/s  train.total_time : 14.9410815239
TCAPPDLL 2025-06-16 13:38:35.998820 - Epoch: 0 Iteration: 54  rank : 0  train.loss : 6.9217529297  train.ips : 156.6324594817 imgs/s  train.total_time : 15.1453814507
TCAPPDLL 2025-06-16 13:38:36.223925 - Epoch: 0 Iteration: 55  rank : 0  train.loss : 6.9249267578  train.ips : 142.1554012977 imgs/s  train.total_time : 15.3704872131
TCAPPDLL 2025-06-16 13:38:36.454340 - Epoch: 0 Iteration: 56  rank : 0  train.loss : 6.9140625000  train.ips : 138.8794960437 imgs/s  train.total_time : 15.6009027958
TCAPPDLL 2025-06-16 13:38:36.656438 - Epoch: 0 Iteration: 57  rank : 0  train.loss : 6.9178466797  train.ips : 158.3391076611 imgs/s  train.total_time : 15.8030006886
TCAPPDLL 2025-06-16 13:38:36.894117 - Epoch: 0 Iteration: 58  rank : 0  train.loss : 6.8952636719  train.ips : 134.6349617465 imgs/s  train.total_time : 16.0406804085
TCAPPDLL 2025-06-16 13:38:37.098571 - Epoch: 0 Iteration: 59  rank : 0  train.loss : 6.9122314453  train.ips : 156.5161084180 imgs/s  train.total_time : 16.2451322079
TCAPPDLL 2025-06-16 13:38:37.325136 - Epoch: 0 Iteration: 60  rank : 0  train.loss : 6.9083251953  train.ips : 141.2387039746 imgs/s  train.total_time : 16.4716989994
TCAPPDLL 2025-06-16 13:38:37.567873 - Epoch: 0 Iteration: 61  rank : 0  train.loss : 6.9279785156  train.ips : 131.8301521150 imgs/s  train.total_time : 16.7144355774
TCAPPDLL 2025-06-16 13:38:37.800571 - Epoch: 0 Iteration: 62  rank : 0  train.loss : 6.9197998047  train.ips : 137.5240819789 imgs/s  train.total_time : 16.9471220970
TCAPPDLL 2025-06-16 13:38:38.054205 - Epoch: 0 Iteration: 63  rank : 0  train.loss : 6.9150390625  train.ips : 126.1613185218 imgs/s  train.total_time : 17.2007656097
TCAPPDLL 2025-06-16 13:38:38.300202 - Epoch: 0 Iteration: 64  rank : 0  train.loss : 6.9124755859  train.ips : 130.0821560935 imgs/s  train.total_time : 17.4467639923
TCAPPDLL 2025-06-16 13:38:38.523560 - Epoch: 0 Iteration: 65  rank : 0  train.loss : 6.9067382812  train.ips : 143.2673536614 imgs/s  train.total_time : 17.6701226234
TCAPPDLL 2025-06-16 13:38:38.794934 - Epoch: 0 Iteration: 66  rank : 0  train.loss : 6.9257812500  train.ips : 117.9192790127 imgs/s  train.total_time : 17.9414947033
TCAPPDLL 2025-06-16 13:38:39.018665 - Epoch: 0 Iteration: 67  rank : 0  train.loss : 6.9079589844  train.ips : 143.0284218120 imgs/s  train.total_time : 18.1652264595
TCAPPDLL 2025-06-16 13:38:39.224638 - Epoch: 0 Iteration: 68  rank : 0  train.loss : 6.9068603516  train.ips : 155.3584381941 imgs/s  train.total_time : 18.3712017536
TCAPPDLL 2025-06-16 13:38:39.485723 - Epoch: 0 Iteration: 69  rank : 0  train.loss : 6.8984375000  train.ips : 122.5656561967 imgs/s  train.total_time : 18.6322863102
TCAPPDLL 2025-06-16 13:38:39.701033 - Epoch: 0 Iteration: 70  rank : 0  train.loss : 6.8975830078  train.ips : 148.6210387261 imgs/s  train.total_time : 18.8475990295
TCAPPDLL 2025-06-16 13:38:39.923302 - Epoch: 0 Iteration: 71  rank : 0  train.loss : 6.9147949219  train.ips : 143.9727453328 imgs/s  train.total_time : 19.0698633194
TCAPPDLL 2025-06-16 13:38:40.155921 - Epoch: 0 Iteration: 72  rank : 0  train.loss : 6.9206542969  train.ips : 137.5615747592 imgs/s  train.total_time : 19.3024864197
TCAPPDLL 2025-06-16 13:38:40.398666 - Epoch: 0 Iteration: 73  rank : 0  train.loss : 6.9044189453  train.ips : 131.8254908181 imgs/s  train.total_time : 19.5452315807
TCAPPDLL 2025-06-16 13:38:40.623420 - Epoch: 0 Iteration: 74  rank : 0  train.loss : 6.8997802734  train.ips : 142.3785836581 imgs/s  train.total_time : 19.7699844837
TCAPPDLL 2025-06-16 13:38:40.845055 - Epoch: 0 Iteration: 75  rank : 0  train.loss : 6.9135742188  train.ips : 144.3859652142 imgs/s  train.total_time : 19.9916126728
TCAPPDLL 2025-06-16 13:38:41.089302 - Epoch: 0 Iteration: 76  rank : 0  train.loss : 6.9110107422  train.ips : 131.0113560715 imgs/s  train.total_time : 20.2358663082
TCAPPDLL 2025-06-16 13:38:41.316045 - Epoch: 0 Iteration: 77  rank : 0  train.loss : 6.9210205078  train.ips : 141.1261345379 imgs/s  train.total_time : 20.4626138210
TCAPPDLL 2025-06-16 13:38:41.561917 - Epoch: 0 Iteration: 78  rank : 0  train.loss : 6.9053955078  train.ips : 130.1515337816 imgs/s  train.total_time : 20.7084810734
TCAPPDLL 2025-06-16 13:38:41.796438 - Epoch: 0 Iteration: 79  rank : 0  train.loss : 6.9022216797  train.ips : 136.4499121122 imgs/s  train.total_time : 20.9429993629
TCAPPDLL 2025-06-16 13:38:42.024906 - Epoch: 0 Iteration: 80  rank : 0  train.loss : 6.9138183594  train.ips : 140.0619530531 imgs/s  train.total_time : 21.1714696884
TCAPPDLL 2025-06-16 13:38:42.254091 - Epoch: 0 Iteration: 81  rank : 0  train.loss : 6.9034423828  train.ips : 139.6238227948 imgs/s  train.total_time : 21.4006569386
TCAPPDLL 2025-06-16 13:38:42.491470 - Epoch: 0 Iteration: 82  rank : 0  train.loss : 6.9036865234  train.ips : 134.8068338640 imgs/s  train.total_time : 21.6380336285
TCAPPDLL 2025-06-16 13:38:42.698229 - Epoch: 0 Iteration: 83  rank : 0  train.loss : 6.9112548828  train.ips : 154.7686882722 imgs/s  train.total_time : 21.8447937965
TCAPPDLL 2025-06-16 13:38:42.923966 - Epoch: 0 Iteration: 84  rank : 0  train.loss : 6.9079589844  train.ips : 141.7605218464 imgs/s  train.total_time : 22.0705265999
TCAPPDLL 2025-06-16 13:38:43.155881 - Epoch: 0 Iteration: 85  rank : 0  train.loss : 6.9052734375  train.ips : 137.9791783819 imgs/s  train.total_time : 22.3024456501
TCAPPDLL 2025-06-16 13:38:43.380912 - Epoch: 0 Iteration: 86  rank : 0  train.loss : 6.9010009766  train.ips : 142.2032963074 imgs/s  train.total_time : 22.5274755955
TCAPPDLL 2025-06-16 13:38:43.600663 - Epoch: 0 Iteration: 87  rank : 0  train.loss : 6.9040527344  train.ips : 145.6181749140 imgs/s  train.total_time : 22.7472283840
TCAPPDLL 2025-06-16 13:38:43.823416 - Epoch: 0 Iteration: 88  rank : 0  train.loss : 6.9061279297  train.ips : 143.6591510673 imgs/s  train.total_time : 22.9699778557
TCAPPDLL 2025-06-16 13:38:44.094438 - Epoch: 0 Iteration: 89  rank : 0  train.loss : 6.9108886719  train.ips : 118.0708331427 imgs/s  train.total_time : 23.2410016060
TCAPPDLL 2025-06-16 13:38:44.299068 - Epoch: 0 Iteration: 90  rank : 0  train.loss : 6.9213867188  train.ips : 156.3798853521 imgs/s  train.total_time : 23.4456315041
TCAPPDLL 2025-06-16 13:38:44.523493 - Epoch: 0 Iteration: 91  rank : 0  train.loss : 6.9085693359  train.ips : 142.5867125037 imgs/s  train.total_time : 23.6700563431
TCAPPDLL 2025-06-16 13:38:44.780604 - Epoch: 0 Iteration: 92  rank : 0  train.loss : 6.9022216797  train.ips : 124.4590206499 imgs/s  train.total_time : 23.9271690845
TCAPPDLL 2025-06-16 13:38:44.998064 - Epoch: 0 Iteration: 93  rank : 0  train.loss : 6.9029541016  train.ips : 147.1535556133 imgs/s  train.total_time : 24.1446290016
TCAPPDLL 2025-06-16 13:38:45.253521 - Epoch: 0 Iteration: 94  rank : 0  train.loss : 6.9025878906  train.ips : 125.2659711684 imgs/s  train.total_time : 24.4000854492
TCAPPDLL 2025-06-16 13:38:45.456149 - Epoch: 0 Iteration: 95  rank : 0  train.loss : 6.9031982422  train.ips : 157.9243898593 imgs/s  train.total_time : 24.6027140617
TCAPPDLL 2025-06-16 13:38:45.694045 - Epoch: 0 Iteration: 96  rank : 0  train.loss : 6.9052734375  train.ips : 134.5132536182 imgs/s  train.total_time : 24.8406088352
TCAPPDLL 2025-06-16 13:38:45.899122 - Epoch: 0 Iteration: 97  rank : 0  train.loss : 6.9162597656  train.ips : 156.0384580507 imgs/s  train.total_time : 25.0456864834
TCAPPDLL 2025-06-16 13:38:46.153232 - Epoch: 0 Iteration: 98  rank : 0  train.loss : 6.9133300781  train.ips : 125.9309666693 imgs/s  train.total_time : 25.2997939587
06/16 13:38:46 - mmengine - INFO - Epoch(train)   [1][  100/40037]  lr: 1.0000e-02  eta: 11 days, 6:27:05  time: 0.2300  data_time: 0.0011  memory: 2786  loss: 6.9088
TCAPPDLL 2025-06-16 13:38:46.411516 - Epoch: 0 Iteration: 99  rank : 0  train.loss : 6.9117431641  train.ips : 123.9046484878 imgs/s  train.total_time : 25.5580570698
TCAPPDLL 2025-06-16 13:38:46.627743 - Epoch: 0 Iteration: 100  rank : 0  train.loss : 6.9178466797  train.ips : 147.9778966541 imgs/s  train.total_time : 25.7743055820
TCAPPDLL 2025-06-16 13:38:46.898345 - Epoch: 0 Iteration: 101  rank : 0  train.loss : 6.9044189453  train.ips : 118.2536090340 imgs/s  train.total_time : 26.0449104309
TCAPPDLL 2025-06-16 13:38:47.105128 - Epoch: 0 Iteration: 102  rank : 0  train.loss : 6.9042968750  train.ips : 154.7535201199 imgs/s  train.total_time : 26.2516908646
 Iteration: 97  rank : 0  train.loss : 6.9162597656  train.ips : 156.0384580507 imgs/s  train.total_time : 25.0456864834
TCAPPDLL 2025-06-16 13:38:46.153232 - Epoch: 0 Iteration: 98  rank : 0  train.loss : 6.9133300781  train.ips : 125.9309666693 imgs/s  train.total_time : 25.2997939587
06/16 13:38:46 - mmengine - INFO - Epoch(train)   [1][  100/40037]  lr: 1.0000e-02  eta: 11 days, 6:27:05  time: 0.2300  data_time: 0.0011  memory: 2786  loss: 6.9088
TCAPPDLL 2025-06-16 13:38:46.411516 - Epoch: 0 Iteration: 99  rank : 0  train.loss : 6.9117431641  train.ips : 123.9046484878 imgs/s  train.total_time : 25.5580570698
TCAPPDLL 2025-06-16 13:38:46.627743 - Epoch: 0 Iteration: 100  rank : 0  train.loss : 6.9178466797  train.ips : 147.9778966541 imgs/s  train.total_time : 25.7743055820
TCAPPDLL 2025-06-16 13:38:46.898345 - Epoch: 0 Iteration: 101  rank : 0  train.loss : 6.9044189453  train.ips : 118.2536090340 imgs/s  train.total_time : 26.0449104309
TCAPPDLL 2025-06-16 13:38:47.105128 - Epoch: 0 Iteration: 102  rank : 0  train.loss : 6.9042968750  train.ips : 154.7535201199 imgs/s  train.total_time : 26.2516908646
