--------------+----------------------------------------------
 Host IP      | 192.166.0.3
 PyTorch      | 2.4.0a0+git4451b0e
 Torch-SDAA   | 2.0.0
--------------+----------------------------------------------
 SDAA Driver  | 3.0.0b0 (N/A)
 SDAA Runtime | 2.0.0 (/opt/tecoai/lib64/libsdaart.so)
 SDPTI        | 1.3.1 (/opt/tecoai/lib64/libsdpti.so)
 TecoDNN      | 2.0.0 (/opt/tecoai/lib64/libtecodnn.so)
 TecoBLAS     | 2.0.0 (/opt/tecoai/lib64/libtecoblas.so)
 CustomDNN    | 1.22.0 (/opt/tecoai/lib64/libtecodnn_ext.so)
 TecoRAND     | 1.8.0 (/opt/tecoai/lib64/libtecorand.so)
 TCCL         | 1.21.0 (/opt/tecoai/lib64/libtccl.so)
--------------+----------------------------------------------
--------------+----------------------------------------------
 Host IP      | 192.166.0.3
 PyTorch      | 2.4.0a0+git4451b0e
 Torch-SDAA   | 2.0.0
--------------+----------------------------------------------
 SDAA Driver  | 3.0.0b0 (N/A)
 SDAA Runtime | 2.0.0 (/opt/tecoai/lib64/libsdaart.so)
 SDPTI        | 1.3.1 (/opt/tecoai/lib64/libsdpti.so)
 TecoDNN      | 2.0.0 (/opt/tecoai/lib64/libtecodnn.so)
 TecoBLAS     | 2.0.0 (/opt/tecoai/lib64/libtecoblas.so)
 CustomDNN    | 1.22.0 (/opt/tecoai/lib64/libtecodnn_ext.so)
 TecoRAND     | 1.8.0 (/opt/tecoai/lib64/libtecorand.so)
 TCCL         | 1.21.0 (/opt/tecoai/lib64/libtccl.so)
--------------+----------------------------------------------
--------------+----------------------------------------------
 Host IP      | 192.166.0.3
 PyTorch      | 2.4.0a0+git4451b0e
 Torch-SDAA   | 2.0.0
--------------+----------------------------------------------
 SDAA Driver  | 3.0.0b0 (N/A)
 SDAA Runtime | 2.0.0 (/opt/tecoai/lib64/libsdaart.so)
 SDPTI        | 1.3.1 (/opt/tecoai/lib64/libsdpti.so)
 TecoDNN      | 2.0.0 (/opt/tecoai/lib64/libtecodnn.so)
 TecoBLAS     | 2.0.0 (/opt/tecoai/lib64/libtecoblas.so)
 CustomDNN    | 1.22.0 (/opt/tecoai/lib64/libtecodnn_ext.so)
 TecoRAND     | 1.8.0 (/opt/tecoai/lib64/libtecorand.so)
 TCCL         | 1.21.0 (/opt/tecoai/lib64/libtccl.so)
--------------+----------------------------------------------
--------------+----------------------------------------------
 Host IP      | 192.166.0.3
 PyTorch      | 2.4.0a0+git4451b0e
 Torch-SDAA   | 2.0.0
--------------+----------------------------------------------
 SDAA Driver  | 3.0.0b0 (N/A)
 SDAA Runtime | 2.0.0 (/opt/tecoai/lib64/libsdaart.so)
 SDPTI        | 1.3.1 (/opt/tecoai/lib64/libsdpti.so)
 TecoDNN      | 2.0.0 (/opt/tecoai/lib64/libtecodnn.so)
 TecoBLAS     | 2.0.0 (/opt/tecoai/lib64/libtecoblas.so)
 CustomDNN    | 1.22.0 (/opt/tecoai/lib64/libtecodnn_ext.so)
 TecoRAND     | 1.8.0 (/opt/tecoai/lib64/libtecorand.so)
 TCCL         | 1.21.0 (/opt/tecoai/lib64/libtccl.so)
--------------+----------------------------------------------
--------------+----------------------------------------------
 Host IP      | 192.166.0.3
 PyTorch      | 2.4.0a0+git4451b0e
 Torch-SDAA   | 2.0.0
--------------+----------------------------------------------
 SDAA Driver  | 3.0.0b0 (N/A)
 SDAA Runtime | 2.0.0 (/opt/tecoai/lib64/libsdaart.so)
 SDPTI        | 1.3.1 (/opt/tecoai/lib64/libsdpti.so)
 TecoDNN      | 2.0.0 (/opt/tecoai/lib64/libtecodnn.so)
 TecoBLAS     | 2.0.0 (/opt/tecoai/lib64/libtecoblas.so)
 CustomDNN    | 1.22.0 (/opt/tecoai/lib64/libtecodnn_ext.so)
 TecoRAND     | 1.8.0 (/opt/tecoai/lib64/libtecorand.so)
 TCCL         | 1.21.0 (/opt/tecoai/lib64/libtccl.so)
--------------+----------------------------------------------
--------------+----------------------------------------------
 Host IP      | 192.166.0.3
 PyTorch      | 2.4.0a0+git4451b0e
 Torch-SDAA   | 2.0.0
--------------+----------------------------------------------
 SDAA Driver  | 3.0.0b0 (N/A)
 SDAA Runtime | 2.0.0 (/opt/tecoai/lib64/libsdaart.so)
 SDPTI        | 1.3.1 (/opt/tecoai/lib64/libsdpti.so)
 TecoDNN      | 2.0.0 (/opt/tecoai/lib64/libtecodnn.so)
 TecoBLAS     | 2.0.0 (/opt/tecoai/lib64/libtecoblas.so)
 CustomDNN    | 1.22.0 (/opt/tecoai/lib64/libtecodnn_ext.so)
 TecoRAND     | 1.8.0 (/opt/tecoai/lib64/libtecorand.so)
 TCCL         | 1.21.0 (/opt/tecoai/lib64/libtccl.so)
--------------+----------------------------------------------
--------------+----------------------------------------------
 Host IP      | 192.166.0.3
 PyTorch      | 2.4.0a0+git4451b0e
 Torch-SDAA   | 2.0.0
--------------+----------------------------------------------
 SDAA Driver  | 3.0.0b0 (N/A)
 SDAA Runtime | 2.0.0 (/opt/tecoai/lib64/libsdaart.so)
 SDPTI        | 1.3.1 (/opt/tecoai/lib64/libsdpti.so)
 TecoDNN      | 2.0.0 (/opt/tecoai/lib64/libtecodnn.so)
 TecoBLAS     | 2.0.0 (/opt/tecoai/lib64/libtecoblas.so)
 CustomDNN    | 1.22.0 (/opt/tecoai/lib64/libtecodnn_ext.so)
 TecoRAND     | 1.8.0 (/opt/tecoai/lib64/libtecorand.so)
 TCCL         | 1.21.0 (/opt/tecoai/lib64/libtccl.so)
--------------+----------------------------------------------
--------------+----------------------------------------------
 Host IP      | 192.166.0.3
 PyTorch      | 2.4.0a0+git4451b0e
 Torch-SDAA   | 2.0.0
--------------+----------------------------------------------
 SDAA Driver  | 3.0.0b0 (N/A)
 SDAA Runtime | 2.0.0 (/opt/tecoai/lib64/libsdaart.so)
 SDPTI        | 1.3.1 (/opt/tecoai/lib64/libsdpti.so)
 TecoDNN      | 2.0.0 (/opt/tecoai/lib64/libtecodnn.so)
 TecoBLAS     | 2.0.0 (/opt/tecoai/lib64/libtecoblas.so)
 CustomDNN    | 1.22.0 (/opt/tecoai/lib64/libtecodnn_ext.so)
 TecoRAND     | 1.8.0 (/opt/tecoai/lib64/libtecorand.so)
 TCCL         | 1.21.0 (/opt/tecoai/lib64/libtccl.so)
--------------+----------------------------------------------
--------------+----------------------------------------------
 Host IP      | 192.166.0.3
 PyTorch      | 2.4.0a0+git4451b0e
 Torch-SDAA   | 2.0.0
--------------+----------------------------------------------
 SDAA Driver  | 3.0.0b0 (N/A)
 SDAA Runtime | 2.0.0 (/opt/tecoai/lib64/libsdaart.so)
 SDPTI        | 1.3.1 (/opt/tecoai/lib64/libsdpti.so)
 TecoDNN      | 2.0.0 (/opt/tecoai/lib64/libtecodnn.so)
 TecoBLAS     | 2.0.0 (/opt/tecoai/lib64/libtecoblas.so)
 CustomDNN    | 1.22.0 (/opt/tecoai/lib64/libtecodnn_ext.so)
 TecoRAND     | 1.8.0 (/opt/tecoai/lib64/libtecorand.so)
 TCCL         | 1.21.0 (/opt/tecoai/lib64/libtccl.so)
--------------+----------------------------------------------
--------------+----------------------------------------------
 Host IP      | 192.166.0.3
 PyTorch      | 2.4.0a0+git4451b0e
 Torch-SDAA   | 2.0.0
--------------+----------------------------------------------
 SDAA Driver  | 3.0.0b0 (N/A)
 SDAA Runtime | 2.0.0 (/opt/tecoai/lib64/libsdaart.so)
 SDPTI        | 1.3.1 (/opt/tecoai/lib64/libsdpti.so)
 TecoDNN      | 2.0.0 (/opt/tecoai/lib64/libtecodnn.so)
 TecoBLAS     | 2.0.0 (/opt/tecoai/lib64/libtecoblas.so)
 CustomDNN    | 1.22.0 (/opt/tecoai/lib64/libtecodnn_ext.so)
 TecoRAND     | 1.8.0 (/opt/tecoai/lib64/libtecorand.so)
 TCCL         | 1.21.0 (/opt/tecoai/lib64/libtccl.so)
--------------+----------------------------------------------
--------------+----------------------------------------------
 Host IP      | 192.166.0.3
 PyTorch      | 2.4.0a0+git4451b0e
 Torch-SDAA   | 2.0.0
--------------+----------------------------------------------
 SDAA Driver  | 3.0.0b0 (N/A)
 SDAA Runtime | 2.0.0 (/opt/tecoai/lib64/libsdaart.so)
 SDPTI        | 1.3.1 (/opt/tecoai/lib64/libsdpti.so)
 TecoDNN      | 2.0.0 (/opt/tecoai/lib64/libtecodnn.so)
 TecoBLAS     | 2.0.0 (/opt/tecoai/lib64/libtecoblas.so)
 CustomDNN    | 1.22.0 (/opt/tecoai/lib64/libtecodnn_ext.so)
 TecoRAND     | 1.8.0 (/opt/tecoai/lib64/libtecorand.so)
 TCCL         | 1.21.0 (/opt/tecoai/lib64/libtccl.so)
--------------+----------------------------------------------
--------------+----------------------------------------------
 Host IP      | 192.166.0.3
 PyTorch      | 2.4.0a0+git4451b0e
 Torch-SDAA   | 2.0.0
--------------+----------------------------------------------
 SDAA Driver  | 3.0.0b0 (N/A)
 SDAA Runtime | 2.0.0 (/opt/tecoai/lib64/libsdaart.so)
 SDPTI        | 1.3.1 (/opt/tecoai/lib64/libsdpti.so)
 TecoDNN      | 2.0.0 (/opt/tecoai/lib64/libtecodnn.so)
 TecoBLAS     | 2.0.0 (/opt/tecoai/lib64/libtecoblas.so)
 CustomDNN    | 1.22.0 (/opt/tecoai/lib64/libtecodnn_ext.so)
 TecoRAND     | 1.8.0 (/opt/tecoai/lib64/libtecorand.so)
 TCCL         | 1.21.0 (/opt/tecoai/lib64/libtccl.so)
--------------+----------------------------------------------
--------------+----------------------------------------------
 Host IP      | 192.166.0.3
 PyTorch      | 2.4.0a0+git4451b0e
 Torch-SDAA   | 2.0.0
--------------+----------------------------------------------
 SDAA Driver  | 3.0.0b0 (N/A)
 SDAA Runtime | 2.0.0 (/opt/tecoai/lib64/libsdaart.so)
 SDPTI        | 1.3.1 (/opt/tecoai/lib64/libsdpti.so)
 TecoDNN      | 2.0.0 (/opt/tecoai/lib64/libtecodnn.so)
 TecoBLAS     | 2.0.0 (/opt/tecoai/lib64/libtecoblas.so)
 CustomDNN    | 1.22.0 (/opt/tecoai/lib64/libtecodnn_ext.so)
 TecoRAND     | 1.8.0 (/opt/tecoai/lib64/libtecorand.so)
 TCCL         | 1.21.0 (/opt/tecoai/lib64/libtccl.so)
--------------+----------------------------------------------
--------------+----------------------------------------------
 Host IP      | 192.166.0.3
 PyTorch      | 2.4.0a0+git4451b0e
 Torch-SDAA   | 2.0.0
--------------+----------------------------------------------
 SDAA Driver  | 3.0.0b0 (N/A)
 SDAA Runtime | 2.0.0 (/opt/tecoai/lib64/libsdaart.so)
 SDPTI        | 1.3.1 (/opt/tecoai/lib64/libsdpti.so)
 TecoDNN      | 2.0.0 (/opt/tecoai/lib64/libtecodnn.so)
 TecoBLAS     | 2.0.0 (/opt/tecoai/lib64/libtecoblas.so)
 CustomDNN    | 1.22.0 (/opt/tecoai/lib64/libtecodnn_ext.so)
 TecoRAND     | 1.8.0 (/opt/tecoai/lib64/libtecorand.so)
 TCCL         | 1.21.0 (/opt/tecoai/lib64/libtccl.so)
--------------+----------------------------------------------
--------------+----------------------------------------------
 Host IP      | 192.166.0.3
 PyTorch      | 2.4.0a0+git4451b0e
 Torch-SDAA   | 2.0.0
--------------+----------------------------------------------
 SDAA Driver  | 3.0.0b0 (N/A)
 SDAA Runtime | 2.0.0 (/opt/tecoai/lib64/libsdaart.so)
 SDPTI        | 1.3.1 (/opt/tecoai/lib64/libsdpti.so)
 TecoDNN      | 2.0.0 (/opt/tecoai/lib64/libtecodnn.so)
 TecoBLAS     | 2.0.0 (/opt/tecoai/lib64/libtecoblas.so)
 CustomDNN    | 1.22.0 (/opt/tecoai/lib64/libtecodnn_ext.so)
 TecoRAND     | 1.8.0 (/opt/tecoai/lib64/libtecorand.so)
 TCCL         | 1.21.0 (/opt/tecoai/lib64/libtccl.so)
--------------+----------------------------------------------
--------------+----------------------------------------------
 Host IP      | 192.166.0.3
 PyTorch      | 2.4.0a0+git4451b0e
 Torch-SDAA   | 2.0.0
--------------+----------------------------------------------
 SDAA Driver  | 3.0.0b0 (N/A)
 SDAA Runtime | 2.0.0 (/opt/tecoai/lib64/libsdaart.so)
 SDPTI        | 1.3.1 (/opt/tecoai/lib64/libsdpti.so)
 TecoDNN      | 2.0.0 (/opt/tecoai/lib64/libtecodnn.so)
 TecoBLAS     | 2.0.0 (/opt/tecoai/lib64/libtecoblas.so)
 CustomDNN    | 1.22.0 (/opt/tecoai/lib64/libtecodnn_ext.so)
 TecoRAND     | 1.8.0 (/opt/tecoai/lib64/libtecorand.so)
 TCCL         | 1.21.0 (/opt/tecoai/lib64/libtccl.so)
--------------+----------------------------------------------
--------------+----------------------------------------------
 Host IP      | 192.166.0.3
 PyTorch      | 2.4.0a0+git4451b0e
 Torch-SDAA   | 2.0.0
--------------+----------------------------------------------
 SDAA Driver  | 3.0.0b0 (N/A)
 SDAA Runtime | 2.0.0 (/opt/tecoai/lib64/libsdaart.so)
 SDPTI        | 1.3.1 (/opt/tecoai/lib64/libsdpti.so)
 TecoDNN      | 2.0.0 (/opt/tecoai/lib64/libtecodnn.so)
 TecoBLAS     | 2.0.0 (/opt/tecoai/lib64/libtecoblas.so)
 CustomDNN    | 1.22.0 (/opt/tecoai/lib64/libtecodnn_ext.so)
 TecoRAND     | 1.8.0 (/opt/tecoai/lib64/libtecorand.so)
 TCCL         | 1.21.0 (/opt/tecoai/lib64/libtccl.so)
--------------+----------------------------------------------
--------------+----------------------------------------------
 Host IP      | 192.166.0.3
 PyTorch      | 2.4.0a0+git4451b0e
 Torch-SDAA   | 2.0.0
--------------+----------------------------------------------
 SDAA Driver  | 3.0.0b0 (N/A)
 SDAA Runtime | 2.0.0 (/opt/tecoai/lib64/libsdaart.so)
 SDPTI        | 1.3.1 (/opt/tecoai/lib64/libsdpti.so)
 TecoDNN      | 2.0.0 (/opt/tecoai/lib64/libtecodnn.so)
 TecoBLAS     | 2.0.0 (/opt/tecoai/lib64/libtecoblas.so)
 CustomDNN    | 1.22.0 (/opt/tecoai/lib64/libtecodnn_ext.so)
 TecoRAND     | 1.8.0 (/opt/tecoai/lib64/libtecorand.so)
 TCCL         | 1.21.0 (/opt/tecoai/lib64/libtccl.so)
--------------+----------------------------------------------
--------------+----------------------------------------------
 Host IP      | 192.166.0.3
 PyTorch      | 2.4.0a0+git4451b0e
 Torch-SDAA   | 2.0.0
--------------+----------------------------------------------
 SDAA Driver  | 3.0.0b0 (N/A)
 SDAA Runtime | 2.0.0 (/opt/tecoai/lib64/libsdaart.so)
 SDPTI        | 1.3.1 (/opt/tecoai/lib64/libsdpti.so)
 TecoDNN      | 2.0.0 (/opt/tecoai/lib64/libtecodnn.so)
 TecoBLAS     | 2.0.0 (/opt/tecoai/lib64/libtecoblas.so)
 CustomDNN    | 1.22.0 (/opt/tecoai/lib64/libtecodnn_ext.so)
 TecoRAND     | 1.8.0 (/opt/tecoai/lib64/libtecorand.so)
 TCCL         | 1.21.0 (/opt/tecoai/lib64/libtccl.so)
--------------+----------------------------------------------
--------------+----------------------------------------------
 Host IP      | 192.166.0.3
 PyTorch      | 2.4.0a0+git4451b0e
 Torch-SDAA   | 2.0.0
--------------+----------------------------------------------
 SDAA Driver  | 3.0.0b0 (N/A)
 SDAA Runtime | 2.0.0 (/opt/tecoai/lib64/libsdaart.so)
 SDPTI        | 1.3.1 (/opt/tecoai/lib64/libsdpti.so)
 TecoDNN      | 2.0.0 (/opt/tecoai/lib64/libtecodnn.so)
 TecoBLAS     | 2.0.0 (/opt/tecoai/lib64/libtecoblas.so)
 CustomDNN    | 1.22.0 (/opt/tecoai/lib64/libtecodnn_ext.so)
 TecoRAND     | 1.8.0 (/opt/tecoai/lib64/libtecorand.so)
 TCCL         | 1.21.0 (/opt/tecoai/lib64/libtccl.so)
--------------+----------------------------------------------
--------------+----------------------------------------------
 Host IP      | 192.166.0.3
 PyTorch      | 2.4.0a0+git4451b0e
 Torch-SDAA   | 2.0.0
--------------+----------------------------------------------
 SDAA Driver  | 3.0.0b0 (N/A)
 SDAA Runtime | 2.0.0 (/opt/tecoai/lib64/libsdaart.so)
 SDPTI        | 1.3.1 (/opt/tecoai/lib64/libsdpti.so)
 TecoDNN      | 2.0.0 (/opt/tecoai/lib64/libtecodnn.so)
 TecoBLAS     | 2.0.0 (/opt/tecoai/lib64/libtecoblas.so)
 CustomDNN    | 1.22.0 (/opt/tecoai/lib64/libtecodnn_ext.so)
 TecoRAND     | 1.8.0 (/opt/tecoai/lib64/libtecorand.so)
 TCCL         | 1.21.0 (/opt/tecoai/lib64/libtccl.so)
--------------+----------------------------------------------
--------------+----------------------------------------------
 Host IP      | 192.166.0.3
 PyTorch      | 2.4.0a0+git4451b0e
 Torch-SDAA   | 2.0.0
--------------+----------------------------------------------
 SDAA Driver  | 3.0.0b0 (N/A)
 SDAA Runtime | 2.0.0 (/opt/tecoai/lib64/libsdaart.so)
 SDPTI        | 1.3.1 (/opt/tecoai/lib64/libsdpti.so)
 TecoDNN      | 2.0.0 (/opt/tecoai/lib64/libtecodnn.so)
 TecoBLAS     | 2.0.0 (/opt/tecoai/lib64/libtecoblas.so)
 CustomDNN    | 1.22.0 (/opt/tecoai/lib64/libtecodnn_ext.so)
 TecoRAND     | 1.8.0 (/opt/tecoai/lib64/libtecorand.so)
 TCCL         | 1.21.0 (/opt/tecoai/lib64/libtccl.so)
--------------+----------------------------------------------
--------------+----------------------------------------------
 Host IP      | 192.166.0.3
 PyTorch      | 2.4.0a0+git4451b0e
 Torch-SDAA   | 2.0.0
--------------+----------------------------------------------
 SDAA Driver  | 3.0.0b0 (N/A)
 SDAA Runtime | 2.0.0 (/opt/tecoai/lib64/libsdaart.so)
 SDPTI        | 1.3.1 (/opt/tecoai/lib64/libsdpti.so)
 TecoDNN      | 2.0.0 (/opt/tecoai/lib64/libtecodnn.so)
 TecoBLAS     | 2.0.0 (/opt/tecoai/lib64/libtecoblas.so)
 CustomDNN    | 1.22.0 (/opt/tecoai/lib64/libtecodnn_ext.so)
 TecoRAND     | 1.8.0 (/opt/tecoai/lib64/libtecorand.so)
 TCCL         | 1.21.0 (/opt/tecoai/lib64/libtccl.so)
--------------+----------------------------------------------
--------------+----------------------------------------------
 Host IP      | 192.166.0.3
 PyTorch      | 2.4.0a0+git4451b0e
 Torch-SDAA   | 2.0.0
--------------+----------------------------------------------
 SDAA Driver  | 3.0.0b0 (N/A)
 SDAA Runtime | 2.0.0 (/opt/tecoai/lib64/libsdaart.so)
 SDPTI        | 1.3.1 (/opt/tecoai/lib64/libsdpti.so)
 TecoDNN      | 2.0.0 (/opt/tecoai/lib64/libtecodnn.so)
 TecoBLAS     | 2.0.0 (/opt/tecoai/lib64/libtecoblas.so)
 CustomDNN    | 1.22.0 (/opt/tecoai/lib64/libtecodnn_ext.so)
 TecoRAND     | 1.8.0 (/opt/tecoai/lib64/libtecorand.so)
 TCCL         | 1.21.0 (/opt/tecoai/lib64/libtccl.so)
--------------+----------------------------------------------
--------------+----------------------------------------------
 Host IP      | 192.166.0.3
 PyTorch      | 2.4.0a0+git4451b0e
 Torch-SDAA   | 2.0.0
--------------+----------------------------------------------
 SDAA Driver  | 3.0.0b0 (N/A)
 SDAA Runtime | 2.0.0 (/opt/tecoai/lib64/libsdaart.so)
 SDPTI        | 1.3.1 (/opt/tecoai/lib64/libsdpti.so)
 TecoDNN      | 2.0.0 (/opt/tecoai/lib64/libtecodnn.so)
 TecoBLAS     | 2.0.0 (/opt/tecoai/lib64/libtecoblas.so)
 CustomDNN    | 1.22.0 (/opt/tecoai/lib64/libtecodnn_ext.so)
 TecoRAND     | 1.8.0 (/opt/tecoai/lib64/libtecorand.so)
 TCCL         | 1.21.0 (/opt/tecoai/lib64/libtccl.so)
--------------+----------------------------------------------
warning: driver api and driver versions are different
warning: driver api and driver versions are differentwarning: driver api and driver versions are different

warning: driver api and driver versions are different
warning: driver api and driver versions are different
warning: driver api and driver versions are different
warning: driver api and driver versions are different
warning: driver api and driver versions are different
warning: driver api and driver versions are different
warning: driver api and driver versions are different
warning: driver api and driver versions are different
warning: driver api and driver versions are different
warning: driver api and driver versions are different
warning: driver api and driver versions are different
warning: driver api and driver versions are different
warning: driver api and driver versions are different
warning: driver api and driver versions are different
warning: driver api and driver versions are different
warning: driver api and driver versions are different
warning: driver api and driver versions are different
warning: driver api and driver versions are different
warning: driver api and driver versions are different
warning: driver api and driver versions are different
warning: driver api and driver versions are different
==== Epoch 0/99 ====
Epoch[0]: train_loss 4.4600 acc1 2.26 acc5 11.18 | val_loss 4.6261 acc1 1.00 acc5 5.30 lr 0.100000
==== Epoch 1/99 ====
Epoch[1]: train_loss 3.9496 acc1 8.45 acc5 29.22 | val_loss 4.9423 acc1 1.44 acc5 6.68 lr 0.100000
==== Epoch 2/99 ====
Epoch[2]: train_loss 3.6612 acc1 13.00 acc5 36.76 | val_loss 3.9451 acc1 8.43 acc5 27.97 lr 0.100000
==== Epoch 3/99 ====
Epoch[3]: train_loss 3.3446 acc1 15.98 acc5 45.54 | val_loss 3.3342 acc1 17.57 acc5 46.14 lr 0.100000
==== Epoch 4/99 ====
Epoch[4]: train_loss 3.1109 acc1 22.07 acc5 50.00 | val_loss 3.5257 acc1 17.20 acc5 43.99 lr 0.100000
==== Epoch 5/99 ====
Epoch[5]: train_loss 2.9721 acc1 24.52 acc5 55.47 | val_loss 3.1598 acc1 22.24 acc5 51.79 lr 0.100000
==== Epoch 6/99 ====
Epoch[6]: train_loss 2.6825 acc1 29.37 acc5 63.00 | val_loss 2.8267 acc1 28.05 acc5 59.93 lr 0.100000
==== Epoch 7/99 ====
Epoch[7]: train_loss 2.4881 acc1 33.93 acc5 67.32 | val_loss 2.6292 acc1 31.78 acc5 63.66 lr 0.100000
==== Epoch 8/99 ====
Epoch[8]: train_loss 2.3089 acc1 40.26 acc5 70.97 | val_loss 2.6388 acc1 32.36 acc5 63.86 lr 0.100000
==== Epoch 9/99 ====
Epoch[9]: train_loss 2.1820 acc1 41.12 acc5 74.76 | val_loss 2.2993 acc1 38.72 acc5 71.34 lr 0.100000
==== Epoch 10/99 ====
Epoch[10]: train_loss 2.0255 acc1 44.96 acc5 78.60 | val_loss 2.2233 acc1 40.48 acc5 72.73 lr 0.100000
==== Epoch 11/99 ====
Epoch[11]: train_loss 1.9555 acc1 46.83 acc5 78.36 | val_loss 2.1804 acc1 41.45 acc5 73.95 lr 0.100000
==== Epoch 12/99 ====
Epoch[12]: train_loss 1.8079 acc1 49.66 acc5 81.57 | val_loss 2.1318 acc1 42.54 acc5 74.93 lr 0.100000
==== Epoch 13/99 ====
Epoch[13]: train_loss 1.6885 acc1 51.06 acc5 82.82 | val_loss 1.9499 acc1 46.69 acc5 78.13 lr 0.100000
==== Epoch 14/99 ====
Epoch[14]: train_loss 1.6509 acc1 52.26 acc5 84.45 | val_loss 1.8975 acc1 47.58 acc5 78.59 lr 0.100000
==== Epoch 15/99 ====
Epoch[15]: train_loss 1.5440 acc1 55.76 acc5 86.08 | val_loss 1.8995 acc1 47.93 acc5 79.20 lr 0.100000
==== Epoch 16/99 ====
Epoch[16]: train_loss 1.4342 acc1 59.40 acc5 87.67 | val_loss 1.7597 acc1 51.18 acc5 81.98 lr 0.100000
==== Epoch 17/99 ====
Epoch[17]: train_loss 1.3401 acc1 61.95 acc5 89.20 | val_loss 1.7104 acc1 52.59 acc5 82.35 lr 0.100000
==== Epoch 18/99 ====
Epoch[18]: train_loss 1.3191 acc1 61.95 acc5 88.92 | val_loss 1.7621 acc1 51.24 acc5 81.80 lr 0.100000
==== Epoch 19/99 ====
Epoch[19]: train_loss 1.3020 acc1 61.95 acc5 89.88 | val_loss 1.5453 acc1 56.54 acc5 85.17 lr 0.100000
==== Epoch 20/99 ====
Epoch[20]: train_loss 1.1528 acc1 67.13 acc5 91.36 | val_loss 1.6626 acc1 53.42 acc5 83.27 lr 0.100000
==== Epoch 21/99 ====
Epoch[21]: train_loss 1.1811 acc1 64.54 acc5 91.41 | val_loss 1.5465 acc1 56.43 acc5 84.92 lr 0.100000
==== Epoch 22/99 ====
Epoch[22]: train_loss 1.1733 acc1 66.84 acc5 90.88 | val_loss 1.5873 acc1 55.00 acc5 84.78 lr 0.100000
==== Epoch 23/99 ====
Epoch[23]: train_loss 1.0688 acc1 69.05 acc5 92.47 | val_loss 1.5994 acc1 55.87 acc5 84.98 lr 0.100000
==== Epoch 24/99 ====
Epoch[24]: train_loss 0.9914 acc1 70.87 acc5 93.91 | val_loss 1.6510 acc1 54.45 acc5 83.97 lr 0.100000
==== Epoch 25/99 ====
Epoch[25]: train_loss 1.0096 acc1 70.06 acc5 93.14 | val_loss 1.4315 acc1 59.86 acc5 86.73 lr 0.100000
==== Epoch 26/99 ====
Epoch[26]: train_loss 0.9564 acc1 71.59 acc5 94.43 | val_loss 1.4365 acc1 59.63 acc5 86.73 lr 0.100000
==== Epoch 27/99 ====
Epoch[27]: train_loss 0.9435 acc1 72.50 acc5 94.43 | val_loss 1.5163 acc1 57.57 acc5 85.53 lr 0.100000
==== Epoch 28/99 ====
Epoch[28]: train_loss 0.8889 acc1 74.09 acc5 94.63 | val_loss 1.4250 acc1 60.12 acc5 87.23 lr 0.100000
==== Epoch 29/99 ====
Epoch[29]: train_loss 0.8445 acc1 73.66 acc5 95.35 | val_loss 1.4892 acc1 58.72 acc5 86.43 lr 0.100000
==== Epoch 30/99 ====
Epoch[30]: train_loss 0.8116 acc1 76.92 acc5 95.49 | val_loss 1.4977 acc1 58.56 acc5 86.52 lr 0.100000
==== Epoch 31/99 ====
Epoch[31]: train_loss 0.8053 acc1 75.77 acc5 95.78 | val_loss 1.3776 acc1 60.99 acc5 87.93 lr 0.100000
==== Epoch 32/99 ====
Epoch[32]: train_loss 0.7243 acc1 78.84 acc5 96.40 | val_loss 1.4077 acc1 61.24 acc5 87.67 lr 0.100000
==== Epoch 33/99 ====
Epoch[33]: train_loss 0.7374 acc1 77.16 acc5 96.35 | val_loss 1.3662 acc1 62.18 acc5 88.06 lr 0.100000
==== Epoch 34/99 ====
Epoch[34]: train_loss 0.7758 acc1 77.50 acc5 96.11 | val_loss 1.4543 acc1 60.01 acc5 86.93 lr 0.100000
==== Epoch 35/99 ====
Epoch[35]: train_loss 0.6725 acc1 80.33 acc5 97.07 | val_loss 1.4425 acc1 61.39 acc5 87.09 lr 0.100000
==== Epoch 36/99 ====
Epoch[36]: train_loss 0.6749 acc1 81.19 acc5 96.59 | val_loss 1.3915 acc1 62.06 acc5 88.44 lr 0.100000
==== Epoch 37/99 ====
Epoch[37]: train_loss 0.6662 acc1 79.85 acc5 97.12 | val_loss 1.4332 acc1 61.09 acc5 87.35 lr 0.100000
==== Epoch 38/99 ====
Epoch[38]: train_loss 0.6127 acc1 81.67 acc5 97.65 | val_loss 1.3653 acc1 62.57 acc5 88.26 lr 0.100000
==== Epoch 39/99 ====
Epoch[39]: train_loss 0.6064 acc1 81.57 acc5 97.74 | val_loss 1.4333 acc1 61.52 acc5 87.62 lr 0.100000
==== Epoch 40/99 ====
Epoch[40]: train_loss 0.5586 acc1 83.88 acc5 97.31 | val_loss 1.3728 acc1 63.43 acc5 88.72 lr 0.100000
==== Epoch 41/99 ====
Epoch[41]: train_loss 0.5725 acc1 82.73 acc5 97.74 | val_loss 1.4552 acc1 61.60 acc5 87.39 lr 0.100000
==== Epoch 42/99 ====
Epoch[42]: train_loss 0.5116 acc1 85.27 acc5 98.37 | val_loss 1.3965 acc1 62.81 acc5 88.38 lr 0.100000
==== Epoch 43/99 ====
Epoch[43]: train_loss 0.5005 acc1 84.69 acc5 98.42 | val_loss 1.3974 acc1 63.00 acc5 87.73 lr 0.100000
==== Epoch 44/99 ====
Epoch[44]: train_loss 0.5096 acc1 84.26 acc5 98.85 | val_loss 1.5681 acc1 59.87 acc5 86.83 lr 0.100000
==== Epoch 45/99 ====
Epoch[45]: train_loss 0.5125 acc1 83.45 acc5 98.66 | val_loss 1.5289 acc1 60.58 acc5 86.73 lr 0.100000
==== Epoch 46/99 ====
Epoch[46]: train_loss 0.4836 acc1 85.75 acc5 98.46 | val_loss 1.3361 acc1 63.74 acc5 89.09 lr 0.100000
==== Epoch 47/99 ====
Epoch[47]: train_loss 0.4778 acc1 85.32 acc5 98.61 | val_loss 1.3306 acc1 64.91 acc5 89.21 lr 0.100000
==== Epoch 48/99 ====
Epoch[48]: train_loss 0.5005 acc1 84.64 acc5 98.51 | val_loss 1.3604 acc1 63.63 acc5 88.57 lr 0.100000
==== Epoch 49/99 ====
Epoch[49]: train_loss 0.4776 acc1 85.22 acc5 98.66 | val_loss 1.5228 acc1 61.61 acc5 86.97 lr 0.100000
==== Epoch 50/99 ====
Epoch[50]: train_loss 0.4661 acc1 85.17 acc5 98.70 | val_loss 1.3334 acc1 65.00 acc5 89.13 lr 0.100000
==== Epoch 51/99 ====
Epoch[51]: train_loss 0.4331 acc1 86.47 acc5 99.14 | val_loss 1.4545 acc1 62.78 acc5 87.82 lr 0.100000
==== Epoch 52/99 ====
Epoch[52]: train_loss 0.3789 acc1 88.48 acc5 98.99 | val_loss 1.4478 acc1 63.60 acc5 88.63 lr 0.100000
==== Epoch 53/99 ====
Epoch[53]: train_loss 0.4037 acc1 88.20 acc5 98.90 | val_loss 1.4169 acc1 63.40 acc5 88.33 lr 0.100000
==== Epoch 54/99 ====
Epoch[54]: train_loss 0.3888 acc1 88.00 acc5 98.99 | val_loss 1.4848 acc1 62.90 acc5 87.69 lr 0.100000
==== Epoch 55/99 ====
Epoch[55]: train_loss 0.3475 acc1 89.01 acc5 99.42 | val_loss 1.3893 acc1 64.47 acc5 88.26 lr 0.100000
==== Epoch 56/99 ====
Epoch[56]: train_loss 0.3803 acc1 87.57 acc5 99.62 | val_loss 1.2987 acc1 65.90 acc5 89.15 lr 0.100000
==== Epoch 57/99 ====
Epoch[57]: train_loss 0.3528 acc1 89.06 acc5 99.18 | val_loss 1.4706 acc1 63.52 acc5 88.01 lr 0.100000
==== Epoch 58/99 ====
Epoch[58]: train_loss 0.3789 acc1 88.05 acc5 99.23 | val_loss 1.4478 acc1 64.45 acc5 88.00 lr 0.100000
==== Epoch 59/99 ====
Epoch[59]: train_loss 0.3447 acc1 89.30 acc5 99.52 | val_loss 1.5449 acc1 62.36 acc5 87.66 lr 0.100000
==== Epoch 60/99 ====
Epoch[60]: train_loss 0.3485 acc1 88.87 acc5 99.28 | val_loss 1.5084 acc1 63.27 acc5 86.75 lr 0.100000
==== Epoch 61/99 ====
Epoch[61]: train_loss 0.3348 acc1 89.54 acc5 99.42 | val_loss 1.4368 acc1 63.95 acc5 88.55 lr 0.100000
==== Epoch 62/99 ====
Epoch[62]: train_loss 0.3236 acc1 90.45 acc5 99.62 | val_loss 1.4437 acc1 63.98 acc5 88.45 lr 0.100000
==== Epoch 63/99 ====
Epoch[63]: train_loss 0.3040 acc1 90.74 acc5 99.81 | val_loss 1.4822 acc1 62.92 acc5 88.22 lr 0.100000
==== Epoch 64/99 ====
Epoch[64]: train_loss 0.2927 acc1 90.98 acc5 99.52 | val_loss 1.3773 acc1 65.03 acc5 88.95 lr 0.100000
==== Epoch 65/99 ====
Epoch[65]: train_loss 0.2752 acc1 91.51 acc5 99.81 | val_loss 1.4257 acc1 64.89 acc5 88.27 lr 0.100000
==== Epoch 66/99 ====
Epoch[66]: train_loss 0.2885 acc1 91.70 acc5 99.57 | val_loss 1.4218 acc1 64.97 acc5 88.33 lr 0.100000
==== Epoch 67/99 ====
Epoch[67]: train_loss 0.2835 acc1 91.07 acc5 99.47 | val_loss 1.4681 acc1 64.16 acc5 88.32 lr 0.100000
==== Epoch 68/99 ====
Epoch[68]: train_loss 0.2918 acc1 90.83 acc5 99.57 | val_loss 1.4224 acc1 64.65 acc5 88.50 lr 0.100000
==== Epoch 69/99 ====
Epoch[69]: train_loss 0.2794 acc1 91.55 acc5 99.57 | val_loss 1.6031 acc1 61.97 acc5 87.54 lr 0.100000
==== Epoch 70/99 ====
Epoch[70]: train_loss 0.2765 acc1 91.51 acc5 99.62 | val_loss 1.3578 acc1 66.40 acc5 89.26 lr 0.100000
==== Epoch 71/99 ====
Epoch[71]: train_loss 0.2832 acc1 92.08 acc5 99.71 | val_loss 1.4361 acc1 65.12 acc5 88.74 lr 0.100000
==== Epoch 72/99 ====
Epoch[72]: train_loss 0.2774 acc1 91.75 acc5 99.71 | val_loss 1.4986 acc1 64.07 acc5 87.56 lr 0.100000
==== Epoch 73/99 ====
Epoch[73]: train_loss 0.2598 acc1 92.18 acc5 99.66 | val_loss 1.5641 acc1 63.06 acc5 87.98 lr 0.100000
==== Epoch 74/99 ====
Epoch[74]: train_loss 0.2477 acc1 92.03 acc5 99.81 | val_loss 1.5960 acc1 62.80 acc5 87.19 lr 0.100000
==== Epoch 75/99 ====
Epoch[75]: train_loss 0.2451 acc1 91.99 acc5 99.90 | val_loss 1.4549 acc1 64.88 acc5 88.46 lr 0.100000
==== Epoch 76/99 ====
Epoch[76]: train_loss 0.2279 acc1 93.52 acc5 99.90 | val_loss 1.4324 acc1 64.82 acc5 88.69 lr 0.100000
==== Epoch 77/99 ====
Epoch[77]: train_loss 0.2104 acc1 94.00 acc5 99.86 | val_loss 1.5648 acc1 63.18 acc5 86.78 lr 0.100000
==== Epoch 78/99 ====
Epoch[78]: train_loss 0.2253 acc1 93.47 acc5 99.90 | val_loss 1.3760 acc1 66.00 acc5 89.14 lr 0.100000
==== Epoch 79/99 ====
Epoch[79]: train_loss 0.2129 acc1 93.81 acc5 99.76 | val_loss 1.4763 acc1 64.54 acc5 87.94 lr 0.100000
==== Epoch 80/99 ====
Epoch[80]: train_loss 0.2104 acc1 93.71 acc5 99.76 | val_loss 1.4957 acc1 64.70 acc5 88.52 lr 0.100000
==== Epoch 81/99 ====
Epoch[81]: train_loss 0.2247 acc1 92.99 acc5 99.71 | val_loss 1.5107 acc1 64.78 acc5 87.76 lr 0.100000
==== Epoch 82/99 ====
Epoch[82]: train_loss 0.2094 acc1 94.48 acc5 99.66 | val_loss 1.4536 acc1 65.91 acc5 88.99 lr 0.100000
==== Epoch 83/99 ====
Epoch[83]: train_loss 0.2038 acc1 93.95 acc5 99.76 | val_loss 1.4375 acc1 64.81 acc5 88.65 lr 0.100000
==== Epoch 84/99 ====
Epoch[84]: train_loss 0.1994 acc1 94.24 acc5 99.86 | val_loss 1.6622 acc1 62.15 acc5 87.15 lr 0.100000
==== Epoch 85/99 ====
Epoch[85]: train_loss 0.2079 acc1 93.57 acc5 99.81 | val_loss 1.5108 acc1 65.24 acc5 88.80 lr 0.100000
==== Epoch 86/99 ====
Epoch[86]: train_loss 0.2045 acc1 94.24 acc5 99.86 | val_loss 1.4304 acc1 65.82 acc5 88.86 lr 0.100000
==== Epoch 87/99 ====
Epoch[87]: train_loss 0.2100 acc1 93.52 acc5 99.90 | val_loss 1.4541 acc1 65.58 acc5 88.56 lr 0.100000
==== Epoch 88/99 ====
Epoch[88]: train_loss 0.1890 acc1 95.15 acc5 99.86 | val_loss 1.4213 acc1 65.42 acc5 88.50 lr 0.100000
==== Epoch 89/99 ====
Epoch[89]: train_loss 0.1757 acc1 94.77 acc5 100.00 | val_loss 1.5204 acc1 64.89 acc5 88.41 lr 0.100000
==== Epoch 90/99 ====
Epoch[90]: train_loss 0.2009 acc1 94.24 acc5 99.71 | val_loss 1.3644 acc1 67.76 acc5 89.48 lr 0.100000
==== Epoch 91/99 ====
Epoch[91]: train_loss 0.1755 acc1 95.01 acc5 100.00 | val_loss 1.6157 acc1 63.16 acc5 87.37 lr 0.100000
==== Epoch 92/99 ====
Epoch[92]: train_loss 0.2030 acc1 93.91 acc5 99.86 | val_loss 1.4344 acc1 65.07 acc5 89.15 lr 0.100000
==== Epoch 93/99 ====
Epoch[93]: train_loss 0.1931 acc1 93.91 acc5 99.86 | val_loss 1.5010 acc1 64.24 acc5 88.19 lr 0.100000
==== Epoch 94/99 ====
Epoch[94]: train_loss 0.1877 acc1 94.43 acc5 99.86 | val_loss 1.5372 acc1 64.70 acc5 88.29 lr 0.100000
==== Epoch 95/99 ====
Epoch[95]: train_loss 0.1669 acc1 95.25 acc5 99.90 | val_loss 1.3742 acc1 66.85 acc5 89.52 lr 0.100000
==== Epoch 96/99 ====
Epoch[96]: train_loss 0.1928 acc1 94.24 acc5 99.86 | val_loss 1.4586 acc1 66.95 acc5 88.96 lr 0.100000
==== Epoch 97/99 ====
Epoch[97]: train_loss 0.1944 acc1 94.29 acc5 99.76 | val_loss 1.4873 acc1 64.62 acc5 88.44 lr 0.100000
==== Epoch 98/99 ====
Epoch[98]: train_loss 0.1699 acc1 95.25 acc5 99.90 | val_loss 1.3637 acc1 67.14 acc5 89.77 lr 0.100000
==== Epoch 99/99 ====
Epoch[99]: train_loss 0.1627 acc1 95.44 acc5 99.86 | val_loss 1.4335 acc1 66.87 acc5 88.99 lr 0.010000
Training finished. Best val acc1: 67.76
